
=== 2026-09-12T11:52:11 SpotOMG-Bridge ===
# jointtrace dump
$JT,M,1,256,256,0,1,2,3400,254
$JT,R,shared-locomotion-v46
$JT,J,0,1,1929,-1
$JT,J,1,2,2077,-1
$JT,J,2,3,1965,1
$JT,J,3,4,2089,1
$JT,J,4,5,1922,1
$JT,J,5,6,2081,-1
$JT,J,6,7,2104,-1
$JT,J,7,8,1942,-1
$JT,J,8,9,1964,1
$JT,J,9,10,1951,1
$JT,J,10,11,2255,1
$JT,J,11,12,2046,-1
$JT,C,0,146285,146286,1929,1565,2988,2089,2434,1056,2104,1430,2987,1951,2767,1021
$JT,C,1,146306,146306,1929,1565,2988,2089,2435,1055,2104,1431,2986,1951,2768,1021
$JT,C,2,146326,146326,1929,1565,2988,2089,2435,1055,2104,1431,2986,1951,2768,1021
$JT,C,3,146346,146346,1929,1565,2988,2089,2436,1054,2104,1431,2985,1951,2768,1021
$JT,C,4,146366,146366,1929,1565,2987,2089,2436,1054,2104,1430,2985,1951,2769,1020
$JT,C,5,146386,146386,1929,1564,2987,2089,2437,1054,2104,1430,2985,1951,2770,1020
$JT,C,6,146406,146406,1929,1563,2987,2089,2439,1054,2104,1429,2985,1951,2772,1020
$JT,C,7,146426,146426,1929,1562,2987,2089,2440,1052,2104,1428,2985,1951,2773,1020
$JT,C,8,146446,146446,1929,1560,2987,2089,2442,1052,2104,1425,2985,1951,2774,1020
$JT,C,9,146466,146466,1929,1558,2987,2089,2444,1052,2104,1424,2985,1951,2776,1019
$JT,C,10,146486,146486,1928,1556,2987,2090,2447,1052,2103,1422,2985,1952,2778,1019
$JT,C,11,146506,146506,1928,1554,2987,2090,2449,1052,2103,1420,2985,1952,2781,1019
$JT,C,12,146526,146526,1928,1551,2987,2090,2451,1052,2103,1416,2985,1952,2784,1019
$JT,C,13,146546,146546,1928,1548,2988,2090,2454,1052,2103,1413,2985,1952,2787,1019
$JT,C,14,146566,146566,1928,1545,2988,2090,2458,1051,2103,1410,2985,1952,2791,1019
$JT,C,15,146586,146586,1928,1540,2988,2090,2462,1051,2103,1406,2985,1952,2794,1019
$JT,C,16,146606,146606,1927,1537,2988,2091,2466,1051,2102,1403,2986,1953,2798,1019
$JT,C,17,146626,146626,1927,1532,2989,2091,2470,1050,2102,1398,2986,1953,2802,1019
$JT,C,18,146646,146646,1927,1527,2989,2091,2475,1050,2102,1394,2986,1953,2807,1017
$JT,C,19,146666,146666,1927,1523,2989,2091,2480,1050,2102,1389,2986,1953,2811,1017
$JT,C,20,146686,146686,1926,1518,2989,2092,2484,1050,2101,1384,2986,1954,2816,1017
$JT,C,21,146706,146706,1926,1513,2990,2092,2490,1049,2101,1380,2986,1954,2820,1017
$JT,C,22,146726,146726,1926,1508,2990,2092,2494,1049,2101,1375,2986,1954,2826,1017
$JT,C,23,146746,146746,1926,1504,2990,2092,2500,1049,2101,1370,2986,1954,2831,1017
$JT,C,24,146766,146766,1924,1498,2990,2094,2505,1048,2099,1365,2987,1956,2836,1016
$JT,C,25,146786,146786,1924,1493,2990,2094,2510,1048,2099,1359,2987,1956,2841,1016
$JT,C,26,146806,146806,1924,1488,2991,2094,2515,1048,2099,1355,2987,1956,2847,1016
$JT,C,27,146826,146826,1923,1483,2991,2095,2520,1048,2098,1350,2987,1957,2851,1015
$JT,C,28,146846,146846,1923,1479,2991,2095,2525,1047,2098,1345,2987,1957,2856,1015
$JT,C,29,146866,146866,1923,1474,2991,2095,2530,1047,2098,1340,2987,1957,2861,1015
$JT,C,30,146886,146886,1923,1469,2991,2095,2534,1047,2098,1336,2988,1957,2866,1015
$JT,C,31,146906,146906,1922,1465,2992,2096,2539,1047,2097,1331,2988,1958,2871,1014
$JT,C,32,146926,146926,1922,1460,2992,2096,2543,1046,2097,1328,2988,1958,2874,1014
$JT,C,33,146946,146946,1922,1457,2992,2096,2547,1046,2097,1323,2988,1958,2879,1014
$JT,C,34,146966,146966,1922,1452,2992,2096,2551,1046,2097,1320,2988,1958,2882,1014
$JT,C,35,146986,146986,1922,1449,2992,2096,2555,1046,2097,1316,2988,1958,2885,1014
$JT,C,36,147006,147006,1921,1446,2992,2097,2558,1046,2096,1313,2989,1959,2889,1014
$JT,C,37,147026,147026,1921,1443,2994,2097,2560,1046,2096,1311,2989,1959,2891,1013
$JT,C,38,147046,147046,1921,1441,2994,2097,2563,1044,2096,1307,2989,1959,2894,1013
$JT,C,39,147066,147066,1921,1439,2994,2097,2565,1044,2096,1305,2989,1959,2897,1013
$JT,C,40,147086,147086,1921,1436,2994,2097,2567,1044,2096,1304,2989,1959,2899,1013
$JT,C,41,147106,147106,1921,1435,2992,2097,2568,1044,2096,1301,2989,1959,2900,1012
$JT,C,42,147126,147126,1921,1434,2992,2097,2571,1044,2096,1300,2989,1959,2901,1012
$JT,C,43,147146,147146,1921,1433,2992,2097,2571,1044,2096,1299,2990,1959,2902,1012
$JT,C,44,147166,147166,1921,1432,2992,2097,2572,1044,2096,1298,2990,1959,2904,1012
$JT,C,45,147186,147186,1921,1432,2992,2097,2573,1044,2096,1298,2990,1959,2905,1012
$JT,C,46,147206,147206,1921,1432,2992,2097,2573,1044,2096,1298,2990,1959,2905,1012
$JT,C,47,147226,147226,1921,1432,2992,2097,2573,1046,2096,1297,2990,1959,2905,1012
$JT,C,48,147246,147246,1921,1432,2992,2097,2573,1046,2096,1297,2990,1959,2905,1011
$JT,C,49,147266,147266,1920,1432,2992,2098,2573,1046,2095,1297,2990,1960,2905,1011
$JT,C,50,147286,147287,1920,1432,2992,2098,2573,1046,2095,1297,2990,1960,2906,1011
$JT,C,51,147306,147307,1920,1432,2992,2098,2573,1046,2095,1297,2990,1960,2906,1011
$JT,C,52,147326,147327,1920,1432,2992,2098,2573,1046,2095,1297,2990,1960,2906,1011
$JT,C,53,147346,147347,1920,1432,2992,2098,2573,1046,2095,1297,2990,1960,2906,1011
$JT,C,54,147366,147367,1920,1432,2992,2098,2573,1046,2095,1297,2990,1960,2905,1011
$JT,C,55,147386,147387,1920,1432,2992,2098,2573,1046,2095,1297,2990,1960,2905,1011
$JT,C,56,147406,147407,1920,1432,2992,2098,2573,1046,2095,1297,2990,1960,2905,1011
$JT,C,57,147426,147427,1920,1432,2992,2098,2574,1046,2095,1296,2990,1960,2905,1011
$JT,C,58,147446,147447,1920,1433,2992,2098,2574,1046,2095,1296,2989,1960,2905,1011
$JT,C,59,147466,147467,1920,1433,2992,2098,2575,1047,2095,1295,2989,1960,2904,1011
$JT,C,60,147486,147487,1920,1433,2992,2098,2576,1047,2095,1293,2989,1960,2904,1009
$JT,C,61,147506,147507,1920,1434,2992,2098,2578,1047,2095,1291,2988,1960,2904,1009
$JT,C,62,147526,147527,1920,1434,2992,2098,2580,1047,2095,1290,2988,1960,2904,1009
$JT,C,63,147546,147547,1920,1434,2992,2098,2582,1047,2095,1288,2989,1960,2902,1009
$JT,C,64,147566,147567,1920,1434,2992,2098,2584,1046,2095,1286,2990,1960,2902,1009
$JT,C,65,147586,147587,1920,1434,2992,2098,2586,1043,2095,1284,2993,1960,2902,1009
$JT,C,66,147606,147607,1920,1434,2992,2098,2588,1040,2095,1282,2995,1960,2902,1009
$JT,C,67,147626,147627,1920,1434,2992,2098,2588,1037,2095,1282,2999,1960,2904,1009
$JT,C,68,147646,147647,1920,1433,2992,2098,2588,1032,2095,1283,3004,1960,2905,1009
$JT,C,69,147666,147667,1920,1432,2991,2098,2584,1026,2095,1286,3008,1960,2906,1011
$JT,C,70,147686,147687,1920,1430,2990,2098,2580,1021,2095,1291,3014,1960,2907,1012
$JT,C,71,147706,147707,1920,1427,2990,2098,2572,1016,2095,1299,3019,1960,2909,1012
$JT,C,72,147726,147727,1920,1425,2988,2098,2560,1013,2095,1309,3022,1960,2913,1014
$JT,C,73,147746,147747,1920,1422,2987,2098,2547,1011,2095,1323,3023,1960,2916,1015
$JT,C,74,147766,147767,1920,1417,2984,2098,2532,1011,2095,1338,3023,1960,2921,1017
$JT,C,75,147786,147787,1920,1413,2982,2098,2518,1015,2095,1351,3020,1960,2925,1020
$JT,C,76,147806,147807,1920,1408,2979,2098,2507,1019,2095,1364,3015,1960,2930,1023
$JT,C,77,147826,147827,1920,1402,2975,2098,2498,1023,2095,1372,3012,1960,2935,1025
$JT,C,78,147846,147847,1920,1398,2972,2098,2493,1025,2095,1377,3008,1960,2941,1029
$JT,C,79,147866,147867,1920,1392,2969,2098,2492,1026,2095,1379,3007,1960,2946,1032
$JT,C,80,147886,147887,1920,1386,2964,2098,2494,1026,2095,1378,3007,1960,2951,103798,2639,1090,2095,1234,2947,1960,2795,991
$JT,C,108,148446,148447,1920,1527,3011,2098,2643,1095,2095,1231,2942,1960,2803,991
$JT,C,109,148466,148467,1920,1518,3011,2098,2648,1100,2095,1226,2938,1960,2813,992
$JT,C,110,148486,148487,1920,1510,3011,2098,2652,1106,2095,1223,2933,1960,2819,992
$JT,C,111,148506,148507,1920,1504,3009,2098,2657,1112,2095,1218,2928,1960,2827,994
$JT,C,112,148526,148527,1920,1496,3009,2098,2662,1116,2095,1215,2923,1960,2835,995
$JT,C,113,148546,148547,1920,1489,3008,2098,2666,1120,2095,1210,2921,1960,2843,996
$JT,C,114,148566,148567,1920,1481,3008,2098,2671,1115,2095,1206,2924,1960,2850,997
$JT,C,115,148586,148587,1920,1474,3007,2098,2675,1106,2095,1201,2935,1960,2858,998
$JT,C,116,148606,148607,1920,1467,3005,2098,2679,1089,2095,1198,2950,1960,2865,1000
$JT,C,117,148626,148627,1920,1461,3004,2098,2680,1067,2095,1196,2971,1960,2873,1002
$JT,C,118,148646,148647,1920,1455,3002,2098,2676,1043,2095,1198,2994,1960,2880,1004
$JT,C,119,148666,148667,1920,1448,2999,2098,2668,1019,2095,1205,3016,1960,2886,1005
$JT,C,120,148686,148687,1920,1442,2997,2098,2655,998,2095,1217,3037,1960,2893,1007
$JT,C,121,148706,148707,1920,1435,2994,2098,2635,980,2095,1237,3054,1960,2900,1009
$JT,C,122,148726,148727,1920,1430,2991,2098,2610,969,2095,1260,3064,1960,2907,1012
$JT,C,123,148746,148747,1920,1424,2988,2098,2582,964,2095,1288,3070,1960,2914,1014
$JT,C,124,148766,148767,1920,1417,2984,2098,2551,966,2095,1318,3068,1960,2921,1017
$JT,C,125,148786,148787,1920,1411,2981,2098,2520,973,2095,1348,3061,1960,2926,1020
$JT,C,126,148806,148807,1920,1406,2976,2098,2493,983,2095,1375,3051,1960,2933,1023
$JT,C,127,148826,148827,1920,1400,2973,2098,2470,996,2095,1398,3038,1960,2939,1027
$JT,C,128,148846,148847,1920,1394,2969,2098,2454,1007,2095,1415,3027,1960,2944,1030
$JT,C,129,148866,148867,1920,1389,2965,2098,2447,1016,2095,1425,3016,1960,2950,1035
$JT,C,130,148886,148887,1920,1384,2959,2098,2445,1022,2095,1428,3010,1960,2956,1038
$JT,C,131,148906,148907,1920,1380,2955,2098,2450,1024,2095,1424,3006,1960,2960,1041
$JT,C,132,148926,148927,1920,1374,2950,2098,2459,1024,2095,1417,3006,1960,2965,1045
$JT,C,133,148946,148947,1920,1369,2946,2098,2468,1023,2095,1410,3006,1960,2970,1049
$JT,C,134,148966,148967,1920,1365,2940,2098,2477,1023,2095,1402,3006,1960,2973,1054
$JT,C,135,148986,148987,1920,1360,2936,2098,2486,1024,2095,1394,3006,1960,2976,1057
$JT,C,136,149006,149007,1920,1356,2930,2098,2494,1024,2095,1384,3006,1960,2980,1062
$JT,C,137,149026,149027,1920,1351,2924,2098,2502,1025,2095,1378,3005,1960,2983,1066
$JT527,1920,1521,3011,2098,2649,1099,2095,1222,2930,1960,2820,992
$JT,C,163,149546,149547,1920,1513,3009,2098,2654,1105,2095,1217,2924,1960,2827,992
$JT,C,164,149566,149567,1920,1505,3009,2098,2658,1110,2095,1214,2919,1960,2834,994
$JT,C,165,149586,149587,1920,1497,3009,2098,2662,1114,2095,1209,2914,1960,2842,995
$JT,C,166,149606,149607,1920,1489,3009,2098,2666,1114,2095,1205,2914,1960,2849,997
$JT,C,167,149626,149627,1920,1481,3008,2098,2671,1107,2095,1200,2921,1960,2856,998
$JT,C,168,149646,149647,1920,1473,3007,2098,2675,1093,2095,1196,2935,1960,2863,1000
$JT,C,169,149666,149667,1920,1466,3005,2098,2677,1074,2095,1193,2954,1960,2869,1002
$JT,C,170,149686,149687,1920,1459,3003,2098,2676,1051,2095,1194,2978,1960,2877,1003
$JT,C,171,149706,149707,1920,1452,3000,2098,2671,1027,2095,1199,3002,1960,2884,1005
$JT,C,172,149726,149727,1920,1446,2998,2098,2660,1005,2095,1209,3024,1960,2891,1007
$JT,C,173,149746,149747,1920,1439,2996,2098,2644,986,2095,1226,3045,1960,2898,1008
$JT,C,174,149766,149767,1920,1433,2992,2098,2624,973,2095,1248,3060,1960,2904,1011
$JT,C,175,149786,149787,1920,1426,2989,2098,2599,966,2095,1274,3068,1960,2910,1013
$JT,C,176,149806,149807,1920,1421,2986,2098,2572,965,2095,1304,3069,1960,2916,1015
$JT,C,177,149826,149827,1920,1415,2982,2098,2544,969,2095,1334,3065,1960,2922,1017
$JT,C,178,149846,149847,1920,1409,2979,2098,2519,978,2095,1363,3056,1960,2927,1020
$JT,C,179,149866,149867,1920,1402,2975,2098,2498,990,2095,1388,3045,1960,2932,1023
$JT,C,180,149886,149887,1920,1398,2971,2098,2481,1001,2095,1408,3032,1960,2938,1025
$JT,C,181,149906,149907,1920,1392,2966,2098,2470,1011,2095,1421,3021,1960,2942,1029
$JT,C,182,149926,149927,1920,1386,2963,2098,2466,1018,2095,1428,3013,1960,2947,1031
$JT,C,183,149946,149947,1920,1382,2957,2098,2468,1023,2095,1427,3008,1960,2951,1033
$JT,C,184,149966,149967,1920,1377,2953,2098,2474,1024,2095,1421,3006,1960,2955,1037
$JT,C,185,149986,149987,1920,1372,2948,2098,2481,1024,2095,1414,3006,1960,2959,1040
$JT,C,186,150006,150007,1920,1367,2942,2098,2487,1023,2095,1406,3005,1960,2964,1044
$JT,C,187,150026,150027,1920,1366,2941,2098,2494,1023,2095,1391,3005,1960,2968,1047
$JT,C,188,150046,150047,1920,1367,2942,2098,2501,1024,2095,1377,3004,1960,2972,1052
$JT,C,189,150066,150067,1920,1367,2942,2098,2509,1024,2095,1365,3003,1960,2974,1054
$JT,C,190,150086,150087,1920,1367,2942,2098,2518,1024,2095,1356,3001,1960,2975,1055
$JT,C,191,150106,150107,1920,1366,2942,2098,2527,1025,2095,1348,2998,1960,2975,1055
$JT,C,192,150126,150127,1920,1366,2945,2098,2535,1026,2095,1341,2997,1960,2974,1053
$JT,C,193,150146,150147,1920,1367,2950,2098,2542,1027,2095,1334,2995,1960,2974,1047
$JT,C,194,150166,150167,1920,1368,2958,2098,2548,1029,2095,1329,2993,1960,2973,1040
$JT,C,195,150186,150187,1920,1370,2967,2098,2553,1030,2095,1324,2991,1960,2970,1030
$JT,C,196,150206,150207JT,C,214,150566,150566,1921,1434,2990,2097,2574,1042,2096,1300,2987,1959,2906,1008
$JT,C,215,150586,150586,1921,1435,2990,2097,2573,1041,2096,1301,2986,1959,2905,1009
$JT,C,216,150606,150606,1921,1435,2990,2097,2572,1041,2096,1303,2986,1959,2904,1009
$JT,C,217,150626,150626,1921,1436,2990,2097,2571,1041,2096,1304,2986,1959,2902,1009
$JT,C,218,150646,150646,1921,1439,2990,2097,2569,1041,2096,1305,2986,1959,2900,1009
$JT,C,219,150666,150666,1921,1440,2990,2097,2567,1042,2096,1307,2986,1959,2898,1009
$JT,C,220,150686,150686,1921,1442,2990,2097,2565,1042,2096,1309,2986,1959,2896,1009
$JT,C,221,150706,150706,1921,1446,2989,2097,2563,1042,2096,1312,2986,1959,2893,1009
$JT,C,222,150726,150726,1921,1448,2989,2097,2559,1042,2096,1315,2986,1959,2891,1009
$JT,C,223,150746,150746,1922,1451,2989,2096,2556,1042,2097,1317,2986,1958,2888,1009
$JT,C,224,150766,150766,1922,1455,2989,2096,2552,1043,2097,1321,2986,1958,2884,1009
$JT,C,225,150786,150786,1922,1459,2989,2096,2549,1043,2097,1325,2986,1958,2881,1011
$JT,C,226,150806,150806,1922,1463,2988,2096,2544,1043,2097,1329,2985,1958,2876,1011
$JT,C,227,150826,150826,1922,1467,2988,2096,2541,1043,2097,1333,2985,1958,2873,1009
$JT,C,228,150846,150846,1923,1472,2987,2095,2536,1043,2098,1338,2985,1957,2868,1009
$JT,C,229,150866,150866,1923,1476,2987,2095,2532,1043,2098,1342,2985,1957,2864,1011
$JT,C,230,150886,150886,1923,1481,2987,2095,2527,1043,2098,1347,2983,1957,2859,1011
$JT,C,231,150906,150906,1923,1486,2986,2095,2522,1044,2098,1351,2983,1957,2855,1011
$JT,C,232,150926,150926,1924,1491,2986,2094,2517,1044,2099,1357,2983,1956,2849,1011
$JT,C,233,150946,150946,1924,1496,2986,2094,2513,1044,2099,1362,2982,1956,2844,1012
$JT,C,234,150966,150966,1924,1501,2986,2094,2507,1044,2099,1367,2982,1956,2839,1012
$JT,C,235,150986,150986,1926,1506,2986,2092,2502,1044,2101,1372,2982,1954,2833,1012
$JT,C,236,151006,151006,1926,1510,2986,2092,2497,1044,2101,1378,2981,1954,2828,1013
$JT,C,237,151026,151026,1926,1516,2986,2092,2492,1044,2101,1382,2981,1954,2823,1013
$JT,C,238,151046,151046,1926,1521,2986,2092,2487,1044,2101,1387,2981,1954,2818,1014
$JT,C,239,151066,151066,1927,1525,2986,2091,2482,1044,2102,1392,2980,1953,2814,1014
$JT,C,240,151086,151086,1927,1530,2986,2091,2477,1046,2102,1397,2980,1953,2808,1014
$JT,C,241,151106,151106,1927,1534,2986,2091,2474,1046,2102,1402,2980,1953,2805,1014
$JT,C,242,151126,151126,1927,1538,2984,2091,2469,1046,2102,1405,2980,1953,2800,1015
$JT,C,243,151146,151146,1928,1542,2984,2090,2465,1046,2103,1410,2979,1952,2795,1015
$JT,C,244,151166,151166,1928,1546,2984,2090,2461,1046,2103,1413,2979,1952,2792,1015
$JT,C,245,151186,151186,1928,1549,2984,2090,2458,1046,2103,1416,29100,12,11300,28,0
$JT,S,146606,146608,16,8,0,2999,0,120,6,11300,35,0
$JT,S,146626,146628,17,9,0,1959,0,56,1,11300,31,0
$JT,S,146646,146648,18,10,0,2793,250,-72,4,11300,30,0
$JT,S,146666,146668,19,11,0,997,0,-164,7,11300,33,0
$JT,S,146686,146688,20,0,0,1935,0,72,2,11200,30,0
$JT,S,146706,146708,21,1,0,1524,-250,60,2,11300,29,0
$JT,S,146726,146728,22,2,0,3000,0,88,7,11400,32,0
$JT,S,146746,146748,23,3,0,2083,0,-80,3,11400,31,0
$JT,S,146766,146768,24,4,0,2493,300,-48,2,11300,28,0
$JT,S,146786,146788,25,5,0,1036,0,-100,4,11400,31,0
$JT,S,146806,146808,26,6,0,2092,0,-60,2,11300,30,0
$JT,S,146826,146828,27,7,0,1364,-300,80,6,11300,28,0
$JT,S,146846,146848,28,8,0,2999,0,104,5,11300,35,0
$JT,S,146866,146868,29,9,0,1959,0,20,0,11300,31,0
$JT,S,146886,146888,30,10,0,2855,250,-52,0,11300,30,0
$JT,S,146906,146908,31,11,0,998,0,-136,6,11300,33,0
$JT,S,146926,146928,32,0,0,1931,-50,80,2,11200,30,0
$JT,S,146946,146948,33,1,0,1463,-200,36,0,11300,29,0
$JT,S,146966,146968,34,2,0,3000,0,72,4,11400,32,0
$JT,S,146986,146988,35,3,0,2088,50,-72,3,11400,31,0
$JT,S,147006,147008,36,4,0,2552,150,-24,0,11300,28,0
$JT,S,147026,147028,37,5,0,1036,0,-88,3,11400,31,0
$JT,S,147046,147048,38,6,0,2092,0,-40,1,11300,30,0
$JT,S,147066,147068,39,7,0,1309,-150,28,0,11300,28,0
$JT,S,147086,147088,40,8,0,2997,0,72,3,11300,35,0
$JT,S,147106,147108,41,9,0,1959,0,0,0,11300,31,0
$JT,S,147126,147128,42,10,0,2900,100,0,0,11300,30,0
$JT,S,147146,147148,43,11,0,1000,0,-100,3,11300,33,0
$JT,S,147166,147168,44,0,0,1931,0,88,3,11200,30,0
$JT,S,147186,147188,45,1,0,1430,-50,-16,1,11300,29,0
$JT,S,147206,147208,46,2,0,3000,0,72,4,11400,32,0
$JT,S,147226,147228,47,3,0,2088,0,-80,3,11400,31,0
$JT,S,147246,147248,48,4,0,2575,0,16,0,11300,28,0
$JT,S,147266,147268,49,5,0,1036,0,-96,3,11400,31,0
$JT,S,147287,147289,50,6,0,2092,0,-28,0,11300,30,0
$JT,S,147307,147309,51,7,0,1297,0,0,0,11300,28,0
$JT,S,147327,147329,52,8,0,2997,0,64,3,11300,35,0
$JT,S,147347,147349,53,9,0,1959,0,0,0,11300,31,0
$JT,S,147367,147369,54,10,0,2906,6,0,-100,4,11300,31,0
$JT,S,148027,148029,87,6,0,2091,0,-40,1,11200,30,0
$JT,S,148047,148049,88,7,0,1358,-100,64,2,11200,28,0
$JT,S,148067,148069,89,8,0,3020,0,160,43,11200,35,0
$JT,S,148087,148089,90,9,0,1960,0,0,0,11200,31,0
$JT,S,148107,148109,91,10,0,2989,350,-140,18,11200,30,0
$JT,S,148127,148129,92,11,0,1038,400,-188,9,11200,33,0
$JT,S,148147,148149,93,0,0,1924,0,40,1,11200,30,0
$JT,S,148167,148169,94,1,0,1330,-200,-72,6,11300,29,0
$JT,S,148187,148189,95,2,0,2945,50,-124,3,11400,32,0
$JT,S,148207,148209,96,3,0,2089,0,-76,3,11300,31,0
$JT,S,148227,148229,97,4,0,2577,400,0,0,11200,28,0
$JT,S,148247,148249,98,5,0,1019,0,-232,25,11300,31,0
$JT,S,148267,148269,99,6,0,2091,0,-40,1,11200,30,0
$JT,S,148287,148289,100,7,0,1286,-200,88,7,11200,28,0
$JT,S,148307,148309,101,8,0,2989,-200,116,5,11200,35,0
$JT,S,148327,148329,102,9,0,1958,250,-20,0,11200,31,0
$JT,S,148347,148349,103,10,0,2835,-1500,296,36,11000,30,0
$JT,S,148367,148369,104,11,0,953,-500,160,3,11100,33,0
$JT,S,148387,148389,105,0,0,1925,0,48,1,11000,30,0
$JT,S,148407,148409,106,1,0,1538,1150,-108,5,11200,29,0
$JT,S,148427,148429,107,2,0,3058,300,-32,0,11300,32,0
$JT,S,148447,148449,108,3,0,2087,0,-96,4,11200,31,0
$JT,S,148467,148469,109,4,0,2624,150,-152,33,11100,28,0
$JT,S,148487,148489,110,5,0,1043,0,-444,82,11100,31,0
$JT,S,148507,148509,111,6,0,2091,0,-40,0,11000,30,0
$JT,S,148527,148529,112,7,0,1242,-300,200,41,10900,28,0
$JT,S,148547,148549,113,8,0,2994,-100,560,138,11000,35,0
$JT,S,148567,148569,114,9,0,1961,0,0,0,11200,31,0
$JT,S,148587,148589,115,10,0,2841,400,-76,2,11200,30,0
$JT,S,148607,148609,116,11,0,965,400,-228,11,11200,33,0
$JT,S,148627,148629,117,0,0,1924,0,40,0,11200,30,0
$JT,S,148647,148649,118,1,0,1464,-400,32,0,11300,29,0
$JT,S,148667,148669,119,2,0,3010,-150,76,4,11400,32,0
$JT,S,148687,148689,120,3,0,2098,0,0,0,11400,31,0
$JT,S,148707,148709,121,4,0,2675,-200,148,16,11300,28,0
$JT,S,148727,148729,122,5,0,1087,-100,176,4,11200,31,0
$JT,S,148747,148749,123,6,0,2097,50,24,0,11200,30,0
$JT,S,148767,148769,124,7,0,1241,850,-232,23,11000,28,0
$JT,S,148787,148789,125,8,0,2986,650,-308,12,11200,35,0
$JT,S,148807,148809,126,9,0,1961,0,0,0,11200,31,0
$JT,S,148827,148829,127,10,0,2922,150,-72,4,11100,30,0
$JT,S,148847,148849,128,11,0,1013,150,-112,2,11100,33,0
$JT,S,148867,148869,129,0,0,1925,50,52,2,11100,30,0
$JT,S,148887,148889,130,1,0,1396,-200,60,3,11200,29,0
$JT,S,148907,148909,131,2,0,2986,-200,196,11,11300,32,0
$JT,S,148927,148929,132,3,0,2096,-100,-32,1,11400,31,0
$JT,S,148947,148949,133,4,0,2447,-1100,-88,9,11300,28,0
$JT,S,148967,148969,134,5,0,967,-200,-40,0,113009789,175,10,0,2899,350,-28,0,11200,30,0
$JT,S,149807,149809,176,11,0,1009,550,24,0,11200,33,0
$JT,S,149827,149829,177,0,0,1924,0,40,0,11100,30,0
$JT,S,149847,149849,178,1,0,1413,-300,-16,2,11200,29,0
$JT,S,149867,149869,179,2,0,2997,-250,140,6,11200,32,0
$JT,S,149887,149889,180,3,0,2100,0,20,0,11100,31,0
$JT,S,149907,149909,181,4,0,2571,-1100,616,281,10900,28,0
$JT,S,149927,149929,182,5,0,1006,-500,284,18,11200,31,0
$JT,S,149947,149949,183,6,0,2092,50,-32,0,11200,30,0
$JT,S,149967,149969,184,7,0,1410,950,-144,19,11300,28,0
$JT,S,149987,149989,185,8,0,3066,350,-24,1,11300,35,0
$JT,S,150007,150009,186,9,0,1964,0,40,1,11200,31,0
$JT,S,150027,150029,187,10,0,2940,100,-192,44,11000,30,0
$JT,S,150047,150049,188,11,0,1006,-50,-344,50,11000,33,0
$JT,S,150067,150069,189,0,0,1925,0,48,0,11100,30,0
$JT,S,150087,150089,190,1,0,1380,-50,104,11,11200,29,0
$JT,S,150107,150109,191,2,0,2964,-300,168,10,11200,32,0
$JT,S,150127,150129,192,3,0,2101,0,32,0,11300,31,0
$JT,S,150147,150149,193,4,0,2526,500,-64,2,11200,28,0
$JT,S,150167,150169,194,5,0,1009,150,-148,3,11300,62,0
$JT,S,150187,150189,195,6,0,2094,50,20,0,11200,30,0
$JT,S,150207,150209,196,7,0,1342,-500,152,17,11200,28,0
$JT,S,150227,150229,197,8,0,3032,-350,328,39,11200,35,0
$JT,S,150247,150249,198,9,0,1961,-50,-20,1,11300,31,0
$JT,S,150267,150269,199,10,0,2964,-250,92,4,11200,30,0
$JT,S,150287,150289,200,11,0,1025,50,156,3,11200,33,0
$JT,S,150307,150309,201,0,0,1925,0,48,1,11000,30,0
$JT,S,150327,150329,202,1,0,1372,250,-308,86,11100,29,0
$JT,S,150347,150349,203,2,0,2982,250,-200,21,11200,32,0
$JT,S,150367,150369,204,3,0,2095,0,-32,0,11300,31,0
$JT,S,150387,150389,205,4,0,2590,50,104,12,11300,28,0
$JT,S,150407,150409,206,5,0,1034,0,-72,2,11400,31,0
$JT,S,150427,150429,207,6,0,2091,0,-40,1,11200,30,0
$JT,S,150447,150449,208,7,0,1304,0,56,5,11300,28,0
$JT,S,150467,150469,209,8,0,3003,50,148,38,11300,35,0
$JT,S,150486,150488,210,9,0,1963,50,32,0,11300,31,0
$JT,S,150506,150508,211,10,0,2901,0,-48,3,11200,30,0
$JT,S,150526,150528,212,11,0,985,-50,-200,17,11200,33,0
$JT,S,150546,150548,213,0,0,1924,0,32,1,11200,30,0
$JT,S,150566,150568,214,1,0,1425,100,-72,8,11300,29,0
$JT,S,150586,150588,215,2,0,2989,0,0,0,11400,32,0
$JT,S,150606,150608,216,3,0,2094,0,-32,1,11300,31,0
$JT,S,150626,150628,217,4,0,2574,0,28,0,11300,28,0
$JT,S,150646,150648,218,5,0,1033,-50,-76,3,11400,33,0
$JT,S,150666,150668,219,6,0,2091,0,-48,1,11300,30,0
$JT,S,150686,150688,220,7,0,1310,-50,24,1,11300,28,0
$JT,S,150706,150708,221,8,0,3003,-50,140,28,11300,35,0
$JT,S,150726,150728,222,9,0,1963,0,40,0,11300,31,0
$JT,S,150746,150748,223,10,0,2896,50,52,1,11200,30,0
$JT,S,150766,150768,224,11,0,996,200,-100,2,11200,33,0
$JT,S,150786,150788,225,0,0,1924,0,20,0,11100,30,0
$JT,S,150806,150808,226,1,0,1430,100,-232,62,11300,29,0
$JT,S,150826,150828,227,2,0,2989,0,0,0,11300,32,0
$JT,S,150846,150848,228,3,0,2094,0,0,1,11300,31,0
