RX +0.758 b'Console echo: off\r\n# '
TX +0.758 stand
RX +0.818 b'Starting direct synchronized stand move\r\n'
RX +0.908 b'OK\r\n# '
RESULT ok ('Starting direct synchronized stand move', 'OK')
TX +0.908 profile
RX +0.967 b'Profile: speed=3400 acceleration=254\r\n# '
RESULT info ('Profile: speed=3400 acceleration=254',)
TX +0.967 status
RX +1.027 b'Servo status (12 configured IDs):\r\n'
RX +1.027 b'ID 1 pos=1935 speed=0 load=56 voltage=10500mV temp=29C current=1 moving=0 hw=0x00\r\n'
RX +1.087 b'ID 2 pos=1566 speed=0 load=8 voltage=10600mV temp=27C current=1 moving=0 hw=0x00\r\n'
RX +1.117 b'ID 3 pos=3000 speed=0 load=96 voltage=10700mV temp=33C current=7 moving=0 hw=0x00\r\n'
RX +1.147 b'ID 4 pos=2082 speed=0 load=-64 voltage=10700mV temp=30C current=2 moving=0 hw=0x00\r\n'
RX +1.207 b'ID 5 pos=2432 speed=0 load=-16 voltage=10600mV temp=26C current=0 moving=0 hw=0x00\r\n'
RX +1.268 b'ID 6 pos=1036 speed=0 load=-176 voltage=10700mV temp=34C current=9 moving=0 hw=0x00\r\n'
RX +1.297 b'ID 7 pos=2095 speed=0 load=-80 voltage=10500mV temp=30C current=3 moving=0 hw=0x00\r\n'
RX +1.327 b'ID 8 pos=1434 speed=0 load=32 voltage=10600mV temp=26C current=1 moving=0 hw=0x00\r\n'
RX +1.358 b'ID 9 pos=3009 speed=0 load=176 voltage=10500mV temp=35C current=12 moving=0 hw=0x00\r\n'
RX +1.419 b'ID 10 pos=1960 speed=0 load=80 voltage=10600mV temp=30C current=2 moving=0 hw=0x00\r\n'
RX +1.447 b'ID 11 pos=2762 speed=0 load=-40 voltage=10600mV temp=27C current=2 moving=0 hw=0x00\r\n'
RX +1.477 b'ID 12 pos=1009 speed=0 load=-112 voltage=10600mV temp=32C current=4 moving=0 hw=0x00\r\n'
RX +1.507 b'Bus read retries: attempts=0 recovered=0 failed=0\r\n# '
RESULT info ('Servo status (12 configured IDs):', 'ID 1 pos=1935 speed=0 load=56 voltage=10500mV temp=29C current=1 moving=0 hw=0x00', 'ID 2 pos=1566 speed=0 load=8 voltage=10600mV temp=27C current=1 moving=0 hw=0x00', 'ID 3 pos=3000 speed=0 load=96 voltage=10700mV temp=33C current=7 moving=0 hw=0x00', 'ID 4 pos=2082 speed=0 load=-64 voltage=10700mV temp=30C current=2 moving=0 hw=0x00', 'ID 5 pos=2432 speed=0 load=-16 voltage=10600mV temp=26C current=0 moving=0 hw=0x00', 'ID 6 pos=1036 speed=0 load=-176 voltage=10700mV temp=34C current=9 moving=0 hw=0x00', 'ID 7 pos=2095 speed=0 load=-80 voltage=10500mV temp=30C current=3 moving=0 hw=0x00', 'ID 8 pos=1434 speed=0 load=32 voltage=10600mV temp=26C current=1 moving=0 hw=0x00', 'ID 9 pos=3009 speed=0 load=176 voltage=10500mV temp=35C current=12 moving=0 hw=0x00', 'ID 10 pos=1960 speed=0 load=80 voltage=10600mV temp=30C current=2 moving=0 hw=0x00', 'ID 11 pos=2762 speed=0 load=-40 voltage=10600mV temp=27C current=2 moving=0 hw=0x00', 'ID 12 pos=1009 speed=0 load=-112 voltage=10600mV temp=32C current=4 moving=0 hw=0x00', 'Bus read retries: attempts=0 recovered=0 failed=0')
TX +1.508 profile
RX +1.568 b'Profile: speed=3400 acceleration=254\r\n# '
RESULT info ('Profile: speed=3400 acceleration=254',)
