SESSION 1
RX 1839549.150 b'Console echo: off\r\n# '
RX 1839549.210 b'Profile: speed=3400 acceleration=254\r\n# '
RESULT profile: info 0.061s 1 lines
RX 1839549.271 b'ID 1 target=1929\r\n'
RX 1839549.272 b'ID 2 target=1565\r\n'
RX 1839549.303 b'ID 3 target=2989\r\n'
RX 1839549.334 b'ID 4 target=2089\r\nID 5 target=2434\r\nID 6 target=1057\r\nID 7 target=2104\r\nID 8 target=1430\r\nID 9 target=2988\r\nID 10 target=1951\r\n'
RX 1839549.360 b'ID 11 target=2767\r\nID 12 target=1022\r\n# '
RESULT targets: info 0.150s 12 lines
RX 1839549.420 b'Servo status (12 configured IDs):\r\n'
RX 1839549.421 b'ID 1 pos=1935 speed=0 load=56 voltage=10500mV temp=28C current=2 moving=0 hw=0x00\r\n'
RX 1839549.453 b'ID 2 pos=1565 speed=0 load=0 voltage=10600mV temp=27C current=0 moving=0 hw=0x00\r\n'
RX 1839549.481 b'ID 3 pos=3000 speed=0 load=96 voltage=10700mV temp=31C current=6 moving=0 hw=0x00\r\n'
RX 1839549.511 b'ID 4 pos=2083 speed=0 load=-56 voltage=10700mV temp=29C current=2 moving=0 hw=0x00\r\n'
RX 1839549.541 b'ID 5 pos=2432 speed=0 load=-16 voltage=10600mV temp=25C current=0 moving=0 hw=0x00\r\n'
RX 1839549.571 b'ID 6 pos=1038 speed=0 load=-160 voltage=10800mV temp=31C current=12 moving=0 hw=0x00\r\n'
RX 1839549.603 b'ID 7 pos=2090 speed=0 load=-120 voltage=10600mV temp=29C current=6 moving=0 hw=0x00\r\n'
RX 1839549.631 b'ID 8 pos=1434 speed=0 load=32 voltage=10600mV temp=25C current=2 moving=0 hw=0x00\r\n'
RX 1839549.663 b'ID 9 pos=3007 speed=0 load=160 voltage=10600mV temp=31C current=10 moving=0 hw=0x00\r\n'
RX 1839549.691 b'ID 10 pos=1963 speed=0 load=104 voltage=10700mV temp=29C current=4 moving=0 hw=0x00\r\n'
RX 1839549.723 b'ID 11 pos=2763 speed=0 load=-32 voltage=10600mV temp=26C current=1 moving=0 hw=0x00\r\n'
RX 1839549.751 b'ID 12 pos=1009 speed=0 load=-112 voltage=10600mV temp=30C current=5 moving=0 hw=0x00\r\n'
RX 1839549.781 b'Bus read retries: attempts=0 recovered=0 failed=0\r\n# '
RESULT status: info 0.420s 14 lines
RX 1839549.841 b'\r\nSpot OMG STM32 servo console\r\n  ping ID          ping one servo\r\n  scan             ping configured IDs 1..12\r\n  uartt'
RX 1839549.873 b'est         USART1 loopback test (PA9 connected to PA10)\r\n  busprobe ID      send ping and print raw USART1 response byt'
RX 1839549.901 b'es\r\n  linestate        sample the idle level of PA9/PA10\r\n  read ID          read position/load/current/state\r\n  move ID'
RX 1839549.931 b' RAW      safe single move, max delta 256 ticks\r\n  targets          print calibrated stand raw targets\r\n  status        '
RX 1839549.961 b'   read health state from all 12 servos\r\n  profile [S A]   show/set speed 1..3400, acceleration 0..254\r\n  echo on|off   '
RX 1839549.991 b'  STM32 input echo control (default off)\r\n  hold             torque on at all current positions\r\n  stand            dire'
RX 1839550.051 b'ct synchronized stand move\r\n  stand11          straighten every leg (J2=0, J3=0)\r\n  landing          calibrated landing '
RX 1839550.081 b'pose (J2=40, J3=130)\r\n  trot [C [MS]]    diagonal trot, cycles 1..10, period 600..5000ms\r\n  trotplace [C [MS]] in-place '
RX 1839550.111 b'diagonal trot; Ctrl+C stop\r\n  trot2 [C [MS]]   circular-foot diagonal trot; Ctrl+C stop\r\n  trot3 [C [MS]]   overlap trot'
RX 1839550.141 b' (default 2200ms, max 2400ms)\r\n  trot4 [C [MS]]   posture-smooth reduced-path trot (default 1600ms)\r\n  crab [left|right '
RX 1839550.171 b'[C [MS]]] four-beat crawl (default left, 4000ms)\r\n  fwupdate         torque off and reboot into BLE update bootloader\r\n '
RX 1839550.202 b' jump [C [MS]]    in-place repeat jump, C=0 continuous, Ctrl+C stop\r\n  relax [ID]       torque off all servos, or only I'
RX 1839550.232 b'D\r\n  safety           stall detector state and the latched fault\r\n  gaitdiag         last gait tracking/current/voltage '
RX 1839550.262 b'report\r\n  baldiag          recent balance frames and tilt snapshot\r\n  baltest          preview static balance correction'
RX 1839550.292 b'; no servo motion\r\n  recover          clear a safety fault and hold where the legs are\r\n  i2cscan          scan I2C1 for'
RX 1839550.321 b' the BNO055\r\n  spitest          SPI1 loopback test (BNO086 removed, PA7 connected to PA6)\r\n  imuprobe         reset the '
RX 1839550.353 b'BNO086 and report H_INTN and the SHTP header\r\n  imursttest       hold PB2/BNO086 RST low for 5 seconds\r\n  imu on|off|sta'
RX 1839550.381 b'tus control 10 Hz IMU logging (default off)\r\n  imucal status|device|level|clear BNO055 persistent calibration\r\n  balance'
RX 1839550.411 b' full|normal|on|off|status IMU balance (default full/on)\r\n  help             show this help\r\n\r\nConsole echo: off\r\n# '
RESULT help: info 0.630s 39 lines
RX 1839550.471 b'Profile: speed=3400 acceleration=254\r\n# '
RESULT profile: info 0.059s 1 lines
SESSION 2
RX 1839551.761 b'Console echo: off\r\n# '
RX 1839551.824 b'Profile: speed=3400 acceleration=254\r\n# '
RESULT profile: info 0.063s 1 lines
RX 1839551.881 b'ID 1 target=1929\r\nID 2 target=1565\r\nID 3 target=2989\r\nID 4 target=2089\r\nID 5 target=2434\r\n'
RX 1839551.912 b'ID 6 target=1057\r\nID 7 target=2104\r\nID 8 target=1430\r\nID 9 target=2988\r\nID 10 target=1951\r\nID 11 target=2767\r\nID 12 target=1022\r\n# '
RESULT targets: info 0.088s 12 lines
RX 1839552.001 b'Servo status (12 configured IDs):\r\n'
RX 1839552.033 b'ID 1 pos=1935 speed=0 load=56 voltage=10600mV temp=28C current=1 moving=0 hw=0x00\r\n'
RX 1839552.061 b'ID 2 pos=1565 speed=0 load=0 voltage=10600mV temp=27C current=0 moving=0 hw=0x00\r\n'
RX 1839552.091 b'ID 3 pos=3000 speed=0 load=96 voltage=10700mV temp=31C current=6 moving=0 hw=0x00\r\n'
RX 1839552.121 b'ID 4 pos=2083 speed=0 load=-56 voltage=10700mV temp=29C current=2 moving=0 hw=0x00\r\n'
RX 1839552.151 b'ID 5 pos=2432 speed=0 load=-16 voltage=10600mV temp=25C current=0 moving=0 hw=0x00\r\n'
RX 1839552.183 b'ID 6 pos=1038 speed=0 load=-160 voltage=10700mV temp=31C current=9 moving=0 hw=0x00\r\n'
RX 1839552.242 b'ID 7 pos=2090 speed=0 load=-120 voltage=10600mV temp=29C current=6 moving=0 hw=0x00\r\n'
RX 1839552.271 b'ID 8 pos=1434 speed=0 load=32 voltage=10600mV temp=25C current=1 moving=0 hw=0x00\r\n'
RX 1839552.304 b'ID 9 pos=3007 speed=0 load=160 voltage=10600mV temp=31C current=14 moving=0 hw=0x00\r\n'
RX 1839552.334 b'ID 10 pos=1963 speed=0 load=104 voltage=10700mV temp=29C current=5 moving=0 hw=0x00\r\n'
RX 1839552.363 b'ID 11 pos=2763 speed=0 load=-32 voltage=10600mV temp=26C current=1 moving=0 hw=0x00\r\n'
RX 1839552.391 b'ID 12 pos=1009 speed=0 load=-112 voltage=10600mV temp=30C current=5 moving=0 hw=0x00\r\n'
RX 1839552.421 b'Bus read retries: attempts=0 recovered=0 failed=0\r\n# '
RESULT status: info 0.508s 14 lines
RX 1839552.481 b'\r\nSpot OMG STM32 servo console\r\n  ping ID          ping one servo\r\n  scan             ping configured IDs 1..12\r\n  uartt'
RX 1839552.513 b'est         USART1 loopback test (PA9 connected to PA10)\r\n  busprobe ID      send ping and print raw USART1 response byt'
RX 1839552.541 b'es\r\n  linestate        sample the idle level of PA9/PA10\r\n  read ID          read position/load/current/state\r\n  move ID'
RX 1839552.571 b' RAW      safe single move, max delta 256 ticks\r\n  targets          print calibrated stand raw targets\r\n  status        '
RX 1839552.601 b'   read health state from all 12 servos\r\n  profile [S A]   show/set speed 1..3400, acceleration 0..254\r\n  echo on|off   '
RX 1839552.631 b'  STM32 input echo control (default off)\r\n  hold             torque on at all current positions\r\n  stand            dire'
RX 1839552.663 b'ct synchronized stand move\r\n  stand11          straighten every leg (J2=0, J3=0)\r\n  landing          calibrated landing '
RX 1839552.691 b'pose (J2=40, J3=130)\r\n  trot [C [MS]]    diagonal trot, cycles 1..10, period 600..5000ms\r\n  trotplace [C [MS]] in-place '
RX 1839552.722 b'diagonal trot; Ctrl+C stop\r\n  trot2 [C [MS]]   circular-foot diagonal trot; Ctrl+C stop\r\n  trot3 [C [MS]]   overlap trot'
RX 1839552.752 b' (default 2200ms, max 2400ms)\r\n  trot4 [C [MS]]   posture-smooth reduced-path trot (default 1600ms)\r\n  crab [left|right '
RX 1839552.782 b'[C [MS]]] four-beat crawl (default left, 4000ms)\r\n  fwupdate         torque off and reboot into BLE update bootloader\r\n '
RX 1839552.812 b' jump [C [MS]]    in-place repeat jump, C=0 continuous, Ctrl+C stop\r\n  relax [ID]       torque off all servos, or only I'
RX 1839552.843 b'D\r\n  safety           stall detector state and the latched fault\r\n  gaitdiag         last gait tracking/current/voltage '
RX 1839552.871 b'report\r\n  baldiag          recent balance frames and tilt snapshot\r\n  baltest          preview static balance correction'
RX 1839552.902 b'; no servo motion\r\n  recover          clear a safety fault and hold where the legs are\r\n  i2cscan          scan I2C1 for'
RX 1839552.931 b' the BNO055\r\n  spitest          SPI1 loopback test (BNO086 removed, PA7 connected to PA6)\r\n  imuprobe         reset the '
RX 1839552.961 b'BNO086 and report H_INTN and the SHTP header\r\n  imursttest       hold PB2/BNO086 RST low for 5 seconds\r\n  imu on|off|sta'
RX 1839553.021 b'tus control 10 Hz IMU logging (default off)\r\n  imucal status|device|level|clear BNO055 persistent calibration\r\n  balance'
RX 1839553.051 b' full|normal|on|off|status IMU balance (default full/on)\r\n  help             show this help\r\n\r\nConsole echo: off\r\n# '
RESULT help: info 0.630s 39 lines
RX 1839553.111 b'Profile: speed=3400 acceleration=254\r\n# '
RESULT profile: info 0.059s 1 lines
SESSION 3
RX 1839554.775 b'Console echo: off\r\n# '
RX 1839554.837 b'Profile: speed=3400 acceleration=254\r\n# '
RESULT profile: info 0.061s 1 lines
RX 1839554.896 b'ID 1 target=1929\r\n'
RX 1839554.897 b'ID 2 target=1565\r\n'
RX 1839554.927 b'ID 3 target=2989\r\nID 4 target=2089\r\nID 5 target=2434\r\nID 6 target=1057\r\nID 7 target=2104\r\nID 8 target=1430\r\n'
RX 1839554.986 b'ID 9 target=2988\r\nID 10 target=1951\r\nID 11 target=2767\r\n'
RX 1839555.016 b'ID 12 target=1022\r\n# '
RESULT targets: info 0.179s 12 lines
RX 1839555.075 b'Servo status (12 configured IDs):\r\n'
RX 1839555.077 b'ID 1 pos=1935 speed=0 load=56 voltage=10500mV temp=29C current=1 moving=0 hw=0x00\r\n'
RX 1839555.107 b'ID 2 pos=1565 speed=0 load=0 voltage=10700mV temp=27C current=0 moving=0 hw=0x00\r\n'
RX 1839555.136 b'ID 3 pos=3000 speed=0 load=96 voltage=10700mV temp=31C current=7 moving=0 hw=0x00\r\n'
RX 1839555.166 b'ID 4 pos=2083 speed=0 load=-56 voltage=10700mV temp=29C current=2 moving=0 hw=0x00\r\n'
RX 1839555.196 b'ID 5 pos=2432 speed=0 load=-16 voltage=10600mV temp=26C current=1 moving=0 hw=0x00\r\n'
RX 1839555.226 b'ID 6 pos=1038 speed=0 load=-160 voltage=10700mV temp=31C current=9 moving=0 hw=0x00\r\n'
RX 1839555.258 b'ID 7 pos=2090 speed=0 load=-120 voltage=10600mV temp=29C current=6 moving=0 hw=0x00\r\n'
RX 1839555.286 b'ID 8 pos=1434 speed=0 load=32 voltage=10600mV temp=25C current=2 moving=0 hw=0x00\r\n'
RX 1839555.347 b'ID 9 pos=3007 speed=0 load=160 voltage=10700mV temp=31C current=11 moving=0 hw=0x00\r\n'
RX 1839555.375 b'ID 10 pos=1963 speed=0 load=104 voltage=10700mV temp=29C current=4 moving=0 hw=0x00\r\n'
RX 1839555.406 b'ID 11 pos=2763 speed=0 load=-32 voltage=10600mV temp=26C current=1 moving=0 hw=0x00\r\n'
RX 1839555.436 b'ID 12 pos=1009 speed=0 load=-112 voltage=10600mV temp=30C current=5 moving=0 hw=0x00\r\n'
RX 1839555.465 b'Bus read retries: attempts=0 recovered=0 failed=0\r\n# '
RESULT status: info 0.450s 14 lines
RX 1839555.527 b'\r\nSpot OMG STM32 servo console\r\n  ping ID          ping one servo\r\n  scan             ping configured IDs 1..12\r\n  uartt'
RX 1839555.558 b'est         USART1 loopback test (PA9 connected to PA10)\r\n  busprobe ID      send ping and print raw USART1 response byt'
RX 1839555.586 b'es\r\n  linestate        sample the idle level of PA9/PA10\r\n  read ID          read position/load/current/state\r\n  move ID'
RX 1839555.616 b' RAW      safe single move, max delta 256 ticks\r\n  targets          print calibrated stand raw targets\r\n  status        '
RX 1839555.646 b'   read health state from all 12 servos\r\n  profile [S A]   show/set speed 1..3400, acceleration 0..254\r\n  echo on|off   '
RX 1839555.676 b'  STM32 input echo control (default off)\r\n  hold             torque on at all current positions\r\n  stand            dire'
RX 1839555.707 b'ct synchronized stand move\r\n  stand11          straighten every leg (J2=0, J3=0)\r\n  landing          calibrated landing '
RX 1839555.736 b'pose (J2=40, J3=130)\r\n  trot [C [MS]]    diagonal trot, cycles 1..10, period 600..5000ms\r\n  trotplace [C [MS]] in-place '
RX 1839555.766 b'diagonal trot; Ctrl+C stop\r\n  trot2 [C [MS]]   circular-foot diagonal trot; Ctrl+C stop\r\n  trot3 [C [MS]]   overlap trot'
RX 1839555.796 b' (default 2200ms, max 2400ms)\r\n  trot4 [C [MS]]   posture-smooth reduced-path trot (default 1600ms)\r\n  crab [left|right '
RX 1839555.830 b'[C [MS]]] four-beat crawl (default left, 4000ms)\r\n  fwupdate         torque off and reboot into BLE update bootloader\r\n '
RX 1839555.860 b' jump [C [MS]]    in-place repeat jump, C=0 continuous, Ctrl+C stop\r\n  relax [ID]       torque off all servos, or only I'
RX 1839555.890 b'D\r\n  safety           stall detector state and the latched fault\r\n  gaitdiag         last gait tracking/current/voltage '
RX 1839555.920 b'report\r\n  baldiag          recent balance frames and tilt snapshot\r\n  baltest          preview static balance correction'
RX 1839555.950 b'; no servo motion\r\n  recover          clear a safety fault and hold where the legs are\r\n  i2cscan          scan I2C1 for'
RX 1839555.980 b' the BNO055\r\n  spitest          SPI1 loopback test (BNO086 removed, PA7 connected to PA6)\r\n  imuprobe         reset the '
RX 1839556.008 b'BNO086 and report H_INTN and the SHTP header\r\n  imursttest       hold PB2/BNO086 RST low for 5 seconds\r\n  imu on|off|sta'
RX 1839556.036 b'tus control 10 Hz IMU logging (default off)\r\n  imucal status|device|level|clear BNO055 persistent calibration\r\n  balance'
RX 1839556.068 b' full|normal|on|off|status IMU balance (default full/on)\r\n  help             show this help\r\n\r\nConsole echo: off\r\n# '
RESULT help: info 0.602s 39 lines
RX 1839556.126 b'Profile: speed=3400 acceleration=254\r\n# '
RESULT profile: info 0.058s 1 lines
