$SPOTLOG BEGIN total=775 returned=400 time=uptime-only
$SPOTLOG seq=19306 boot=88 uptime_ms=42401 epoch_ms=1789281944533 text=MECH_POS id=7 leg=2 j=1 pos=2086 angle10=15 moving=0
$SPOTLOG seq=19307 boot=88 uptime_ms=42402 epoch_ms=1789281944534 text=MECH_PWR id=7 speed=0 load=-152 current_raw=11 mv=11900 temp=33 hw=0
$SPOTLOG seq=19308 boot=88 uptime_ms=42402 epoch_ms=1789281944534 text=MECH_CAL id=7 ctr=2104 dir=-1 min=0 max=4095
$SPOTLOG seq=19309 boot=88 uptime_ms=42403 epoch_ms=1789281944535 text=MECH_GOAL id=7 goal=2104 err10=-15 torque=1
$SPOTLOG seq=19310 boot=88 uptime_ms=42408 epoch_ms=1789281944540 text=MECH_POS id=8 leg=2 j=2 pos=1944 angle10=-1 moving=0
$SPOTLOG seq=19311 boot=88 uptime_ms=42409 epoch_ms=1789281944541 text=MECH_PWR id=8 speed=0 load=16 current_raw=0 mv=11900 temp=33 hw=0
$SPOTLOG seq=19312 boot=88 uptime_ms=42409 epoch_ms=1789281944541 text=MECH_CAL id=8 ctr=1942 dir=-1 min=0 max=4095
$SPOTLOG seq=19313 boot=88 uptime_ms=42410 epoch_ms=1789281944542 text=MECH_GOAL id=8 goal=1942 err10=1 torque=1
$SPOTLOG seq=19314 boot=88 uptime_ms=42415 epoch_ms=1789281944547 text=MECH_POS id=9 leg=2 j=3 pos=1968 angle10=3 moving=0
$SPOTLOG seq=19315 boot=88 uptime_ms=42416 epoch_ms=1789281944548 text=MECH_PWR id=9 speed=0 load=40 current_raw=4 mv=11900 temp=58 hw=0
$SPOTLOG seq=19316 boot=88 uptime_ms=42416 epoch_ms=1789281944548 text=MECH_CAL id=9 ctr=1964 dir=1 min=0 max=4095
$SPOTLOG seq=19317 boot=88 uptime_ms=42417 epoch_ms=1789281944549 text=MECH_GOAL id=9 goal=1964 err10=-3 torque=1
$SPOTLOG seq=19318 boot=88 uptime_ms=42422 epoch_ms=1789281944554 text=MECH_POS id=10 leg=3 j=1 pos=1988 angle10=32 moving=0
$SPOTLOG seq=19319 boot=88 uptime_ms=42423 epoch_ms=1789281944555 text=MECH_PWR id=10 speed=0 load=304 current_raw=43 mv=11900 temp=34 hw=0
$SPOTLOG seq=19320 boot=88 uptime_ms=42423 epoch_ms=1789281944555 text=MECH_CAL id=10 ctr=1951 dir=1 min=0 max=4095
$SPOTLOG seq=19321 boot=88 uptime_ms=42424 epoch_ms=1789281944556 text=MECH_GOAL id=10 goal=1951 err10=-32 torque=1
$SPOTLOG seq=19322 boot=88 uptime_ms=42429 epoch_ms=1789281944561 text=MECH_POS id=11 leg=3 j=2 pos=2252 angle10=-2 moving=0
$SPOTLOG seq=19323 boot=88 uptime_ms=42430 epoch_ms=1789281944562 text=MECH_PWR id=11 speed=0 load=-24 current_raw=1 mv=11900 temp=32 hw=0
$SPOTLOG seq=19324 boot=88 uptime_ms=42430 epoch_ms=1789281944562 text=MECH_CAL id=11 ctr=2255 dir=1 min=0 max=4095
$SPOTLOG seq=19325 boot=88 uptime_ms=42431 epoch_ms=1789281944563 text=MECH_GOAL id=11 goal=2255 err10=2 torque=1
$SPOTLOG seq=19326 boot=88 uptime_ms=42436 epoch_ms=1789281944568 text=MECH_POS id=12 leg=3 j=3 pos=2040 angle10=5 moving=0
$SPOTLOG seq=19327 boot=88 uptime_ms=42437 epoch_ms=1789281944569 text=MECH_PWR id=12 speed=0 load=-56 current_raw=1 mv=11900 temp=36 hw=0
$SPOTLOG seq=19328 boot=88 uptime_ms=42437 epoch_ms=1789281944569 text=MECH_CAL id=12 ctr=2046 dir=-1 min=0 max=4095
$SPOTLOG seq=19329 boot=88 uptime_ms=42438 epoch_ms=1789281944570 text=MECH_GOAL id=12 goal=2046 err10=-5 torque=1
$SPOTLOG seq=19330 boot=88 uptime_ms=42439 epoch_ms=1789281944571 text=MECH_END mode=pose valid=12 missing=0 stored=1
$SPOTLOG seq=19331 boot=88 uptime_ms=43410 epoch_ms=1789281945542 text=CMD link=ble read 1
$SPOTLOG seq=19332 boot=88 uptime_ms=50479 epoch_ms=1789281952611 text=CMD link=ble stand
$SPOTLOG seq=19333 boot=88 uptime_ms=63564 epoch_ms=1789281965696 text=RESULT result=ok servo=0 bus=ok error=0x00
$SPOTLOG seq=19334 boot=88 uptime_ms=63565 epoch_ms=1789281965697 text=MECH_BEGIN mode=pose label=stand units=angle10,current_raw
$SPOTLOG seq=19335 boot=88 uptime_ms=63570 epoch_ms=1789281965702 text=MECH_POS id=1 leg=0 j=1 pos=1932 angle10=-2 moving=0
$SPOTLOG seq=19336 boot=88 uptime_ms=63571 epoch_ms=1789281965703 text=MECH_PWR id=1 speed=0 load=32 current_raw=1 mv=11900 temp=33 hw=0
$SPOTLOG seq=19337 boot=88 uptime_ms=63571 epoch_ms=1789281965703 text=MECH_CAL id=1 ctr=1929 dir=-1 min=0 max=4095
$SPOTLOG seq=19338 boot=88 uptime_ms=63572 epoch_ms=1789281965704 text=MECH_GOAL id=1 goal=1929 err10=2 torque=1
$SPOTLOG seq=19339 boot=88 uptime_ms=63577 epoch_ms=1789281965709 text=MECH_POS id=2 leg=0 j=2 pos=1567 angle10=448 moving=0
$SPOTLOG seq=19340 boot=88 uptime_ms=63578 epoch_ms=1789281965710 text=MECH_PWR id=2 speed=0 load=16 current_raw=1 mv=12000 temp=33 hw=0
$SPOTLOG seq=19341 boot=88 uptime_ms=63578 epoch_ms=1789281965710 text=MECH_CAL id=2 ctr=2077 dir=-1 min=0 max=4095
$SPOTLOG seq=19342 boot=88 uptime_ms=63579 epoch_ms=1789281965711 text=MECH_GOAL id=2 goal=1565 err10=1 torque=1
$SPOTLOG seq=19343 boot=88 uptime_ms=63584 epoch_ms=1789281965716 text=MECH_POS id=3 leg=0 j=3 pos=2992 angle10=902 moving=0
$SPOTLOG seq=19344 boot=88 uptime_ms=63585 epoch_ms=1789281965717 text=MECH_PWR id=3 speed=0 load=32 current_raw=0 mv=12100 temp=38 hw=0
$SPOTLOG seq=19345 boot=88 uptime_ms=63585 epoch_ms=1789281965717 text=MECH_CAL id=3 ctr=1965 dir=1 min=0 max=4095
$SPOTLOG seq=19346 boot=88 uptime_ms=63586 epoch_ms=1789281965718 text=MECH_GOAL id=3 goal=2989 err10=-2 torque=1
$SPOTLOG seq=19347 boot=88 uptime_ms=63591 epoch_ms=1789281965723 text=MECH_POS id=4 leg=1 j=1 pos=2085 angle10=-3 moving=0
$SPOTLOG seq=19348 boot=88 uptime_ms=63592 epoch_ms=1789281965724 text=MECH_PWR id=4 speed=0 load=-40 current_raw=1 mv=12000 temp=34 hw=0
$SPOTLOG seq=19349 boot=88 uptime_ms=63592 epoch_ms=1789281965724 text=MECH_CAL id=4 ctr=2089 dir=1 min=0 max=4095
$SPOTLOG seq=19350 boot=88 uptime_ms=63593 epoch_ms=1789281965725 text=MECH_GOAL id=4 goal=2089 err10=3 torque=1
$SPOTLOG seq=19351 boot=88 uptime_ms=63598 epoch_ms=1789281965730 text=MECH_POS id=5 leg=1 j=2 pos=2433 angle10=449 moving=0
$SPOTLOG seq=19352 boot=88 uptime_ms=63599 epoch_ms=1789281965731 text=MECH_PWR id=5 speed=0 load=-8 current_raw=0 mv=12000 temp=32 hw=0
$SPOTLOG seq=19353 boot=88 uptime_ms=63599 epoch_ms=1789281965731 text=MECH_CAL id=5 ctr=1922 dir=1 min=0 max=4095
$SPOTLOG seq=19354 boot=88 uptime_ms=63600 epoch_ms=1789281965732 text=MECH_GOAL id=5 goal=2434 err10=0 torque=1
$SPOTLOG seq=19355 boot=88 uptime_ms=63605 epoch_ms=1789281965737 text=MECH_POS id=6 leg=1 j=3 pos=1054 angle10=902 moving=0
$SPOTLOG seq=19356 boot=88 uptime_ms=63606 epoch_ms=1789281965738 text=MECH_PWR id=6 speed=0 load=-32 current_raw=0 mv=12100 temp=35 hw=0
$SPOTLOG seq=19357 boot=88 uptime_ms=63606 epoch_ms=1789281965738 text=MECH_CAL id=6 ctr=2081 dir=-1 min=0 max=4095
$SPOTLOG seq=19358 boot=88 uptime_ms=63607 epoch_ms=1789281965739 text=MECH_GOAL id=6 goal=1057 err10=-2 torque=1
$SPOTLOG seq=19359 boot=88 uptime_ms=63612 epoch_ms=1789281965744 text=MECH_POS id=7 leg=2 j=1 pos=2099 angle10=4 moving=0
$SPOTLOG seq=19360 boot=88 uptime_ms=63613 epoch_ms=1789281965745 text=MECH_PWR id=7 speed=0 load=-48 current_raw=1 mv=11900 temp=33 hw=0
$SPOTLOG seq=19361 boot=88 uptime_ms=63613 epoch_ms=1789281965745 text=MECH_CAL id=7 ctr=2104 dir=-1 min=0 max=4095
$SPOTLOG seq=19362 boot=88 uptime_ms=63614 epoch_ms=1789281965746 text=MECH_GOAL id=7 goal=2104 err10=-4 torque=1
$SPOTLOG seq=19363 boot=88 uptime_ms=63619 epoch_ms=1789281965751 text=MECH_POS id=8 leg=2 j=2 pos=1435 angle10=445 moving=0
$SPOTLOG seq=19364 boot=88 uptime_ms=63620 epoch_ms=1789281965752 text=MECH_PWR id=8 speed=0 load=40 current_raw=3 mv=12000 temp=33 hw=0
$SPOTLOG seq=19365 boot=88 uptime_ms=63620 epoch_ms=1789281965752 text=MECH_CAL id=8 ctr=1942 dir=-1 min=0 max=4095
$SPOTLOG seq=19366 boot=88 uptime_ms=63621 epoch_ms=1789281965753 text=MECH_GOAL id=8 goal=1430 err10=4 torque=1
$SPOTLOG seq=19367 boot=88 uptime_ms=63626 epoch_ms=1789281965758 text=MECH_POS id=9 leg=2 j=3 pos=2993 angle10=904 moving=0
$SPOTLOG seq=19368 boot=88 uptime_ms=63627 epoch_ms=1789281965759 text=MECH_PWR id=9 speed=0 load=48 current_raw=2 mv=12000 temp=58 hw=0
$SPOTLOG seq=19369 boot=88 uptime_ms=63627 epoch_ms=1789281965759 text=MECH_CAL id=9 ctr=1964 dir=1 min=0 max=4095
$SPOTLOG seq=19370 boot=88 uptime_ms=63628 epoch_ms=1789281965760 text=MECH_GOAL id=9 goal=2988 err10=-4 torque=1
$SPOTLOG seq=19371 boot=88 uptime_ms=63633 epoch_ms=1789281965765 text=MECH_POS id=10 leg=3 j=1 pos=1953 angle10=1 moving=0
$SPOTLOG seq=19372 boot=88 uptime_ms=63634 epoch_ms=1789281965766 text=MECH_PWR id=10 speed=0 load=24 current_raw=0 mv=12000 temp=34 hw=0
$SPOTLOG seq=19373 boot=88 uptime_ms=63634 epoch_ms=1789281965766 text=MECH_CAL id=10 ctr=1951 dir=1 min=0 max=4095
$SPOTLOG seq=19374 boot=88 uptime_ms=63635 epoch_ms=1789281965767 text=MECH_GOAL id=10 goal=1951 err10=-1 torque=1
$SPOTLOG seq=19375 boot=88 uptime_ms=63640 epoch_ms=1789281965772 text=MECH_POS id=11 leg=3 j=2 pos=2762 angle10=445 moving=0
$SPOTLOG seq=19376 boot=88 uptime_ms=63641 epoch_ms=1789281965773 text=MECH_PWR id=11 speed=0 load=-40 current_raw=2 mv=11900 temp=33 hw=0
$SPOTLOG seq=19377 boot=88 uptime_ms=63641 epoch_ms=1789281965773 text=MECH_CAL id=11 ctr=2255 dir=1 min=0 max=4095
$SPOTLOG seq=19378 boot=88 uptime_ms=63642 epoch_ms=1789281965774 text=MECH_GOAL id=11 goal=2767 err10=4 torque=1
$SPOTLOG seq=19379 boot=88 uptime_ms=63647 epoch_ms=1789281965779 text=MECH_POS id=12 leg=3 j=3 pos=1019 angle10=902 moving=0
$SPOTLOG seq=19380 boot=88 uptime_ms=63648 epoch_ms=1789281965780 text=MECH_PWR id=12 speed=0 load=-32 current_raw=0 mv=11900 temp=36 hw=0
$SPOTLOG seq=19381 boot=88 uptime_ms=63648 epoch_ms=1789281965780 text=MECH_CAL id=12 ctr=2046 dir=-1 min=0 max=4095
$SPOTLOG seq=19382 boot=88 uptime_ms=63649 epoch_ms=1789281965781 text=MECH_GOAL id=12 goal=1022 err10=-2 torque=1
$SPOTLOG seq=19383 boot=88 uptime_ms=63650 epoch_ms=1789281965782 text=MECH_END mode=pose valid=12 missing=0 stored=1
$SPOTLOG seq=19384 boot=88 uptime_ms=64579 epoch_ms=1789281966711 text=CMD link=ble read 1
$SPOTLOG seq=19385 boot=88 uptime_ms=405706 epoch_ms=1789282307838 text=CMD link=ble stand
$SPOTLOG seq=19386 boot=88 uptime_ms=418154 epoch_ms=1789282320286 text=RESULT result=ok servo=6 bus=ok error=0x00
$SPOTLOG seq=19387 boot=88 uptime_ms=418155 epoch_ms=1789282320287 text=MECH_BEGIN mode=pose label=stand units=angle10,current_raw
$SPOTLOG seq=19388 boot=88 uptime_ms=418160 epoch_ms=1789282320292 text=MECH_POS id=1 leg=0 j=1 pos=1952 angle10=-20 moving=0
$SPOTLOG seq=19389 boot=88 uptime_ms=418161 epoch_ms=1789282320293 text=MECH_PWR id=1 speed=0 load=192 current_raw=14 mv=11600 temp=34 hw=0
$SPOTLOG seq=19390 boot=88 uptime_ms=418161 epoch_ms=1789282320293 text=MECH_CAL id=1 ctr=1929 dir=-1 min=0 max=4095
$SPOTLOG seq=19391 boot=88 uptime_ms=418162 epoch_ms=1789282320294 text=MECH_GOAL id=1 goal=1929 err10=20 torque=1
$SPOTLOG seq=19392 boot=88 uptime_ms=418167 epoch_ms=1789282320299 text=MECH_POS id=2 leg=0 j=2 pos=1564 angle10=450 moving=0
$SPOTLOG seq=19393 boot=88 uptime_ms=418168 epoch_ms=1789282320300 text=MECH_PWR id=2 speed=0 load=-8 current_raw=0 mv=11800 temp=33 hw=0
$SPOTLOG seq=19394 boot=88 uptime_ms=418168 epoch_ms=1789282320300 text=MECH_CAL id=2 ctr=2077 dir=-1 min=0 max=4095
$SPOTLOG seq=19395 boot=88 uptime_ms=418169 epoch_ms=1789282320301 text=MECH_GOAL id=2 goal=1565 err10=0 torque=1
$SPOTLOG seq=19396 boot=88 uptime_ms=418174 epoch_ms=1789282320306 text=MECH_POS id=3 leg=0 j=3 pos=3000 angle10=909 moving=0
$SPOTLOG seq=19397 boot=88 uptime_ms=418175 epoch_ms=1789282320307 text=MECH_PWR id=3 speed=0 load=96 current_raw=9 mv=11800 temp=37 hw=0
$SPOTLOG seq=19398 boot=88 uptime_ms=418175 epoch_ms=1789282320307 text=MECH_CAL id=3 ctr=1965 dir=1 min=0 max=4095
$SPOTLOG seq=19399 boot=88 uptime_ms=418176 epoch_ms=1789282320308 text=MECH_GOAL id=3 goal=2989 err10=-9 torque=1
$SPOTLOG seq=19400 boot=88 uptime_ms=418181 epoch_ms=1789282320313 text=MECH_POS id=4 leg=1 j=1 pos=2076 angle10=-11 moving=0
$SPOTLOG seq=19401 boot=88 uptime_ms=418182 epoch_ms=1789282320314 text=MECH_PWR id=4 speed=0 load=-112 current_raw=6 mv=11800 temp=35 hw=0
$SPOTLOG seq=19402 boot=88 uptime_ms=418182 epoch_ms=1789282320314 text=MECH_CAL id=4 ctr=2089 dir=1 min=0 max=4095
$SPOTLOG seq=19403 boot=88 uptime_ms=418183 epoch_ms=1789282320315 text=MECH_GOAL id=4 goal=2089 err10=11 torque=1
$SPOTLOG seq=19404 boot=88 uptime_ms=418188 epoch_ms=1789282320320 text=MECH_POS id=5 leg=1 j=2 pos=2438 angle10=453 moving=0
$SPOTLOG seq=19405 boot=88 uptime_ms=418189 epoch_ms=1789282320321 text=MECH_PWR id=5 speed=0 load=32 current_raw=2 mv=11800 temp=32 hw=0
$SPOTLOG seq=19406 boot=88 uptime_ms=418189 epoch_ms=1789282320321 text=MECH_CAL id=5 ctr=1922 dir=1 min=0 max=4095
$SPOTLOG seq=19407 boot=88 uptime_ms=418190 epoch_ms=1789282320322 text=MECH_GOAL id=5 goal=2434 err10=-3 torque=1
$SPOTLOG seq=19408 boot=88 uptime_ms=418195 epoch_ms=1789282320327 text=MECH_POS id=6 leg=1 j=3 pos=1045 angle10=910 moving=0
$SPOTLOG seq=19409 boot=88 uptime_ms=418196 epoch_ms=1789282320328 text=MECH_PWR id=6 speed=0 load=-104 current_raw=4 mv=11900 temp=36 hw=0
$SPOTLOG seq=19410 boot=88 uptime_ms=418196 epoch_ms=1789282320328 text=MECH_CAL id=6 ctr=2081 dir=-1 min=0 max=4095
$SPOTLOG seq=19411 boot=88 uptime_ms=418197 epoch_ms=1789282320329 text=MECH_GOAL id=6 goal=1057 err10=-10 torque=1
$SPOTLOG seq=19412 boot=88 uptime_ms=418202 epoch_ms=1789282320334 text=MECH_POS id=7 leg=2 j=1 pos=2077 angle10=23 moving=0
$SPOTLOG seq=19413 boot=88 uptime_ms=418203 epoch_ms=1789282320335 text=MECH_PWR id=7 speed=0 load=-224 current_raw=22 mv=11600 temp=35 hw=0
$SPOTLOG seq=19414 boot=88 uptime_ms=418203 epoch_ms=1789282320335 text=MECH_CAL id=7 ctr=2104 dir=-1 min=0 max=4095
$SPOTLOG seq=19415 boot=88 uptime_ms=418204 epoch_ms=1789282320336 text=MECH_GOAL id=7 goal=2104 err10=-23 torque=1
$SPOTLOG seq=19416 boot=88 uptime_ms=418209 epoch_ms=1789282320341 text=MECH_POS id=8 leg=2 j=2 pos=1458 angle10=425 moving=0
$SPOTLOG seq=19417 boot=88 uptime_ms=418210 epoch_ms=1789282320342 text=MECH_PWR id=8 speed=0 load=224 current_raw=78 mv=11600 temp=33 hw=0
$SPOTLOG seq=19418 boot=88 uptime_ms=418210 epoch_ms=1789282320342 text=MECH_CAL id=8 ctr=1942 dir=-1 min=0 max=4095
$SPOTLOG seq=19419 boot=88 uptime_ms=418211 epoch_ms=1789282320343 text=MECH_GOAL id=8 goal=1430 err10=24 torque=1
$SPOTLOG seq=19420 boot=88 uptime_ms=418216 epoch_ms=1789282320348 text=MECH_POS id=9 leg=2 j=3 pos=3048 angle10=952 moving=0
$SPOTLOG seq=19421 boot=88 uptime_ms=418217 epoch_ms=1789282320349 text=MECH_PWR id=9 speed=0 load=488 current_raw=134 mv=11500 temp=51 hw=0
$SPOTLOG seq=19422 boot=88 uptime_ms=418217 epoch_ms=1789282320349 text=MECH_CAL id=9 ctr=1964 dir=1 min=0 max=4095
$SPOTLOG seq=19423 boot=88 uptime_ms=418218 epoch_ms=1789282320350 text=MECH_GOAL id=9 goal=2988 err10=-52 torque=1
$SPOTLOG seq=19424 boot=88 uptime_ms=418223 epoch_ms=1789282320355 text=MECH_POS id=10 leg=3 j=1 pos=1989 angle10=33 moving=0
$SPOTLOG seq=19425 boot=88 uptime_ms=418224 epoch_ms=1789282320356 text=MECH_PWR id=10 speed=0 load=312 current_raw=39 mv=11700 temp=36 hw=0
$SPOTLOG seq=19426 boot=88 uptime_ms=418224 epoch_ms=1789282320356 text=MECH_CAL id=10 ctr=1951 dir=1 min=0 max=4095
$SPOTLOG seq=19427 boot=88 uptime_ms=418225 epoch_ms=1789282320357 text=MECH_GOAL id=10 goal=1951 err10=-33 torque=1
$SPOTLOG seq=19428 boot=88 uptime_ms=418230 epoch_ms=1789282320362 text=MECH_POS id=11 leg=3 j=2 pos=2766 angle10=449 moving=0
$SPOTLOG seq=19429 boot=88 uptime_ms=418231 epoch_ms=1789282320363 text=MECH_PWR id=11 speed=0 load=-8 current_raw=0 mv=11700 temp=33 hw=0
$SPOTLOG seq=19430 boot=88 uptime_ms=418231 epoch_ms=1789282320363 text=MECH_CAL id=11 ctr=2255 dir=1 min=0 max=4095
$SPOTLOG seq=19431 boot=88 uptime_ms=418232 epoch_ms=1789282320364 text=MECH_GOAL id=11 goal=2767 err10=0 torque=1
$SPOTLOG seq=19432 boot=88 uptime_ms=418237 epoch_ms=1789282320369 text=MECH_POS id=12 leg=3 j=3 pos=998 angle10=921 moving=0
$SPOTLOG seq=19433 boot=88 uptime_ms=418238 epoch_ms=1789282320370 text=MECH_PWR id=12 speed=0 load=-200 current_raw=10 mv=11600 temp=37 hw=0
$SPOTLOG seq=19434 boot=88 uptime_ms=418238 epoch_ms=1789282320370 text=MECH_CAL id=12 ctr=2046 dir=-1 min=0 max=4095
$SPOTLOG seq=19435 boot=88 uptime_ms=418239 epoch_ms=1789282320371 text=MECH_GOAL id=12 goal=1022 err10=-21 torque=1
$SPOTLOG seq=19436 boot=88 uptime_ms=418240 epoch_ms=1789282320372 text=MECH_END mode=pose valid=12 missing=0 stored=1
$SPOTLOG seq=19437 boot=88 uptime_ms=5400651 epoch_ms=1789287243794 text=TIME_SYNC epoch=1789287243.794
$SPOTLOG seq=19438 boot=88 uptime_ms=5400830 epoch_ms=1789287243973 text=CMD link=ble read 1
$SPOTLOG seq=19439 boot=88 uptime_ms=5401285 epoch_ms=1789287244428 text=CMD link=ble stand
$SPOTLOG seq=19440 boot=88 uptime_ms=5417470 epoch_ms=1789287260613 text=RESULT result=ok servo=9 bus=ok error=0x00
$SPOTLOG seq=19441 boot=88 uptime_ms=5417471 epoch_ms=1789287260614 text=MECH_BEGIN mode=pose label=stand units=angle10,current_raw
$SPOTLOG seq=19442 boot=88 uptime_ms=5417476 epoch_ms=1789287260619 text=MECH_POS id=1 leg=0 j=1 pos=1950 angle10=-18 moving=0
$SPOTLOG seq=19443 boot=88 uptime_ms=5417477 epoch_ms=1789287260620 text=MECH_PWR id=1 speed=0 load=176 current_raw=17 mv=11300 temp=33 hw=0
$SPOTLOG seq=19444 boot=88 uptime_ms=5417477 epoch_ms=1789287260620 text=MECH_CAL id=1 ctr=1929 dir=-1 min=0 max=4095
$SPOTLOG seq=19445 boot=88 uptime_ms=5417478 epoch_ms=1789287260621 text=MECH_GOAL id=1 goal=1929 err10=18 torque=1
$SPOTLOG seq=19446 boot=88 uptime_ms=5417483 epoch_ms=1789287260626 text=MECH_POS id=2 leg=0 j=2 pos=1563 angle10=451 moving=0
$SPOTLOG seq=19447 boot=88 uptime_ms=5417484 epoch_ms=1789287260627 text=MECH_PWR id=2 speed=0 load=-16 current_raw=0 mv=11400 temp=32 hw=0
$SPOTLOG seq=19448 boot=88 uptime_ms=5417484 epoch_ms=1789287260627 text=MECH_CAL id=2 ctr=2077 dir=-1 min=0 max=4095
$SPOTLOG seq=19449 boot=88 uptime_ms=5417485 epoch_ms=1789287260628 text=MECH_GOAL id=2 goal=1565 err10=-1 torque=1
$SPOTLOG seq=19450 boot=88 uptime_ms=5417490 epoch_ms=1789287260633 text=MECH_POS id=3 leg=0 j=3 pos=3001 angle10=910 moving=0
$SPOTLOG seq=19451 boot=88 uptime_ms=5417491 epoch_ms=1789287260634 text=MECH_PWR id=3 speed=0 load=104 current_raw=7 mv=11500 temp=34 hw=0
$SPOTLOG seq=19452 boot=88 uptime_ms=5417491 epoch_ms=1789287260634 text=MECH_CAL id=3 ctr=1965 dir=1 min=0 max=4095
$SPOTLOG seq=19453 boot=88 uptime_ms=5417492 epoch_ms=1789287260635 text=MECH_GOAL id=3 goal=2989 err10=-10 torque=1
$SPOTLOG seq=19454 boot=88 uptime_ms=5417497 epoch_ms=1789287260640 text=MECH_POS id=4 leg=1 j=1 pos=2079 angle10=-8 moving=0
$SPOTLOG seq=19455 boot=88 uptime_ms=5417498 epoch_ms=1789287260641 text=MECH_PWR id=4 speed=0 load=-88 current_raw=4 mv=11400 temp=34 hw=0
$SPOTLOG seq=19456 boot=88 uptime_ms=5417498 epoch_ms=1789287260641 text=MECH_CAL id=4 ctr=2089 dir=1 min=0 max=4095
$SPOTLOG seq=19457 boot=88 uptime_ms=5417499 epoch_ms=1789287260642 text=MECH_GOAL id=4 goal=2089 err10=8 torque=1
$SPOTLOG seq=19458 boot=88 uptime_ms=5417504 epoch_ms=1789287260647 text=MECH_POS id=5 leg=1 j=2 pos=2441 angle10=456 moving=0
$SPOTLOG seq=19459 boot=88 uptime_ms=5417505 epoch_ms=1789287260648 text=MECH_PWR id=5 speed=0 load=56 current_raw=4 mv=11400 temp=31 hw=0
$SPOTLOG seq=19460 boot=88 uptime_ms=5417505 epoch_ms=1789287260648 text=MECH_CAL id=5 ctr=1922 dir=1 min=0 max=4095
$SPOTLOG seq=19461 boot=88 uptime_ms=5417506 epoch_ms=1789287260649 text=MECH_GOAL id=5 goal=2434 err10=-6 torque=1
$SPOTLOG seq=19462 boot=88 uptime_ms=5417511 epoch_ms=1789287260654 text=MECH_POS id=6 leg=1 j=3 pos=1051 angle10=905 moving=0
$SPOTLOG seq=19463 boot=88 uptime_ms=5417512 epoch_ms=1789287260655 text=MECH_PWR id=6 speed=0 load=-56 current_raw=2 mv=11500 temp=34 hw=0
$SPOTLOG seq=19464 boot=88 uptime_ms=5417512 epoch_ms=1789287260655 text=MECH_CAL id=6 ctr=2081 dir=-1 min=0 max=4095
$SPOTLOG seq=19465 boot=88 uptime_ms=5417513 epoch_ms=1789287260656 text=MECH_GOAL id=6 goal=1057 err10=-5 torque=1
$SPOTLOG seq=19466 boot=88 uptime_ms=5417518 epoch_ms=1789287260661 text=MECH_POS id=7 leg=2 j=1 pos=2076 angle10=24 moving=0
$SPOTLOG seq=19467 boot=88 uptime_ms=5417519 epoch_ms=1789287260662 text=MECH_PWR id=7 speed=0 load=-232 current_raw=22 mv=11200 temp=34 hw=0
$SPOTLOG seq=19468 boot=88 uptime_ms=5417519 epoch_ms=1789287260662 text=MECH_CAL id=7 ctr=2104 dir=-1 min=0 max=4095
$SPOTLOG seq=19469 boot=88 uptime_ms=5417520 epoch_ms=1789287260663 text=MECH_GOAL id=7 goal=2104 err10=-24 torque=1
$SPOTLOG seq=19470 boot=88 uptime_ms=5417525 epoch_ms=1789287260668 text=MECH_POS id=8 leg=2 j=2 pos=1464 angle10=420 moving=0
$SPOTLOG seq=19471 boot=88 uptime_ms=5417526 epoch_ms=1789287260669 text=MECH_PWR id=8 speed=0 load=272 current_raw=89 mv=11100 temp=33 hw=0
$SPOTLOG seq=19472 boot=88 uptime_ms=5417526 epoch_ms=1789287260669 text=MECH_CAL id=8 ctr=1942 dir=-1 min=0 max=4095
$SPOTLOG seq=19473 boot=88 uptime_ms=5417527 epoch_ms=1789287260670 text=MECH_GOAL id=8 goal=1430 err10=29 torque=1
$SPOTLOG seq=19474 boot=88 uptime_ms=5417532 epoch_ms=1789287260675 text=MECH_POS id=9 leg=2 j=3 pos=3042 angle10=947 moving=0
$SPOTLOG seq=19475 boot=88 uptime_ms=5417533 epoch_ms=1789287260676 text=MECH_PWR id=9 speed=0 load=440 current_raw=174 mv=11000 temp=35 hw=0
$SPOTLOG seq=19476 boot=88 uptime_ms=5417533 epoch_ms=1789287260676 text=MECH_CAL id=9 ctr=1964 dir=1 min=0 max=4095
$SPOTLOG seq=19477 boot=88 uptime_ms=5417534 epoch_ms=1789287260677 text=MECH_GOAL id=9 goal=2988 err10=-47 torque=1
$SPOTLOG seq=19478 boot=88 uptime_ms=5417539 epoch_ms=1789287260682 text=MECH_POS id=10 leg=3 j=1 pos=1989 angle10=33 moving=0
$SPOTLOG seq=19479 boot=88 uptime_ms=5417540 epoch_ms=1789287260683 text=MECH_PWR id=10 speed=0 load=312 current_raw=46 mv=11300 temp=35 hw=0
$SPOTLOG seq=19480 boot=88 uptime_ms=5417540 epoch_ms=1789287260683 text=MECH_CAL id=10 ctr=1951 dir=1 min=0 max=4095
$SPOTLOG seq=19481 boot=88 uptime_ms=5417541 epoch_ms=1789287260684 text=MECH_GOAL id=10 goal=1951 err10=-33 torque=1
$SPOTLOG seq=19482 boot=88 uptime_ms=5417546 epoch_ms=1789287260689 text=MECH_POS id=11 leg=3 j=2 pos=2764 angle10=447 moving=0
$SPOTLOG seq=19483 boot=88 uptime_ms=5417547 epoch_ms=1789287260690 text=MECH_PWR id=11 speed=0 load=-24 current_raw=1 mv=11300 temp=33 hw=0
$SPOTLOG seq=19484 boot=88 uptime_ms=5417547 epoch_ms=1789287260690 text=MECH_CAL id=11 ctr=2255 dir=1 min=0 max=4095
$SPOTLOG seq=19485 boot=88 uptime_ms=5417548 epoch_ms=1789287260691 text=MECH_GOAL id=11 goal=2767 err10=2 torque=1
$SPOTLOG seq=19486 boot=88 uptime_ms=5417553 epoch_ms=1789287260696 text=MECH_POS id=12 leg=3 j=3 pos=997 angle10=921 moving=0
$SPOTLOG seq=19487 boot=88 uptime_ms=5417554 epoch_ms=1789287260697 text=MECH_PWR id=12 speed=0 load=-208 current_raw=12 mv=11200 temp=35 hw=0
$SPOTLOG seq=19488 boot=88 uptime_ms=5417554 epoch_ms=1789287260697 text=MECH_CAL id=12 ctr=2046 dir=-1 min=0 max=4095
$SPOTLOG seq=19489 boot=88 uptime_ms=5417555 epoch_ms=1789287260698 text=MECH_GOAL id=12 goal=1022 err10=-21 torque=1
$SPOTLOG seq=19490 boot=88 uptime_ms=5417556 epoch_ms=1789287260699 text=MECH_END mode=pose valid=12 missing=0 stored=1
$SPOTLOG seq=19491 boot=88 uptime_ms=5419822 epoch_ms=1789287262965 text=CMD link=ble landing
$SPOTLOG seq=19492 boot=88 uptime_ms=5425705 epoch_ms=1789287268848 text=RESULT result=ok servo=9 bus=ok error=0x00
$SPOTLOG seq=19493 boot=88 uptime_ms=5425706 epoch_ms=1789287268849 text=MECH_BEGIN mode=pose label=landing units=angle10,current_raw
$SPOTLOG seq=19494 boot=88 uptime_ms=5425711 epoch_ms=1789287268854 text=MECH_POS id=1 leg=0 j=1 pos=1935 angle10=-5 moving=0
$SPOTLOG seq=19495 boot=88 uptime_ms=5425712 epoch_ms=1789287268855 text=MECH_PWR id=1 speed=0 load=56 current_raw=2 mv=11500 temp=33 hw=0
$SPOTLOG seq=19496 boot=88 uptime_ms=5425712 epoch_ms=1789287268855 text=MECH_CAL id=1 ctr=1929 dir=-1 min=0 max=4095
$SPOTLOG seq=19497 boot=88 uptime_ms=5425713 epoch_ms=1789287268856 text=MECH_GOAL id=1 goal=1929 err10=5 torque=1
$SPOTLOG seq=19498 boot=88 uptime_ms=5425718 epoch_ms=1789287268861 text=MECH_POS id=2 leg=0 j=2 pos=1624 angle10=398 moving=0
$SPOTLOG seq=19499 boot=88 uptime_ms=5425719 epoch_ms=1789287268862 text=MECH_PWR id=2 speed=0 load=16 current_raw=1 mv=11600 temp=32 hw=0
$SPOTLOG seq=19500 boot=88 uptime_ms=5425719 epoch_ms=1789287268862 text=MECH_CAL id=2 ctr=2077 dir=-1 min=0 max=4095
$SPOTLOG seq=19501 boot=88 uptime_ms=5425720 epoch_ms=1789287268863 text=MECH_GOAL id=2 goal=1622 err10=1 torque=1
$SPOTLOG seq=19502 boot=88 uptime_ms=5425725 epoch_ms=1789287268868 text=MECH_POS id=3 leg=0 j=3 pos=3447 angle10=1302 moving=0
$SPOTLOG seq=19503 boot=88 uptime_ms=5425726 epoch_ms=1789287268869 text=MECH_PWR id=3 speed=0 load=32 current_raw=1 mv=11700 temp=34 hw=0
$SPOTLOG seq=19504 boot=88 uptime_ms=5425726 epoch_ms=1789287268869 text=MECH_CAL id=3 ctr=1965 dir=1 min=0 max=4095
$SPOTLOG seq=19505 boot=88 uptime_ms=5425727 epoch_ms=1789287268870 text=MECH_GOAL id=3 goal=3444 err10=-2 torque=1
$SPOTLOG seq=19506 boot=88 uptime_ms=5425732 epoch_ms=1789287268875 text=MECH_POS id=4 leg=1 j=1 pos=2084 angle10=-4 moving=0
$SPOTLOG seq=19507 boot=88 uptime_ms=5425733 epoch_ms=1789287268876 text=MECH_PWR id=4 speed=0 load=-48 current_raw=1 mv=11700 temp=34 hw=0
$SPOTLOG seq=19508 boot=88 uptime_ms=5425733 epoch_ms=1789287268876 text=MECH_CAL id=4 ctr=2089 dir=1 min=0 max=4095
$SPOTLOG seq=19509 boot=88 uptime_ms=5425734 epoch_ms=1789287268877 text=MECH_GOAL id=4 goal=2089 err10=4 torque=1
$SPOTLOG seq=19510 boot=88 uptime_ms=5425739 epoch_ms=1789287268882 text=MECH_POS id=5 leg=1 j=2 pos=2376 angle10=399 moving=0
$SPOTLOG seq=19511 boot=88 uptime_ms=5425740 epoch_ms=1789287268883 text=MECH_PWR id=5 speed=0 load=-8 current_raw=0 mv=11600 temp=31 hw=0
$SPOTLOG seq=19512 boot=88 uptime_ms=5425740 epoch_ms=1789287268883 text=MECH_CAL id=5 ctr=1922 dir=1 min=0 max=4095
$SPOTLOG seq=19513 boot=88 uptime_ms=5425741 epoch_ms=1789287268884 text=MECH_GOAL id=5 goal=2377 err10=0 torque=1
$SPOTLOG seq=19514 boot=88 uptime_ms=5425746 epoch_ms=1789287268889 text=MECH_POS id=6 leg=1 j=3 pos=596 angle10=1305 moving=0
$SPOTLOG seq=19515 boot=88 uptime_ms=5425747 epoch_ms=1789287268890 text=MECH_PWR id=6 speed=0 load=-56 current_raw=2 mv=11700 temp=34 hw=0
$SPOTLOG seq=19516 boot=88 uptime_ms=5425747 epoch_ms=1789287268890 text=MECH_CAL id=6 ctr=2081 dir=-1 min=0 max=4095
$SPOTLOG seq=19517 boot=88 uptime_ms=5425748 epoch_ms=1789287268891 text=MECH_GOAL id=6 goal=602 err10=-5 torque=1
$SPOTLOG seq=19518 boot=88 uptime_ms=5425753 epoch_ms=1789287268896 text=MECH_POS id=7 leg=2 j=1 pos=2091 angle10=11 moving=0
$SPOTLOG seq=19519 boot=88 uptime_ms=5425754 epoch_ms=1789287268897 text=MECH_PWR id=7 speed=0 load=-112 current_raw=5 mv=11600 temp=34 hw=0
$SPOTLOG seq=19520 boot=88 uptime_ms=5425754 epoch_ms=1789287268897 text=MECH_CAL id=7 ctr=2104 dir=-1 min=0 max=4095
$SPOTLOG seq=19521 boot=88 uptime_ms=5425755 epoch_ms=1789287268898 text=MECH_GOAL id=7 goal=2104 err10=-11 torque=1
$SPOTLOG seq=19522 boot=88 uptime_ms=5425760 epoch_ms=1789287268903 text=MECH_POS id=8 leg=2 j=2 pos=1491 angle10=396 moving=0
$SPOTLOG seq=19523 boot=88 uptime_ms=5425761 epoch_ms=1789287268904 text=MECH_PWR id=8 speed=0 load=32 current_raw=1 mv=11600 temp=33 hw=0
$SPOTLOG seq=19524 boot=88 uptime_ms=5425761 epoch_ms=1789287268904 text=MECH_CAL id=8 ctr=1942 dir=-1 min=0 max=4095
$SPOTLOG seq=19525 boot=88 uptime_ms=5425762 epoch_ms=1789287268905 text=MECH_GOAL id=8 goal=1487 err10=3 torque=1
$SPOTLOG seq=19526 boot=88 uptime_ms=5425767 epoch_ms=1789287268910 text=MECH_POS id=9 leg=2 j=3 pos=3446 angle10=1302 moving=0
$SPOTLOG seq=19527 boot=88 uptime_ms=5425768 epoch_ms=1789287268911 text=MECH_PWR id=9 speed=0 load=32 current_raw=1 mv=11600 temp=35 hw=0
$SPOTLOG seq=19528 boot=88 uptime_ms=5425768 epoch_ms=1789287268911 text=MECH_CAL id=9 ctr=1964 dir=1 min=0 max=4095
$SPOTLOG seq=19529 boot=88 uptime_ms=5425769 epoch_ms=1789287268912 text=MECH_GOAL id=9 goal=3443 err10=-2 torque=1
$SPOTLOG seq=19530 boot=88 uptime_ms=5425774 epoch_ms=1789287268917 text=MECH_POS id=10 leg=3 j=1 pos=1964 angle10=11 moving=0
$SPOTLOG seq=19531 boot=88 uptime_ms=5425775 epoch_ms=1789287268918 text=MECH_PWR id=10 speed=0 load=112 current_raw=5 mv=11700 temp=35 hw=0
$SPOTLOG seq=19532 boot=88 uptime_ms=5425775 epoch_ms=1789287268918 text=MECH_CAL id=10 ctr=1951 dir=1 min=0 max=4095
$SPOTLOG seq=19533 boot=88 uptime_ms=5425776 epoch_ms=1789287268919 text=MECH_GOAL id=10 goal=1951 err10=-11 torque=1
$SPOTLOG seq=19534 boot=88 uptime_ms=5425781 epoch_ms=1789287268924 text=MECH_POS id=11 leg=3 j=2 pos=2709 angle10=399 moving=0
$SPOTLOG seq=19535 boot=88 uptime_ms=5425782 epoch_ms=1789287268925 text=MECH_PWR id=11 speed=0 load=-8 current_raw=0 mv=11600 temp=33 hw=0
$SPOTLOG seq=19536 boot=88 uptime_ms=5425782 epoch_ms=1789287268925 text=MECH_CAL id=11 ctr=2255 dir=1 min=0 max=4095
$SPOTLOG seq=19537 boot=88 uptime_ms=5425783 epoch_ms=1789287268926 text=MECH_GOAL id=11 goal=2710 err10=0 torque=1
$SPOTLOG seq=19538 boot=88 uptime_ms=5425788 epoch_ms=1789287268931 text=MECH_POS id=12 leg=3 j=3 pos=568 angle10=1299 moving=0
$SPOTLOG seq=19539 boot=88 uptime_ms=5425789 epoch_ms=1789287268932 text=MECH_PWR id=12 speed=0 load=0 current_raw=0 mv=11600 temp=35 hw=0
$SPOTLOG seq=19540 boot=88 uptime_ms=5425789 epoch_ms=1789287268932 text=MECH_CAL id=12 ctr=2046 dir=-1 min=0 max=4095
$SPOTLOG seq=19541 boot=88 uptime_ms=5425790 epoch_ms=1789287268933 text=MECH_GOAL id=12 goal=567 err10=0 torque=1
$SPOTLOG seq=19542 boot=88 uptime_ms=5425791 epoch_ms=1789287268934 text=MECH_END mode=pose valid=12 missing=0 stored=1
$SPOTLOG seq=19543 boot=88 uptime_ms=5582086 epoch_ms=1789287425229 text=CMD link=ble fwupdate
$SPOTLOG seq=19544 boot=89 uptime_ms=51 epoch_ms=0000 text=BOOT reset_flags=1e000000 rev=shared-locomotion-v49
$SPOTLOG seq=19545 boot=89 uptime_ms=1715 epoch_ms=0000 text=CMD link=ble read position/load/current/state
$SPOTLOG seq=19546 boot=89 uptime_ms=6147 epoch_ms=1789287456236 text=TIME_SYNC epoch=1789287456.236
$SPOTLOG seq=19547 boot=89 uptime_ms=6357 epoch_ms=1789287456446 text=CMD link=ble read 1
$SPOTLOG seq=19548 boot=89 uptime_ms=195180 epoch_ms=1789287643901 text=CMD link=ble safety
$SPOTLOG seq=19549 boot=89 uptime_ms=195484 epoch_ms=1789287644205 text=CMD link=ble balance status
$SPOTLOG seq=19550 boot=89 uptime_ms=195574 epoch_ms=1789287644295 text=CMD link=ble read 1
$SPOTLOG seq=19551 boot=89 uptime_ms=195665 epoch_ms=1789287644386 text=CMD link=ble read 2
$SPOTLOG seq=19552 boot=89 uptime_ms=195726 epoch_ms=1789287644447 text=CMD link=ble read 3
$SPOTLOG seq=19553 boot=89 uptime_ms=195787 epoch_ms=1789287644508 text=CMD link=ble read 4
$SPOTLOG seq=19554 boot=89 uptime_ms=195908 epoch_ms=1789287644629 text=CMD link=ble read 5
$SPOTLOG seq=19555 boot=89 uptime_ms=195999 epoch_ms=1789287644720 text=CMD link=ble read 6
$SPOTLOG seq=19556 boot=89 uptime_ms=196090 epoch_ms=1789287644811 text=CMD link=ble read 7
$SPOTLOG seq=19557 boot=89 uptime_ms=196151 epoch_ms=1789287644872 text=CMD link=ble read 8
$SPOTLOG seq=19558 boot=89 uptime_ms=196272 epoch_ms=1789287644993 text=CMD link=ble read 9
$SPOTLOG seq=19559 boot=89 uptime_ms=196333 epoch_ms=1789287645054 text=CMD link=ble read 10
$SPOTLOG seq=19560 boot=89 uptime_ms=196392 epoch_ms=1789287645113 text=CMD link=ble read 11
$SPOTLOG seq=19561 boot=89 uptime_ms=196453 epoch_ms=1789287645174 text=CMD link=ble read 12
$SPOTLOG seq=19562 boot=89 uptime_ms=287470 epoch_ms=1789287736191 text=CMD link=ble landing
$SPOTLOG seq=19563 boot=89 uptime_ms=290650 epoch_ms=1789287739371 text=POSE landing no-progress elapsed=2990 nominal=1500 hold=2
$SPOTLOG seq=19564 boot=89 uptime_ms=290651 epoch_ms=1789287739372 text=PT t=1918 id=9 a=3478 t=3452 e=26 v=11500 l=216 c=10 r=-32 p=1 d=2
$SPOTLOG seq=19565 boot=89 uptime_ms=290652 epoch_ms=1789287739373 text=PT t=1964 id=9 a=3478 t=3452 e=26 v=11500 l=216 c=11 r=-32 p=1 d=2
$SPOTLOG seq=19566 boot=89 uptime_ms=290653 epoch_ms=1789287739374 text=PT t=2011 id=9 a=3478 t=3452 e=26 v=11500 l=216 c=20 r=-32 p=1 d=2
$SPOTLOG seq=19567 boot=89 uptime_ms=290653 epoch_ms=1789287739374 text=PT t=2057 id=9 a=3478 t=3452 e=26 v=11600 l=216 c=8 r=-32 p=1 d=2
$SPOTLOG seq=19568 boot=89 uptime_ms=290654 epoch_ms=1789287739375 text=PT t=2104 id=9 a=3478 t=3452 e=26 v=11500 l=216 c=11 r=-32 p=1 d=2
$SPOTLOG seq=19569 boot=89 uptime_ms=290655 epoch_ms=1789287739376 text=PT t=2151 id=9 a=3478 t=3452 e=26 v=11600 l=216 c=10 r=-32 p=1 d=2
$SPOTLOG seq=19570 boot=89 uptime_ms=290656 epoch_ms=1789287739377 text=PT t=2197 id=9 a=3478 t=3452 e=26 v=11300 l=216 c=54 r=-32 p=1 d=2
$SPOTLOG seq=19571 boot=89 uptime_ms=290656 epoch_ms=1789287739377 text=PT t=2244 id=9 a=3478 t=3452 e=26 v=11600 l=216 c=10 r=-32 p=1 d=2
$SPOTLOG seq=19572 boot=89 uptime_ms=290657 epoch_ms=1789287739378 text=PT t=2291 id=9 a=3478 t=3452 e=26 v=11500 l=216 c=21 r=-32 p=1 d=2
$SPOTLOG seq=19573 boot=89 uptime_ms=290658 epoch_ms=1789287739379 text=PT t=2337 id=9 a=3478 t=3452 e=26 v=11600 l=216 c=13 r=-32 p=1 d=2
$SPOTLOG seq=19574 boot=89 uptime_ms=290659 epoch_ms=1789287739380 text=PT t=2384 id=9 a=3478 t=3452 e=26 v=11500 l=216 c=12 r=-32 p=1 d=2
$SPOTLOG seq=19575 boot=89 uptime_ms=290659 epoch_ms=1789287739380 text=PT t=2430 id=9 a=3478 t=3452 e=26 v=11600 l=216 c=70 r=-32 p=1 d=2
$SPOTLOG seq=19576 boot=89 uptime_ms=290660 epoch_ms=1789287739381 text=PT t=2477 id=9 a=3478 t=3452 e=26 v=11300 l=216 c=52 r=-32 p=1 d=2
$SPOTLOG seq=19577 boot=89 uptime_ms=290661 epoch_ms=1789287739382 text=PT t=2524 id=9 a=3478 t=3452 e=26 v=11600 l=216 c=13 r=-32 p=1 d=2
$SPOTLOG seq=19578 boot=89 uptime_ms=290662 epoch_ms=1789287739383 text=PT t=2570 id=9 a=3478 t=3452 e=26 v=11300 l=216 c=53 r=-32 p=1 d=2
$SPOTLOG seq=19579 boot=89 uptime_ms=290662 epoch_ms=1789287739383 text=PT t=2617 id=9 a=3478 t=3452 e=26 v=11600 l=216 c=11 r=-32 p=1 d=2
$SPOTLOG seq=19580 boot=89 uptime_ms=290663 epoch_ms=1789287739384 text=PT t=2663 id=9 a=3478 t=3452 e=26 v=11500 l=216 c=14 r=-32 p=1 d=2
$SPOTLOG seq=19581 boot=89 uptime_ms=290664 epoch_ms=1789287739385 text=PT t=2710 id=9 a=3478 t=3452 e=26 v=11600 l=216 c=16 r=-32 p=1 d=2
$SPOTLOG seq=19582 boot=89 uptime_ms=290665 epoch_ms=1789287739386 text=PT t=2757 id=9 a=3478 t=3452 e=26 v=11500 l=216 c=12 r=-32 p=1 d=2
$SPOTLOG seq=19583 boot=89 uptime_ms=290665 epoch_ms=1789287739386 text=PT t=2803 id=9 a=3478 t=3452 e=26 v=11300 l=216 c=38 r=-32 p=1 d=2
$SPOTLOG seq=19584 boot=89 uptime_ms=290666 epoch_ms=1789287739387 text=PT t=2850 id=9 a=3478 t=3452 e=26 v=11600 l=216 c=13 r=-32 p=1 d=2
$SPOTLOG seq=19585 boot=89 uptime_ms=290667 epoch_ms=1789287739388 text=PT t=2896 id=9 a=3478 t=3452 e=26 v=11500 l=216 c=11 r=-32 p=1 d=2
$SPOTLOG seq=19586 boot=89 uptime_ms=290668 epoch_ms=1789287739389 text=PT t=2943 id=9 a=3478 t=3452 e=26 v=11500 l=216 c=8 r=-32 p=1 d=2
$SPOTLOG seq=19587 boot=89 uptime_ms=290668 epoch_ms=1789287739389 text=PT t=2990 id=9 a=3478 t=3452 e=26 v=11600 l=216 c=11 r=-32 p=1 d=4
$SPOTLOG seq=19588 boot=89 uptime_ms=290669 epoch_ms=1789287739390 text=RESULT result=final position verification failed servo=9 bus=ok error=0x00
$SPOTLOG seq=19589 boot=89 uptime_ms=437513 epoch_ms=1789287886234 text=CMD link=ble landing
$SPOTLOG seq=19590 boot=89 uptime_ms=440690 epoch_ms=1789287889411 text=POSE landing no-progress elapsed=2987 nominal=1500 hold=2
$SPOTLOG seq=19591 boot=89 uptime_ms=440691 epoch_ms=1789287889412 text=PT t=1915 id=6 a=565 t=590 e=25 v=11600 l=-208 c=15 r=-32 p=1 d=2
$SPOTLOG seq=19592 boot=89 uptime_ms=440692 epoch_ms=1789287889413 text=PT t=1962 id=6 a=565 t=590 e=25 v=11600 l=-208 c=16 r=-32 p=1 d=2
$SPOTLOG seq=19593 boot=89 uptime_ms=440693 epoch_ms=1789287889414 text=PT t=2008 id=6 a=565 t=590 e=25 v=11600 l=-208 c=16 r=-32 p=1 d=2
$SPOTLOG seq=19594 boot=89 uptime_ms=440693 epoch_ms=1789287889414 text=PT t=2055 id=6 a=565 t=590 e=25 v=11600 l=-208 c=16 r=-32 p=1 d=2
$SPOTLOG seq=19595 boot=89 uptime_ms=440694 epoch_ms=1789287889415 text=PT t=2102 id=6 a=565 t=590 e=25 v=11600 l=-208 c=16 r=-32 p=1 d=2
$SPOTLOG seq=19596 boot=89 uptime_ms=440695 epoch_ms=1789287889416 text=PT t=2148 id=6 a=565 t=590 e=25 v=11600 l=-208 c=15 r=-32 p=1 d=2
$SPOTLOG seq=19597 boot=89 uptime_ms=440696 epoch_ms=1789287889417 text=PT t=2195 id=6 a=565 t=590 e=25 v=11600 l=-208 c=18 r=-32 p=1 d=2
$SPOTLOG seq=19598 boot=89 uptime_ms=440696 epoch_ms=1789287889417 text=PT t=2241 id=6 a=565 t=590 e=25 v=11600 l=-208 c=16 r=-32 p=1 d=2
$SPOTLOG seq=19599 boot=89 uptime_ms=440697 epoch_ms=1789287889418 text=PT t=2288 id=6 a=565 t=590 e=25 v=11600 l=-208 c=19 r=-32 p=1 d=2
$SPOTLOG seq=19600 boot=89 uptime_ms=440698 epoch_ms=1789287889419 text=PT t=2335 id=6 a=565 t=590 e=25 v=11600 l=-208 c=18 r=-32 p=1 d=2
$SPOTLOG seq=19601 boot=89 uptime_ms=440699 epoch_ms=1789287889420 text=PT t=2381 id=6 a=565 t=590 e=25 v=11600 l=-208 c=21 r=-32 p=1 d=2
$SPOTLOG seq=19602 boot=89 uptime_ms=440699 epoch_ms=1789287889420 text=PT t=2428 id=6 a=565 t=590 e=25 v=11600 l=-208 c=16 r=-32 p=1 d=2
$SPOTLOG seq=19603 boot=89 uptime_ms=440700 epoch_ms=1789287889421 text=PT t=2475 id=6 a=565 t=590 e=25 v=11600 l=-208 c=16 r=-32 p=1 d=2
$SPOTLOG seq=19604 boot=89 uptime_ms=440701 epoch_ms=1789287889422 text=PT t=2521 id=6 a=565 t=590 e=25 v=11700 l=-208 c=19 r=-32 p=1 d=2
$SPOTLOG seq=19605 boot=89 uptime_ms=440702 epoch_ms=1789287889423 text=PT t=2568 id=6 a=565 t=590 e=25 v=11600 l=-208 c=16 r=-32 p=1 d=2
$SPOTLOG seq=19606 boot=89 uptime_ms=440702 epoch_ms=1789287889423 text=PT t=2614 id=6 a=565 t=590 e=25 v=11600 l=-208 c=15 r=-32 p=1 d=2
$SPOTLOG seq=19607 boot=89 uptime_ms=440703 epoch_ms=1789287889424 text=PT t=2661 id=6 a=565 t=590 e=25 v=11600 l=-208 c=16 r=-32 p=1 d=2
$SPOTLOG seq=19608 boot=89 uptime_ms=440704 epoch_ms=1789287889425 text=PT t=2708 id=6 a=565 t=590 e=25 v=11600 l=-208 c=16 r=-32 p=1 d=2
$SPOTLOG seq=19609 boot=89 uptime_ms=440705 epoch_ms=1789287889426 text=PT t=2754 id=6 a=565 t=590 e=25 v=11600 l=-208 c=17 r=-32 p=1 d=2
$SPOTLOG seq=19610 boot=89 uptime_ms=440705 epoch_ms=1789287889426 text=PT t=2801 id=6 a=565 t=590 e=25 v=11700 l=-208 c=17 r=-32 p=1 d=2
$SPOTLOG seq=19611 boot=89 uptime_ms=440706 epoch_ms=1789287889427 text=PT t=2847 id=6 a=565 t=590 e=25 v=11600 l=-208 c=14 r=-32 p=1 d=2
$SPOTLOG seq=19612 boot=89 uptime_ms=440707 epoch_ms=1789287889428 text=PT t=2894 id=6 a=565 t=590 e=25 v=11600 l=-208 c=14 r=-32 p=1 d=2
$SPOTLOG seq=19613 boot=89 uptime_ms=440708 epoch_ms=1789287889429 text=PT t=2941 id=6 a=565 t=590 e=25 v=11600 l=-208 c=17 r=-32 p=1 d=2
$SPOTLOG seq=19614 boot=89 uptime_ms=440708 epoch_ms=1789287889429 text=PT t=2987 id=6 a=565 t=590 e=25 v=11600 l=-208 c=16 r=-32 p=1 d=4
$SPOTLOG seq=19615 boot=89 uptime_ms=440709 epoch_ms=1789287889430 text=RESULT result=final position verification failed servo=6 bus=ok error=0x00
$SPOTLOG seq=19616 boot=89 uptime_ms=607483 epoch_ms=1789288056204 text=CMD link=ble fwupdate
$SPOTLOG seq=19617 boot=90 uptime_ms=52 epoch_ms=0000 text=BOOT reset_flags=1e000000 rev=shared-locomotion-v50
$SPOTLOG seq=19618 boot=90 uptime_ms=1716 epoch_ms=0000 text=CMD link=ble on/load/current/state
$SPOTLOG seq=19619 boot=90 uptime_ms=28813 epoch_ms=0000 text=CMD link=ble landing
$SPOTLOG seq=19620 boot=90 uptime_ms=30220 epoch_ms=0000 text=POSE landing servo-fault elapsed=1217 nominal=1500 hold=2
$SPOTLOG seq=19621 boot=90 uptime_ms=30221 epoch_ms=0000 text=PT t=144 id=1 a=1951 t=1951 e=0 v=11500 l=0 c=0 r=-35 p=-1 d=1
$SPOTLOG seq=19622 boot=90 uptime_ms=30222 epoch_ms=0000 text=PT t=191 id=1 a=1951 t=1951 e=0 v=11400 l=0 c=0 r=-35 p=-1 d=1
$SPOTLOG seq=19623 boot=90 uptime_ms=30223 epoch_ms=0000 text=PT t=237 id=3 a=3480 t=3479 e=1 v=11700 l=0 c=0 r=-35 p=-1 d=1
$SPOTLOG seq=19624 boot=90 uptime_ms=30223 epoch_ms=0000 text=PT t=285 id=1 a=1951 t=1950 e=1 v=11400 l=0 c=0 r=-35 p=-1 d=1
$SPOTLOG seq=19625 boot=90 uptime_ms=30224 epoch_ms=0000 text=PT t=331 id=3 a=3480 t=3478 e=2 v=11600 l=28 c=1 r=-35 p=-1 d=1
$SPOTLOG seq=19626 boot=90 uptime_ms=30225 epoch_ms=0000 text=PT t=378 id=3 a=3480 t=3477 e=3 v=11600 l=36 c=1 r=-35 p=-1 d=1
$SPOTLOG seq=19627 boot=90 uptime_ms=30226 epoch_ms=0000 text=PT t=425 id=6 a=559 t=564 e=5 v=11700 l=-44 c=1 r=-35 p=-1 d=1
$SPOTLOG seq=19628 boot=90 uptime_ms=30226 epoch_ms=0000 text=PT t=471 id=6 a=559 t=565 e=6 v=11700 l=-60 c=1 r=-35 p=-1 d=1
$SPOTLOG seq=19629 boot=90 uptime_ms=30227 epoch_ms=0000 text=PT t=518 id=6 a=559 t=567 e=8 v=11700 l=-68 c=2 r=-35 p=-1 d=1
$SPOTLOG seq=19630 boot=90 uptime_ms=30228 epoch_ms=0000 text=PT t=565 id=6 a=559 t=569 e=10 v=11700 l=-92 c=3 r=-35 p=-1 d=1
$SPOTLOG seq=19631 boot=90 uptime_ms=30229 epoch_ms=0000 text=PT t=611 id=6 a=559 t=571 e=12 v=11700 l=-108 c=4 r=-35 p=-1 d=1
$SPOTLOG seq=19632 boot=90 uptime_ms=30229 epoch_ms=0000 text=PT t=658 id=6 a=559 t=573 e=14 v=11700 l=-116 c=5 r=-35 p=-1 d=1
$SPOTLOG seq=19633 boot=90 uptime_ms=30230 epoch_ms=0000 text=PT t=704 id=6 a=559 t=576 e=17 v=11700 l=-140 c=6 r=-35 p=-1 d=1
$SPOTLOG seq=19634 boot=90 uptime_ms=30231 epoch_ms=0000 text=PT t=751 id=6 a=560 t=578 e=18 v=11600 l=-148 c=7 r=-35 p=-1 d=1
$SPOTLOG seq=19635 boot=90 uptime_ms=30231 epoch_ms=0000 text=PT t=798 id=9 a=3484 t=3463 e=21 v=11500 l=180 c=17 r=-35 p=-1 d=1
$SPOTLOG seq=19636 boot=90 uptime_ms=30232 epoch_ms=0000 text=PT t=844 id=6 a=564 t=583 e=19 v=11600 l=-160 c=7 r=-35 p=-1 d=1
$SPOTLOG seq=19637 boot=90 uptime_ms=30233 epoch_ms=0000 text=PT t=891 id=6 a=567 t=585 e=18 v=11600 l=-144 c=7 r=-35 p=-1 d=1
$SPOTLOG seq=19638 boot=90 uptime_ms=30234 epoch_ms=0000 text=PT t=937 id=6 a=567 t=588 e=21 v=11600 l=-172 c=10 r=-35 p=-1 d=1
$SPOTLOG seq=19639 boot=90 uptime_ms=30234 epoch_ms=0000 text=PT t=984 id=6 a=567 t=590 e=23 v=11600 l=-188 c=9 r=-35 p=-1 d=1
$SPOTLOG seq=19640 boot=90 uptime_ms=30235 epoch_ms=0000 text=PT t=1031 id=9 a=3475 t=3452 e=23 v=11600 l=196 c=49 r=-35 p=-1 d=1
$SPOTLOG seq=19641 boot=90 uptime_ms=30236 epoch_ms=0000 text=PT t=1077 id=9 a=3475 t=3450 e=25 v=11300 l=208 c=48 r=-35 p=-1 d=2
$SPOTLOG seq=19642 boot=90 uptime_ms=30237 epoch_ms=0000 text=PT t=1124 id=9 a=3474 t=3449 e=25 v=11500 l=204 c=55 r=-35 p=-1 d=2
$SPOTLOG seq=19643 boot=90 uptime_ms=30237 epoch_ms=0000 text=PT t=1171 id=9 a=3473 t=3447 e=26 v=11500 l=220 c=24 r=-35 p=-1 d=2
$SPOTLOG seq=19644 boot=90 uptime_ms=30238 epoch_ms=0000 text=PT t=1217 id=4 a=2071 t=2087 e=16 v=11600 l=-136 c=7 r=-35 p=-1 d=10
$SPOTLOG seq=19645 boot=90 uptime_ms=30239 epoch_ms=0000 text=RESULT result=safety fault; check cause and retry new command servo=4 bus=ok error=0x00
$SPOTLOG seq=19646 boot=90 uptime_ms=69949 epoch_ms=1789288149052 text=TIME_SYNC epoch=1789288149.052
$SPOTLOG seq=19647 boot=90 uptime_ms=70038 epoch_ms=1789288149141 text=CMD link=ble read 4
$SPOTLOG seq=19648 boot=90 uptime_ms=198700 epoch_ms=1789288277803 text=CMD link=ble landing
$SPOTLOG seq=19649 boot=90 uptime_ms=200715 epoch_ms=1789288279818 text=POSE landing servo-fault elapsed=1825 nominal=1500 hold=2
$SPOTLOG seq=19650 boot=90 uptime_ms=200716 epoch_ms=1789288279819 text=PT t=752 id=6 a=569 t=585 e=16 v=11600 l=-140 c=7 r=-35 p=-2 d=1
$SPOTLOG seq=19651 boot=90 uptime_ms=200717 epoch_ms=1789288279820 text=PT t=799 id=6 a=569 t=587 e=18 v=11600 l=-156 c=6 r=-35 p=-2 d=1
$SPOTLOG seq=19652 boot=90 uptime_ms=200718 epoch_ms=1789288279821 text=PT t=845 id=6 a=570 t=589 e=19 v=11600 l=-160 c=8 r=-35 p=-2 d=1
$SPOTLOG seq=19653 boot=90 uptime_ms=200718 epoch_ms=1789288279821 text=PT t=892 id=6 a=570 t=591 e=21 v=11600 l=-180 c=10 r=-35 p=-2 d=1
$SPOTLOG seq=19654 boot=90 uptime_ms=200719 epoch_ms=1789288279822 text=PT t=940 id=6 a=571 t=592 e=21 v=11600 l=-172 c=10 r=-35 p=-2 d=1
$SPOTLOG seq=19655 boot=90 uptime_ms=200720 epoch_ms=1789288279823 text=PT t=986 id=6 a=572 t=594 e=22 v=11600 l=-188 c=14 r=-35 p=-2 d=1
$SPOTLOG seq=19656 boot=90 uptime_ms=200721 epoch_ms=1789288279824 text=PT t=1033 id=6 a=573 t=595 e=22 v=11600 l=-184 c=10 r=-35 p=-2 d=1
$SPOTLOG seq=19657 boot=90 uptime_ms=200721 epoch_ms=1789288279824 text=PT t=1080 id=6 a=574 t=597 e=23 v=11600 l=-184 c=10 r=-35 p=-2 d=1
$SPOTLOG seq=19658 boot=90 uptime_ms=200722 epoch_ms=1789288279825 text=PT t=1126 id=9 a=3470 t=3446 e=24 v=11500 l=200 c=64 r=-35 p=-2 d=1
$SPOTLOG seq=19659 boot=90 uptime_ms=200723 epoch_ms=1789288279826 text=PT t=1173 id=9 a=3469 t=3446 e=23 v=11500 l=192 c=12 r=-35 p=-2 d=1
$SPOTLOG seq=19660 boot=90 uptime_ms=200724 epoch_ms=1789288279827 text=PT t=1220 id=9 a=3469 t=3445 e=24 v=11200 l=200 c=49 r=-35 p=-2 d=1
$SPOTLOG seq=19661 boot=90 uptime_ms=200724 epoch_ms=1789288279827 text=PT t=1266 id=9 a=3469 t=3444 e=25 v=11400 l=208 c=10 r=-35 p=-2 d=2
$SPOTLOG seq=19662 boot=90 uptime_ms=200725 epoch_ms=1789288279828 text=PT t=1314 id=9 a=3469 t=3444 e=25 v=11500 l=208 c=11 r=-35 p=-2 d=2
$SPOTLOG seq=19663 boot=90 uptime_ms=200726 epoch_ms=1789288279829 text=PT t=1360 id=9 a=3469 t=3443 e=26 v=11500 l=216 c=11 r=-35 p=-2 d=2
$SPOTLOG seq=19664 boot=90 uptime_ms=200727 epoch_ms=1789288279830 text=PT t=1407 id=9 a=3469 t=3443 e=26 v=11500 l=216 c=76 r=-35 p=-2 d=2
$SPOTLOG seq=19665 boot=90 uptime_ms=200727 epoch_ms=1789288279830 text=PT t=1454 id=9 a=3469 t=3443 e=26 v=11500 l=216 c=10 r=-35 p=-2 d=2
$SPOTLOG seq=19666 boot=90 uptime_ms=200728 epoch_ms=1789288279831 text=PT t=1500 id=9 a=3469 t=3443 e=26 v=11300 l=216 c=44 r=-35 p=-2 d=2
$SPOTLOG seq=19667 boot=90 uptime_ms=200729 epoch_ms=1789288279832 text=PT t=1547 id=9 a=3469 t=3443 e=26 v=11500 l=216 c=11 r=-35 p=-2 d=2
$SPOTLOG seq=19668 boot=90 uptime_ms=200730 epoch_ms=1789288279833 text=PT t=1593 id=9 a=3469 t=3443 e=26 v=11400 l=216 c=52 r=-35 p=-2 d=2
$SPOTLOG seq=19669 boot=90 uptime_ms=200730 epoch_ms=1789288279833 text=PT t=1639 id=9 a=3469 t=3443 e=26 v=11500 l=216 c=11 r=-35 p=-2 d=2
$SPOTLOG seq=19670 boot=90 uptime_ms=200731 epoch_ms=1789288279834 text=PT t=1686 id=9 a=3469 t=3443 e=26 v=11500 l=216 c=11 r=-35 p=-2 d=2
$SPOTLOG seq=19671 boot=90 uptime_ms=200732 epoch_ms=1789288279835 text=PT t=1732 id=9 a=3469 t=3443 e=26 v=11200 l=216 c=59 r=-35 p=-2 d=2
$SPOTLOG seq=19672 boot=90 uptime_ms=200733 epoch_ms=1789288279836 text=PT t=1779 id=9 a=3469 t=3443 e=26 v=11400 l=216 c=11 r=-35 p=-2 d=2
$SPOTLOG seq=19673 boot=90 uptime_ms=200733 epoch_ms=1789288279836 text=PT t=1825 id=4 a=2075 t=2089 e=14 v=11600 l=-120 c=6 r=-35 p=-2 d=10
$SPOTLOG seq=19674 boot=90 uptime_ms=200734 epoch_ms=1789288279837 text=RESULT result=safety fault; check cause and retry new command servo=4 bus=ok error=0x00
$SPOTLOG seq=19675 boot=90 uptime_ms=370685 epoch_ms=1789288449788 text=CMD link=ble fwupdate
$SPOTLOG seq=19676 boot=91 uptime_ms=54 epoch_ms=0000 text=BOOT reset_flags=1e000000 rev=shared-locomotion-v51
$SPOTLOG seq=19677 boot=91 uptime_ms=1717 epoch_ms=0000 text=CMD link=ble ted stand raw targets
$SPOTLOG seq=19678 boot=91 uptime_ms=32460 epoch_ms=0000 text=CMD link=ble landing
$SPOTLOG seq=19679 boot=91 uptime_ms=35268 epoch_ms=0000 text=POSE landing no-progress elapsed=2619 nominal=1500 hold=2
$SPOTLOG seq=19680 boot=91 uptime_ms=35273 epoch_ms=0000 text=POSE_HEALTH id=0 temp=0 hw=0x00 transient=0
$SPOTLOG seq=19681 boot=91 uptime_ms=35274 epoch_ms=0000 text=PT t=1547 id=9 a=3489 t=3449 e=40 v=11500 l=328 c=7 r=-35 p=-3 d=2
$SPOTLOG seq=19682 boot=91 uptime_ms=35274 epoch_ms=0000 text=PT t=1594 id=9 a=3489 t=3449 e=40 v=11500 l=328 c=7 r=-35 p=-3 d=2
$SPOTLOG seq=19683 boot=91 uptime_ms=35275 epoch_ms=0000 text=PT t=1640 id=9 a=3489 t=3449 e=40 v=11500 l=328 c=6 r=-35 p=-3 d=2
$SPOTLOG seq=19684 boot=91 uptime_ms=35276 epoch_ms=0000 text=PT t=1687 id=9 a=3489 t=3449 e=40 v=11500 l=328 c=7 r=-35 p=-3 d=2
$SPOTLOG seq=19685 boot=91 uptime_ms=35277 epoch_ms=0000 text=PT t=1733 id=9 a=3489 t=3449 e=40 v=11500 l=328 c=7 r=-35 p=-3 d=2
$SPOTLOG seq=19686 boot=91 uptime_ms=35277 epoch_ms=0000 text=PT t=1780 id=9 a=3489 t=3449 e=40 v=11500 l=328 c=7 r=-35 p=-3 d=2
$SPOTLOG seq=19687 boot=91 uptime_ms=35278 epoch_ms=0000 text=PT t=1827 id=9 a=3489 t=3449 e=40 v=11500 l=328 c=10 r=-35 p=-3 d=2
$SPOTLOG seq=19688 boot=91 uptime_ms=35279 epoch_ms=0000 text=PT t=1873 id=9 a=3489 t=3449 e=40 v=11500 l=328 c=9 r=-35 p=-3 d=2
$SPOTLOG seq=19689 boot=91 uptime_ms=35280 epoch_ms=0000 text=PT t=1920 id=9 a=3489 t=3449 e=40 v=11500 l=328 c=11 r=-35 p=-3 d=2
$SPOTLOG seq=19690 boot=91 uptime_ms=35280 epoch_ms=0000 text=PT t=1966 id=9 a=3489 t=3449 e=40 v=11500 l=328 c=9 r=-35 p=-3 d=2
$SPOTLOG seq=19691 boot=91 uptime_ms=35281 epoch_ms=0000 text=PT t=2013 id=9 a=3489 t=3449 e=40 v=11500 l=328 c=8 r=-35 p=-3 d=2
$SPOTLOG seq=19692 boot=91 uptime_ms=35282 epoch_ms=0000 text=PT t=2060 id=9 a=3489 t=3449 e=40 v=11500 l=328 c=9 r=-35 p=-3 d=2
$SPOTLOG seq=19693 boot=91 uptime_ms=35283 epoch_ms=0000 text=PT t=2106 id=9 a=3489 t=3449 e=40 v=11500 l=328 c=8 r=-35 p=-3 d=2
$SPOTLOG seq=19694 boot=91 uptime_ms=35283 epoch_ms=0000 text=PT t=2153 id=9 a=3489 t=3449 e=40 v=11500 l=328 c=8 r=-35 p=-3 d=2
$SPOTLOG seq=19695 boot=91 uptime_ms=35284 epoch_ms=0000 text=PT t=2199 id=9 a=3489 t=3449 e=40 v=11500 l=328 c=8 r=-35 p=-3 d=2
$SPOTLOG seq=19696 boot=91 uptime_ms=35285 epoch_ms=0000 text=PT t=2246 id=9 a=3489 t=3449 e=40 v=11500 l=328 c=7 r=-35 p=-3 d=2
$SPOTLOG seq=19697 boot=91 uptime_ms=35286 epoch_ms=0000 text=PT t=2293 id=9 a=3489 t=3449 e=40 v=11500 l=328 c=7 r=-35 p=-3 d=2
$SPOTLOG seq=19698 boot=91 uptime_ms=35286 epoch_ms=0000 text=PT t=2339 id=9 a=3489 t=3449 e=40 v=11500 l=328 c=7 r=-35 p=-3 d=2
$SPOTLOG seq=19699 boot=91 uptime_ms=35287 epoch_ms=0000 text=PT t=2386 id=9 a=3489 t=3449 e=40 v=11500 l=328 c=7 r=-35 p=-3 d=2
$SPOTLOG seq=19700 boot=91 uptime_ms=35288 epoch_ms=0000 text=PT t=2433 id=9 a=3489 t=3449 e=40 v=11500 l=328 c=6 r=-35 p=-3 d=2
$SPOTLOG seq=19701 boot=91 uptime_ms=35289 epoch_ms=0000 text=PT t=2479 id=9 a=3489 t=3449 e=40 v=11500 l=328 c=6 r=-35 p=-3 d=2
$SPOTLOG seq=19702 boot=91 uptime_ms=35289 epoch_ms=0000 text=PT t=2526 id=9 a=3489 t=3449 e=40 v=11500 l=328 c=6 r=-35 p=-3 d=2
$SPOTLOG seq=19703 boot=91 uptime_ms=35290 epoch_ms=0000 text=PT t=2572 id=9 a=3489 t=3449 e=40 v=11500 l=328 c=6 r=-35 p=-3 d=2
$SPOTLOG seq=19704 boot=91 uptime_ms=35291 epoch_ms=0000 text=PT t=2619 id=9 a=3489 t=3449 e=40 v=11500 l=328 c=6 r=-35 p=-3 d=4
$SPOTLOG seq=19705 boot=91 uptime_ms=35292 epoch_ms=0000 text=RESULT result=final position verification failed servo=9 bus=ok error=0x00
$SPOTLOG END
