warning: in the working copy of '.gitignore', LF will be replaced by CRLF the next time Git touches it
warning: in the working copy of 'AGENTS.md', LF will be replaced by CRLF the next time Git touches it
warning: in the working copy of 'apps/windows/README.md', LF will be replaced by CRLF the next time Git touches it
warning: in the working copy of 'apps/windows/build.ps1', LF will be replaced by CRLF the next time Git touches it
warning: in the working copy of 'apps/windows/tests/test_stop_return_simulation.py', LF will be replaced by CRLF the next time Git touches it
warning: in the working copy of 'docs/HANDOFF-2026-09-16-V625-STEP-HESITATION.md', LF will be replaced by CRLF the next time Git touches it
warning: in the working copy of 'docs/STS3250-POSITION-CONTROL.md', LF will be replaced by CRLF the next time Git touches it
warning: in the working copy of 'firmware/stm32-learning/Inc/gait_tracking.h', LF will be replaced by CRLF the next time Git touches it
warning: in the working copy of 'firmware/stm32-learning/Inc/pose_control.h', LF will be replaced by CRLF the next time Git touches it
warning: in the working copy of 'firmware/stm32-learning/Inc/robot_config.h', LF will be replaced by CRLF the next time Git touches it
warning: in the working copy of 'firmware/stm32-learning/Inc/s_native.h', LF will be replaced by CRLF the next time Git touches it
warning: in the working copy of 'firmware/stm32-learning/Inc/s_native_impl.h', LF will be replaced by CRLF the next time Git touches it
warning: in the working copy of 'firmware/stm32-learning/Src/pose_supervisor.c', LF will be replaced by CRLF the next time Git touches it
warning: in the working copy of 'firmware/stm32-learning/Src/robot_config.c', LF will be replaced by CRLF the next time Git touches it
warning: in the working copy of 'firmware/stm32-learning/build_firmware.py', LF will be replaced by CRLF the next time Git touches it
warning: in the working copy of 'firmware/stm32-learning/firmware_objects.txt', LF will be replaced by CRLF the next time Git touches it
warning: in the working copy of 'firmware/stm32-learning/tests/test_pose_supervisor.c', LF will be replaced by CRLF the next time Git touches it
warning: in the working copy of 'firmware/stm32-learning/tests/test_stow_servo_coordinates.c', LF will be replaced by CRLF the next time Git touches it
warning: in the working copy of 'simulation/mujoco/runtime/cad_physics.py', LF will be replaced by CRLF the next time Git touches it
warning: in the working copy of 'simulation/mujoco/runtime/gait_tracking.py', LF will be replaced by CRLF the next time Git touches it
warning: in the working copy of 'simulation/mujoco/runtime/s_native_gait.py', LF will be replaced by CRLF the next time Git touches it
warning: in the working copy of 'simulation/mujoco/runtime/servo_profile.py', LF will be replaced by CRLF the next time Git touches it
warning: in the working copy of 'simulation/mujoco/runtime/stow_policy.py', LF will be replaced by CRLF the next time Git touches it
warning: in the working copy of 'simulation/mujoco/runtime/supported_demo.py', LF will be replaced by CRLF the next time Git touches it
warning: in the working copy of 'simulation/mujoco/scripts/analysis/capture_s_native_balance.py', LF will be replaced by CRLF the next time Git touches it
warning: in the working copy of 'simulation/mujoco/scripts/validation/check_firmware_windows.py', LF will be replaced by CRLF the next time Git touches it
warning: in the working copy of 'simulation/mujoco/scripts/validation/validate_s_native_firmware.py', LF will be replaced by CRLF the next time Git touches it
warning: in the working copy of 'simulation/mujoco/tests/test_servo_profile.py', LF will be replaced by CRLF the next time Git touches it
warning: in the working copy of 'tools/servo_tool/servo/cli.py', LF will be replaced by CRLF the next time Git touches it
warning: in the working copy of 'tools/servo_tool/servo/gait_policy_host.c', LF will be replaced by CRLF the next time Git touches it
warning: in the working copy of 'tools/servo_tool/tests/test_app_control.py', LF will be replaced by CRLF the next time Git touches it
