402 INFO: PyInstaller: 6.22.3, contrib hooks: 2026.7
402 INFO: Python: 3.10.20 (conda)
433 INFO: Platform: Windows-10-10.0.26200-SP0
434 INFO: Python environment: C:\Users\etnlw\miniforge3\envs\spot_omg
434 INFO: wrote D:\project\spot_omg\apps\windows\SpotOMGController.spec
436 INFO: Removing temporary files and cleaning cache in C:\Users\etnlw\AppData\Local\pyinstaller
1602 INFO: Module search paths (PYTHONPATH):
['D:\\project\\spot_omg',
 'C:\\Users\\etnlw\\miniforge3\\envs\\spot_omg\\python310.zip',
 'C:\\Users\\etnlw\\miniforge3\\envs\\spot_omg\\DLLs',
 'C:\\Users\\etnlw\\miniforge3\\envs\\spot_omg\\lib',
 'C:\\Users\\etnlw\\miniforge3\\envs\\spot_omg',
 'C:\\Users\\etnlw\\miniforge3\\envs\\spot_omg\\lib\\site-packages',
 'D:\\project\\spot_omg\\apps\\windows']
2030 INFO: checking Analysis
2030 INFO: Building Analysis because Analysis-00.toc is non existent
2030 INFO: Looking for Python shared library...
2030 INFO: Using Python shared library: C:\Users\etnlw\miniforge3\envs\spot_omg\python310.dll
2030 INFO: Running Analysis Analysis-00.toc
2030 INFO: Target bytecode optimization level: 0
2030 INFO: Initializing module dependency graph...
2039 INFO: Initializing module graph hook caches...
2075 INFO: Analyzing modules for base_library.zip ...
2767 INFO: Processing standard module hook 'hook-encodings.py' from 'C:\\Users\\etnlw\\miniforge3\\envs\\spot_omg\\lib\\site-packages\\PyInstaller\\hooks'
3373 INFO: Processing standard module hook 'hook-heapq.py' from 'C:\\Users\\etnlw\\miniforge3\\envs\\spot_omg\\lib\\site-packages\\PyInstaller\\hooks'
3690 INFO: Processing standard module hook 'hook-math.py' from 'C:\\Users\\etnlw\\miniforge3\\envs\\spot_omg\\lib\\site-packages\\PyInstaller\\hooks'
4461 INFO: Processing standard module hook 'hook-pickle.py' from 'C:\\Users\\etnlw\\miniforge3\\envs\\spot_omg\\lib\\site-packages\\PyInstaller\\hooks'
6385 INFO: Caching module dependency graph...
6415 INFO: Analyzing D:\project\spot_omg\apps\windows\main.py
6501 INFO: Processing standard module hook 'hook-platform.py' from 'C:\\Users\\etnlw\\miniforge3\\envs\\spot_omg\\lib\\site-packages\\PyInstaller\\hooks'
6516 INFO: Processing standard module hook 'hook-PySide6.py' from 'C:\\Users\\etnlw\\miniforge3\\envs\\spot_omg\\lib\\site-packages\\PyInstaller\\hooks'
6683 INFO: Processing standard module hook 'hook-shiboken6.py' from 'C:\\Users\\etnlw\\miniforge3\\envs\\spot_omg\\lib\\site-packages\\PyInstaller\\hooks'
6782 INFO: Processing standard module hook 'hook-PySide6.QtNetwork.py' from 'C:\\Users\\etnlw\\miniforge3\\envs\\spot_omg\\lib\\site-packages\\PyInstaller\\hooks'
8718 INFO: Processing standard module hook 'hook-PySide6.QtCore.py' from 'C:\\Users\\etnlw\\miniforge3\\envs\\spot_omg\\lib\\site-packages\\PyInstaller\\hooks'
11402 INFO: Processing standard module hook 'hook-PySide6.QtGui.py' from 'C:\\Users\\etnlw\\miniforge3\\envs\\spot_omg\\lib\\site-packages\\PyInstaller\\hooks'
23733 INFO: Processing standard module hook 'hook-PySide6.QtWidgets.py' from 'C:\\Users\\etnlw\\miniforge3\\envs\\spot_omg\\lib\\site-packages\\PyInstaller\\hooks'
25671 INFO: Processing standard module hook 'hook-multiprocessing.util.py' from 'C:\\Users\\etnlw\\miniforge3\\envs\\spot_omg\\lib\\site-packages\\PyInstaller\\hooks'
25833 INFO: Processing standard module hook 'hook-xml.py' from 'C:\\Users\\etnlw\\miniforge3\\envs\\spot_omg\\lib\\site-packages\\PyInstaller\\hooks'
26073 INFO: Processing standard module hook 'hook-_ctypes.py' from 'C:\\Users\\etnlw\\miniforge3\\envs\\spot_omg\\lib\\site-packages\\PyInstaller\\hooks'
26457 INFO: Processing standard module hook 'hook-bleak.py' from 'C:\\Users\\etnlw\\miniforge3\\envs\\spot_omg\\lib\\site-packages\\_pyinstaller_hooks_contrib\\stdhooks'
26466 INFO: Processing pre-safe-import-module hook 'hook-typing_extensions.py' from 'C:\\Users\\etnlw\\miniforge3\\envs\\spot_omg\\lib\\site-packages\\PyInstaller\\hooks\\pre_safe_import_module'
26467 INFO: SetuptoolsInfo: initializing cached setuptools info...
27656 INFO: Analyzing hidden import 'winrt.runtime.interop'
27662 INFO: Analyzing hidden import 'winrt.system.hresult'
27669 INFO: Processing module hooks (post-graph stage)...
27915 INFO: Performing binary vs. data reclassification (122 entries)
28262 INFO: Looking for ctypes DLLs
28269 INFO: Analyzing run-time hooks ...
28271 INFO: Including run-time hook 'pyi_rth_pkgutil.py' from 'C:\\Users\\etnlw\\miniforge3\\envs\\spot_omg\\lib\\site-packages\\PyInstaller\\hooks\\rthooks'
28279 INFO: Including run-time hook 'pyi_rth_multiprocessing.py' from 'C:\\Users\\etnlw\\miniforge3\\envs\\spot_omg\\lib\\site-packages\\PyInstaller\\hooks\\rthooks'
28286 INFO: Including run-time hook 'pyi_rth_inspect.py' from 'C:\\Users\\etnlw\\miniforge3\\envs\\spot_omg\\lib\\site-packages\\PyInstaller\\hooks\\rthooks'
28294 INFO: Including run-time hook 'pyi_rth_pyside6.py' from 'C:\\Users\\etnlw\\miniforge3\\envs\\spot_omg\\lib\\site-packages\\PyInstaller\\hooks\\rthooks'
28300 INFO: Processing pre-find-module-path hook 'hook-_pyi_rth_utils.py' from 'C:\\Users\\etnlw\\miniforge3\\envs\\spot_omg\\lib\\site-packages\\PyInstaller\\hooks\\pre_find_module_path'
28307 INFO: Processing standard module hook 'hook-_pyi_rth_utils.py' from 'C:\\Users\\etnlw\\miniforge3\\envs\\spot_omg\\lib\\site-packages\\PyInstaller\\hooks'
28323 INFO: Creating base_library.zip...
28336 INFO: Looking for dynamic libraries
28601 INFO: Extra DLL search directories (AddDllDirectory): ['C:\\Users\\etnlw\\miniforge3\\envs\\spot_omg\\Lib\\site-packages\\shiboken6']
28601 INFO: Extra DLL search directories (PATH): ['C:\\Users\\etnlw\\miniforge3\\envs\\spot_omg\\Lib\\site-packages\\PySide6']
29738 INFO: Warnings written to D:\project\spot_omg\apps\windows\build\SpotOMGController\warn-SpotOMGController.txt
29760 INFO: Graph cross-reference written to D:\project\spot_omg\apps\windows\build\SpotOMGController\xref-SpotOMGController.html
29800 INFO: checking PYZ
29800 INFO: Building PYZ because PYZ-00.toc is non existent
29800 INFO: Building PYZ (ZlibArchive) D:\project\spot_omg\apps\windows\build\SpotOMGController\PYZ-00.pyz
29933 INFO: Building PYZ (ZlibArchive) D:\project\spot_omg\apps\windows\build\SpotOMGController\PYZ-00.pyz completed successfully.
29939 INFO: checking PKG
29939 INFO: Building PKG because PKG-00.toc is non existent
29939 INFO: Building PKG (CArchive) SpotOMGController.pkg
29959 INFO: Building PKG (CArchive) SpotOMGController.pkg completed successfully.
29960 INFO: Bootloader C:\Users\etnlw\miniforge3\envs\spot_omg\lib\site-packages\PyInstaller\bootloader\Windows-64bit-intel\runw.exe
29960 INFO: checking EXE
29960 INFO: Building EXE because EXE-00.toc is non existent
29960 INFO: Building EXE from EXE-00.toc
29960 INFO: Copying bootloader EXE to D:\project\spot_omg\apps\windows\build\SpotOMGController\SpotOMGController.exe
30015 INFO: Copying icon to EXE
30049 INFO: Copying 0 resources to EXE
30049 INFO: Embedding manifest in EXE
30078 INFO: Appending PKG archive to EXE
30109 INFO: Fixing EXE headers
30277 INFO: Building EXE from EXE-00.toc completed successfully.
30281 INFO: checking COLLECT
30281 INFO: Building COLLECT because COLLECT-00.toc is non existent
30282 INFO: Building COLLECT COLLECT-00.toc
30590 INFO: Building COLLECT COLLECT-00.toc completed successfully.
30595 INFO: Build complete! The results are available in: D:\project\spot_omg\apps\windows\dist\v627
