{
  "time_basis": "Simulation time including 2 seconds before drive. Half-speed player times are doubled.",
  "walk_seconds": 30,
  "j1_mode": "baseline",
  "source_log": "artifacts\\s-native-v6-2-7\\j1-hold-simulation\\30s\\baseline.json.gz",
  "sample_period_s": 0.02,
  "video_frame_period_s": 0.04,
  "max_replay_joint_error_deg": 0.0,
  "definition": "Scheduled recovery, normal load > 1 N, forward material contact slip > 20 mm/s, body-relative forward foot motion > 20 mm/s.",
  "major_events": [
    {
      "leg": "RR",
      "start_s": 2.92,
      "end_s": 3.1,
      "duration_s": 0.18,
      "peak_force_n": 10.34087380137692,
      "peak_forward_slip_mm_s": 804.610294437013,
      "forward_slip_mm": 101.7365325502596,
      "swing_fraction_start": 0.4253060759070295,
      "swing_fraction_end": 0.6029818571570293
    },
    {
      "leg": "FR",
      "start_s": 4.02,
      "end_s": 4.1,
      "duration_s": 0.08,
      "peak_force_n": 9.125159570504538,
      "peak_forward_slip_mm_s": 908.984902152454,
      "forward_slip_mm": 40.51851862873058,
      "swing_fraction_start": 0.7502890289786242,
      "swing_fraction_end": 0.7978491962912462
    },
    {
      "leg": "RL",
      "start_s": 4.18,
      "end_s": 4.3,
      "duration_s": 0.12,
      "peak_force_n": 10.335020968801246,
      "peak_forward_slip_mm_s": 43.06318928917491,
      "forward_slip_mm": 4.476902194897167,
      "swing_fraction_start": 0.8782046617033861,
      "swing_fraction_end": 0.998560136652269
    },
    {
      "leg": "FR",
      "start_s": 5.94,
      "end_s": 6.04,
      "duration_s": 0.1,
      "peak_force_n": 3.728799663406819,
      "peak_forward_slip_mm_s": 211.87656435608505,
      "forward_slip_mm": 7.771372959053582,
      "swing_fraction_start": 0.8363782275679494,
      "swing_fraction_end": 0.9184204126360798
    },
    {
      "leg": "RL",
      "start_s": 6.0,
      "end_s": 6.1,
      "duration_s": 0.1,
      "peak_force_n": 10.834342953914557,
      "peak_forward_slip_mm_s": 41.95628703235528,
      "forward_slip_mm": 3.7031485801057116,
      "swing_fraction_start": 0.8955098653796101,
      "swing_fraction_end": 0.9967520595553303
    },
    {
      "leg": "RR",
      "start_s": 6.32,
      "end_s": 6.4,
      "duration_s": 0.08,
      "peak_force_n": 4.072204194062115,
      "peak_forward_slip_mm_s": 540.2568003920109,
      "forward_slip_mm": 41.08097320782727,
      "swing_fraction_start": 0.3271154070856952,
      "swing_fraction_end": 0.3591368914606954
    },
    {
      "leg": "RR",
      "start_s": 6.78,
      "end_s": 6.98,
      "duration_s": 0.2,
      "peak_force_n": 11.670162897469707,
      "peak_forward_slip_mm_s": 166.83888254821682,
      "forward_slip_mm": 16.16918148803452,
      "swing_fraction_start": 0.8050431550505543,
      "swing_fraction_end": 0.992559950447359
    },
    {
      "leg": "FR",
      "start_s": 7.6,
      "end_s": 7.68,
      "duration_s": 0.08,
      "peak_force_n": 8.600842385543313,
      "peak_forward_slip_mm_s": 377.6002657952111,
      "forward_slip_mm": 15.994503933551648,
      "swing_fraction_start": 0.8126799405577565,
      "swing_fraction_end": 0.8476440013411426
    },
    {
      "leg": "RL",
      "start_s": 7.8,
      "end_s": 7.9,
      "duration_s": 0.1,
      "peak_force_n": 6.654559377254105,
      "peak_forward_slip_mm_s": 32.29289777936006,
      "forward_slip_mm": 2.751280905808269,
      "swing_fraction_start": 0.9094467307093523,
      "swing_fraction_end": 0.9790482831957721
    },
    {
      "leg": "FL",
      "start_s": 8.28,
      "end_s": 8.5,
      "duration_s": 0.22,
      "peak_force_n": 13.673528617034977,
      "peak_forward_slip_mm_s": 629.4355638198205,
      "forward_slip_mm": 70.29296922468323,
      "swing_fraction_start": 0.41723617205647434,
      "swing_fraction_end": 0.6722354031565567
    },
    {
      "leg": "RR",
      "start_s": 8.72,
      "end_s": 8.86,
      "duration_s": 0.14,
      "peak_force_n": 10.518277735991017,
      "peak_forward_slip_mm_s": 39.24612922984896,
      "forward_slip_mm": 4.690554205034009,
      "swing_fraction_start": 0.8598174274924177,
      "swing_fraction_end": 0.9922767926218885
    },
    {
      "leg": "FR",
      "start_s": 9.34,
      "end_s": 9.58,
      "duration_s": 0.24,
      "peak_force_n": 16.20894416594637,
      "peak_forward_slip_mm_s": 295.76118451555686,
      "forward_slip_mm": 23.906640926472004,
      "swing_fraction_start": 0.5265623603227512,
      "swing_fraction_end": 0.7660674355390447
    },
    {
      "leg": "FL",
      "start_s": 10.04,
      "end_s": 10.12,
      "duration_s": 0.08,
      "peak_force_n": 11.629006828972843,
      "peak_forward_slip_mm_s": 777.1073848264707,
      "forward_slip_mm": 37.32852789565559,
      "swing_fraction_start": 0.3655108712079902,
      "swing_fraction_end": 0.40412415245799016
    },
    {
      "leg": "RR",
      "start_s": 10.42,
      "end_s": 10.58,
      "duration_s": 0.16,
      "peak_force_n": 9.40561341917467,
      "peak_forward_slip_mm_s": 334.13997223480857,
      "forward_slip_mm": 29.53013789419251,
      "swing_fraction_start": 0.7383554134729287,
      "swing_fraction_end": 0.9783163628938574
    },
    {
      "leg": "FL",
      "start_s": 10.5,
      "end_s": 10.58,
      "duration_s": 0.08,
      "peak_force_n": 6.737681440410041,
      "peak_forward_slip_mm_s": 461.6913725441945,
      "forward_slip_mm": 12.958844752796889,
      "swing_fraction_start": 0.8764218316438575,
      "swing_fraction_end": 0.9783163628938574
    },
    {
      "leg": "FR",
      "start_s": 10.76,
      "end_s": 10.84,
      "duration_s": 0.08,
      "peak_force_n": 5.081249695190272,
      "peak_forward_slip_mm_s": 691.7292737652065,
      "forward_slip_mm": 27.714681203230768,
      "swing_fraction_start": 0.32290542939928923,
      "swing_fraction_end": 0.3709054265382663
    },
    {
      "leg": "RL",
      "start_s": 10.78,
      "end_s": 10.86,
      "duration_s": 0.08,
      "peak_force_n": 5.138641627438477,
      "peak_forward_slip_mm_s": 515.6811564943354,
      "forward_slip_mm": 25.48587719280811,
      "swing_fraction_start": 0.3437054286363497,
      "swing_fraction_end": 0.37730542520312227
    },
    {
      "leg": "FR",
      "start_s": 11.16,
      "end_s": 11.36,
      "duration_s": 0.2,
      "peak_force_n": 17.06204359695094,
      "peak_forward_slip_mm_s": 293.7048010652372,
      "forward_slip_mm": 25.761854880879966,
      "swing_fraction_start": 0.552253067291059,
      "swing_fraction_end": 0.7418663523557565
    },
    {
      "leg": "RL",
      "start_s": 11.56,
      "end_s": 11.78,
      "duration_s": 0.22,
      "peak_force_n": 11.157017929509536,
      "peak_forward_slip_mm_s": 43.42429604311134,
      "forward_slip_mm": 9.121628964905751,
      "swing_fraction_start": 0.7866663495662594,
      "swing_fraction_end": 0.9866663316848661
    },
    {
      "leg": "RR",
      "start_s": 12.34,
      "end_s": 12.42,
      "duration_s": 0.08,
      "peak_force_n": 7.734332331966192,
      "peak_forward_slip_mm_s": 775.695536028129,
      "forward_slip_mm": 41.06352275905064,
      "swing_fraction_start": 0.6463280610206508,
      "swing_fraction_end": 0.7411210397842312
    },
    {
      "leg": "FR",
      "start_s": 13.1,
      "end_s": 13.3,
      "duration_s": 0.2,
      "peak_force_n": 14.761857952492102,
      "peak_forward_slip_mm_s": 240.2352407029662,
      "forward_slip_mm": 26.276375144778022,
      "swing_fraction_start": 0.5314398003580956,
      "swing_fraction_end": 0.7288651920321372
    },
    {
      "leg": "RR",
      "start_s": 14.06,
      "end_s": 14.2,
      "duration_s": 0.14,
      "peak_force_n": 7.051013952146284,
      "peak_forward_slip_mm_s": 807.8086354887906,
      "forward_slip_mm": 64.06492136469905,
      "swing_fraction_start": 0.5428719366553216,
      "swing_fraction_end": 0.7110946000578791
    },
    {
      "leg": "RR",
      "start_s": 14.26,
      "end_s": 14.38,
      "duration_s": 0.12,
      "peak_force_n": 11.73789354374024,
      "peak_forward_slip_mm_s": 248.4645869014323,
      "forward_slip_mm": 11.836402819417547,
      "swing_fraction_start": 0.829375850057879,
      "swing_fraction_end": 0.9662410844328786
    },
    {
      "leg": "FR",
      "start_s": 14.9,
      "end_s": 15.1,
      "duration_s": 0.2,
      "peak_force_n": 15.337198879929003,
      "peak_forward_slip_mm_s": 230.54087271510738,
      "forward_slip_mm": 25.140011705496185,
      "swing_fraction_start": 0.5388598451974775,
      "swing_fraction_end": 0.745287972486296
    },
    {
      "leg": "RL",
      "start_s": 15.28,
      "end_s": 15.36,
      "duration_s": 0.08,
      "peak_force_n": 8.420454550343038,
      "peak_forward_slip_mm_s": 82.69664516926879,
      "forward_slip_mm": 6.032620881820295,
      "swing_fraction_start": 0.9056153080823806,
      "swing_fraction_end": 0.9834735129239942
    },
    {
      "leg": "RR",
      "start_s": 15.82,
      "end_s": 15.92,
      "duration_s": 0.1,
      "peak_force_n": 6.100078189993843,
      "peak_forward_slip_mm_s": 407.8909082117993,
      "forward_slip_mm": 26.541173999605,
      "swing_fraction_start": 0.4940282152059461,
      "swing_fraction_end": 0.5817032096746351
    },
    {
      "leg": "FR",
      "start_s": 16.82,
      "end_s": 16.94,
      "duration_s": 0.12,
      "peak_force_n": 13.689855312730066,
      "peak_forward_slip_mm_s": 648.091607136221,
      "forward_slip_mm": 53.533925905113755,
      "swing_fraction_start": 0.56719697037963,
      "swing_fraction_end": 0.7127375988128575
    },
    {
      "leg": "RL",
      "start_s": 17.16,
      "end_s": 17.3,
      "duration_s": 0.14,
      "peak_force_n": 11.15400057853311,
      "peak_forward_slip_mm_s": 35.097858829751445,
      "forward_slip_mm": 4.241217460040039,
      "swing_fraction_start": 0.8774680606487186,
      "swing_fraction_end": 0.9941071132781896
    },
    {
      "leg": "FL",
      "start_s": 19.54,
      "end_s": 19.7,
      "duration_s": 0.16,
      "peak_force_n": 15.084375212323136,
      "peak_forward_slip_mm_s": 264.95427278242033,
      "forward_slip_mm": 21.23365443265295,
      "swing_fraction_start": 0.5704915223482045,
      "swing_fraction_end": 0.7470106587770375
    },
    {
      "leg": "RR",
      "start_s": 19.86,
      "end_s": 20.08,
      "duration_s": 0.22,
      "peak_force_n": 9.545845658244517,
      "peak_forward_slip_mm_s": 122.44012690353958,
      "forward_slip_mm": 13.96908242422801,
      "swing_fraction_start": 0.8191212032201682,
      "swing_fraction_end": 0.9987579093339836
    },
    {
      "leg": "RL",
      "start_s": 20.58,
      "end_s": 20.66,
      "duration_s": 0.08,
      "peak_force_n": 8.773771250908647,
      "peak_forward_slip_mm_s": 962.1584276279006,
      "forward_slip_mm": 48.31020841197085,
      "swing_fraction_start": 0.6114688632848655,
      "swing_fraction_end": 0.7077962110402976
    },
    {
      "leg": "RL",
      "start_s": 20.72,
      "end_s": 20.86,
      "duration_s": 0.14,
      "peak_force_n": 12.31966546420481,
      "peak_forward_slip_mm_s": 321.1398510584129,
      "forward_slip_mm": 15.561346292913353,
      "swing_fraction_start": 0.8146516797902976,
      "swing_fraction_end": 0.9725798056486046
    },
    {
      "leg": "RR",
      "start_s": 21.58,
      "end_s": 21.72,
      "duration_s": 0.14,
      "peak_force_n": 10.661750110135282,
      "peak_forward_slip_mm_s": 153.02910979944392,
      "forward_slip_mm": 13.327991762155161,
      "swing_fraction_start": 0.8245138082864671,
      "swing_fraction_end": 0.974891170060912
    },
    {
      "leg": "FR",
      "start_s": 22.32,
      "end_s": 22.46,
      "duration_s": 0.14,
      "peak_force_n": 16.01365059862086,
      "peak_forward_slip_mm_s": 302.64325907411535,
      "forward_slip_mm": 22.381613116777967,
      "swing_fraction_start": 0.6376560456517135,
      "swing_fraction_end": 0.7647982365849411
    },
    {
      "leg": "RL",
      "start_s": 22.66,
      "end_s": 22.74,
      "duration_s": 0.08,
      "peak_force_n": 8.452357294378093,
      "peak_forward_slip_mm_s": 84.43655232337217,
      "forward_slip_mm": 6.128028573814429,
      "swing_fraction_start": 0.9298849518063463,
      "swing_fraction_end": 0.9972982342007555
    },
    {
      "leg": "RR",
      "start_s": 22.96,
      "end_s": 23.12,
      "duration_s": 0.16,
      "peak_force_n": 9.81957891492526,
      "peak_forward_slip_mm_s": 701.4333086435134,
      "forward_slip_mm": 87.33554229949175,
      "swing_fraction_start": 0.3469514305355945,
      "swing_fraction_end": 0.41771315643815177
    },
    {
      "leg": "FL",
      "start_s": 25.1,
      "end_s": 25.18,
      "duration_s": 0.08,
      "peak_force_n": 14.950313126517376,
      "peak_forward_slip_mm_s": 465.551802674126,
      "forward_slip_mm": 27.965222580761196,
      "swing_fraction_start": 0.6300963670971798,
      "swing_fraction_end": 0.718433480954449
    },
    {
      "leg": "RR",
      "start_s": 25.38,
      "end_s": 25.5,
      "duration_s": 0.12,
      "peak_force_n": 10.33880355704595,
      "peak_forward_slip_mm_s": 38.42819764222869,
      "forward_slip_mm": 3.8387765907075027,
      "swing_fraction_start": 0.8872057420971795,
      "swing_fraction_end": 0.9921803469422268
    },
    {
      "leg": "RL",
      "start_s": 26.32,
      "end_s": 26.42,
      "duration_s": 0.1,
      "peak_force_n": 9.870444950803188,
      "peak_forward_slip_mm_s": 33.696517944852566,
      "forward_slip_mm": 2.6623433938408643,
      "swing_fraction_start": 0.9411425239804196,
      "swing_fraction_end": 0.9956909568074155
    },
    {
      "leg": "RR",
      "start_s": 27.22,
      "end_s": 27.34,
      "duration_s": 0.12,
      "peak_force_n": 9.743063092210878,
      "peak_forward_slip_mm_s": 38.987913392374644,
      "forward_slip_mm": 3.8793644342377265,
      "swing_fraction_start": 0.8772558147671627,
      "swing_fraction_end": 0.9828495568993496
    },
    {
      "leg": "FR",
      "start_s": 27.84,
      "end_s": 28.04,
      "duration_s": 0.2,
      "peak_force_n": 16.513900206243676,
      "peak_forward_slip_mm_s": 230.27887282406536,
      "forward_slip_mm": 23.131765790262737,
      "swing_fraction_start": 0.5275644714596677,
      "swing_fraction_end": 0.7506578285458492
    },
    {
      "leg": "RL",
      "start_s": 28.22,
      "end_s": 28.34,
      "duration_s": 0.12,
      "peak_force_n": 8.623806577728601,
      "peak_forward_slip_mm_s": 60.66002085719273,
      "forward_slip_mm": 6.541347894707798,
      "swing_fraction_start": 0.8787132925751615,
      "swing_fraction_end": 0.9930960972073484
    },
    {
      "leg": "RR",
      "start_s": 28.58,
      "end_s": 28.76,
      "duration_s": 0.18,
      "peak_force_n": 8.974657699448883,
      "peak_forward_slip_mm_s": 547.5172408127459,
      "forward_slip_mm": 81.55514221335152,
      "swing_fraction_start": 0.36792736837891815,
      "swing_fraction_end": 0.46251251885918876
    },
    {
      "leg": "RR",
      "start_s": 29.14,
      "end_s": 29.22,
      "duration_s": 0.08,
      "peak_force_n": 8.663539663954786,
      "peak_forward_slip_mm_s": 91.76235402404326,
      "forward_slip_mm": 5.4414107112412085,
      "swing_fraction_start": 0.9423367388012813,
      "swing_fraction_end": 0.9905500180485651
    },
    {
      "leg": "RR",
      "start_s": 30.24,
      "end_s": 30.32,
      "duration_s": 0.08,
      "peak_force_n": 5.21689084040305,
      "peak_forward_slip_mm_s": 820.1845713884571,
      "forward_slip_mm": 48.987868074331686,
      "swing_fraction_start": 0.36129694054154604,
      "swing_fraction_end": 0.40163639137772766
    },
    {
      "leg": "FL",
      "start_s": 30.6,
      "end_s": 30.72,
      "duration_s": 0.12,
      "peak_force_n": 14.811953174267,
      "peak_forward_slip_mm_s": 333.75599742252996,
      "forward_slip_mm": 28.9065816158346,
      "swing_fraction_start": 0.6308668370011254,
      "swing_fraction_end": 0.7737801236870694
    },
    {
      "leg": "RR",
      "start_s": 30.84,
      "end_s": 30.98,
      "duration_s": 0.14,
      "peak_force_n": 8.836842643313314,
      "peak_forward_slip_mm_s": 122.85712757866197,
      "forward_slip_mm": 13.242394212767918,
      "swing_fraction_start": 0.8771074659588742,
      "swing_fraction_end": 0.9948973078492092
    },
    {
      "leg": "RL",
      "start_s": 31.7,
      "end_s": 31.8,
      "duration_s": 0.1,
      "peak_force_n": 10.39094398734377,
      "peak_forward_slip_mm_s": 153.64384307543313,
      "forward_slip_mm": 9.66423250114626,
      "swing_fraction_start": 0.8911653656723906,
      "swing_fraction_end": 0.9832591242554594
    }
  ],
  "total_seconds_per_leg": {
    "FL": 2.24,
    "FR": 2.96,
    "RL": 2.94,
    "RR": 3.86
  }
}
{
  "time_basis": "Simulation time including 2 seconds before drive. Half-speed player times are doubled.",
  "walk_seconds": 30,
  "j1_mode": "without_lateral_transfer",
  "source_log": "artifacts\\s-native-v6-2-7\\j1-hold-simulation\\30s\\without_lateral_transfer.json.gz",
  "sample_period_s": 0.02,
  "video_frame_period_s": 0.04,
  "max_replay_joint_error_deg": 0.0,
  "definition": "Scheduled recovery, normal load > 1 N, forward material contact slip > 20 mm/s, body-relative forward foot motion > 20 mm/s.",
  "major_events": [
    {
      "leg": "RR",
      "start_s": 2.92,
      "end_s": 3.08,
      "duration_s": 0.16,
      "peak_force_n": 10.624880448727874,
      "peak_forward_slip_mm_s": 872.7852213386979,
      "forward_slip_mm": 103.60273708913698,
      "swing_fraction_start": 0.42574552903202934,
      "swing_fraction_end": 0.5822006071570294
    },
    {
      "leg": "RL",
      "start_s": 3.56,
      "end_s": 3.74,
      "duration_s": 0.18,
      "peak_force_n": 5.900396420662388,
      "peak_forward_slip_mm_s": 689.8455705965201,
      "forward_slip_mm": 73.14534417602789,
      "swing_fraction_start": 0.27382528433827336,
      "swing_fraction_end": 0.3993639613154307
    },
    {
      "leg": "RL",
      "start_s": 3.88,
      "end_s": 3.98,
      "duration_s": 0.1,
      "peak_force_n": 6.612053381740261,
      "peak_forward_slip_mm_s": 632.5064540238112,
      "forward_slip_mm": 59.857954881903524,
      "swing_fraction_start": 0.5920928812983408,
      "swing_fraction_end": 0.7259565711977856
    },
    {
      "leg": "RR",
      "start_s": 4.4,
      "end_s": 4.48,
      "duration_s": 0.08,
      "peak_force_n": 7.464732565334081,
      "peak_forward_slip_mm_s": 468.1729885398399,
      "forward_slip_mm": 28.91605770430114,
      "swing_fraction_start": 0.30170657882717977,
      "swing_fraction_end": 0.3587768913271798
    },
    {
      "leg": "RR",
      "start_s": 4.64,
      "end_s": 4.72,
      "duration_s": 0.08,
      "peak_force_n": 7.427945125328559,
      "peak_forward_slip_mm_s": 845.0521102582042,
      "forward_slip_mm": 47.28446064863512,
      "swing_fraction_start": 0.5635878468516244,
      "swing_fraction_end": 0.6590581799509896
    },
    {
      "leg": "RL",
      "start_s": 5.34,
      "end_s": 5.52,
      "duration_s": 0.18,
      "peak_force_n": 7.159430389282263,
      "peak_forward_slip_mm_s": 726.4354968544443,
      "forward_slip_mm": 114.78089518264038,
      "swing_fraction_start": 0.4531554664137736,
      "swing_fraction_end": 0.6885430110457316
    },
    {
      "leg": "RR",
      "start_s": 6.04,
      "end_s": 6.22,
      "duration_s": 0.18,
      "peak_force_n": 7.419570397763167,
      "peak_forward_slip_mm_s": 865.0786305455925,
      "forward_slip_mm": 106.07408527803346,
      "swing_fraction_start": 0.37312310109166047,
      "swing_fraction_end": 0.5413324810030833
    },
    {
      "leg": "RL",
      "start_s": 6.84,
      "end_s": 6.92,
      "duration_s": 0.08,
      "peak_force_n": 6.738353155491052,
      "peak_forward_slip_mm_s": 880.0338054050161,
      "forward_slip_mm": 56.22974947623981,
      "swing_fraction_start": 0.3742571307185072,
      "swing_fraction_end": 0.42693291196850747
    },
    {
      "leg": "RR",
      "start_s": 7.56,
      "end_s": 7.72,
      "duration_s": 0.16,
      "peak_force_n": 6.5631457051079005,
      "peak_forward_slip_mm_s": 417.5004160796481,
      "forward_slip_mm": 36.318725192020295,
      "swing_fraction_start": 0.24505286941555982,
      "swing_fraction_end": 0.3710618532660388
    },
    {
      "leg": "RR",
      "start_s": 7.76,
      "end_s": 7.88,
      "duration_s": 0.12,
      "peak_force_n": 7.04472729707106,
      "peak_forward_slip_mm_s": 733.1685094775983,
      "forward_slip_mm": 63.95450312631526,
      "swing_fraction_start": 0.4356927121642018,
      "swing_fraction_end": 0.5701907719138051
    },
    {
      "leg": "RL",
      "start_s": 8.4,
      "end_s": 8.5,
      "duration_s": 0.1,
      "peak_force_n": 8.249836659302312,
      "peak_forward_slip_mm_s": 532.4586793071089,
      "forward_slip_mm": 41.868510611329796,
      "swing_fraction_start": 0.3129342044356249,
      "swing_fraction_end": 0.3607451416018388
    },
    {
      "leg": "RL",
      "start_s": 8.54,
      "end_s": 8.62,
      "duration_s": 0.08,
      "peak_force_n": 5.367341334121654,
      "peak_forward_slip_mm_s": 609.579591724532,
      "forward_slip_mm": 37.192862207388686,
      "swing_fraction_start": 0.40980334172276467,
      "swing_fraction_end": 0.4725185752871415
    },
    {
      "leg": "RL",
      "start_s": 8.7,
      "end_s": 8.78,
      "duration_s": 0.08,
      "peak_force_n": 7.2627781692947595,
      "peak_forward_slip_mm_s": 828.0776215462213,
      "forward_slip_mm": 52.143842231704184,
      "swing_fraction_start": 0.6084248424532792,
      "swing_fraction_end": 0.7091686130526444
    },
    {
      "leg": "RL",
      "start_s": 10.02,
      "end_s": 10.1,
      "duration_s": 0.08,
      "peak_force_n": 5.123023583330408,
      "peak_forward_slip_mm_s": 284.5312850416856,
      "forward_slip_mm": 12.97889841505092,
      "swing_fraction_start": 0.25830740103749283,
      "swing_fraction_end": 0.31405935416249275
    },
    {
      "leg": "RL",
      "start_s": 10.22,
      "end_s": 10.36,
      "duration_s": 0.14,
      "peak_force_n": 8.10183376875307,
      "peak_forward_slip_mm_s": 808.6124608802276,
      "forward_slip_mm": 73.86409655430487,
      "swing_fraction_start": 0.4601472533705615,
      "swing_fraction_end": 0.6436511982443713
    },
    {
      "leg": "RR",
      "start_s": 10.84,
      "end_s": 10.94,
      "duration_s": 0.1,
      "peak_force_n": 9.637124753682741,
      "peak_forward_slip_mm_s": 678.079307683327,
      "forward_slip_mm": 54.83542227650286,
      "swing_fraction_start": 0.3844152797224907,
      "swing_fraction_end": 0.4250527776244073
    },
    {
      "leg": "FL",
      "start_s": 11.2,
      "end_s": 11.32,
      "duration_s": 0.12,
      "peak_force_n": 14.77117485921531,
      "peak_forward_slip_mm_s": 317.3665469874917,
      "forward_slip_mm": 26.997726209167492,
      "swing_fraction_start": 0.6194199503424553,
      "swing_fraction_end": 0.7422082365515617
    },
    {
      "leg": "RR",
      "start_s": 11.46,
      "end_s": 11.54,
      "duration_s": 0.08,
      "peak_force_n": 8.61996940314966,
      "peak_forward_slip_mm_s": 358.02733662540794,
      "forward_slip_mm": 10.130581294448806,
      "swing_fraction_start": 0.8928176117899804,
      "swing_fraction_end": 0.9720961357119471
    },
    {
      "leg": "RL",
      "start_s": 11.76,
      "end_s": 11.88,
      "duration_s": 0.12,
      "peak_force_n": 7.365059717913674,
      "peak_forward_slip_mm_s": 701.9506448300167,
      "forward_slip_mm": 68.50834826131285,
      "swing_fraction_start": 0.3372102929118066,
      "swing_fraction_end": 0.40140794882802044
    },
    {
      "leg": "RR",
      "start_s": 12.56,
      "end_s": 12.64,
      "duration_s": 0.08,
      "peak_force_n": 6.422234228327284,
      "peak_forward_slip_mm_s": 539.2953603890489,
      "forward_slip_mm": 13.711014818649693,
      "swing_fraction_start": 0.2520732236864953,
      "swing_fraction_end": 0.31958846817044284
    },
    {
      "leg": "RR",
      "start_s": 12.66,
      "end_s": 12.76,
      "duration_s": 0.1,
      "peak_force_n": 6.449733133416066,
      "peak_forward_slip_mm_s": 700.0458959142377,
      "forward_slip_mm": 56.591177351043534,
      "swing_fraction_start": 0.35851424942044297,
      "swing_fraction_end": 0.44192089090375
    },
    {
      "leg": "RR",
      "start_s": 12.84,
      "end_s": 12.92,
      "duration_s": 0.08,
      "peak_force_n": 7.036619047699479,
      "peak_forward_slip_mm_s": 564.4603316833266,
      "forward_slip_mm": 40.90086021792024,
      "swing_fraction_start": 0.5778271580698875,
      "swing_fraction_end": 0.6785709286692527
    },
    {
      "leg": "RL",
      "start_s": 13.34,
      "end_s": 13.48,
      "duration_s": 0.14,
      "peak_force_n": 7.3997487224549445,
      "peak_forward_slip_mm_s": 518.6034012718255,
      "forward_slip_mm": 35.22522074743807,
      "swing_fraction_start": 0.25199752340344483,
      "swing_fraction_end": 0.37441980848340073
    },
    {
      "leg": "RL",
      "start_s": 13.66,
      "end_s": 13.74,
      "duration_s": 0.08,
      "peak_force_n": 6.212103407120741,
      "peak_forward_slip_mm_s": 707.458378247379,
      "forward_slip_mm": 47.01876947273135,
      "swing_fraction_start": 0.6046760715010553,
      "swing_fraction_end": 0.7044729650977044
    },
    {
      "leg": "RR",
      "start_s": 14.18,
      "end_s": 14.32,
      "duration_s": 0.14,
      "peak_force_n": 6.069027049868008,
      "peak_forward_slip_mm_s": 403.30194909660537,
      "forward_slip_mm": 34.87333882751152,
      "swing_fraction_start": 0.2643015051844504,
      "swing_fraction_end": 0.36516869196919455
    },
    {
      "leg": "FR",
      "start_s": 15.4,
      "end_s": 15.48,
      "duration_s": 0.08,
      "peak_force_n": 12.221617319260856,
      "peak_forward_slip_mm_s": 920.6343781081309,
      "forward_slip_mm": 35.99667247888784,
      "swing_fraction_start": 0.7316906190874961,
      "swing_fraction_end": 0.7935269499781514
    },
    {
      "leg": "RL",
      "start_s": 15.44,
      "end_s": 15.54,
      "duration_s": 0.1,
      "peak_force_n": 8.762259813177133,
      "peak_forward_slip_mm_s": 436.21144681647246,
      "forward_slip_mm": 22.406842621851283,
      "swing_fraction_start": 0.7731851531031515,
      "swing_fraction_end": 0.8561523414614582
    },
    {
      "leg": "RL",
      "start_s": 15.56,
      "end_s": 15.64,
      "duration_s": 0.08,
      "peak_force_n": 7.5961416211751915,
      "peak_forward_slip_mm_s": 68.59126880933748,
      "forward_slip_mm": 4.075594579241448,
      "swing_fraction_start": 0.9048359395029926,
      "swing_fraction_end": 0.9898613430025958
    },
    {
      "leg": "RR",
      "start_s": 15.86,
      "end_s": 15.96,
      "duration_s": 0.1,
      "peak_force_n": 8.34216086970554,
      "peak_forward_slip_mm_s": 516.3483351103183,
      "forward_slip_mm": 42.20837115773112,
      "swing_fraction_start": 0.35096918354062057,
      "swing_fraction_end": 0.39555824527768113
    },
    {
      "leg": "RL",
      "start_s": 16.68,
      "end_s": 16.8,
      "duration_s": 0.12,
      "peak_force_n": 6.993189310569209,
      "peak_forward_slip_mm_s": 597.1776290749362,
      "forward_slip_mm": 52.06231872776112,
      "swing_fraction_start": 0.31188798556355457,
      "swing_fraction_end": 0.4030161095621967
    },
    {
      "leg": "RL",
      "start_s": 18.28,
      "end_s": 18.44,
      "duration_s": 0.16,
      "peak_force_n": 6.44135680801972,
      "peak_forward_slip_mm_s": 488.5150494163631,
      "forward_slip_mm": 39.72571678600339,
      "swing_fraction_start": 0.23987172732380935,
      "swing_fraction_end": 0.3627705682280451
    },
    {
      "leg": "RL",
      "start_s": 18.52,
      "end_s": 18.66,
      "duration_s": 0.14,
      "peak_force_n": 6.14915351822035,
      "peak_forward_slip_mm_s": 879.2719749212143,
      "forward_slip_mm": 89.55826876943473,
      "swing_fraction_start": 0.4709014297488121,
      "swing_fraction_end": 0.6534584904673486
    },
    {
      "leg": "FL",
      "start_s": 19.46,
      "end_s": 19.64,
      "duration_s": 0.18,
      "peak_force_n": 14.999925814192524,
      "peak_forward_slip_mm_s": 191.17754604614183,
      "forward_slip_mm": 23.392197734600312,
      "swing_fraction_start": 0.5660483516219053,
      "swing_fraction_end": 0.7461327184203059
    },
    {
      "leg": "RR",
      "start_s": 19.76,
      "end_s": 19.92,
      "duration_s": 0.16,
      "peak_force_n": 8.34285861561242,
      "peak_forward_slip_mm_s": 266.13619746893613,
      "forward_slip_mm": 15.799887111425676,
      "swing_fraction_start": 0.8613131869795712,
      "swing_fraction_end": 0.9911631835463437
    },
    {
      "leg": "RL",
      "start_s": 20.56,
      "end_s": 20.64,
      "duration_s": 0.08,
      "peak_force_n": 7.691110525934015,
      "peak_forward_slip_mm_s": 323.0660489047762,
      "forward_slip_mm": 13.657860166096139,
      "swing_fraction_start": 0.8258734239104186,
      "swing_fraction_end": 0.9040374864104188
    },
    {
      "leg": "FL",
      "start_s": 21.24,
      "end_s": 21.46,
      "duration_s": 0.22,
      "peak_force_n": 15.044118731212187,
      "peak_forward_slip_mm_s": 324.2060276453934,
      "forward_slip_mm": 27.815615429850606,
      "swing_fraction_start": 0.5438218749525938,
      "swing_fraction_end": 0.7607124877932461
    },
    {
      "leg": "RR",
      "start_s": 21.62,
      "end_s": 21.72,
      "duration_s": 0.1,
      "peak_force_n": 9.334980714008282,
      "peak_forward_slip_mm_s": 108.61881173650758,
      "forward_slip_mm": 4.787855525906076,
      "swing_fraction_start": 0.886220299101153,
      "swing_fraction_end": 0.962989043093005
    },
    {
      "leg": "RL",
      "start_s": 21.96,
      "end_s": 22.04,
      "duration_s": 0.08,
      "peak_force_n": 6.591500024666506,
      "peak_forward_slip_mm_s": 397.97416868065034,
      "forward_slip_mm": 25.06724709379699,
      "swing_fraction_start": 0.30399219641713215,
      "swing_fraction_end": 0.35842579016713194
    },
    {
      "leg": "RL",
      "start_s": 22.08,
      "end_s": 22.24,
      "duration_s": 0.16,
      "peak_force_n": 5.854778743196085,
      "peak_forward_slip_mm_s": 771.1227273152352,
      "forward_slip_mm": 100.83167752935682,
      "swing_fraction_start": 0.419732821083346,
      "swing_fraction_end": 0.5864750171664148
    },
    {
      "leg": "RR",
      "start_s": 22.72,
      "end_s": 22.84,
      "duration_s": 0.12,
      "peak_force_n": 10.253514679778322,
      "peak_forward_slip_mm_s": 914.4077673100054,
      "forward_slip_mm": 76.75964121057144,
      "swing_fraction_start": 0.3760598493578826,
      "swing_fraction_end": 0.41826336154965515
    },
    {
      "leg": "FL",
      "start_s": 23.08,
      "end_s": 23.26,
      "duration_s": 0.18,
      "peak_force_n": 14.900136883085613,
      "peak_forward_slip_mm_s": 264.3097511233712,
      "forward_slip_mm": 26.05949244830758,
      "swing_fraction_start": 0.5650426400664244,
      "swing_fraction_end": 0.7510996664526854
    },
    {
      "leg": "RR",
      "start_s": 23.44,
      "end_s": 23.52,
      "duration_s": 0.08,
      "peak_force_n": 8.147536954311152,
      "peak_forward_slip_mm_s": 38.482005258725586,
      "forward_slip_mm": 2.376692428546721,
      "swing_fraction_start": 0.8693996633055601,
      "swing_fraction_end": 0.9161926270487699
    },
    {
      "leg": "RL",
      "start_s": 23.78,
      "end_s": 23.9,
      "duration_s": 0.12,
      "peak_force_n": 5.631162609912314,
      "peak_forward_slip_mm_s": 615.7718255765976,
      "forward_slip_mm": 47.87295523022078,
      "swing_fraction_start": 0.2893227137091552,
      "swing_fraction_end": 0.3718996656897462
    },
    {
      "leg": "RL",
      "start_s": 24.28,
      "end_s": 24.36,
      "duration_s": 0.08,
      "peak_force_n": 8.223671618853707,
      "peak_forward_slip_mm_s": 163.95838220059593,
      "forward_slip_mm": 9.37046543002968,
      "swing_fraction_start": 0.8492231262686651,
      "swing_fraction_end": 0.9260688293936652
    },
    {
      "leg": "FL",
      "start_s": 24.96,
      "end_s": 25.14,
      "duration_s": 0.18,
      "peak_force_n": 14.960181473012389,
      "peak_forward_slip_mm_s": 275.6459946334783,
      "forward_slip_mm": 28.172096820879254,
      "swing_fraction_start": 0.5988614226344033,
      "swing_fraction_end": 0.7988208199503823
    },
    {
      "leg": "RR",
      "start_s": 25.3,
      "end_s": 25.38,
      "duration_s": 0.08,
      "peak_force_n": 7.775273366967453,
      "peak_forward_slip_mm_s": 70.76074057708807,
      "forward_slip_mm": 4.112606545669886,
      "swing_fraction_start": 0.9292063630583685,
      "swing_fraction_end": 0.9996278465750617
    },
    {
      "leg": "FR",
      "start_s": 26.18,
      "end_s": 26.32,
      "duration_s": 0.14,
      "peak_force_n": 8.07629093348456,
      "peak_forward_slip_mm_s": 61.905617722785834,
      "forward_slip_mm": 6.078946352414675,
      "swing_fraction_start": 0.9148290635111729,
      "swing_fraction_end": 0.9913782752516669
    },
    {
      "leg": "RR",
      "start_s": 26.52,
      "end_s": 26.64,
      "duration_s": 0.12,
      "peak_force_n": 5.039484870051942,
      "peak_forward_slip_mm_s": 408.7518752159241,
      "forward_slip_mm": 30.98333422067766,
      "swing_fraction_start": 0.2621185160639685,
      "swing_fraction_end": 0.3462493754389686
    },
    {
      "leg": "RL",
      "start_s": 27.34,
      "end_s": 27.44,
      "duration_s": 0.1,
      "peak_force_n": 8.941848459831265,
      "peak_forward_slip_mm_s": 807.946278287708,
      "forward_slip_mm": 61.54113932389069,
      "swing_fraction_start": 0.39977716336278135,
      "swing_fraction_end": 0.43701973805455396
    },
    {
      "leg": "FR",
      "start_s": 27.64,
      "end_s": 27.8,
      "duration_s": 0.16,
      "peak_force_n": 14.045495160822716,
      "peak_forward_slip_mm_s": 878.5011602020794,
      "forward_slip_mm": 42.11477503274205,
      "swing_fraction_start": 0.5736755872729224,
      "swing_fraction_end": 0.7400877095225256
    },
    {
      "leg": "FR",
      "start_s": 27.94,
      "end_s": 28.04,
      "duration_s": 0.1,
      "peak_force_n": 8.199207062385897,
      "peak_forward_slip_mm_s": 82.33586152079513,
      "forward_slip_mm": 5.6559654952641605,
      "swing_fraction_start": 0.8836658347609441,
      "swing_fraction_end": 0.98905491004018
    },
    {
      "leg": "RL",
      "start_s": 29.14,
      "end_s": 29.32,
      "duration_s": 0.18,
      "peak_force_n": 5.946078099872081,
      "peak_forward_slip_mm_s": 489.20861544752023,
      "forward_slip_mm": 67.20205523075467,
      "swing_fraction_start": 0.2765687263968388,
      "swing_fraction_end": 0.4339616943362161
    },
    {
      "leg": "FL",
      "start_s": 30.32,
      "end_s": 30.48,
      "duration_s": 0.16,
      "peak_force_n": 15.19016562352756,
      "peak_forward_slip_mm_s": 202.30742183064524,
      "forward_slip_mm": 20.097392857103543,
      "swing_fraction_start": 0.5719433630469251,
      "swing_fraction_end": 0.755030466413777
    },
    {
      "leg": "RR",
      "start_s": 30.6,
      "end_s": 30.8,
      "duration_s": 0.2,
      "peak_force_n": 8.932030348538216,
      "peak_forward_slip_mm_s": 186.17815972179642,
      "forward_slip_mm": 18.663433678567504,
      "swing_fraction_start": 0.849874603843968,
      "swing_fraction_end": 0.9848781014445236
    },
    {
      "leg": "RL",
      "start_s": 30.98,
      "end_s": 31.1,
      "duration_s": 0.12,
      "peak_force_n": 7.634295958692337,
      "peak_forward_slip_mm_s": 606.494809833595,
      "forward_slip_mm": 39.06831151602801,
      "swing_fraction_start": 0.2868820215228012,
      "swing_fraction_end": 0.40188399801282193
    },
    {
      "leg": "RR",
      "start_s": 31.88,
      "end_s": 31.98,
      "duration_s": 0.1,
      "peak_force_n": 6.901812262563097,
      "peak_forward_slip_mm_s": 395.46281331172275,
      "forward_slip_mm": 32.91357034157562,
      "swing_fraction_start": 0.3089461625578811,
      "swing_fraction_end": 0.374493037557881
    }
  ],
  "total_seconds_per_leg": {
    "FL": 2.26,
    "FR": 2.02,
    "RL": 4.64,
    "RR": 4.48
  }
}
{
  "time_basis": "Simulation time including 2 seconds before drive. Half-speed player times are doubled.",
  "walk_seconds": 30,
  "j1_mode": "fixed_j1",
  "source_log": "artifacts\\s-native-v6-2-7\\j1-hold-simulation\\30s\\fixed_j1.json.gz",
  "sample_period_s": 0.02,
  "video_frame_period_s": 0.04,
  "max_replay_joint_error_deg": 0.0,
  "definition": "Scheduled recovery, normal load > 1 N, forward material contact slip > 20 mm/s, body-relative forward foot motion > 20 mm/s.",
  "major_events": [
    {
      "leg": "RR",
      "start_s": 2.92,
      "end_s": 3.1,
      "duration_s": 0.18,
      "peak_force_n": 10.608266492259768,
      "peak_forward_slip_mm_s": 863.634863220122,
      "forward_slip_mm": 98.74130563228138,
      "swing_fraction_start": 0.42574552903202934,
      "swing_fraction_end": 0.6043002165320295
    },
    {
      "leg": "RL",
      "start_s": 3.56,
      "end_s": 3.64,
      "duration_s": 0.08,
      "peak_force_n": 6.022920290340223,
      "peak_forward_slip_mm_s": 642.0344231793258,
      "forward_slip_mm": 16.96019103826118,
      "swing_fraction_start": 0.2744663179877178,
      "swing_fraction_end": 0.3189842928412332
    },
    {
      "leg": "RL",
      "start_s": 3.86,
      "end_s": 4.0,
      "duration_s": 0.14,
      "peak_force_n": 6.8588608361602,
      "peak_forward_slip_mm_s": 770.4428451218525,
      "forward_slip_mm": 68.71007881220837,
      "swing_fraction_start": 0.5429147661688698,
      "swing_fraction_end": 0.7281765116217505
    },
    {
      "leg": "RR",
      "start_s": 4.44,
      "end_s": 4.54,
      "duration_s": 0.1,
      "peak_force_n": 9.597198033119332,
      "peak_forward_slip_mm_s": 653.2697436857352,
      "forward_slip_mm": 50.46530446703912,
      "swing_fraction_start": 0.34776090989140407,
      "swing_fraction_end": 0.4069538773062602
    },
    {
      "leg": "RR",
      "start_s": 4.96,
      "end_s": 5.04,
      "duration_s": 0.08,
      "peak_force_n": 8.260431541471956,
      "peak_forward_slip_mm_s": 126.69712383191901,
      "forward_slip_mm": 7.2499572567615616,
      "swing_fraction_start": 0.9487496222021954,
      "swing_fraction_end": 0.9979097784521951
    },
    {
      "leg": "RL",
      "start_s": 5.22,
      "end_s": 5.36,
      "duration_s": 0.14,
      "peak_force_n": 6.748877157461916,
      "peak_forward_slip_mm_s": 351.8928463624379,
      "forward_slip_mm": 26.701254773699862,
      "swing_fraction_start": 0.2326504207613842,
      "swing_fraction_end": 0.36349026451138466
    },
    {
      "leg": "RL",
      "start_s": 5.38,
      "end_s": 5.6,
      "duration_s": 0.22,
      "peak_force_n": 6.991045288547619,
      "peak_forward_slip_mm_s": 834.2946738261479,
      "forward_slip_mm": 134.58763009777357,
      "swing_fraction_start": 0.4094472957613846,
      "swing_fraction_end": 0.6906242729189773
    },
    {
      "leg": "RR",
      "start_s": 6.14,
      "end_s": 6.22,
      "duration_s": 0.08,
      "peak_force_n": 4.806745940099618,
      "peak_forward_slip_mm_s": 774.1892745055745,
      "forward_slip_mm": 43.71432003002619,
      "swing_fraction_start": 0.3810079408648386,
      "swing_fraction_end": 0.4156661439898386
    },
    {
      "leg": "RL",
      "start_s": 6.88,
      "end_s": 7.04,
      "duration_s": 0.16,
      "peak_force_n": 7.648302253443874,
      "peak_forward_slip_mm_s": 425.8720589079664,
      "forward_slip_mm": 38.00850818964693,
      "swing_fraction_start": 0.2574591578009502,
      "swing_fraction_end": 0.39206541428593544
    },
    {
      "leg": "RL",
      "start_s": 7.06,
      "end_s": 7.18,
      "duration_s": 0.12,
      "peak_force_n": 6.957635023243544,
      "peak_forward_slip_mm_s": 811.8093194361794,
      "forward_slip_mm": 69.15787032304927,
      "swing_fraction_start": 0.434033385610856,
      "swing_fraction_end": 0.5669533289435282
    },
    {
      "leg": "RR",
      "start_s": 7.74,
      "end_s": 7.84,
      "duration_s": 0.1,
      "peak_force_n": 6.859959981509569,
      "peak_forward_slip_mm_s": 424.6765393531136,
      "forward_slip_mm": 34.61437939055586,
      "swing_fraction_start": 0.30634287247685377,
      "swing_fraction_end": 0.36821630964306773
    },
    {
      "leg": "RR",
      "start_s": 7.96,
      "end_s": 8.1,
      "duration_s": 0.14,
      "peak_force_n": 6.590648106990714,
      "peak_forward_slip_mm_s": 637.2170905976606,
      "forward_slip_mm": 69.2172995327132,
      "swing_fraction_start": 0.5081518567564862,
      "swing_fraction_end": 0.6848842967512982
    },
    {
      "leg": "RR",
      "start_s": 8.2,
      "end_s": 8.28,
      "duration_s": 0.08,
      "peak_force_n": 7.823055370772571,
      "peak_forward_slip_mm_s": 194.83288588062794,
      "forward_slip_mm": 6.145290373470828,
      "swing_fraction_start": 0.8640639842512983,
      "swing_fraction_end": 0.9517382038596052
    },
    {
      "leg": "RL",
      "start_s": 8.54,
      "end_s": 8.62,
      "duration_s": 0.08,
      "peak_force_n": 6.691243826508149,
      "peak_forward_slip_mm_s": 475.59767018909855,
      "forward_slip_mm": 29.456380693326363,
      "swing_fraction_start": 0.3100819552901166,
      "swing_fraction_end": 0.3555686737063306
    },
    {
      "leg": "RL",
      "start_s": 8.7,
      "end_s": 8.82,
      "duration_s": 0.12,
      "peak_force_n": 5.7808118245664435,
      "peak_forward_slip_mm_s": 709.5564732269689,
      "forward_slip_mm": 65.33418583955368,
      "swing_fraction_start": 0.44889406332997295,
      "swing_fraction_end": 0.577419463491716
    },
    {
      "leg": "RR",
      "start_s": 9.36,
      "end_s": 9.48,
      "duration_s": 0.12,
      "peak_force_n": 9.389900821379236,
      "peak_forward_slip_mm_s": 692.1970251982286,
      "forward_slip_mm": 64.4672429366749,
      "swing_fraction_start": 0.3474558390143305,
      "swing_fraction_end": 0.42230232248333976
    },
    {
      "leg": "RL",
      "start_s": 10.36,
      "end_s": 10.48,
      "duration_s": 0.12,
      "peak_force_n": 7.904352371427618,
      "peak_forward_slip_mm_s": 845.6507573529332,
      "forward_slip_mm": 87.74424117186967,
      "swing_fraction_start": 0.5150016022684956,
      "swing_fraction_end": 0.6809024168017292
    },
    {
      "leg": "RR",
      "start_s": 10.96,
      "end_s": 11.04,
      "duration_s": 0.08,
      "peak_force_n": 9.759138740613,
      "peak_forward_slip_mm_s": 664.0982111701834,
      "forward_slip_mm": 38.90575140152643,
      "swing_fraction_start": 0.3668481899264242,
      "swing_fraction_end": 0.4007974220278647
    },
    {
      "leg": "FL",
      "start_s": 11.42,
      "end_s": 11.5,
      "duration_s": 0.08,
      "peak_force_n": 11.902827132003303,
      "peak_forward_slip_mm_s": 598.1146659151993,
      "forward_slip_mm": 21.128220849849292,
      "swing_fraction_start": 0.7681775105955984,
      "swing_fraction_end": 0.8226111043455984
    },
    {
      "leg": "RL",
      "start_s": 11.86,
      "end_s": 11.94,
      "duration_s": 0.08,
      "peak_force_n": 8.934118613797736,
      "peak_forward_slip_mm_s": 614.0342463652621,
      "forward_slip_mm": 37.075409918168994,
      "swing_fraction_start": 0.37423458824185385,
      "swing_fraction_end": 0.4085927892687704
    },
    {
      "leg": "FR",
      "start_s": 12.28,
      "end_s": 12.36,
      "duration_s": 0.08,
      "peak_force_n": 12.912620759979125,
      "peak_forward_slip_mm_s": 319.67055392276524,
      "forward_slip_mm": 15.239131114923957,
      "swing_fraction_start": 0.7747380949023155,
      "swing_fraction_end": 0.8284627033236411
    },
    {
      "leg": "RR",
      "start_s": 13.3,
      "end_s": 13.4,
      "duration_s": 0.1,
      "peak_force_n": 8.934935728877178,
      "peak_forward_slip_mm_s": 189.29764642508115,
      "forward_slip_mm": 6.383698190368248,
      "swing_fraction_start": 0.9034260738852411,
      "swing_fraction_end": 0.9920041991236597
    },
    {
      "leg": "RL",
      "start_s": 13.58,
      "end_s": 13.7,
      "duration_s": 0.12,
      "peak_force_n": 6.185937963802407,
      "peak_forward_slip_mm_s": 510.4659729910272,
      "forward_slip_mm": 37.57658581013278,
      "swing_fraction_start": 0.2929104734423549,
      "swing_fraction_end": 0.3790030504229456
    },
    {
      "leg": "RR",
      "start_s": 14.42,
      "end_s": 14.54,
      "duration_s": 0.12,
      "peak_force_n": 10.929984139826008,
      "peak_forward_slip_mm_s": 836.3622137087101,
      "forward_slip_mm": 78.58546193412923,
      "swing_fraction_start": 0.38345389137295793,
      "swing_fraction_end": 0.441496465301791
    },
    {
      "leg": "FL",
      "start_s": 14.76,
      "end_s": 14.94,
      "duration_s": 0.18,
      "peak_force_n": 16.448118740625453,
      "peak_forward_slip_mm_s": 252.40307284327474,
      "forward_slip_mm": 25.56740131727426,
      "swing_fraction_start": 0.6100073803427608,
      "swing_fraction_end": 0.8119480169775877
    },
    {
      "leg": "FR",
      "start_s": 16.02,
      "end_s": 16.12,
      "duration_s": 0.1,
      "peak_force_n": 7.254044921666735,
      "peak_forward_slip_mm_s": 50.49043557524274,
      "forward_slip_mm": 4.2646473512382315,
      "swing_fraction_start": 0.9090175939562712,
      "swing_fraction_end": 0.9945754040244017
    },
    {
      "leg": "RR",
      "start_s": 16.34,
      "end_s": 16.42,
      "duration_s": 0.08,
      "peak_force_n": 7.9441078379829655,
      "peak_forward_slip_mm_s": 570.4158890381219,
      "forward_slip_mm": 34.639402936141835,
      "swing_fraction_start": 0.36644890675572483,
      "swing_fraction_end": 0.40901728758839706
    },
    {
      "leg": "FR",
      "start_s": 17.54,
      "end_s": 17.64,
      "duration_s": 0.1,
      "peak_force_n": 15.240605526026478,
      "peak_forward_slip_mm_s": 450.8062271925735,
      "forward_slip_mm": 28.04026413996607,
      "swing_fraction_start": 0.6686918959978021,
      "swing_fraction_end": 0.7764262709978018
    },
    {
      "leg": "RR",
      "start_s": 18.06,
      "end_s": 18.14,
      "duration_s": 0.08,
      "peak_force_n": 7.007304306073802,
      "peak_forward_slip_mm_s": 416.66447380106115,
      "forward_slip_mm": 26.464080519127247,
      "swing_fraction_start": 0.31261110404757564,
      "swing_fraction_end": 0.3499060259225757
    },
    {
      "leg": "RR",
      "start_s": 18.52,
      "end_s": 18.6,
      "duration_s": 0.08,
      "peak_force_n": 8.536255345121528,
      "peak_forward_slip_mm_s": 103.14205631066982,
      "forward_slip_mm": 4.904099507978076,
      "swing_fraction_start": 0.8585908279779346,
      "swing_fraction_end": 0.9423099694612413
    },
    {
      "leg": "RL",
      "start_s": 18.96,
      "end_s": 19.06,
      "duration_s": 0.1,
      "peak_force_n": 6.132356765578673,
      "peak_forward_slip_mm_s": 710.8076874295539,
      "forward_slip_mm": 54.642562002070626,
      "swing_fraction_start": 0.39801193932322554,
      "swing_fraction_end": 0.4783424089315327
    },
    {
      "leg": "RL",
      "start_s": 19.08,
      "end_s": 19.18,
      "duration_s": 0.1,
      "peak_force_n": 6.578051334792464,
      "peak_forward_slip_mm_s": 654.7527907009364,
      "forward_slip_mm": 49.06509439530168,
      "swing_fraction_start": 0.5261471007230671,
      "swing_fraction_end": 0.6409564946058186
    },
    {
      "leg": "RR",
      "start_s": 19.76,
      "end_s": 19.86,
      "duration_s": 0.1,
      "peak_force_n": 6.690706984257264,
      "peak_forward_slip_mm_s": 879.3126913930003,
      "forward_slip_mm": 66.84360821886516,
      "swing_fraction_start": 0.41017840842036346,
      "swing_fraction_end": 0.47700965741900525
    },
    {
      "leg": "RL",
      "start_s": 20.44,
      "end_s": 20.58,
      "duration_s": 0.14,
      "peak_force_n": 6.575109010011091,
      "peak_forward_slip_mm_s": 435.956052571966,
      "forward_slip_mm": 36.52716192194424,
      "swing_fraction_start": 0.24186635473994356,
      "swing_fraction_end": 0.37314565161494384
    },
    {
      "leg": "RL",
      "start_s": 20.6,
      "end_s": 20.7,
      "duration_s": 0.1,
      "peak_force_n": 7.836493975312507,
      "peak_forward_slip_mm_s": 772.9915458426682,
      "forward_slip_mm": 56.49397153324031,
      "swing_fraction_start": 0.4207026837232506,
      "swing_fraction_end": 0.5350167582395471
    },
    {
      "leg": "RR",
      "start_s": 21.28,
      "end_s": 21.4,
      "duration_s": 0.12,
      "peak_force_n": 8.796569340957731,
      "peak_forward_slip_mm_s": 711.6966277414607,
      "forward_slip_mm": 60.3915381122149,
      "swing_fraction_start": 0.3625914881589809,
      "swing_fraction_end": 0.4155332980516353
    },
    {
      "leg": "RR",
      "start_s": 24.9,
      "end_s": 24.98,
      "duration_s": 0.08,
      "peak_force_n": 6.972141420585742,
      "peak_forward_slip_mm_s": 829.2924438370901,
      "forward_slip_mm": 53.499041810630146,
      "swing_fraction_start": 0.38678790072230584,
      "swing_fraction_end": 0.4542472765806127
    },
    {
      "leg": "RL",
      "start_s": 26.06,
      "end_s": 26.22,
      "duration_s": 0.16,
      "peak_force_n": 8.692405570745866,
      "peak_forward_slip_mm_s": 243.0422885763869,
      "forward_slip_mm": 20.12060932740812,
      "swing_fraction_start": 0.8195719299676825,
      "swing_fraction_end": 0.9987547431352541
    },
    {
      "leg": "FL",
      "start_s": 26.78,
      "end_s": 26.94,
      "duration_s": 0.16,
      "peak_force_n": 14.999151485818492,
      "peak_forward_slip_mm_s": 191.99807111832217,
      "forward_slip_mm": 22.36602701769515,
      "swing_fraction_start": 0.5949165342214513,
      "swing_fraction_end": 0.7583763049009251
    },
    {
      "leg": "RR",
      "start_s": 27.1,
      "end_s": 27.18,
      "duration_s": 0.08,
      "peak_force_n": 8.328277062401922,
      "peak_forward_slip_mm_s": 125.24786073894235,
      "forward_slip_mm": 8.317956321622294,
      "swing_fraction_start": 0.9157263014676977,
      "swing_fraction_end": 0.9953763077619482
    },
    {
      "leg": "FR",
      "start_s": 28.04,
      "end_s": 28.18,
      "duration_s": 0.14,
      "peak_force_n": 7.694080769821526,
      "peak_forward_slip_mm_s": 48.49915765219705,
      "forward_slip_mm": 4.327014240893289,
      "swing_fraction_start": 0.885062284267228,
      "swing_fraction_end": 0.9983216474416665
    },
    {
      "leg": "RR",
      "start_s": 28.36,
      "end_s": 28.44,
      "duration_s": 0.08,
      "peak_force_n": 5.781100013388875,
      "peak_forward_slip_mm_s": 304.6132315415616,
      "forward_slip_mm": 12.47304376172926,
      "swing_fraction_start": 0.27833571652201927,
      "swing_fraction_end": 0.32759782532481463
    },
    {
      "leg": "RR",
      "start_s": 28.58,
      "end_s": 28.76,
      "duration_s": 0.18,
      "peak_force_n": 6.114259170995892,
      "peak_forward_slip_mm_s": 748.1719601895538,
      "forward_slip_mm": 105.07139548149829,
      "swing_fraction_start": 0.48043844918040524,
      "swing_fraction_end": 0.7187564370992592
    },
    {
      "leg": "RL",
      "start_s": 29.18,
      "end_s": 29.32,
      "duration_s": 0.14,
      "peak_force_n": 6.769644680803224,
      "peak_forward_slip_mm_s": 407.73592612097843,
      "forward_slip_mm": 48.806061672976135,
      "swing_fraction_start": 0.30661933640269523,
      "swing_fraction_end": 0.3943248031499791
    },
    {
      "leg": "RL",
      "start_s": 29.38,
      "end_s": 29.52,
      "duration_s": 0.14,
      "peak_force_n": 6.741408617070714,
      "peak_forward_slip_mm_s": 891.9138684877098,
      "forward_slip_mm": 91.03135388658433,
      "swing_fraction_start": 0.48121308664111373,
      "swing_fraction_end": 0.658700614965241
    },
    {
      "leg": "RR",
      "start_s": 30.02,
      "end_s": 30.24,
      "duration_s": 0.22,
      "peak_force_n": 9.317739266763219,
      "peak_forward_slip_mm_s": 893.6654516185453,
      "forward_slip_mm": 143.89226769978438,
      "swing_fraction_start": 0.33797764400271646,
      "swing_fraction_end": 0.5017088971498418
    },
    {
      "leg": "RL",
      "start_s": 30.82,
      "end_s": 31.0,
      "duration_s": 0.18,
      "peak_force_n": 6.375411950981754,
      "peak_forward_slip_mm_s": 581.0432789160873,
      "forward_slip_mm": 66.63757102591316,
      "swing_fraction_start": 0.2642980287435457,
      "swing_fraction_end": 0.4261534974935459
    },
    {
      "leg": "RL",
      "start_s": 31.06,
      "end_s": 31.16,
      "duration_s": 0.1,
      "peak_force_n": 5.785151167167379,
      "peak_forward_slip_mm_s": 594.7726640241043,
      "forward_slip_mm": 51.166159833670456,
      "swing_fraction_start": 0.5140785000684664,
      "swing_fraction_end": 0.6260035155179904
    },
    {
      "leg": "RR",
      "start_s": 31.6,
      "end_s": 31.76,
      "duration_s": 0.16,
      "peak_force_n": 7.687410677678064,
      "peak_forward_slip_mm_s": 487.6360697049632,
      "forward_slip_mm": 49.225456107351796,
      "swing_fraction_start": 0.26371722201136816,
      "swing_fraction_end": 0.40902816036967504
    },
    {
      "leg": "RR",
      "start_s": 31.78,
      "end_s": 31.94,
      "duration_s": 0.16,
      "peak_force_n": 7.575115827249608,
      "peak_forward_slip_mm_s": 819.3901513781474,
      "forward_slip_mm": 104.29671674097517,
      "swing_fraction_start": 0.45482737997798184,
      "swing_fraction_end": 0.6608606002691197
    }
  ],
  "total_seconds_per_leg": {
    "FL": 2.02,
    "FR": 2.1,
    "RL": 4.56,
    "RR": 4.64
  }
}
