$SPOTSTATE pose=custom error=134 torque=on safety=ok balance=full rev=shared-locomotion-v52 caps=trot5,gaitprofiles,arcsupport,centerpivot,jointtrace,jointtracepage,balancecontrol,commandretry,stow,headinghold profile=centerpivot heading=on reverse_limit=1000 recovery=new-command fault_code=0
Servo status (12 configured IDs):
ID 1 pos=1934 speed=0 load=0 voltage=11200mV temp=33C current=0 moving=0 hw=0x00
ID 2 pos=1682 speed=0 load=40 voltage=11300mV temp=35C current=3 moving=0 hw=0x00
ID 3 pos=3310 speed=0 load=56 voltage=11400mV temp=37C current=2 moving=0 hw=0x00
ID 4 pos=2071 speed=0 load=0 voltage=11300mV temp=34C current=0 moving=0 hw=0x00
ID 5 pos=2328 speed=0 load=-40 voltage=11300mV temp=37C current=2 moving=0 hw=0x00
ID 6 pos=727 speed=0 load=-64 voltage=11400mV temp=35C current=2 moving=0 hw=0x00
ID 7 pos=2083 speed=0 load=0 voltage=11300mV temp=35C current=0 moving=0 hw=0x00
ID 8 pos=1516 speed=0 load=24 voltage=11300mV temp=31C current=1 moving=0 hw=0x00
ID 9 pos=3393 speed=0 load=56 voltage=11300mV temp=39C current=2 moving=0 hw=0x00
ID 10 pos=1956 speed=0 load=0 voltage=11400mV temp=35C current=0 moving=0 hw=0x00
ID 11 pos=2681 speed=0 load=-24 voltage=11300mV temp=35C current=1 moving=0 hw=0x00
ID 12 pos=633 speed=0 load=-80 voltage=11300mV temp=37C current=2 moving=0 hw=0x00
Bus read retries: attempts=0 recovered=0 failed=0
STOW_RAW id=2 word=1682 raw=1682 goal=-2419 mode=0 res=1 min=0 max=0 torque=1 hw=0
STOW_CONFIG id=2 addr=0: 03 0A 00 09 0B 02 00 00 01 00 00 00 00 50 A0 3C E8 03 0C 2D 2D 20 20 00 00 00 00 00 36 01 01 00 00 00 14 C8 50 0A FA C8
STOW_RAW id=5 word=2328 raw=2328 goal=6429 mode=0 res=1 min=0 max=0 torque=1 hw=0
STOW_CONFIG id=5 addr=0: 03 0A 00 09 0B 05 00 00 01 00 00 00 00 50 A0 3C E8 03 0C 2D 2D 20 20 00 00 00 00 00 36 01 01 00 00 00 14 C8 50 0A FA C8
$SPOTLOG BEGIN total=234 returned=45 time=synced
$SPOTLOG seq=20136 boot=96 uptime_ms=984845 epoch_ms=1789291381217 text=PT t=1793 id=9 a=3397 t=3357 e=40 v=11000 l=328 c=70 r=-30 p=-20 d=2
$SPOTLOG seq=20137 boot=96 uptime_ms=984846 epoch_ms=1789291381218 text=PT t=1839 id=9 a=3397 t=3357 e=40 v=11000 l=328 c=68 r=-30 p=-20 d=2
$SPOTLOG seq=20138 boot=96 uptime_ms=984847 epoch_ms=1789291381219 text=PT t=1886 id=9 a=3397 t=3357 e=40 v=11000 l=328 c=67 r=-30 p=-20 d=2
$SPOTLOG seq=20139 boot=96 uptime_ms=984848 epoch_ms=1789291381220 text=PT t=1933 id=9 a=3397 t=3357 e=40 v=11000 l=328 c=68 r=-30 p=-20 d=2
$SPOTLOG seq=20140 boot=96 uptime_ms=984848 epoch_ms=1789291381220 text=PT t=1979 id=9 a=3397 t=3357 e=40 v=11000 l=328 c=75 r=-30 p=-20 d=2
$SPOTLOG seq=20141 boot=96 uptime_ms=984849 epoch_ms=1789291381221 text=PT t=2026 id=9 a=3397 t=3357 e=40 v=11000 l=328 c=80 r=-30 p=-20 d=2
$SPOTLOG seq=20142 boot=96 uptime_ms=984850 epoch_ms=1789291381222 text=PT t=2072 id=9 a=3397 t=3357 e=40 v=11000 l=328 c=75 r=-30 p=-20 d=4
$SPOTLOG seq=20143 boot=96 uptime_ms=984851 epoch_ms=1789291381223 text=RESULT result=final position verification failed servo=9 bus=ok error=0x00
$SPOTLOG seq=20144 boot=96 uptime_ms=985146 epoch_ms=1789291381518 text=CMD link=ble read 1
$SPOTLOG seq=20145 boot=96 uptime_ms=1009234 epoch_ms=1789291405035 text=CMD link=ble read 1
$SPOTLOG seq=20146 boot=96 uptime_ms=1011085 epoch_ms=1789291406886 text=CMD link=ble stand
$SPOTLOG seq=20147 boot=96 uptime_ms=1013461 epoch_ms=1789291409262 text=POSE stand no-progress elapsed=2186 nominal=300 hold=2
$SPOTLOG seq=20148 boot=96 uptime_ms=1013466 epoch_ms=1789291409267 text=POSE_HEALTH id=6 temp=150 hw=0x00 transient=2
$SPOTLOG seq=20149 boot=96 uptime_ms=1013467 epoch_ms=1789291409268 text=PT t=1114 id=9 a=3387 t=3347 e=40 v=11000 l=328 c=83 r=-30 p=-23 d=2
$SPOTLOG seq=20150 boot=96 uptime_ms=1013467 epoch_ms=1789291409268 text=PT t=1161 id=9 a=3387 t=3347 e=40 v=11000 l=328 c=72 r=-30 p=-23 d=2
$SPOTLOG seq=20151 boot=96 uptime_ms=1013468 epoch_ms=1789291409269 text=PT t=1207 id=9 a=3387 t=3347 e=40 v=11000 l=328 c=84 r=-30 p=-23 d=2
$SPOTLOG seq=20152 boot=96 uptime_ms=1013469 epoch_ms=1789291409270 text=PT t=1254 id=9 a=3387 t=3347 e=40 v=11000 l=328 c=71 r=-30 p=-23 d=2
$SPOTLOG seq=20153 boot=96 uptime_ms=1013470 epoch_ms=1789291409271 text=PT t=1301 id=9 a=3387 t=3347 e=40 v=11000 l=328 c=75 r=-30 p=-23 d=2
$SPOTLOG seq=20154 boot=96 uptime_ms=1013470 epoch_ms=1789291409271 text=PT t=1347 id=9 a=3387 t=3347 e=40 v=11000 l=328 c=80 r=-30 p=-23 d=2
$SPOTLOG seq=20155 boot=96 uptime_ms=1013471 epoch_ms=1789291409272 text=PT t=1394 id=9 a=3387 t=3347 e=40 v=11000 l=328 c=71 r=-30 p=-23 d=2
$SPOTLOG seq=20156 boot=96 uptime_ms=1013472 epoch_ms=1789291409273 text=PT t=1440 id=9 a=3387 t=3347 e=40 v=11000 l=328 c=81 r=-30 p=-23 d=2
$SPOTLOG seq=20157 boot=96 uptime_ms=1013473 epoch_ms=1789291409274 text=PT t=1486 id=9 a=3387 t=3347 e=40 v=11000 l=328 c=70 r=-30 p=-23 d=2
$SPOTLOG seq=20158 boot=96 uptime_ms=1013473 epoch_ms=1789291409274 text=PT t=1534 id=9 a=3387 t=3347 e=40 v=11000 l=328 c=69 r=-30 p=-23 d=2
$SPOTLOG seq=20159 boot=96 uptime_ms=1013474 epoch_ms=1789291409275 text=PT t=1580 id=9 a=3387 t=3347 e=40 v=11000 l=328 c=71 r=-30 p=-23 d=2
$SPOTLOG seq=20160 boot=96 uptime_ms=1013475 epoch_ms=1789291409276 text=PT t=1627 id=9 a=3387 t=3347 e=40 v=11000 l=328 c=72 r=-30 p=-23 d=2
$SPOTLOG seq=20161 boot=96 uptime_ms=1013476 epoch_ms=1789291409277 text=PT t=1674 id=9 a=3387 t=3347 e=40 v=11000 l=328 c=70 r=-30 p=-23 d=2
$SPOTLOG seq=20162 boot=96 uptime_ms=1013476 epoch_ms=1789291409277 text=PT t=1720 id=9 a=3387 t=3347 e=40 v=11000 l=328 c=75 r=-30 p=-23 d=2
$SPOTLOG seq=20163 boot=96 uptime_ms=1013477 epoch_ms=1789291409278 text=PT t=1767 id=9 a=3387 t=3347 e=40 v=11000 l=328 c=75 r=-30 p=-23 d=2
$SPOTLOG seq=20164 boot=96 uptime_ms=1013478 epoch_ms=1789291409279 text=PT t=1813 id=9 a=3387 t=3347 e=40 v=11000 l=328 c=67 r=-30 p=-23 d=2
$SPOTLOG seq=20165 boot=96 uptime_ms=1013479 epoch_ms=1789291409280 text=PT t=1860 id=9 a=3387 t=3347 e=40 v=11000 l=328 c=68 r=-30 p=-23 d=2
$SPOTLOG seq=20166 boot=96 uptime_ms=1013479 epoch_ms=1789291409280 text=PT t=1907 id=9 a=3387 t=3347 e=40 v=11000 l=328 c=78 r=-30 p=-23 d=2
$SPOTLOG seq=20167 boot=96 uptime_ms=1013480 epoch_ms=1789291409281 text=PT t=1953 id=9 a=3387 t=3347 e=40 v=11000 l=328 c=68 r=-30 p=-23 d=2
$SPOTLOG seq=20168 boot=96 uptime_ms=1013481 epoch_ms=1789291409282 text=PT t=2000 id=9 a=3387 t=3347 e=40 v=11000 l=328 c=68 r=-30 p=-23 d=2
$SPOTLOG seq=20169 boot=96 uptime_ms=1013482 epoch_ms=1789291409283 text=PT t=2047 id=9 a=3387 t=3347 e=40 v=11000 l=328 c=92 r=-30 p=-23 d=2
$SPOTLOG seq=20170 boot=96 uptime_ms=1013482 epoch_ms=1789291409283 text=PT t=2093 id=9 a=3387 t=3347 e=40 v=11000 l=328 c=85 r=-30 p=-23 d=2
$SPOTLOG seq=20171 boot=96 uptime_ms=1013483 epoch_ms=1789291409284 text=PT t=2140 id=9 a=3387 t=3347 e=40 v=11000 l=328 c=76 r=-30 p=-23 d=2
$SPOTLOG seq=20172 boot=96 uptime_ms=1013484 epoch_ms=1789291409285 text=PT t=2186 id=9 a=3387 t=3347 e=40 v=11000 l=328 c=67 r=-30 p=-23 d=4
$SPOTLOG seq=20173 boot=96 uptime_ms=1013485 epoch_ms=1789291409286 text=RESULT result=final position verification failed servo=9 bus=ok error=0x00
$SPOTLOG seq=20174 boot=96 uptime_ms=1013756 epoch_ms=1789291409557 text=CMD link=ble read 1
$SPOTLOG seq=20175 boot=96 uptime_ms=1020553 epoch_ms=1789291416354 text=CMD link=ble drive -573 0 1
$SPOTLOG seq=20176 boot=96 uptime_ms=1020590 epoch_ms=1789291416391 text=RESULT result=invalid argument servo=9 bus=ok error=0x00
$SPOTLOG seq=20177 boot=96 uptime_ms=1021705 epoch_ms=1789291417506 text=CMD link=ble read 1
$SPOTLOG seq=20178 boot=96 uptime_ms=1025892 epoch_ms=1789291421693 text=CMD link=ble read 1
$SPOTLOG seq=20179 boot=96 uptime_ms=1058622 epoch_ms=1789291454423 text=CMD link=ble status
$SPOTLOG seq=20180 boot=96 uptime_ms=1058896 epoch_ms=1789291454697 text=CMD link=ble stowdiag
$SPOTLOG END