{
  "input": -1000,
  "lift_mm": [
    20,
    20,
    20,
    20
  ],
  "width_mm": [
    -30,
    -30,
    30,
    30
  ],
  "heading": true,
  "seconds": 20,
  "physics": "estimated",
  "summary": {
    "walk": {
      "x_range_mm": 31.089493603897957,
      "y_range_mm": 65.20528612788463,
      "yaw_range_deg": 10.730500736600872,
      "roll_range_deg": 21.09399126584243,
      "pitch_range_deg": 8.425884386733959,
      "tilt_peak_deg": 11.533625424278691,
      "min_loaded_feet": 2,
      "tracking_peak_deg": 15.192563757085487
    },
    "steady": {
      "x_range_mm": 31.089493603897957,
      "y_range_mm": 43.83901013092355,
      "yaw_range_deg": 7.369369915363897,
      "roll_range_deg": 20.923897863674874,
      "pitch_range_deg": 8.388549239244924,
      "tilt_peak_deg": 11.533625424278691,
      "min_loaded_feet": 2,
      "tracking_peak_deg": 15.192563757085487
    },
    "displacement_mm": [
      10.136836691615414,
      50.0058890262693,
      -0.39896620316501696
    ],
    "final_yaw_deg": 6.364600692884307,
    "first_fault": null,
    "stopped": true,
    "stop": {
      "x_range_mm": 16.232429173158636,
      "y_range_mm": 21.572172428342085,
      "yaw_range_deg": 5.807082981535098,
      "roll_range_deg": 11.605234727485445,
      "pitch_range_deg": 5.095226549462375,
      "tilt_peak_deg": 10.053887069885127,
      "min_loaded_feet": 2,
      "tracking_peak_deg": 13.851315219649488
    }
  },
  "source_hash": "c51f92411c2ad0ad75376ef1a708bd4b7070877763a824cd0342d8b4be0fe747"
}
