{
  "input": 1000,
  "lift_mm": [
    0,
    0,
    0,
    0
  ],
  "width_mm": [
    0,
    0,
    0,
    0
  ],
  "heading": true,
  "seconds": 20,
  "physics": "estimated",
  "summary": {
    "walk": {
      "x_range_mm": 7.969652093956633,
      "y_range_mm": 73.43286537304162,
      "yaw_range_deg": 4.196281571227192,
      "roll_range_deg": 14.879164915758594,
      "pitch_range_deg": 5.933764763494492,
      "tilt_peak_deg": 7.760168505783464,
      "min_loaded_feet": 2,
      "tracking_peak_deg": 5.851151498718914
    },
    "steady": {
      "x_range_mm": 7.430672783525367,
      "y_range_mm": 58.11189619819497,
      "yaw_range_deg": 3.8656041672672443,
      "roll_range_deg": 14.879164915758594,
      "pitch_range_deg": 5.9073106528827,
      "tilt_peak_deg": 7.760168505783464,
      "min_loaded_feet": 2,
      "tracking_peak_deg": 5.781082100182957
    },
    "displacement_mm": [
      0.36294397095336706,
      -64.35882611243215,
      -0.27137729597028226
    ],
    "final_yaw_deg": -0.8487006608514936,
    "first_fault": null,
    "stopped": true,
    "stop": {
      "x_range_mm": 6.354871076619496,
      "y_range_mm": 16.33298826730895,
      "yaw_range_deg": 2.0683567358536683,
      "roll_range_deg": 10.607285887547931,
      "pitch_range_deg": 4.7966548843222885,
      "tilt_peak_deg": 7.546754419452401,
      "min_loaded_feet": 2,
      "tracking_peak_deg": 5.184847031753132
    }
  },
  "source_hash": "c51f92411c2ad0ad75376ef1a708bd4b7070877763a824cd0342d8b4be0fe747"
}
