{
  "input": 1000,
  "lift_mm": [
    20,
    20,
    20,
    20
  ],
  "width_mm": [
    -30,
    -30,
    30,
    30
  ],
  "heading": true,
  "seconds": 20,
  "physics": "estimated",
  "summary": {
    "walk": {
      "x_range_mm": 28.175968334128235,
      "y_range_mm": 68.72198263663137,
      "yaw_range_deg": 11.08786463955138,
      "roll_range_deg": 21.111903644302735,
      "pitch_range_deg": 8.223865382353493,
      "tilt_peak_deg": 11.562343438200413,
      "min_loaded_feet": 2,
      "tracking_peak_deg": 15.1924150386864
    },
    "steady": {
      "x_range_mm": 28.175968334128235,
      "y_range_mm": 46.725256741378644,
      "yaw_range_deg": 7.766355360298011,
      "roll_range_deg": 20.94858036386747,
      "pitch_range_deg": 8.199198164605672,
      "tilt_peak_deg": 11.562343438200413,
      "min_loaded_feet": 2,
      "tracking_peak_deg": 15.1924150386864
    },
    "displacement_mm": [
      6.692653485915493,
      -54.53218920745957,
      -0.39246160383979145
    ],
    "final_yaw_deg": -6.784681685711063,
    "first_fault": null,
    "stopped": true,
    "stop": {
      "x_range_mm": 16.38996950712084,
      "y_range_mm": 21.512768726453174,
      "yaw_range_deg": 5.890025031665361,
      "roll_range_deg": 11.632582746586063,
      "pitch_range_deg": 5.0930523255125095,
      "tilt_peak_deg": 10.043667421236572,
      "min_loaded_feet": 2,
      "tracking_peak_deg": 13.8509070062016
    }
  },
  "source_hash": "c51f92411c2ad0ad75376ef1a708bd4b7070877763a824cd0342d8b4be0fe747"
}
