{
  "input": 1000,
  "lift_mm": [
    20,
    20,
    20,
    20
  ],
  "width_mm": [
    -30,
    -30,
    30,
    30
  ],
  "heading": false,
  "seconds": 20,
  "physics": "estimated",
  "summary": {
    "walk": {
      "x_range_mm": 24.685256031147954,
      "y_range_mm": 101.82600276934838,
      "yaw_range_deg": 15.930555592657203,
      "roll_range_deg": 20.615458952863783,
      "pitch_range_deg": 8.187372888311092,
      "tilt_peak_deg": 11.097081199123595,
      "min_loaded_feet": 2,
      "tracking_peak_deg": 14.384379145568907
    },
    "steady": {
      "x_range_mm": 22.64790659934587,
      "y_range_mm": 78.12586287177616,
      "yaw_range_deg": 12.713278010735282,
      "roll_range_deg": 20.596594190279955,
      "pitch_range_deg": 6.037313892220666,
      "tilt_peak_deg": 11.078216436539769,
      "min_loaded_feet": 2,
      "tracking_peak_deg": 14.384379145568907
    },
    "displacement_mm": [
      -13.961724981052601,
      -98.55912276406765,
      -0.4005030829728753
    ],
    "final_yaw_deg": -12.18506667535659,
    "first_fault": null,
    "stopped": true,
    "stop": {
      "x_range_mm": 15.093569730621589,
      "y_range_mm": 20.387825631115618,
      "yaw_range_deg": 5.659345582180681,
      "roll_range_deg": 11.630957037200446,
      "pitch_range_deg": 5.080964302525335,
      "tilt_peak_deg": 10.043350094702125,
      "min_loaded_feet": 2,
      "tracking_peak_deg": 13.703941517468815
    }
  },
  "source_hash": "c51f92411c2ad0ad75376ef1a708bd4b7070877763a824cd0342d8b4be0fe747"
}
