$JT,M,1,252,252,0,0,2,3400,254
$JT,R,shared-locomotion-v47
$JT,J,0,1,1929,-1
$JT,J,1,2,2077,-1
$JT,J,2,3,1965,1
$JT,J,3,4,2089,1
$JT,J,4,5,1922,1
$JT,J,5,6,2081,-1
$JT,J,6,7,2104,-1
$JT,J,7,8,1942,-1
$JT,J,8,9,1964,1
$JT,J,9,10,1951,1
$JT,J,10,11,2255,1
$JT,J,11,12,2046,-1
$JT,P,0,12,504
$JT,C,0,46390,46391,1929,1565,2989,2089,2435,1056,2104,1430,2987,1951,2767,1022
$JT,C,1,46411,46411,1929,1565,2988,2089,2435,1055,2104,1431,2986,1951,2767,1021
$JT,C,2,46431,46431,1929,1565,2988,2089,2435,1055,2104,1431,2986,1951,2768,1021
$JT,C,3,46451,46451,1929,1565,2988,2089,2436,1054,2104,1431,2985,1951,2768,1021
$JT,C,4,46471,46471,1929,1564,2988,2089,2437,1054,2104,1430,2985,1951,2769,1021
$JT,C,5,46491,46491,1929,1564,2988,2089,2437,1054,2104,1430,2985,1951,2769,1021
$JT,C,6,46511,46511,1929,1563,2988,2089,2439,1052,2104,1429,2985,1951,2770,1021
$JT,C,7,46531,46531,1929,1562,2988,2089,2441,1052,2104,1428,2985,1951,2772,1020
$JT,C,8,46551,46551,1929,1559,2988,2089,2442,1052,2104,1427,2985,1951,2774,1020
$JT,C,9,46571,46571,1929,1558,2988,2089,2444,1052,2104,1424,2985,1951,2776,1020
$JT,C,10,46591,46591,1928,1556,2988,2090,2447,1052,2103,1422,2985,1952,2778,1020
$JT,C,11,46611,46611,1928,1554,2988,2090,2449,1052,2103,1420,2985,1952,2781,1020
$JT,P,12,12,504
$JT,C,12,46631,46631,1928,1550,2988,2090,2452,1051,2103,1416,2985,1952,2783,1020
$JT,C,13,46651,46651,1928,1547,2989,2090,2454,1051,2103,1414,2985,1952,2786,1020
$JT,C,14,46671,46671,1928,1543,2989,2090,2459,1051,2103,1411,2985,1952,2790,1020
$JT,C,15,46691,46691,1928,1540,2989,2090,2462,1051,2103,1406,2985,1952,2793,1020
$JT,C,16,46711,46711,1927,1535,2990,2091,2467,1050,2102,1403,2985,1953,2798,1020
$JT,C,17,46731,46731,1927,1531,2990,2091,2470,1050,2102,1398,2985,1953,2801,1020
$JT,C,18,46751,46751,1927,1527,2990,2091,2475,1050,2102,1395,2985,1953,2806,1020
$JT,C,19,46771,46771,1927,1522,2990,2091,2480,1049,2102,1390,2985,1953,2810,1020
$JT,C,20,46791,46791,1926,1517,2991,2092,2485,1049,2101,1384,2985,1954,2815,1019
$JT,C,21,46811,46811,1926,1513,2991,2092,2490,1049,2101,1380,2986,1954,2820,1019
$JT,C,22,46831,46831,1926,1508,2991,2092,2494,1049,2101,1375,2986,1954,2825,1019
$JT,C,23,46851,46851,1926,1502,2991,2092,2500,1048,2101,1370,2986,1954,2831,1019
$JT,P,24,12,504
$JT,C,24,46871,46871,1924,1498,2992,2094,2505,1048,2099,1365,2986,1956,2835,1017
$JT,C,25,46891,46891,1924,1492,2992,2094,2510,1048,2099,1361,2986,1956,2840,1017
$JT,C,26,46911,46911,1924,1488,2992,2094,2515,1048,2099,1355,2987,1956,2846,1017
$JT,C,27,46931,46931,1923,1482,2992,2095,2520,1047,2098,1350,2987,1957,2850,1017
$JT,C,28,46951,46951,1923,1477,2992,2095,2525,1047,2098,1346,2987,1957,2856,1016
$JT,C,29,46971,46971,1923,1473,2992,2095,2530,1047,2098,1340,2987,1957,2860,1016
$JT,C,30,46991,46991,1923,1468,2994,2095,2535,1046,2098,1336,2987,1957,2865,1016
$JT,C,31,47011,47011,1922,1464,2994,2096,2539,1046,2097,1332,2987,1958,2869,1016
$JT,C,32,47031,47031,1922,1459,2994,2096,2543,1046,2097,1328,2987,1958,2874,1015
$JT,C,33,47051,47051,1922,1456,2994,2096,2548,1046,2097,1323,2988,1958,2877,1015
$JT,C,34,47071,47071,1922,1452,2994,2096,2551,1046,2097,1320,2988,1958,2881,1015
$JT,C,35,47091,47091,1922,1449,2994,2096,2555,1044,2097,1316,2988,1958,2884,1015
$JT,P,36,12,504
$JT,C,36,47111,47111,1921,1446,2995,2097,2558,1044,2096,1313,2988,1959,2888,1015
$JT,C,37,47131,47131,1921,1442,2995,2097,2560,1044,2096,1311,2988,1959,2891,1014
$JT,C,38,47151,47151,1921,1440,2995,2097,2564,1044,2096,1308,2988,1959,2893,1014
$JT,C,39,47171,47171,1921,1438,2995,2097,2566,1044,2096,1306,2989,1959,2896,1014
$JT,C,40,47191,47191,1921,1436,2995,2097,2567,1044,2096,1304,2989,1959,2898,1014
$JT,C,41,47211,47211,1921,1434,2995,2097,2569,1044,2096,1301,2989,1959,2899,1014
$JT,C,42,47231,47231,1921,1433,2994,2097,2571,1044,2096,1300,2989,1959,2901,1013
$JT,C,43,47251,47251,1921,1432,2994,2097,2572,1044,2096,1299,2989,1959,2902,1013
$JT,C,44,47271,47271,1921,1432,2994,2097,2572,1044,2096,1299,2989,1959,2904,1013
$JT,C,45,47291,47291,1921,1431,2994,2097,2573,1044,2096,1298,2989,1959,2904,1013
$JT,C,46,47311,47311,1921,1431,2994,2097,2573,1044,2096,1298,2989,1959,2904,1013
$JT,C,47,47331,47331,1921,1431,2994,2097,2573,1044,2096,1298,2989,1959,2905,1013
$JT,P,48,12,504
$JT,C,48,47351,47351,1921,1431,2994,2097,2573,1044,2096,1298,2989,1959,2905,1013
$JT,C,49,47371,47371,1920,1431,2994,2098,2573,1044,2095,1298,2989,1960,2905,1013
$JT,C,50,47391,47392,1920,1431,2994,2098,2573,1044,2095,1297,2989,1960,2905,1012
$JT,C,51,47411,47412,1920,1431,2994,2098,2573,1044,2095,1297,2989,1960,2905,1012
$JT,C,52,47431,47432,1920,1431,2994,2098,2573,1044,2095,1297,2989,1960,2905,1012
$JT,C,53,47451,47452,1920,1431,2994,2098,2573,1044,2095,1297,2989,1960,2905,1012
$JT,C,54,47471,47472,1920,1431,2994,2098,2573,1044,2095,1297,2989,1960,2905,1012
$JT,C,55,47491,47492,1920,1431,2994,2098,2574,1044,2095,1297,2989,1960,2905,1012
$JT,C,56,47511,47512,1920,1432,2994,2098,2574,1044,2095,1297,2989,1960,2905,1012
$JT,C,57,47531,47532,1920,1432,2994,2098,2574,1044,2095,1297,2989,1960,2904,1012
$JT,C,58,47551,47552,1920,1432,2994,2098,2575,1046,2095,1296,2989,1960,2904,1012
$JT,C,59,47571,47572,1920,1432,2994,2098,2576,1046,2095,1295,2988,1960,2904,1012
$JT,P,60,12,504
$JT,C,60,47591,47592,1920,1433,2994,2098,2577,1046,2095,1293,2988,1960,2902,1012
$JT,C,61,47611,47612,1920,1433,2994,2098,2578,1046,2095,1292,2988,1960,2902,1011
$JT,C,62,47631,47632,1920,1433,2994,2098,2581,1046,2095,1290,2988,1960,2902,1011
$JT,C,63,47651,47652,1920,1434,2994,2098,2583,1046,2095,1289,2988,1960,2902,1011
$JT,C,64,47671,47672,1920,1434,2994,2098,2584,1044,2095,1287,2989,1960,2901,1011
$JT,C,65,47691,47692,1920,1434,2994,2098,2586,1042,2095,1284,2991,1960,2901,1011
$JT,C,66,47711,47712,1920,1434,2994,2098,2588,1039,2095,1283,2994,1960,2902,1011
$JT,C,67,47731,47732,1920,1433,2994,2098,2589,1035,2095,1282,2998,1960,2902,1011
$JT,C,68,47751,47752,1920,1432,2994,2098,2588,1031,2095,1283,3003,1960,2904,1012
$JT,C,69,47771,47772,1920,1431,2992,2098,2585,1025,2095,1287,3008,1960,2905,1012
$JT,C,70,47791,47792,1920,1430,2992,2098,2580,1021,2095,1291,3013,1960,2907,1013
$JT,C,71,47811,47812,1920,1427,2991,2098,2572,1015,2095,1299,3018,1960,2909,1014
$JT,P,72,12,504
$JT,C,72,47831,47832,1920,1424,2990,2098,2561,1011,2095,1311,3021,1960,2911,1015
$JT,C,73,47851,47852,1920,1421,2988,2098,2548,1010,2095,1324,3023,1960,2916,1016
$JT,C,74,47871,47872,1920,1416,2986,2098,2532,1011,2095,1339,3022,1960,2921,1019
$JT,C,75,47891,47892,1920,1411,2983,2098,2518,1015,2095,1353,3019,1960,2924,1021
$JT,C,76,47911,47912,1920,1407,2980,2098,2507,1018,2095,1364,3014,1960,2930,1024
$JT,C,77,47931,47932,1920,1402,2978,2098,2499,1022,2095,1373,3011,1960,2934,1027
$JT,C,78,47951,47952,1920,1397,2973,2098,2494,1024,2095,1378,3008,1960,2940,1030
$JT,C,79,47971,47972,1920,1391,2970,2098,2493,1025,2095,1379,3006,1960,2946,1033
$JT,C,80,47991,47992,1920,1385,2965,2098,2494,1025,2095,1378,3006,1960,2951,1038
$JT,C,81,48011,48012,1920,1380,2959,2098,2497,1025,2095,1375,3006,1960,2957,1042
$JT,C,82,48031,48032,1920,1374,2955,2098,2500,1025,2095,1373,3006,1960,2963,1047
$JT,C,83,48051,48052,1920,1368,2949,2098,2502,1025,2095,1370,3005,1960,2968,1053
$JT,P,84,12,504
$JT,C,84,48071,48072,1920,1362,2942,2098,2507,1026,2095,1366,3005,1960,2974,1060
$JT,C,85,48091,48092,1920,1357,2936,2098,2511,1026,2095,1362,3004,1960,2980,1065
$JT,C,86,48111,48112,1920,1351,2930,2098,2516,1026,2095,1357,3004,1960,2985,1072
$JT,C,87,48131,48132,1920,1345,2926,2098,2520,1027,2095,1353,3003,1960,2991,1075
$JT,C,88,48151,48152,1920,1340,2930,2098,2526,1029,2095,1346,3002,1960,2997,1072
$JT,C,89,48171,48172,1920,1334,2940,2098,2532,1030,2095,1340,3001,1960,3003,1063
$JT,C,90,48191,48192,1920,1331,2956,2098,2539,1031,2095,1334,2999,1960,3007,1048
$JT,C,91,48211,48212,1920,1329,2976,2098,2546,1032,2095,1328,2997,1960,3007,1028
$JT,C,92,48231,48232,1920,1333,3000,2098,2552,1034,2095,1321,2995,1960,3005,1004
$JT,C,93,48251,48252,1920,1342,3023,2098,2558,1037,2095,1314,2993,1960,2996,981
$JT,C,94,48271,48272,1920,1356,3044,2098,2565,1039,2095,1308,2990,1960,2982,959
$JT,C,95,48291,48292,1920,1376,3060,2098,2572,1041,2095,1301,2988,1960,2962,943
$JT,P,96,12,504
$JT,C,96,48311,48312,1920,1401,3069,2098,2578,1043,2095,1296,2986,1960,2935,933
$JT,C,97,48331,48332,1920,1430,3071,2098,2585,1047,2095,1289,2982,1960,2907,930
$JT,C,98,48351,48352,1920,1459,3068,2098,2591,1050,2095,1283,2980,1960,2876,933
$JT,C,99,48371,48372,1920,1488,3060,2098,2597,1054,2095,1278,2977,1960,2847,940
$JT,C,100,48391,48392,1920,1513,3048,2098,2604,1057,2095,1272,2973,1960,2820,951
$JT,C,101,48411,48412,1920,1533,3037,2098,2608,1060,2095,1266,2970,1960,2799,964
$JT,C,102,48431,48432,1920,1547,3025,2098,2614,1065,2095,1260,2966,1960,2784,975
$JT,C,103,48451,48452,1920,1554,3016,2098,2619,1070,2095,1256,2963,1960,2776,983
$JT,C,104,48471,48472,1920,1555,3012,2098,2625,1074,2095,1250,2960,1960,2775,989
$JT,C,105,48491,48492,1920,1549,3011,2098,2630,1079,2095,1246,2956,1960,2780,991
$JT,C,106,48511,48512,1920,1540,3011,2098,2634,1084,2095,1241,2952,1960,2787,992
$JT,C,107,48531,48532,1920,1532,3011,2098,2640,1089,2095,1237,2948,1960,2795,992
$JT,P,108,12,504
$JT,C,108,48551,48552,1920,1523,3012,2098,2644,1093,2095,1233,2944,1960,2803,992
$JT,C,109,48571,48572,1920,1515,3012,2098,2649,1099,2095,1229,2939,1960,2811,994
$JT,C,110,48591,48592,1920,1507,3011,2098,2654,1105,2095,1225,2935,1960,2819,994
$JT,C,111,48611,48612,1920,1500,3011,2098,2658,1109,2095,1222,2930,1960,2827,995
$JT,C,112,48631,48632,1920,1492,3011,2098,2663,1115,2095,1218,2925,1960,2835,996
$JT,C,113,48651,48652,1920,1485,3009,2098,2666,1117,2095,1214,2923,1960,2842,997
$JT,C,114,48671,48672,1920,1477,3009,2098,2671,1114,2095,1209,2928,1960,2850,999
$JT,C,115,48691,48692,1920,1471,3008,2098,2675,1104,2095,1205,2938,1960,2857,1000
$JT,C,116,48711,48712,1920,1465,3006,2098,2680,1087,2095,1201,2953,1960,2864,1002
$JT,C,117,48731,48732,1920,1458,3005,2098,2681,1066,2095,1200,2973,1960,2872,1004
$JT,C,118,48751,48752,1920,1452,3003,2098,2677,1041,2095,1202,2995,1960,2879,1005
$JT,C,119,48771,48772,1920,1447,3000,2098,2670,1017,2095,1209,3016,1960,2885,1007
$JT,P,120,12,504
$JT,C,120,48791,48792,1920,1440,2998,2098,2656,996,2095,1221,3037,1960,2893,1008
$JT,C,121,48811,48812,1920,1434,2996,2098,2637,978,2095,1239,3053,1960,2900,1011
$JT,C,122,48831,48832,1920,1428,2992,2098,2611,967,2095,1260,3063,1960,2907,1013
$JT,C,123,48851,48852,1920,1423,2990,2098,2583,963,2095,1288,3068,1960,2913,1016
$JT,C,124,48871,48872,1920,1417,2987,2098,2552,964,2095,1315,3065,1960,2919,1019
$JT,C,125,48905,48906,1920,1411,2983,2098,2522,972,2095,1344,3060,1960,2926,1022
$JT,C,126,48926,48927,1920,1402,2976,2098,2477,991,2095,1386,3040,1960,2937,1028
$JT,C,127,48946,48947,1920,1397,2973,2098,2458,1004,2095,1405,3028,1960,2942,1031
$JT,C,128,48966,48967,1920,1391,2969,2098,2448,1013,2095,1417,3018,1960,2948,1035
$JT,C,129,48986,48987,1920,1385,2964,2098,2443,1019,2095,1423,3011,1960,2954,1039
$JT,C,130,49006,49007,1920,1381,2959,2098,2445,1023,2095,1423,3006,1960,2959,1044
$JT,C,131,49026,49027,1920,1375,2954,2098,2452,1024,2095,1419,3005,1960,2965,1047
$JT,P,132,12,504
$JT,C,132,49046,49047,1920,1369,2948,2098,2461,1023,2095,1412,3005,1960,2970,1052
$JT,C,133,49066,49067,1920,1365,2942,2098,2470,1022,2095,1404,3005,1960,2974,1056
$JT,C,134,49086,49087,1920,1360,2938,2098,2480,1022,2095,1396,3004,1960,2977,1061
$JT,C,135,49106,49107,1920,1356,2932,2098,2489,1022,2095,1388,3004,1960,2982,1066
$JT,C,136,49126,49127,1920,1351,2928,2098,2498,1022,2095,1380,3003,1960,2985,1071
$JT,C,137,49146,49147,1920,1347,2922,2098,2506,1023,2095,1373,3003,1960,2989,1075
$JT,C,138,49166,49167,1920,1343,2917,2098,2515,1023,2095,1365,3002,1960,2992,1079
$JT,C,139,49186,49187,1920,1339,2917,2098,2523,1024,2095,1358,2999,1960,2996,1077
$JT,C,140,49206,49207,1920,1334,2924,2098,2531,1025,2095,1350,2998,1960,2999,1069
$JT,C,141,49226,49227,1920,1329,2938,2098,2538,1026,2095,1344,2996,1960,3003,1055
$JT,C,142,49246,49247,1920,1327,2957,2098,2546,1027,2095,1337,2994,1960,3005,1036
$JT,C,143,49266,49267,1920,1327,2980,2098,2551,1029,2095,1330,2993,1960,3004,1014
$JT,P,144,12,504
$JT,C,144,49286,49287,1920,1333,3005,2098,2558,1031,2095,1323,2990,1960,2999,991
$JT,C,145,49306,49307,1920,1343,3028,2098,2564,1033,2095,1316,2988,1960,2990,970
$JT,C,146,49326,49327,1920,1360,3047,2098,2571,1035,2095,1309,2986,1960,2975,951
$JT,C,147,49346,49347,1920,1383,3061,2098,2576,1038,2095,1303,2983,1960,2956,939
$JT,C,148,49366,49367,1920,1409,3069,2098,2581,1041,2095,1296,2981,1960,2933,931
$JT,C,149,49386,49387,1920,1439,3070,2098,2586,1043,2095,1289,2979,1960,2907,930
$JT,C,150,49406,49407,1920,1469,3065,2098,2591,1047,2095,1283,2975,1960,2881,934
$JT,C,151,49426,49427,1920,1499,3056,2098,2597,1050,2095,1276,2973,1960,2856,942
$JT,C,152,49446,49447,1920,1524,3044,2098,2601,1054,2095,1271,2970,1960,2833,953
$JT,C,153,49466,49467,1920,1543,3032,2098,2607,1057,2095,1265,2966,1960,2816,965
$JT,C,154,49486,49487,1920,1557,3021,2098,2611,1060,2095,1259,2963,1960,2803,975
$JT,C,155,49506,49507,1920,1563,3014,2098,2616,1064,2095,1254,2958,1960,2797,983
$JT,P,156,12,504
$JT,C,156,49526,49527,1920,1562,3009,2098,2621,1068,2095,1248,2955,1960,2797,989
$JT,C,157,49546,49547,1920,1556,3009,2098,2625,1072,2095,1242,2950,1960,2801,990
$JT,C,158,49566,49567,1920,1547,3011,2098,2630,1076,2095,1238,2946,1960,2808,991
$JT,C,159,49586,49587,1920,1539,3011,2098,2634,1080,2095,1233,2940,1960,2815,992
$JT,C,160,49606,49607,1920,1530,3012,2098,2638,1084,2095,1229,2936,1960,2822,994
$JT,C,161,49626,49627,1920,1522,3012,2098,2642,1088,2095,1224,2930,1960,2828,994
$JT,C,162,49646,49647,1920,1514,3012,2098,2646,1091,2095,1220,2923,1960,2835,995
$JT,C,163,49666,49667,1920,1506,3011,2098,2649,1096,2095,1216,2917,1960,2842,996
$JT,C,164,49686,49687,1920,1498,3011,2098,2654,1098,2095,1212,2913,1960,2849,997
$JT,C,165,49706,49707,1920,1490,3009,2098,2657,1098,2095,1208,2912,1960,2856,999
$JT,C,166,49726,49727,1920,1482,3009,2098,2660,1091,2095,1202,2916,1960,2861,1000
$JT,C,167,49746,49747,1920,1475,3008,2098,2665,1080,2095,1199,2928,1960,2868,1002
$JT,P,168,12,504
$JT,C,168,49766,49767,1920,1467,3006,2098,2667,1063,2095,1196,2946,1960,2874,1004
$JT,C,169,49786,49787,1920,1460,3005,2098,2667,1043,2095,1196,2969,1960,2880,1005
$JT,C,170,49806,49807,1920,1453,3003,2098,2664,1023,2095,1199,2994,1960,2885,1007
$JT,C,171,49826,49827,1920,1447,3000,2098,2657,1002,2095,1208,3018,1960,2891,1008
$JT,C,172,49846,49847,1920,1440,2998,2098,2644,985,2095,1223,3038,1960,2897,1011
$JT,C,173,49866,49867,1920,1433,2995,2098,2629,973,2095,1243,3054,1960,2902,1012
$JT,C,174,49886,49887,1920,1427,2992,2098,2609,966,2095,1268,3064,1960,2907,1014
$JT,C,175,49906,49907,1920,1421,2989,2098,2586,965,2095,1298,3068,1960,2913,1015
$JT,C,176,49926,49927,1920,1415,2986,2098,2563,968,2095,1328,3065,1960,2917,1017
$JT,C,177,49946,49947,1920,1409,2982,2098,2539,976,2095,1357,3057,1960,2922,1020
$JT,C,178,49966,49967,1920,1403,2978,2098,2518,986,2095,1383,3046,1960,2926,1022
$JT,C,179,49986,49987,1920,1398,2974,2098,2501,997,2095,1405,3034,1960,2931,1024
$JT,P,180,12,504
$JT,C,180,50006,50007,1920,1394,2972,2098,2487,1008,2095,1410,3021,1960,2935,1027
$JT,C,181,50026,50027,1920,1393,2970,2098,2481,1016,2095,1406,3013,1960,2940,1030
$JT,C,182,50046,50047,1920,1392,2970,2098,2480,1021,2095,1396,3008,1960,2944,1032
$JT,C,183,50066,50067,1920,1391,2969,2098,2486,1023,2095,1387,3005,1960,2947,1033
$JT,C,184,50086,50087,1920,1390,2967,2098,2497,1023,2095,1378,3004,1960,2948,1035
$JT,C,185,50106,50107,1920,1390,2966,2098,2507,1023,2095,1369,3003,1960,2949,1035
$JT,C,186,50126,50127,1920,1389,2966,2098,2516,1023,2095,1359,3001,1960,2949,1036
$JT,C,187,50146,50147,1920,1389,2966,2098,2524,1024,2095,1353,2998,1960,2949,1036
$JT,C,188,50166,50167,1920,1389,2966,2098,2532,1025,2095,1346,2997,1960,2949,1036
$JT,C,189,50186,50187,1920,1390,2967,2098,2539,1026,2095,1339,2995,1960,2948,1035
$JT,C,190,50206,50207,1920,1391,2969,2098,2546,1026,2095,1333,2993,1960,2947,1035
$JT,C,191,50226,50227,1920,1392,2970,2098,2551,1027,2095,1329,2990,1960,2946,1033
$JT,P,192,12,504
$JT,C,192,50246,50247,1920,1394,2971,2098,2556,1029,2095,1324,2989,1960,2943,1031
$JT,C,193,50266,50267,1920,1397,2974,2098,2560,1030,2095,1320,2987,1960,2941,1028
$JT,C,194,50286,50287,1920,1400,2978,2098,2565,1031,2095,1316,2986,1960,2938,1023
$JT,C,195,50306,50307,1920,1405,2982,2098,2568,1032,2095,1313,2985,1960,2934,1019
$JT,C,196,50326,50327,1920,1408,2986,2098,2571,1033,2095,1311,2983,1960,2930,1015
$JT,C,197,50346,50347,1920,1414,2989,2098,2573,1034,2095,1307,2983,1960,2925,1012
$JT,C,198,50366,50367,1920,1418,2991,2098,2574,1035,2095,1306,2983,1960,2919,1009
$JT,C,199,50386,50387,1920,1424,2992,2098,2576,1037,2095,1304,2983,1960,2915,1008
$JT,C,200,50406,50407,1920,1428,2992,2098,2576,1038,2095,1303,2983,1960,2910,1008
$JT,C,201,50426,50427,1920,1433,2990,2098,2577,1039,2095,1301,2983,1960,2906,1009
$JT,C,202,50446,50446,1921,1433,2990,2097,2576,1039,2096,1301,2983,1959,2906,1009
$JT,C,203,50466,50466,1921,1433,2990,2097,2576,1039,2096,1300,2985,1959,2906,1009
$JT,P,204,12,504
$JT,C,204,50486,50486,1921,1433,2990,2097,2576,1040,2096,1300,2985,1959,2906,1009
$JT,C,205,50506,50506,1921,1433,2990,2097,2575,1040,2096,1301,2985,1959,2906,1009
$JT,C,206,50526,50526,1921,1434,2990,2097,2575,1040,2096,1301,2985,1959,2905,1009
$JT,C,207,50546,50546,1921,1434,2990,2097,2574,1040,2096,1303,2985,1959,2905,1009
$JT,C,208,50566,50566,1921,1435,2990,2097,2573,1040,2096,1304,2985,1959,2902,1009
$JT,C,209,50586,50586,1921,1436,2991,2097,2572,1040,2096,1305,2985,1959,2901,1011
$JT,C,210,50606,50606,1921,1438,2991,2097,2571,1040,2096,1306,2985,1959,2900,1011
$JT,C,211,50626,50626,1921,1440,2991,2097,2568,1040,2096,1308,2985,1959,2898,1011
$JT,C,212,50646,50646,1921,1442,2991,2097,2566,1040,2096,1311,2983,1959,2896,1011
$JT,C,213,50666,50666,1921,1444,2991,2097,2564,1040,2096,1313,2983,1959,2892,1012
$JT,C,214,50686,50686,1921,1447,2991,2097,2561,1040,2096,1316,2983,1959,2890,1012
$JT,C,215,50706,50706,1922,1450,2990,2096,2558,1040,2097,1320,2982,1958,2886,1012
$JT,P,216,12,504
$JT,C,216,50726,50726,1922,1453,2990,2096,2555,1040,2097,1323,2982,1958,2883,1012
$JT,C,217,50746,50746,1922,1458,2990,2096,2550,1040,2097,1326,2982,1958,2880,1012
$JT,C,218,50766,50766,1922,1461,2990,2096,2547,1040,2097,1331,2982,1958,2875,1012
$JT,C,219,50786,50786,1922,1466,2990,2096,2542,1040,2097,1334,2982,1958,2872,1013
$JT,C,220,50806,50806,1923,1471,2990,2095,2538,1041,2098,1339,2981,1957,2867,1013
$JT,C,221,50826,50826,1923,1475,2989,2095,2533,1041,2098,1344,2981,1957,2863,1013
$JT,C,222,50846,50846,1923,1480,2989,2095,2528,1041,2098,1348,2981,1957,2857,1013
$JT,C,223,50866,50866,1923,1484,2989,2095,2524,1041,2098,1354,2981,1957,2852,1013
$JT,C,224,50886,50886,1924,1490,2989,2094,2518,1041,2099,1358,2980,1956,2848,1014
$JT,C,225,50906,50906,1924,1494,2988,2094,2514,1041,2099,1364,2980,1956,2842,1014
$JT,C,226,50926,50926,1924,1499,2988,2094,2508,1042,2099,1369,2980,1956,2838,1014
$JT,C,227,50946,50946,1926,1505,2988,2092,2503,1042,2101,1373,2980,1954,2832,1014
$JT,P,228,12,504
$JT,C,228,50966,50966,1926,1510,2987,2092,2498,1042,2101,1379,2979,1954,2827,1014
$JT,C,229,50986,50986,1926,1515,2987,2092,2493,1043,2101,1383,2979,1954,2823,1014
$JT,C,230,51006,51006,1926,1519,2987,2092,2489,1043,2101,1388,2979,1954,2817,1015
$JT,C,231,51026,51026,1927,1524,2987,2091,2483,1043,2102,1394,2979,1953,2813,1015
$JT,C,232,51046,51046,1927,1529,2987,2091,2478,1043,2102,1398,2978,1953,2808,1015
$JT,C,233,51066,51066,1927,1533,2987,2091,2474,1043,2102,1403,2978,1953,2803,1015
$JT,C,234,51086,51086,1927,1538,2986,2091,2470,1043,2102,1406,2978,1953,2799,1016
$JT,C,235,51106,51106,1928,1541,2986,2090,2466,1043,2103,1411,2977,1952,2795,1016
$JT,C,236,51126,51126,1928,1545,2986,2090,2462,1043,2103,1414,2977,1952,2791,1016
$JT,C,237,51146,51146,1928,1548,2986,2090,2459,1043,2103,1417,2977,1952,2787,1017
$JT,C,238,51166,51166,1928,1551,2986,2090,2456,1043,2103,1421,2975,1952,2784,1017
$JT,C,239,51186,51186,1928,1554,2987,2090,2453,1043,2103,1424,2975,1952,2782,1017
$JT,P,240,12,504
$JT,C,240,51206,51206,1928,1557,2986,2090,2451,1043,2103,1427,2975,1952,2778,1017
$JT,C,241,51226,51226,1929,1559,2986,2089,2449,1043,2104,1429,2975,1951,2776,1019
$JT,C,242,51246,51246,1929,1560,2986,2089,2447,1043,2104,1431,2975,1951,2775,1019
$JT,C,243,51266,51266,1929,1563,2986,2089,2445,1043,2104,1432,2975,1951,2773,1019
$JT,C,244,51286,51286,1929,1564,2986,2089,2443,1043,2104,1433,2975,1951,2772,1019
$JT,C,245,51306,51306,1929,1565,2986,2089,2442,1043,2104,1435,2975,1951,2770,1019
$JT,C,246,51326,51326,1929,1565,2986,2089,2442,1043,2104,1436,2974,1951,2769,1019
$JT,C,247,51346,51346,1929,1566,2986,2089,2441,1043,2104,1436,2974,1951,2769,1019
$JT,C,248,51366,51366,1929,1566,2986,2089,2441,1043,2104,1437,2974,1951,2769,1019
$JT,C,249,51386,51386,1929,1566,2986,2089,2441,1043,2104,1437,2974,1951,2769,1019
$JT,C,250,51406,51406,1929,1566,2986,2089,2441,1043,2104,1437,2974,1951,2768,1019
$JT,C,251,51426,51426,1929,1566,2986,2089,2441,1043,2104,1437,2974,1951,2768,1019
$JT,P,252,12,504
$JT,S,46391,46393,0,7,0,1440,0,80,11,11300,33,0
$JT,S,46411,46413,1,8,0,2994,0,76,2,11300,44,0
$JT,S,46431,46433,2,9,0,1958,0,64,2,11300,34,0
$JT,S,46451,46453,3,10,0,2764,0,-32,1,11200,33,0
$JT,S,46471,46473,4,11,0,996,0,-208,13,11200,38,0
$JT,S,46491,46493,5,0,0,1928,0,0,0,11200,31,0
$JT,S,46511,46513,6,1,0,1566,0,28,1,11300,30,0
$JT,S,46531,46533,7,2,0,3000,0,104,10,11400,34,0
$JT,S,46551,46553,8,3,0,2089,0,0,0,11300,32,0
$JT,S,46571,46573,9,4,0,2439,100,-24,0,11300,30,0
$JT,S,46591,46593,10,5,0,1034,0,-152,8,11400,34,0
$JT,S,46611,46613,11,6,0,2098,0,-44,1,11300,34,0
$JT,P,264,12,504
$JT,S,46631,46633,12,7,0,1433,-100,104,14,11300,33,0
$JT,S,46651,46653,13,8,0,2994,0,80,3,11200,44,0
$JT,S,46671,46673,14,9,0,1958,0,56,1,11300,34,0
$JT,S,46691,46693,15,10,0,2781,150,-76,4,11200,33,0
$JT,S,46711,46713,16,11,0,996,0,-200,13,11100,38,0
$JT,S,46731,46733,17,0,0,1928,0,0,0,11200,31,0
$JT,S,46751,46753,18,1,0,1538,-200,56,3,11300,31,0
$JT,S,46771,46773,19,2,0,3000,0,88,6,11400,34,0
$JT,S,46791,46793,20,3,0,2089,0,-24,0,11400,32,0
$JT,S,46811,46813,21,4,0,2479,250,-44,3,11300,30,0
$JT,S,46831,46833,22,5,0,1034,0,-128,5,11400,34,0
$JT,S,46851,46853,23,6,0,2098,0,-32,1,11300,33,0
$JT,P,276,12,504
$JT,S,46871,46873,24,7,0,1383,-250,116,9,11300,33,0
$JT,S,46891,46893,25,8,0,2994,0,72,3,11300,44,0
$JT,S,46911,46913,26,9,0,1958,0,20,0,11300,34,0
$JT,S,46931,46933,27,10,0,2838,250,-60,1,11200,33,0
$JT,S,46951,46953,28,11,0,997,0,-160,9,11200,38,0
$JT,S,46971,46973,29,0,0,1928,0,48,1,11200,31,0
$JT,S,46991,46993,30,1,0,1477,-300,44,0,11300,31,0
$JT,S,47011,47013,31,2,0,3000,0,64,3,11400,34,0
$JT,S,47031,47033,32,3,0,2090,0,-56,1,11300,32,0
$JT,S,47051,47053,33,4,0,2540,250,-24,0,11300,30,0
$JT,S,47071,47073,34,5,0,1034,0,-104,4,11400,34,0
$JT,S,47091,47093,35,6,0,2098,0,0,0,11300,33,0
$JT,P,288,12,504
$JT,S,47111,47113,36,7,0,1322,-300,60,2,11300,33,0
$JT,S,47131,47133,37,8,0,2993,0,48,1,11300,44,0
$JT,S,47151,47153,38,9,0,1958,0,0,0,11300,34,0
$JT,S,47171,47173,39,10,0,2892,150,-4,0,11300,33,0
$JT,S,47191,47193,40,11,0,1001,50,-108,4,11300,38,0
$JT,S,47211,47213,41,0,0,1928,0,64,2,11200,31,0
$JT,S,47231,47233,42,1,0,1433,-100,4,1,11300,31,0
$JT,S,47251,47253,43,2,0,3000,0,60,3,11400,34,0
$JT,S,47271,47273,44,3,0,2090,0,-64,1,11400,32,0
$JT,S,47291,47293,45,4,0,2574,50,16,0,11300,30,0
$JT,S,47311,47313,46,5,0,1034,0,-88,3,11400,34,0
$JT,S,47331,47333,47,6,0,2096,0,0,0,11300,33,0
$JT,P,300,12,504
$JT,S,47351,47353,48,7,0,1298,-50,0,0,11300,33,0
$JT,S,47371,47373,49,8,0,2992,0,32,0,11300,44,0
$JT,S,47392,47394,50,9,0,1958,0,-28,0,11300,34,0
$JT,S,47412,47414,51,10,0,2906,0,8,0,11300,33,0
$JT,S,47432,47434,52,11,0,1003,0,-80,3,11300,38,0
$JT,S,47452,47454,53,0,0,1928,0,72,2,11200,31,0
$JT,S,47472,47474,54,1,0,1428,0,-24,2,11300,30,0
$JT,S,47492,47494,55,2,0,3000,0,56,3,11400,34,0
$JT,S,47512,47514,56,3,0,2090,0,-72,2,11400,32,0
$JT,S,47532,47534,57,4,0,2576,0,16,0,11300,30,0
$JT,S,47552,47554,58,5,0,1034,0,-88,4,11400,34,0
$JT,S,47572,47574,59,6,0,2096,0,0,0,11300,33,0
$JT,P,312,12,504
$JT,S,47592,47594,60,7,0,1298,0,36,1,11300,33,0
$JT,S,47612,47614,61,8,0,2992,0,40,1,11300,44,0
$JT,S,47632,47634,62,9,0,1958,0,-24,0,11300,34,0
$JT,S,47652,47654,63,10,0,2905,0,24,1,11300,33,0
$JT,S,47672,47674,64,11,0,1003,0,-72,2,11300,38,0
$JT,S,47692,47694,65,0,0,1928,0,72,2,11200,31,0
$JT,S,47712,47714,66,1,0,1428,0,-48,4,11300,31,0
$JT,S,47732,47734,67,2,0,3000,0,56,3,11400,34,0
$JT,S,47752,47754,68,3,0,2090,0,-72,2,11400,32,0
$JT,S,47772,47774,69,4,0,2589,0,16,0,11300,30,0
$JT,S,47792,47794,70,5,0,1029,-200,0,0,11400,34,0
$JT,S,47812,47814,71,6,0,2096,0,0,0,11300,33,0
$JT,P,324,12,504
$JT,S,47832,47834,72,7,0,1287,0,-72,4,11300,33,0
$JT,S,47852,47854,73,8,0,3011,200,-64,1,11300,44,0
$JT,S,47872,47874,74,9,0,1959,0,0,0,11300,34,0
$JT,S,47892,47894,75,10,0,2912,50,-72,4,11200,33,0
$JT,S,47912,47914,76,11,0,1003,0,-156,7,11200,38,0
$JT,S,47932,47934,77,0,0,1928,0,72,2,11200,31,0
$JT,S,47952,47954,78,1,0,1410,-150,72,5,11200,31,0
$JT,S,47972,47974,79,2,0,3001,0,224,24,11300,34,0
$JT,S,47992,47994,80,3,0,2093,0,-48,1,11300,32,0
$JT,S,48012,48014,81,4,0,2512,-200,140,27,11300,30,0
$JT,S,48032,48034,82,5,0,1016,50,-80,3,11400,34,0
$JT,S,48052,48054,83,6,0,2095,-50,0,0,11200,33,0
$JT,P,336,12,504
$JT,S,48072,48074,84,7,0,1367,0,-12,0,11200,33,0
$JT,S,48092,48094,85,8,0,3018,0,124,25,11200,44,0
$JT,S,48112,48114,86,9,0,1958,0,-24,1,11100,34,0
$JT,S,48132,48134,87,10,0,2957,200,-220,56,11100,33,0
$JT,S,48152,48154,88,11,0,1005,0,-552,101,11000,38,0
$JT,S,48172,48174,89,0,0,1919,-100,-20,0,11100,31,0
$JT,S,48192,48194,90,1,0,1348,-250,112,11,11100,31,0
$JT,S,48212,48214,91,2,0,2946,-200,136,9,11300,34,0
$JT,S,48232,48234,92,3,0,2090,0,-72,3,11300,32,0
$JT,S,48252,48254,93,4,0,2550,400,-16,0,11300,30,0
$JT,S,48272,48274,94,5,0,1022,50,-124,6,11400,34,0
$JT,S,48292,48294,95,6,0,2094,0,0,0,11300,33,0
$JT,P,348,12,504
$JT,S,48312,48314,96,7,0,1304,-350,24,0,11300,33,0
$JT,S,48332,48334,97,8,0,3000,-200,108,4,11300,45,0
$JT,S,48352,48354,98,9,0,1955,0,-48,1,11200,34,0
$JT,S,48372,48374,99,10,0,2937,-1050,280,33,11000,33,0
$JT,S,48392,48394,100,11,0,1001,-800,260,5,11100,38,0
$JT,S,48412,48414,101,0,0,1925,0,48,0,10900,31,0
$JT,S,48432,48434,102,1,0,1441,1050,-576,209,10900,31,0
$JT,S,48452,48454,103,2,0,3024,600,-280,14,10900,34,0
$JT,S,48472,48474,104,3,0,2089,0,-80,3,11200,32,0
$JT,S,48492,48494,105,4,0,2615,100,-72,3,11200,30,0
$JT,S,48512,48514,106,5,0,1044,150,-264,26,11200,34,0
$JT,S,48532,48534,107,6,0,2093,-50,-24,1,11100,33,0
$JT,P,360,12,504
$JT,S,48552,48554,108,7,0,1259,-100,184,39,10800,33,0
$JT,S,48572,48574,109,8,0,3000,100,468,193,10800,44,0
$JT,S,48592,48594,110,9,0,1962,0,24,0,11100,34,0
$JT,S,48612,48614,111,10,0,2807,400,-84,6,11000,33,0
$JT,S,48632,48634,112,11,0,933,250,-324,25,11000,38,0
$JT,S,48652,48654,113,0,0,1920,100,24,0,11000,31,0
$JT,S,48672,48674,114,1,0,1497,-200,108,6,11200,31,0
$JT,S,48692,48694,115,2,0,3032,-100,180,7,11300,34,0
$JT,S,48712,48714,116,3,0,2098,250,0,0,11300,32,0
$JT,S,48732,48734,117,4,0,2671,400,-76,2,11300,30,0
$JT,S,48752,48754,118,5,0,1089,150,-108,4,11400,34,0
$JT,S,48772,48774,119,6,0,2094,50,20,0,11300,33,0
$JT,P,372,12,504
$JT,S,48792,48794,120,7,0,1198,0,-72,6,11300,33,0
$JT,S,48812,48814,121,8,0,2938,-250,-260,47,11100,44,0
$JT,S,48832,48834,122,9,0,1962,0,24,0,11200,34,0
$JT,S,48852,48854,123,10,0,2901,350,-44,1,11200,33,0
$JT,S,48872,48903,124,11,0,1011,50,-76,2,11100,38,0
$JT,S,48906,48908,125,0,0,1925,0,48,1,11100,31,0
$JT,S,48927,48929,126,1,0,1411,-100,0,0,11100,31,0
$JT,S,48947,48949,127,2,0,3002,-50,196,36,11100,34,0
$JT,S,48967,48969,128,3,0,2100,0,28,1,11000,32,0
$JT,S,48987,48989,129,4,0,2542,-1250,636,276,10900,30,0
$JT,S,49007,49009,130,5,0,997,-550,252,12,11000,34,0
$JT,S,49027,49029,131,6,0,2101,100,64,1,11200,33,0
$JT,P,384,12,504
$JT,S,49047,49049,132,7,0,1412,750,-48,2,11300,33,0
$JT,S,49067,49069,133,8,0,3073,500,164,11,11300,45,0
$JT,S,49087,49089,134,9,0,1965,100,56,2,11200,34,0
$JT,S,49107,49109,135,10,0,2956,0,-168,35,10900,33,0
$JT,S,49127,49129,136,11,0,1017,-100,-392,55,10900,38,0
$JT,S,49147,49149,137,0,0,1926,0,56,2,11000,31,0
$JT,S,49167,49169,138,1,0,1361,-550,120,8,11100,31,0
$JT,S,49187,49189,139,2,0,2950,-450,224,13,11200,34,0
$JT,S,49207,49209,140,3,0,2101,-50,28,1,11200,32,0
$JT,S,49227,49229,141,4,0,2522,400,-64,0,11200,30,0
$JT,S,49247,49249,142,5,0,1010,50,-132,4,11300,34,0
$JT,S,49267,49269,143,6,0,2094,-150,-20,0,11200,33,0
$JT,P,396,12,504
$JT,S,49287,49289,144,7,0,1351,-450,168,20,11300,33,0
$JT,S,49307,49309,145,8,0,3033,-250,336,96,11000,44,0
$JT,S,49327,49329,146,9,0,1958,-50,-28,1,11300,34,0
$JT,S,49347,49349,147,10,0,2995,-150,132,7,11200,33,0
$JT,S,49367,49369,148,11,0,1041,-250,260,6,11200,38,0
$JT,S,49387,49389,149,0,0,1925,0,52,1,11000,31,0
$JT,S,49407,49409,150,1,0,1362,750,-436,132,11000,31,0
$JT,S,49427,49429,151,2,0,2982,650,-336,40,11100,34,0
$JT,S,49447,49449,152,3,0,2096,-50,-24,1,11200,32,0
$JT,S,49467,49469,153,4,0,2607,150,52,3,11100,30,0
$JT,S,49487,49489,154,5,0,1043,100,-112,3,11300,34,0
$JT,S,49507,49509,155,6,0,2092,-50,-36,0,11200,33,0
$JT,P,408,12,504
$JT,S,49527,49529,156,7,0,1272,-250,156,32,11000,32,0
$JT,S,49547,49549,157,8,0,2999,100,364,103,11000,45,0
$JT,S,49567,49569,158,9,0,1962,0,24,0,11200,34,0
$JT,S,49587,49589,159,10,0,2802,-300,-40,2,11100,33,0
$JT,S,49607,49609,160,11,0,928,-50,-148,8,11100,38,0
$JT,S,49627,49629,161,0,0,1918,-100,-24,1,11000,31,0
$JT,S,49647,49649,162,1,0,1535,-600,108,3,11100,31,0
$JT,S,49667,49669,163,2,0,3053,-400,156,8,11200,34,0
$JT,S,49687,49689,164,3,0,2103,100,56,1,11200,32,0
$JT,S,49707,49709,165,4,0,2647,150,-52,4,11200,30,0
$JT,S,49727,49729,166,5,0,1066,200,-252,24,11200,34,0
$JT,S,49747,49749,167,6,0,2090,0,-48,1,11200,33,0
$JT,P,420,12,504
$JT,S,49767,49769,168,7,0,1217,-350,152,23,11200,33,0
$JT,S,49787,49789,169,8,0,2946,-550,176,42,11300,45,0
$JT,S,49807,49809,170,9,0,1963,0,32,1,11300,34,0
$JT,S,49827,49829,171,10,0,2881,550,-32,0,11300,33,0
$JT,S,49847,49849,172,11,0,984,150,-196,11,11300,38,0
$JT,S,49867,49869,173,0,0,1924,0,40,0,11100,31,0
$JT,S,49887,49889,174,1,0,1435,-350,16,0,11200,31,0
$JT,S,49907,49909,175,2,0,3015,-50,196,29,11300,34,0
$JT,S,49927,49929,176,3,0,2105,0,60,1,11200,32,0
$JT,S,49947,49949,177,4,0,2641,-600,512,218,10900,30,0
$JT,S,49967,49969,178,5,0,1022,-600,336,29,11200,34,0
$JT,S,49987,49989,179,6,0,2090,-50,-52,1,11100,34,0
$JT,P,432,12,504
$JT,S,50007,50009,180,7,0,1343,1350,-308,26,11100,33,0
$JT,S,50027,50029,181,8,0,3033,600,-180,36,11100,45,0
$JT,S,50047,50049,182,9,0,1964,0,40,1,11200,34,0
$JT,S,50067,50069,183,10,0,2928,150,-128,24,11200,33,0
$JT,S,50087,50089,184,11,0,1005,-100,-248,24,11100,38,0
$JT,S,50107,50109,185,0,0,1926,0,56,2,11100,31,0
$JT,S,50127,50129,186,1,0,1398,0,76,8,11200,31,0
$JT,S,50147,50149,187,2,0,2992,0,220,35,11200,34,0
$JT,S,50167,50169,188,3,0,2099,50,0,0,11300,32,0
$JT,S,50187,50189,189,4,0,2519,450,-96,5,11200,30,0
$JT,S,50207,50209,190,5,0,1004,400,-140,2,11300,34,0
$JT,S,50227,50229,191,6,0,2090,0,-48,1,11200,33,0
$JT,P,444,12,504
$JT,S,50247,50249,192,7,0,1350,-400,172,39,11200,33,0
$JT,S,50267,50269,193,8,0,3054,-450,452,132,11000,45,0
$JT,S,50287,50289,194,9,0,1965,-50,44,1,11300,34,0
$JT,S,50307,50309,195,10,0,2937,100,0,0,11200,33,0
$JT,S,50327,50329,196,11,0,1014,150,-36,0,11200,38,0
$JT,S,50347,50349,197,0,0,1924,0,40,0,11200,31,0
$JT,S,50367,50369,198,1,0,1391,0,-176,52,11300,31,0
$JT,S,50387,50389,199,2,0,2978,-100,-128,5,11300,34,0
$JT,S,50407,50409,200,3,0,2093,0,-48,2,11300,32,0
$JT,S,50427,50429,201,4,0,2588,100,96,13,11300,30,0
$JT,S,50446,50448,202,5,0,1028,50,-96,3,11400,34,0
$JT,S,50466,50468,203,6,0,2090,0,-56,1,11200,34,0
$JT,P,456,12,504
$JT,S,50486,50488,204,7,0,1305,0,40,2,11300,33,0
$JT,S,50506,50508,205,8,0,2994,50,76,3,11300,44,0
$JT,S,50526,50528,206,9,0,1962,0,32,0,11300,34,0
$JT,S,50546,50548,207,10,0,2910,-50,40,2,11200,33,0
$JT,S,50566,50568,208,11,0,1000,-50,-84,3,11300,38,0
$JT,S,50586,50588,209,0,0,1925,0,40,0,11200,31,0
$JT,S,50606,50608,210,1,0,1425,150,-88,8,11300,31,0
$JT,S,50626,50628,211,2,0,2992,100,20,0,11400,34,0
$JT,S,50646,50648,212,3,0,2092,0,-48,1,11300,32,0
$JT,S,50666,50668,213,4,0,2568,-150,28,0,11300,30,0
$JT,S,50686,50688,214,5,0,1028,0,-104,4,11400,34,0
$JT,S,50706,50708,215,6,0,2091,0,-48,1,11300,34,0
$JT,P,468,12,504
$JT,S,50726,50728,216,7,0,1324,100,40,3,11300,33,0
$JT,S,50746,50748,217,8,0,3004,0,184,16,11000,44,0
$JT,S,50766,50768,218,9,0,1964,0,56,2,11300,34,0
$JT,S,50786,50788,219,10,0,2882,-150,56,3,11200,33,0
$JT,S,50806,50808,220,11,0,999,50,-116,5,11200,38,0
$JT,S,50826,50828,221,0,0,1925,0,20,0,11200,31,0
$JT,S,50846,50848,222,1,0,1451,200,-196,41,11100,31,0
$JT,S,50866,50868,223,2,0,2987,-50,-28,0,11200,34,0
$JT,S,50886,50888,224,3,0,2093,0,0,0,11300,32,0
$JT,S,50906,50908,225,4,0,2536,-250,144,23,11300,30,0
$JT,S,50926,50928,226,5,0,1028,0,-112,5,11400,34,0
$JT,S,50946,50948,227,6,0,2091,0,-72,2,11200,33,0
$JT,P,480,12,504
$JT,S,50966,50968,228,7,0,1373,300,-4,0,11300,33,0
$JT,S,50986,50988,229,8,0,2999,50,176,13,11200,44,0
$JT,S,51006,51008,230,9,0,1963,0,80,3,11300,34,0
$JT,S,51026,51028,231,10,0,2821,-300,32,0,11200,33,0
$JT,S,51046,51048,232,11,0,998,-50,-152,8,11300,38,0
$JT,S,51066,51068,233,0,0,1925,0,-24,0,11200,31,0
$JT,S,51086,51088,234,1,0,1520,300,-104,8,11300,31,0
$JT,S,51106,51108,235,2,0,2993,0,68,2,11300,34,0
$JT,S,51126,51128,236,3,0,2094,50,48,0,11300,32,0
$JT,S,51146,51148,237,4,0,2465,-200,36,0,11300,30,0
$JT,S,51166,51168,238,5,0,1028,0,-128,6,11400,34,0
$JT,S,51186,51188,239,6,0,2093,0,-88,4,11300,33,0
$JT,P,492,12,504
$JT,S,51206,51208,240,7,0,1431,150,56,6,11300,33,0
$JT,S,51226,51228,241,8,0,3003,0,232,24,11200,45,0
$JT,S,51246,51248,242,9,0,1964,0,116,6,11300,34,0
$JT,S,51266,51268,243,10,0,2774,-100,4,0,11200,33,0
$JT,S,51286,51288,244,11,0,996,0,-192,12,11200,38,0
$JT,S,51306,51308,245,0,0,1928,50,0,0,11200,31,0
$JT,S,51326,51328,246,1,0,1554,50,-88,13,11300,31,0
$JT,S,51346,51348,247,2,0,2994,50,76,4,11400,34,0
$JT,S,51366,51368,248,3,0,2091,0,24,0,11300,32,0
$JT,S,51386,51388,249,4,0,2443,0,16,0,11200,30,0
$JT,S,51406,51408,250,5,0,1028,0,-128,5,11400,34,0
$JT,S,51426,51428,251,6,0,2095,0,-80,3,11200,34,0
$JT,END
