$JT,M,1,241,241,0,0,2,3400,254
$JT,R,shared-locomotion-v47
$JT,J,0,1,1929,-1
$JT,J,1,2,2077,-1
$JT,J,2,3,1965,1
$JT,J,3,4,2089,1
$JT,J,4,5,1922,1
$JT,J,5,6,2081,-1
$JT,J,6,7,2104,-1
$JT,J,7,8,1942,-1
$JT,J,8,9,1964,1
$JT,J,9,10,1951,1
$JT,J,10,11,2255,1
$JT,J,11,12,2046,-1
$JT,P,0,12,482
$JT,C,0,206370,206371,1929,1565,2989,2089,2435,1056,2104,1431,2987,1951,2767,1022
$JT,C,1,206391,206391,1929,1565,2989,2089,2435,1055,2104,1431,2986,1951,2767,1022
$JT,C,2,206411,206411,1929,1565,2989,2089,2436,1054,2104,1431,2985,1951,2767,1022
$JT,C,3,206431,206431,1929,1564,2989,2089,2436,1052,2104,1431,2983,1951,2767,1022
$JT,C,4,206451,206451,1929,1564,2989,2089,2437,1052,2104,1431,2983,1951,2768,1022
$JT,C,5,206471,206471,1929,1563,2990,2089,2439,1051,2104,1431,2983,1951,2768,1022
$JT,C,6,206491,206491,1929,1562,2990,2089,2440,1051,2104,1430,2982,1951,2769,1022
$JT,C,7,206511,206511,1929,1560,2990,2089,2441,1051,2104,1429,2982,1951,2772,1022
$JT,C,8,206531,206531,1929,1558,2990,2089,2443,1050,2104,1427,2982,1951,2773,1022
$JT,C,9,206551,206551,1929,1557,2990,2089,2445,1050,2104,1425,2982,1951,2775,1022
$JT,C,10,206571,206571,1928,1555,2990,2090,2448,1050,2103,1423,2982,1952,2777,1022
$JT,C,11,206591,206591,1928,1552,2990,2090,2450,1050,2103,1421,2982,1952,2780,1022
$JT,P,12,12,482
$JT,C,12,206611,206611,1928,1549,2990,2090,2452,1050,2103,1417,2982,1952,2782,1022
$JT,C,13,206631,206631,1928,1546,2991,2090,2456,1050,2103,1414,2982,1952,2785,1022
$JT,C,14,206651,206651,1928,1542,2991,2090,2459,1049,2103,1411,2982,1952,2789,1022
$JT,C,15,206671,206671,1928,1539,2991,2090,2464,1049,2103,1407,2982,1952,2792,1022
$JT,C,16,206691,206691,1927,1534,2991,2091,2467,1049,2102,1404,2983,1953,2797,1022
$JT,C,17,206711,206711,1927,1530,2992,2091,2472,1048,2102,1399,2983,1953,2800,1022
$JT,C,18,206731,206731,1927,1526,2992,2091,2476,1048,2102,1395,2983,1953,2805,1021
$JT,C,19,206751,206751,1927,1521,2992,2091,2481,1048,2102,1390,2983,1953,2809,1021
$JT,C,20,206771,206771,1926,1516,2994,2092,2486,1047,2101,1386,2983,1954,2814,1021
$JT,C,21,206791,206791,1926,1512,2994,2092,2491,1047,2101,1381,2983,1954,2819,1021
$JT,C,22,206811,206811,1926,1506,2994,2092,2495,1047,2101,1377,2983,1954,2824,1021
$JT,C,23,206831,206831,1926,1501,2994,2092,2501,1046,2101,1372,2983,1954,2830,1020
$JT,P,24,12,482
$JT,C,24,206851,206851,1924,1497,2994,2094,2506,1046,2099,1366,2983,1956,2834,1020
$JT,C,25,206871,206871,1924,1491,2995,2094,2511,1046,2099,1362,2983,1956,2839,1020
$JT,C,26,206891,206891,1924,1486,2995,2094,2517,1044,2099,1356,2983,1956,2844,1020
$JT,C,27,206911,206911,1923,1481,2995,2095,2522,1044,2098,1351,2985,1957,2849,1019
$JT,C,28,206931,206931,1923,1476,2995,2095,2526,1044,2098,1347,2985,1957,2855,1019
$JT,C,29,206951,206951,1923,1472,2995,2095,2532,1044,2098,1342,2985,1957,2859,1019
$JT,C,30,206971,206971,1923,1467,2995,2095,2536,1043,2098,1338,2985,1957,2864,1017
$JT,C,31,206991,206991,1922,1463,2995,2096,2541,1043,2097,1333,2985,1958,2868,1017
$JT,C,32,207011,207011,1922,1459,2995,2096,2544,1043,2097,1329,2985,1958,2873,1017
$JT,C,33,207031,207031,1922,1455,2995,2096,2549,1043,2097,1325,2985,1958,2876,1016
$JT,C,34,207051,207051,1922,1451,2995,2096,2552,1043,2097,1321,2986,1958,2881,1016
$JT,C,35,207071,207071,1922,1448,2995,2096,2556,1042,2097,1317,2986,1958,2884,1016
$JT,P,36,12,482
$JT,C,36,207091,207091,1921,1444,2996,2097,2559,1042,2096,1315,2986,1959,2888,1016
$JT,C,37,207111,207111,1921,1442,2995,2097,2563,1042,2096,1312,2986,1959,2890,1015
$JT,C,38,207131,207131,1921,1440,2995,2097,2565,1042,2096,1309,2986,1959,2893,1015
$JT,C,39,207151,207151,1921,1438,2995,2097,2567,1042,2096,1307,2986,1959,2896,1015
$JT,C,40,207171,207171,1921,1435,2995,2097,2569,1042,2096,1305,2987,1959,2898,1015
$JT,C,41,207191,207191,1921,1434,2995,2097,2571,1042,2096,1304,2987,1959,2899,1015
$JT,C,42,207211,207211,1921,1433,2995,2097,2572,1042,2096,1303,2987,1959,2900,1014
$JT,C,43,207231,207231,1921,1432,2995,2097,2573,1042,2096,1301,2987,1959,2901,1014
$JT,C,44,207251,207251,1921,1431,2995,2097,2574,1042,2096,1300,2987,1959,2902,1014
$JT,C,45,207271,207271,1921,1431,2995,2097,2574,1042,2096,1299,2987,1959,2902,1014
$JT,C,46,207291,207291,1921,1430,2995,2097,2574,1042,2096,1299,2987,1959,2904,1014
$JT,C,47,207311,207311,1921,1430,2995,2097,2575,1042,2096,1299,2987,1959,2904,1014
$JT,P,48,12,482
$JT,C,48,207331,207331,1921,1430,2995,2097,2575,1042,2096,1299,2987,1959,2904,1014
$JT,C,49,207351,207351,1920,1430,2995,2098,2575,1042,2095,1299,2987,1960,2904,1014
$JT,C,50,207371,207372,1921,1430,2995,2097,2575,1042,2096,1299,2987,1959,2904,1014
$JT,C,51,207391,207392,1921,1430,2995,2097,2575,1042,2096,1299,2987,1959,2904,1014
$JT,C,52,207411,207412,1921,1430,2995,2097,2575,1042,2096,1299,2987,1959,2904,1014
$JT,C,53,207431,207432,1921,1430,2995,2097,2575,1042,2096,1299,2987,1959,2904,1014
$JT,C,54,207451,207452,1921,1431,2995,2097,2574,1042,2096,1299,2987,1959,2904,1014
$JT,C,55,207471,207472,1921,1431,2995,2097,2574,1042,2096,1299,2987,1959,2904,1014
$JT,C,56,207491,207492,1921,1431,2995,2096,2574,1042,2097,1298,2987,1959,2905,1014
$JT,C,57,207511,207512,1922,1431,2995,2096,2574,1041,2097,1298,2987,1958,2905,1014
$JT,C,58,207531,207532,1922,1431,2995,2094,2573,1041,2099,1297,2986,1958,2905,1014
$JT,C,59,207551,207552,1923,1432,2995,2092,2572,1041,2101,1297,2986,1957,2905,1014
$JT,P,60,12,482
$JT,C,60,207571,207572,1923,1432,2995,2090,2572,1040,2103,1295,2986,1957,2906,1014
$JT,C,61,207591,207592,1924,1432,2995,2088,2571,1039,2105,1293,2986,1956,2906,1014
$JT,C,62,207611,207612,1926,1432,2996,2084,2569,1037,2109,1291,2987,1954,2906,1014
$JT,C,63,207631,207632,1926,1433,2996,2083,2571,1034,2110,1290,2988,1954,2906,1014
$JT,C,64,207651,207652,1926,1433,2996,2082,2572,1032,2111,1288,2990,1954,2906,1014
$JT,C,65,207671,207672,1926,1432,2996,2082,2573,1029,2111,1286,2993,1954,2906,1014
$JT,C,66,207691,207692,1924,1432,2995,2083,2576,1026,2110,1284,2997,1956,2906,1014
$JT,C,67,207711,207712,1923,1432,2995,2086,2580,1023,2107,1283,3001,1957,2906,1014
$JT,C,68,207731,207732,1922,1431,2995,2090,2584,1019,2103,1283,3005,1958,2905,1014
$JT,C,69,207751,207752,1921,1431,2995,2096,2589,1018,2097,1283,3010,1959,2904,1014
$JT,C,70,207771,207772,1919,1430,2995,2103,2593,1017,2090,1286,3013,1961,2904,1013
$JT,C,71,207791,207792,1916,1428,2994,2112,2599,1018,2081,1289,3016,1964,2901,1013
$JT,P,72,12,482
$JT,C,72,207811,207812,1914,1427,2994,2121,2604,1019,2072,1293,3019,1966,2900,1013
$JT,C,73,207831,207832,1911,1425,2992,2131,2607,1024,2062,1300,3019,1969,2899,1012
$JT,C,74,207851,207852,1907,1424,2991,2141,2610,1029,2052,1307,3018,1973,2897,1011
$JT,C,75,207871,207872,1903,1422,2990,2150,2613,1035,2043,1314,3015,1977,2896,1011
$JT,C,76,207891,207892,1899,1419,2990,2160,2614,1042,2033,1322,3012,1981,2893,1009
$JT,C,77,207911,207912,1894,1417,2989,2166,2614,1049,2027,1329,3008,1986,2890,1008
$JT,C,78,207931,207932,1889,1415,2987,2172,2614,1055,2021,1334,3005,1991,2888,1007
$JT,C,79,207951,207952,1883,1413,2986,2175,2614,1058,2018,1339,3002,1997,2885,1006
$JT,C,80,207971,207972,1878,1410,2984,2177,2613,1060,2016,1341,3001,2002,2882,1005
$JT,C,81,207991,207992,1872,1407,2982,2178,2613,1062,2015,1341,2999,2008,2879,1004
$JT,C,82,208011,208012,1865,1405,2981,2177,2613,1060,2016,1341,2998,2015,2875,1003
$JT,C,83,208031,208032,1858,1401,2979,2174,2611,1060,2019,1340,2998,2022,2872,1002
$JT,P,84,12,482
$JT,C,84,208051,208052,1852,1399,2976,2173,2611,1059,2020,1340,2997,2028,2868,1002
$JT,C,85,208071,208072,1845,1395,2974,2170,2610,1058,2023,1338,2997,2035,2865,1000
$JT,C,86,208091,208092,1838,1392,2972,2168,2609,1057,2025,1337,2996,2042,2860,999
$JT,C,87,208111,208112,1831,1390,2971,2164,2608,1056,2029,1336,2995,2049,2857,999
$JT,C,88,208131,208132,1824,1386,2969,2160,2606,1055,2033,1333,2995,2056,2852,998
$JT,C,89,208151,208152,1817,1383,2967,2156,2605,1054,2037,1331,2994,2063,2849,997
$JT,C,90,208171,208172,1813,1380,2967,2152,2602,1052,2041,1329,2994,2067,2847,995
$JT,C,91,208191,208192,1810,1376,2971,2147,2600,1050,2046,1326,2993,2070,2848,991
$JT,C,92,208211,208212,1810,1372,2978,2142,2598,1049,2051,1323,2991,2070,2851,984
$JT,C,93,208231,208232,1812,1367,2988,2137,2596,1048,2056,1321,2991,2068,2858,976
$JT,C,94,208251,208252,1817,1364,2999,2131,2593,1047,2062,1317,2990,2063,2867,967
$JT,C,95,208271,208272,1828,1360,3013,2127,2590,1046,2066,1315,2990,2052,2879,959
$JT,P,96,12,482
$JT,C,96,208291,208292,1840,1360,3028,2121,2588,1044,2072,1312,2989,2040,2892,951
$JT,C,97,208311,208312,1856,1361,3041,2115,2584,1043,2078,1309,2988,2024,2907,945
$JT,C,98,208331,208332,1876,1365,3053,2109,2582,1042,2084,1306,2987,2004,2921,941
$JT,C,99,208351,208352,1896,1372,3062,2104,2578,1041,2089,1304,2987,1984,2934,940
$JT,C,100,208371,208372,1918,1382,3069,2098,2576,1040,2095,1300,2986,1962,2947,942
$JT,C,101,208391,208392,1939,1393,3072,2092,2573,1040,2101,1298,2985,1941,2956,948
$JT,C,102,208411,208412,1961,1407,3072,2087,2571,1039,2106,1295,2983,1919,2964,957
$JT,C,103,208431,208432,1980,1421,3069,2081,2567,1038,2112,1292,2982,1900,2968,969
$JT,C,104,208451,208452,1996,1435,3063,2076,2565,1037,2117,1289,2981,1884,2972,981
$JT,C,105,208471,208472,2011,1449,3055,2071,2561,1035,2122,1287,2979,1869,2972,995
$JT,C,106,208491,208492,2022,1461,3047,2065,2559,1034,2128,1284,2978,1858,2970,1008
$JT,C,107,208511,208512,2029,1473,3037,2059,2556,1034,2134,1281,2977,1851,2967,1021
$JT,P,108,12,482
$JT,C,108,208531,208532,2034,1481,3029,2054,2552,1033,2139,1279,2975,1846,2964,1031
$JT,C,109,208551,208552,2035,1486,3021,2048,2550,1032,2145,1276,2974,1845,2959,1039
$JT,C,110,208571,208572,2034,1489,3016,2042,2547,1031,2151,1274,2972,1846,2956,1042
$JT,C,111,208591,208592,2030,1489,3013,2037,2544,1030,2156,1272,2971,1850,2954,1044
$JT,C,112,208611,208612,2026,1486,3011,2031,2541,1029,2162,1270,2969,1854,2951,1042
$JT,C,113,208631,208632,2020,1484,3009,2026,2538,1029,2167,1267,2968,1860,2950,1040
$JT,C,114,208651,208652,2014,1481,3008,2021,2535,1027,2172,1265,2965,1866,2948,1037
$JT,C,115,208671,208672,2009,1479,3006,2015,2532,1026,2178,1263,2963,1871,2946,1035
$JT,C,116,208691,208692,2004,1475,3005,2009,2528,1026,2184,1260,2962,1876,2944,1032
$JT,C,117,208711,208712,1998,1473,3004,2004,2525,1025,2189,1258,2960,1882,2942,1030
$JT,C,118,208731,208732,1993,1469,3003,1998,2522,1025,2195,1256,2958,1887,2940,1029
$JT,C,119,208751,208752,1987,1467,3003,1993,2519,1024,2200,1253,2956,1893,2938,1027
$JT,P,120,12,482
$JT,C,120,208771,208772,1981,1464,3002,1988,2516,1024,2205,1250,2956,1899,2935,1024
$JT,C,121,208791,208792,1976,1461,3000,1984,2516,1021,2209,1247,2957,1904,2933,1023
$JT,C,122,208811,208812,1971,1458,2999,1983,2517,1016,2210,1243,2962,1909,2930,1022
$JT,C,123,208831,208832,1965,1455,2999,1984,2522,1010,2209,1240,2969,1915,2927,1020
$JT,C,124,208851,208852,1960,1452,2998,1988,2530,1001,2205,1235,2980,1920,2925,1019
$JT,C,125,208871,208872,1954,1449,2997,1996,2540,993,2197,1232,2993,1926,2922,1017
$JT,C,126,208891,208892,1948,1446,2997,2006,2552,984,2187,1230,3006,1932,2919,1016
$JT,C,127,208911,208912,1943,1443,2996,2020,2566,977,2173,1230,3021,1937,2916,1015
$JT,C,128,208931,208932,1937,1440,2995,2037,2581,972,2156,1232,3034,1943,2914,1014
$JT,C,129,208951,208952,1931,1436,2995,2055,2594,968,2138,1237,3046,1949,2910,1014
$JT,C,130,208971,208972,1926,1434,2994,2076,2608,967,2117,1243,3055,1954,2908,1013
$JT,C,131,208991,208992,1920,1431,2992,2098,2619,971,2095,1253,3061,1960,2905,1012
$JT,P,132,12,482
$JT,C,132,209011,209012,1914,1428,2992,2120,2630,977,2073,1265,3064,1966,2901,1011
$JT,C,133,209031,209032,1910,1425,2991,2140,2637,986,2053,1279,3063,1970,2899,1009
$JT,C,134,209051,209052,1904,1423,2990,2160,2641,998,2033,1292,3060,1976,2896,1009
$JT,C,135,209071,209072,1898,1419,2989,2177,2643,1010,2016,1307,3054,1982,2893,1008
$JT,C,136,209091,209092,1893,1417,2988,2190,2643,1025,2003,1321,3046,1987,2890,1007
$JT,C,137,209111,209112,1887,1415,2987,2201,2641,1039,1992,1333,3037,1993,2886,1006
$JT,C,138,209131,209132,1881,1411,2986,2207,2638,1051,1986,1342,3028,1999,2884,1006
$JT,C,139,209151,209152,1876,1409,2983,2211,2634,1062,1982,1350,3020,2004,2881,1005
$JT,C,140,209171,209172,1870,1406,2982,2212,2630,1068,1981,1355,3013,2010,2877,1005
$JT,C,141,209191,209192,1864,1403,2981,2211,2626,1073,1982,1357,3008,2016,2875,1004
$JT,C,142,209211,209212,1860,1401,2980,2207,2624,1073,1986,1356,3005,2020,2872,1003
$JT,C,143,209231,209232,1854,1399,2978,2202,2622,1072,1991,1354,3004,2026,2868,1002
$JT,P,144,12,482
$JT,C,144,209251,209252,1848,1397,2975,2196,2619,1070,1997,1351,3003,2032,2866,1002
$JT,C,145,209271,209272,1843,1394,2974,2191,2618,1066,2002,1349,3001,2037,2863,1000
$JT,C,146,209291,209292,1837,1392,2972,2186,2617,1063,2007,1347,2998,2043,2859,999
$JT,C,147,209311,209312,1831,1390,2971,2180,2615,1060,2013,1345,2997,2049,2857,998
$JT,C,148,209331,209332,1825,1388,2969,2174,2614,1057,2019,1341,2996,2055,2853,998
$JT,C,149,209351,209352,1821,1385,2966,2169,2611,1055,2024,1339,2994,2059,2850,997
$JT,C,150,209371,209372,1815,1383,2965,2163,2609,1052,2030,1337,2993,2065,2848,997
$JT,C,151,209391,209392,1811,1381,2964,2157,2607,1051,2036,1333,2991,2069,2844,996
$JT,C,152,209411,209412,1807,1377,2966,2153,2605,1049,2040,1331,2990,2073,2844,992
$JT,C,153,209431,209432,1806,1373,2971,2147,2602,1048,2046,1328,2989,2074,2847,988
$JT,C,154,209451,209452,1807,1369,2980,2141,2600,1046,2052,1325,2988,2073,2852,981
$JT,C,155,209471,209472,1812,1365,2990,2136,2597,1044,2057,1322,2988,2068,2860,973
$JT,P,156,12,482
$JT,C,156,209491,209492,1820,1361,3004,2130,2594,1043,2063,1318,2987,2060,2871,965
$JT,C,157,209511,209512,1831,1360,3017,2124,2591,1042,2069,1316,2987,2049,2883,956
$JT,C,158,209531,209532,1845,1360,3032,2119,2589,1042,2074,1313,2986,2035,2897,949
$JT,C,159,209551,209552,1862,1362,3045,2113,2585,1041,2080,1309,2986,2018,2910,943
$JT,C,160,209571,209572,1881,1367,3056,2107,2582,1040,2086,1307,2985,1999,2925,941
$JT,C,161,209591,209592,1903,1374,3065,2103,2580,1039,2090,1304,2983,1977,2938,941
$JT,C,162,209611,209612,1924,1384,3071,2097,2576,1038,2096,1300,2983,1956,2949,945
$JT,C,163,209631,209632,1946,1397,3073,2091,2574,1038,2102,1298,2982,1934,2958,951
$JT,C,164,209651,209652,1967,1410,3072,2086,2571,1037,2107,1295,2981,1913,2965,961
$JT,C,165,209671,209672,1985,1425,3069,2080,2567,1035,2113,1292,2980,1895,2970,973
$JT,C,166,209691,209692,2002,1439,3062,2074,2565,1034,2119,1289,2979,1878,2971,986
$JT,C,167,209711,209712,2014,1453,3054,2069,2561,1034,2124,1287,2978,1866,2971,1000
$JT,P,168,12,482
$JT,C,168,209731,209732,2025,1465,3044,2063,2558,1033,2130,1284,2977,1855,2968,1013
$JT,C,169,209751,209752,2031,1475,3035,2057,2556,1032,2136,1281,2975,1849,2966,1025
$JT,C,170,209771,209772,2035,1483,3027,2051,2552,1031,2142,1279,2973,1845,2962,1035
$JT,C,171,209791,209792,2035,1488,3020,2047,2550,1030,2146,1276,2972,1845,2958,1041
$JT,C,172,209811,209812,2033,1489,3015,2041,2547,1030,2152,1274,2971,1847,2955,1044
$JT,C,173,209831,209832,2029,1489,3012,2036,2543,1029,2157,1272,2969,1851,2952,1044
$JT,C,174,209851,209852,2023,1485,3009,2030,2541,1027,2163,1270,2966,1857,2951,1041
$JT,C,175,209871,209872,2019,1483,3008,2024,2538,1026,2169,1267,2965,1861,2949,1039
$JT,C,176,209891,209892,2013,1481,3007,2018,2535,1025,2175,1265,2963,1867,2948,1037
$JT,C,177,209911,209912,2008,1477,3006,2013,2532,1025,2180,1263,2961,1872,2946,1033
$JT,C,178,209931,209932,1995,1472,3004,2015,2533,1025,2178,1264,2962,1885,2941,1030
$JT,C,179,209951,209952,1985,1466,3002,2017,2534,1025,2176,1265,2962,1895,2937,1025
$JT,P,180,12,482
$JT,C,180,209971,209972,1975,1460,3000,2021,2536,1025,2172,1266,2963,1905,2932,1022
$JT,C,181,209991,209992,1965,1456,2998,2025,2539,1026,2168,1268,2965,1915,2927,1020
$JT,C,182,210011,210012,1956,1451,2997,2031,2542,1026,2162,1270,2968,1924,2924,1017
$JT,C,183,210031,210032,1949,1448,2995,2038,2547,1026,2155,1272,2971,1931,2921,1015
$JT,C,184,210051,210052,1943,1443,2995,2047,2552,1026,2146,1275,2975,1937,2917,1014
$JT,C,185,210071,210072,1937,1441,2994,2057,2559,1026,2136,1279,2979,1943,2914,1013
$JT,C,186,210091,210092,1931,1438,2992,2067,2565,1026,2126,1282,2983,1949,2911,1012
$JT,C,187,210111,210112,1928,1435,2992,2076,2569,1029,2117,1287,2986,1952,2909,1011
$JT,C,188,210131,210132,1924,1434,2991,2087,2574,1032,2106,1292,2987,1956,2908,1011
$JT,C,189,210151,210152,1921,1433,2991,2095,2575,1038,2098,1298,2986,1959,2906,1011
$JT,C,190,210171,210172,1920,1432,2991,2098,2576,1040,2095,1300,2985,1960,2906,1011
$JT,C,191,210191,210191,1921,1432,2991,2097,2575,1040,2096,1300,2986,1959,2906,1011
$JT,P,192,12,482
$JT,C,192,210211,210211,1921,1432,2992,2097,2575,1041,2096,1300,2986,1959,2905,1011
$JT,C,193,210231,210231,1921,1432,2992,2097,2575,1041,2096,1300,2986,1959,2905,1012
$JT,C,194,210251,210251,1921,1432,2992,2097,2575,1041,2096,1300,2986,1959,2905,1012
$JT,C,195,210271,210271,1921,1432,2992,2097,2574,1041,2096,1301,2986,1959,2904,1012
$JT,C,196,210291,210291,1921,1433,2992,2097,2574,1041,2096,1301,2986,1959,2904,1012
$JT,C,197,210311,210311,1921,1434,2992,2097,2573,1041,2096,1303,2986,1959,2902,1012
$JT,C,198,210331,210331,1921,1435,2992,2097,2572,1041,2096,1304,2986,1959,2900,1012
$JT,C,199,210351,210351,1921,1438,2992,2097,2569,1041,2096,1306,2986,1959,2899,1012
$JT,C,200,210371,210371,1921,1439,2992,2097,2567,1041,2096,1308,2985,1959,2897,1012
$JT,C,201,210391,210391,1921,1441,2992,2097,2565,1041,2096,1309,2985,1959,2894,1012
$JT,C,202,210411,210411,1921,1444,2992,2097,2563,1041,2096,1313,2985,1959,2892,1012
$JT,C,203,210431,210431,1921,1447,2991,2097,2560,1041,2096,1315,2985,1959,2890,1013
$JT,P,204,12,482
$JT,C,204,210451,210451,1922,1450,2991,2096,2557,1041,2097,1318,2985,1958,2886,1013
$JT,C,205,210471,210471,1922,1453,2991,2096,2553,1041,2097,1322,2985,1958,2883,1013
$JT,C,206,210491,210491,1922,1457,2991,2096,2550,1042,2097,1325,2983,1958,2879,1013
$JT,C,207,210511,210511,1922,1461,2991,2096,2546,1042,2097,1330,2983,1958,2875,1013
$JT,C,208,210531,210531,1922,1465,2990,2096,2541,1042,2097,1334,2983,1958,2871,1013
$JT,C,209,210551,210551,1923,1469,2990,2095,2536,1042,2098,1338,2983,1957,2866,1013
$JT,C,210,210571,210571,1923,1474,2990,2095,2532,1042,2098,1342,2983,1957,2861,1014
$JT,C,211,210591,210591,1923,1479,2990,2095,2527,1042,2098,1348,2982,1957,2857,1014
$JT,C,212,210611,210611,1923,1484,2989,2095,2523,1043,2098,1353,2982,1957,2852,1014
$JT,C,213,210631,210631,1924,1489,2989,2094,2518,1043,2099,1357,2982,1956,2847,1014
$JT,C,214,210651,210651,1924,1494,2989,2094,2513,1043,2099,1363,2981,1956,2842,1014
$JT,C,215,210671,210671,1924,1499,2989,2094,2508,1043,2099,1367,2981,1956,2838,1015
$JT,P,216,12,482
$JT,C,216,210691,210691,1926,1505,2988,2092,2502,1043,2101,1373,2981,1954,2832,1015
$JT,C,217,210711,210711,1926,1509,2988,2092,2498,1044,2101,1378,2981,1954,2827,1015
$JT,C,218,210731,210731,1926,1514,2988,2092,2492,1044,2101,1382,2980,1954,2822,1015
$JT,C,219,210751,210751,1926,1519,2988,2092,2487,1044,2101,1388,2980,1954,2817,1015
$JT,C,220,210771,210771,1927,1524,2987,2091,2483,1044,2102,1392,2980,1953,2813,1015
$JT,C,221,210791,210791,1927,1529,2987,2091,2478,1044,2102,1397,2980,1953,2808,1016
$JT,C,222,210811,210811,1927,1533,2987,2091,2474,1044,2102,1402,2979,1953,2803,1016
$JT,C,223,210831,210831,1927,1538,2987,2091,2469,1046,2102,1406,2979,1953,2799,1016
$JT,C,224,210851,210851,1928,1541,2987,2090,2466,1046,2103,1410,2979,1952,2795,1016
$JT,C,225,210871,210871,1928,1545,2986,2090,2461,1046,2103,1413,2979,1952,2791,1016
$JT,C,226,210891,210891,1928,1549,2986,2090,2458,1046,2103,1416,2978,1952,2787,1016
$JT,C,227,210911,210911,1928,1551,2986,2090,2454,1046,2103,1420,2978,1952,2785,1016
$JT,P,228,12,482
$JT,C,228,210931,210931,1928,1555,2986,2090,2452,1046,2103,1423,2978,1952,2782,1017
$JT,C,229,210951,210951,1928,1557,2986,2090,2450,1046,2103,1425,2978,1952,2780,1017
$JT,C,230,210971,210971,1929,1559,2984,2089,2448,1046,2104,1428,2978,1951,2777,1017
$JT,C,231,210991,210991,1929,1562,2984,2089,2445,1046,2104,1430,2978,1951,2775,1017
$JT,C,232,211011,211011,1929,1563,2984,2089,2444,1046,2104,1431,2978,1951,2774,1017
$JT,C,233,211031,211031,1929,1564,2984,2089,2442,1046,2104,1432,2978,1951,2773,1017
$JT,C,234,211051,211051,1929,1565,2984,2089,2442,1046,2104,1433,2977,1951,2772,1017
$JT,C,235,211071,211071,1929,1566,2984,2089,2441,1046,2104,1435,2977,1951,2770,1017
$JT,C,236,211091,211091,1929,1566,2984,2089,2441,1046,2104,1435,2977,1951,2769,1017
$JT,C,237,211111,211111,1929,1567,2984,2089,2440,1046,2104,1436,2977,1951,2769,1017
$JT,C,238,211131,211131,1929,1567,2984,2089,2440,1046,2104,1436,2977,1951,2769,1017
$JT,C,239,211151,211151,1929,1567,2984,2089,2440,1046,2104,1436,2977,1951,2769,1017
$JT,P,240,12,482
$JT,C,240,211171,211171,1929,1567,2984,2089,2440,1046,2104,1436,2977,1951,2769,1017
$JT,S,206371,206373,0,4,0,2435,0,8,0,11300,30,0
$JT,S,206391,206393,1,5,0,1038,0,-148,8,11400,34,0
$JT,S,206411,206413,2,6,0,2075,0,-240,24,11200,34,0
$JT,S,206431,206433,3,7,0,1433,0,16,0,11200,33,0
$JT,S,206451,206453,4,8,0,2995,0,108,16,11300,57,0
$JT,S,206471,206473,5,9,0,1971,0,168,11,11300,35,0
$JT,S,206491,206493,6,10,0,2753,0,-120,24,11200,33,0
$JT,S,206511,206513,7,11,0,1010,0,-104,3,11200,42,0
$JT,S,206531,206533,8,0,0,1925,0,-40,1,11200,31,0
$JT,S,206551,206553,9,1,0,1561,-50,36,1,11300,31,0
$JT,S,206571,206573,10,2,0,3000,0,88,6,11300,34,0
$JT,P,252,12,482
$JT,S,206591,206593,11,3,0,2091,0,-20,0,11300,33,0
$JT,S,206611,206613,12,4,0,2447,100,-24,0,11200,30,0
$JT,S,206631,206633,13,5,0,1039,0,-96,4,11400,34,0
$JT,S,206651,206653,14,6,0,2075,0,-232,26,11300,34,0
$JT,S,206671,206673,15,7,0,1418,-150,68,3,11200,33,0
$JT,S,206691,206693,16,8,0,2995,0,112,22,11300,56,0
$JT,S,206711,206713,17,9,0,1971,0,152,10,11300,35,0
$JT,S,206731,206733,18,10,0,2781,150,-148,30,11200,33,0
$JT,S,206751,206753,19,11,0,1010,0,-92,4,11200,42,0
$JT,S,206771,206773,20,0,0,1925,0,0,0,11200,31,0
$JT,S,206791,206793,21,1,0,1520,-250,44,1,11300,31,0
$JT,S,206811,206813,22,2,0,3000,0,48,2,11300,34,0
$JT,P,264,12,482
$JT,S,206831,206833,23,3,0,2091,0,0,0,11300,33,0
$JT,S,206851,206853,24,4,0,2495,250,-40,1,11300,30,0
$JT,S,206871,206873,25,5,0,1039,0,-64,2,11400,34,0
$JT,S,206891,206893,26,6,0,2075,0,-200,17,11300,34,0
$JT,S,206911,206913,27,7,0,1361,-250,40,1,11300,33,0
$JT,S,206931,206933,28,8,0,2995,0,96,17,11300,56,0
$JT,S,206951,206953,29,9,0,1971,0,116,5,11300,35,0
$JT,S,206971,206973,30,10,0,2844,250,-116,16,11200,33,0
$JT,S,206991,206993,31,11,0,1010,0,-56,1,11300,42,0
$JT,S,207011,207013,32,0,0,1925,0,36,0,11200,31,0
$JT,S,207031,207033,33,1,0,1461,-200,16,0,11300,31,0
$JT,S,207051,207053,34,2,0,3001,0,56,3,11400,34,0
$JT,P,276,12,482
$JT,S,207071,207073,35,3,0,2092,0,-40,1,11300,33,0
$JT,S,207091,207093,36,4,0,2553,200,-16,0,11300,30,0
$JT,S,207111,207113,37,5,0,1039,0,-32,0,11400,34,0
$JT,S,207131,207133,38,6,0,2076,0,-168,10,11200,35,0
$JT,S,207151,207153,39,7,0,1309,-100,8,0,11300,33,0
$JT,S,207171,207173,40,8,0,2993,0,64,7,11300,56,0
$JT,S,207191,207193,41,9,0,1971,0,104,5,11300,35,0
$JT,S,207211,207213,42,10,0,2892,150,-52,4,11300,33,0
$JT,S,207231,207233,43,11,0,1007,0,-60,1,11300,42,0
$JT,S,207251,207253,44,0,0,1925,0,40,0,11200,31,0
$JT,S,207271,207273,45,1,0,1428,-50,-24,2,11300,31,0
$JT,S,207291,207293,46,2,0,3001,0,56,3,11400,34,0
$JT,P,288,12,482
$JT,S,207311,207313,47,3,0,2094,0,-32,1,11300,33,0
$JT,S,207331,207333,48,4,0,2577,50,16,0,11300,30,0
$JT,S,207351,207353,49,5,0,1039,0,-32,0,11400,34,0
$JT,S,207372,207374,50,6,0,2076,0,-160,9,11300,35,0
$JT,S,207392,207394,51,7,0,1296,0,-24,0,11300,33,0
$JT,S,207412,207414,52,8,0,2992,0,48,4,11300,57,0
$JT,S,207432,207434,53,9,0,1971,0,104,5,11300,35,0
$JT,S,207452,207454,54,10,0,2898,0,-48,3,11300,33,0
$JT,S,207472,207474,55,11,0,1006,0,-72,2,11300,42,0
$JT,S,207492,207494,56,0,0,1923,0,24,0,11200,31,0
$JT,S,207512,207514,57,1,0,1427,0,-32,2,11300,31,0
$JT,S,207532,207534,58,2,0,3001,0,56,3,11400,34,0
$JT,P,300,12,482
$JT,S,207552,207554,59,3,0,2094,0,20,0,11300,33,0
$JT,S,207572,207574,60,4,0,2577,0,40,2,11300,30,0
$JT,S,207592,207594,61,5,0,1039,0,20,0,11400,34,0
$JT,S,207612,207614,62,6,0,2076,0,-240,21,11200,35,0
$JT,S,207632,207634,63,7,0,1291,-100,4,0,11300,33,0
$JT,S,207652,207654,64,8,0,2992,0,36,3,11300,57,0
$JT,S,207672,207674,65,9,0,1971,0,144,10,11300,35,0
$JT,S,207692,207694,66,10,0,2899,0,-56,4,11200,33,0
$JT,S,207712,207714,67,11,0,1006,0,-72,2,11300,42,0
$JT,S,207732,207734,68,0,0,1923,0,20,0,11200,31,0
$JT,S,207752,207754,69,1,0,1426,0,-40,3,11300,31,0
$JT,S,207772,207774,70,2,0,3001,0,56,3,11400,34,0
$JT,P,312,12,482
$JT,S,207792,207794,71,3,0,2089,50,-88,2,11300,33,0
$JT,S,207812,207814,72,4,0,2593,200,-40,1,11300,30,0
$JT,S,207832,207834,73,5,0,1016,-50,-32,0,11400,34,0
$JT,S,207852,207854,74,6,0,2079,-100,60,0,11300,35,0
$JT,S,207872,207874,75,7,0,1292,250,-124,10,11300,33,0
$JT,S,207892,207894,76,8,0,3009,0,-52,1,11300,57,0
$JT,S,207912,207914,77,9,0,1974,50,-48,1,11300,35,0
$JT,S,207932,207934,78,10,0,2890,-100,8,0,11200,33,0
$JT,S,207952,207954,79,11,0,1003,-100,-24,0,11200,42,0
$JT,S,207972,207974,80,0,0,1909,-150,192,9,11100,31,0
$JT,S,207992,207994,81,1,0,1411,-100,16,0,11300,31,0
$JT,S,208012,208014,82,2,0,3002,0,176,23,11400,34,0
$JT,P,324,12,482
$JT,S,208032,208034,83,3,0,2156,200,-172,10,11300,33,0
$JT,S,208052,208054,84,4,0,2612,0,8,0,11300,30,0
$JT,S,208072,208074,85,5,0,1041,50,-132,7,11400,34,0
$JT,S,208092,208094,86,6,0,2021,0,-20,0,11200,35,0
$JT,S,208112,208114,87,7,0,1334,0,-16,0,11300,33,0
$JT,S,208132,208134,88,8,0,3007,0,108,5,11300,57,0
$JT,S,208152,208154,89,9,0,2026,350,-180,6,11300,35,0
$JT,S,208172,208174,90,10,0,2853,-150,44,1,11200,33,0
$JT,S,208192,208194,91,11,0,995,0,20,1,11300,42,0
$JT,S,208212,208214,92,0,0,1851,-350,296,22,11100,31,0
$JT,S,208232,208234,93,1,0,1381,-200,84,5,11300,31,0
$JT,S,208252,208254,94,2,0,2989,0,72,4,11400,34,0
$JT,P,336,12,482
$JT,S,208272,208274,95,3,0,2136,-200,0,0,11300,33,0
$JT,S,208292,208294,96,4,0,2596,-100,60,2,11300,30,0
$JT,S,208312,208314,97,5,0,1040,0,-36,0,11400,34,0
$JT,S,208332,208334,98,6,0,2061,150,-104,2,11300,34,0
$JT,S,208352,208354,99,7,0,1306,-150,4,0,11300,33,0
$JT,S,208372,208374,100,8,0,3010,50,204,17,11300,57,0
$JT,S,208392,208394,101,9,0,2034,-400,220,4,11300,35,0
$JT,S,208412,208414,102,10,0,2936,650,-140,18,11200,33,0
$JT,S,208432,208434,103,11,0,938,-250,-64,2,11200,42,0
$JT,S,208452,208454,104,0,0,1878,600,-316,9,11100,31,0
$JT,S,208472,208474,105,1,0,1409,650,-160,14,11200,31,0
$JT,S,208492,208494,106,2,0,3063,250,-52,1,11300,34,0
$JT,P,348,12,482
$JT,S,208512,208514,107,3,0,2079,-250,84,1,11300,33,0
$JT,S,208532,208534,108,4,0,2573,-100,148,27,11200,30,0
$JT,S,208552,208554,109,5,0,1031,0,20,0,11300,34,0
$JT,S,208572,208574,110,6,0,2084,200,-452,80,11100,35,0
$JT,S,208592,208594,111,7,0,1280,-100,56,4,11000,33,0
$JT,S,208612,208614,112,8,0,3009,0,328,90,10900,57,0
$JT,S,208632,208634,113,9,0,1894,-450,352,30,11200,35,0
$JT,S,208652,208654,114,10,0,2949,-150,4,0,11100,33,0
$JT,S,208672,208674,115,11,0,1014,400,-224,12,11200,42,0
$JT,S,208692,208694,116,0,0,2015,250,-140,5,11100,31,0
$JT,S,208712,208714,117,1,0,1478,-100,32,2,11200,31,0
$JT,S,208732,208734,118,2,0,3022,-150,148,8,11300,34,0
$JT,P,360,12,482
$JT,S,208752,208754,119,3,0,2035,-200,268,22,11200,33,0
$JT,S,208772,208774,120,4,0,2540,-100,176,43,11200,30,0
$JT,S,208792,208794,121,5,0,1025,0,24,0,11300,34,0
$JT,S,208812,208814,122,6,0,2179,350,-208,8,11200,34,0
$JT,S,208832,208834,123,7,0,1252,-150,76,9,11200,33,0
$JT,S,208852,208854,124,8,0,2997,0,268,55,11100,57,0
$JT,S,208872,208874,125,9,0,1906,400,-52,0,11300,35,0
$JT,S,208892,208894,126,10,0,2926,-100,36,3,11200,33,0
$JT,S,208912,208914,127,11,0,1018,-100,36,0,11200,42,0
$JT,S,208932,208934,128,0,0,1966,-200,160,4,11200,31,0
$JT,S,208952,208954,129,1,0,1444,-150,44,1,11300,31,0
$JT,S,208972,208974,130,2,0,3019,50,212,27,11400,34,0
$JT,P,372,12,482
$JT,S,208992,208994,131,3,0,2013,300,-216,4,11300,33,0
$JT,S,209012,209014,132,4,0,2601,700,-124,3,11300,30,0
$JT,S,209032,209034,133,5,0,967,-300,-36,1,11400,34,0
$JT,S,209052,209054,134,6,0,2150,-600,328,17,11200,35,0
$JT,S,209072,209074,135,7,0,1269,550,-152,10,11200,35,0
$JT,S,209092,209094,136,8,0,3047,550,-104,1,11300,56,0
$JT,S,209112,209114,137,9,0,1964,200,-156,3,11200,35,0
$JT,S,209132,209134,138,10,0,2906,-100,172,38,11200,33,0
$JT,S,209152,209154,139,11,0,1004,0,-20,1,11200,42,0
$JT,S,209172,209174,140,0,0,1931,-150,420,65,11000,31,0
$JT,S,209192,209194,141,1,0,1407,-150,16,1,11200,31,0
$JT,S,209212,209214,142,2,0,2998,-150,148,8,11300,34,0
$JT,P,384,12,482
$JT,S,209232,209234,143,3,0,2157,650,-352,32,11200,33,0
$JT,S,209252,209254,144,4,0,2621,-150,0,0,11200,30,0
$JT,S,209272,209274,145,5,0,1033,400,-296,29,11200,34,0
$JT,S,209292,209294,146,6,0,2006,-50,212,16,11100,34,0
$JT,S,209312,209314,147,7,0,1351,0,44,1,11200,33,0
$JT,S,209332,209334,148,8,0,3038,-100,344,112,11000,57,0
$JT,S,209352,209354,149,9,0,2033,300,-124,3,11200,35,0
$JT,S,209372,209374,150,10,0,2862,0,104,16,11200,33,0
$JT,S,209392,209394,151,11,0,992,0,-40,1,11200,42,0
$JT,S,209412,209414,152,0,0,1854,-350,320,24,11100,31,0
$JT,S,209432,209434,153,1,0,1387,-50,92,7,11200,31,0
$JT,S,209452,209454,154,2,0,2985,-100,132,19,11300,34,0
$JT,P,396,12,482
$JT,S,209472,209474,155,3,0,2157,-300,76,0,11300,33,0
$JT,S,209492,209494,156,4,0,2600,-150,32,1,11200,30,0
$JT,S,209512,209514,157,5,0,1039,0,-32,1,11400,34,0
$JT,S,209532,209534,158,6,0,2053,300,-72,0,11200,35,0
$JT,S,209552,209554,159,7,0,1323,-150,92,10,11100,33,0
$JT,S,209572,209574,160,8,0,3028,0,352,89,11000,57,0
$JT,S,209592,209594,161,9,0,2052,-400,188,4,11200,35,0
$JT,S,209612,209614,162,10,0,2917,700,-132,3,11200,33,0
$JT,S,209632,209634,163,11,0,946,-300,32,0,11200,42,0
$JT,S,209652,209654,164,0,0,1857,500,-300,7,11100,31,0
$JT,S,209672,209674,165,1,0,1391,500,-132,6,11200,31,0
$JT,S,209692,209694,166,2,0,3054,500,-116,1,11300,34,0
$JT,P,408,12,482
$JT,S,209712,209714,167,3,0,2097,-300,144,4,11200,33,0
$JT,S,209732,209734,168,4,0,2588,-50,224,80,11200,30,0
$JT,S,209752,209754,169,5,0,1032,0,20,0,11200,34,0
$JT,S,209772,209774,170,6,0,2081,150,-404,60,11000,35,0
$JT,S,209792,209794,171,7,0,1295,-100,140,17,10900,33,0
$JT,S,209812,209814,172,8,0,3020,0,404,136,10800,57,0
$JT,S,209832,209834,173,9,0,1909,-600,392,33,11100,35,0
$JT,S,209852,209854,174,10,0,2954,-150,24,0,11000,33,0
$JT,S,209872,209874,175,11,0,1010,500,-224,6,11100,42,0
$JT,S,209892,209894,176,0,0,2010,350,-188,8,11000,31,0
$JT,S,209912,209914,177,1,0,1481,-150,12,0,11100,31,0
$JT,S,209932,209934,178,2,0,3034,-200,228,31,11200,34,0
$JT,P,420,12,482
$JT,S,209952,209954,179,3,0,2033,-200,160,6,11300,33,0
$JT,S,209972,209974,180,4,0,2537,-50,24,0,11200,30,0
$JT,S,209992,209994,181,5,0,1019,-50,-60,2,11400,34,0
$JT,S,210012,210014,182,6,0,2165,150,-44,1,11200,35,0
$JT,S,210032,210034,183,7,0,1269,0,-8,0,11200,33,0
$JT,S,210052,210054,184,8,0,3002,-300,236,23,11300,57,0
$JT,S,210072,210074,185,9,0,1896,450,-144,1,11300,35,0
$JT,S,210092,210094,186,10,0,2926,-100,104,15,11200,33,0
$JT,S,210112,210114,187,11,0,1017,-50,52,0,11200,42,0
$JT,S,210132,210134,188,0,0,1968,-400,232,8,11200,31,0
$JT,S,210152,210154,189,1,0,1437,-50,32,2,11300,31,0
$JT,S,210172,210174,190,2,0,3007,0,136,12,11400,34,0
$JT,P,432,12,482
$JT,S,210191,210193,191,3,0,2060,350,-224,11,11300,33,0
$JT,S,210211,210213,192,4,0,2577,50,16,0,11200,30,0
$JT,S,210231,210233,193,5,0,1018,0,-200,17,11400,34,0
$JT,S,210251,210253,194,6,0,2118,-150,196,11,11300,35,0
$JT,S,210271,210273,195,7,0,1302,100,16,0,11200,33,0
$JT,S,210291,210293,196,8,0,2999,0,116,5,11300,57,0
$JT,S,210311,210313,197,9,0,1946,0,-112,5,11300,35,0
$JT,S,210331,210333,198,10,0,2914,-50,96,12,11200,33,0
$JT,S,210351,210353,199,11,0,1007,0,-48,1,11200,42,0
$JT,S,210371,210373,200,0,0,1946,0,208,22,11200,31,0
$JT,S,210391,210393,201,1,0,1439,50,0,0,11200,31,0
$JT,S,210411,210413,202,2,0,3006,0,120,7,11300,34,0
$JT,P,444,12,482
$JT,S,210431,210433,203,3,0,2080,50,-140,7,11300,33,0
$JT,S,210451,210453,204,4,0,2566,-100,60,2,11300,30,0
$JT,S,210471,210473,205,5,0,1021,0,-168,13,11400,34,0
$JT,S,210491,210493,206,6,0,2111,0,120,6,11300,35,0
$JT,S,210511,210513,207,7,0,1321,200,-28,1,11300,33,0
$JT,S,210531,210533,208,8,0,2998,0,128,6,11300,57,0
$JT,S,210551,210553,209,9,0,1946,0,-92,4,11300,35,0
$JT,S,210571,210573,210,10,0,2882,-250,140,19,11200,33,0
$JT,S,210591,210593,211,11,0,1009,0,-48,1,11200,42,0
$JT,S,210611,210613,212,0,0,1946,0,192,13,11100,31,0
$JT,S,210631,210633,213,1,0,1479,250,-32,0,11300,31,0
$JT,S,210651,210653,214,2,0,3006,0,144,11,11300,34,0
$JT,P,456,12,482
$JT,S,210671,210673,215,3,0,2080,0,-120,6,11300,33,0
$JT,S,210691,210693,216,4,0,2514,-300,60,2,11300,30,0
$JT,S,210711,210713,217,5,0,1021,0,-184,17,11400,34,0
$JT,S,210731,210733,218,6,0,2111,0,84,3,11300,35,0
$JT,S,210751,210753,219,7,0,1378,250,-32,1,11300,33,0
$JT,S,210771,210773,220,8,0,2999,0,160,10,11300,57,0
$JT,S,210791,210793,221,9,0,1946,0,-60,2,11300,35,0
$JT,S,210811,210813,222,10,0,2819,-250,96,7,11200,33,0
$JT,S,210831,210833,223,11,0,1006,0,-92,3,11300,42,0
$JT,S,210851,210853,224,0,0,1946,0,160,9,11100,31,0
$JT,S,210871,210873,225,1,0,1540,250,-8,0,11300,31,0
$JT,S,210891,210893,226,2,0,3005,0,164,16,11300,34,0
$JT,P,468,12,482
$JT,S,210911,210913,227,3,0,2081,0,-80,3,11300,33,0
$JT,S,210931,210933,228,4,0,2457,-200,36,0,11300,30,0
$JT,S,210951,210953,229,5,0,1022,0,-200,16,11400,34,0
$JT,S,210971,210973,230,6,0,2111,0,72,2,11200,35,0
$JT,S,210991,210993,231,7,0,1428,200,0,0,11300,33,0
$JT,S,211011,211013,232,8,0,3000,50,188,18,11300,57,0
$JT,S,211031,211033,233,9,0,1947,0,-40,1,11300,35,0
$JT,S,211051,211053,234,10,0,2778,-100,52,2,11200,33,0
$JT,S,211071,211073,235,11,0,1005,0,-104,4,11200,42,0
$JT,S,211091,211093,236,0,0,1946,0,144,9,11200,31,0
$JT,S,211111,211113,237,1,0,1569,50,24,1,11200,31,0
$JT,S,211131,211133,238,2,0,3003,0,160,18,11300,34,0
$JT,P,480,2,482
$JT,S,211151,211153,239,3,0,2081,0,-72,3,11300,33,0
$JT,S,211171,211173,240,4,0,2438,0,-16,0,11300,30,0
$JT,END
