$SPOTSTATE pose=landing error=79 torque=off safety=ok balance=suspended rev=attitudepd-v2-v78 caps=trot5,gaitprofiles,arcsupport,centerpivot,attitudepd,attitudepd_v2,s_native_v6_1,s_native_v6_2_1,s_native_v6_2_2,s_native_v6_2_3,s_native_v6_2_4,s_native_v6_2_5,s_native_v6_2_6,s_native_v6_2_7,jointtrace,jointtracepage,imutrace,batterytelemetry,balancecontrol,commandretry,stow,headinghold profile=attitudepd_v2 heading=on reverse_limit=1000 recovery=new-command fault_code=0 support=observing mass_g=2754
Starting slow synchronized landing move
POSE landing reason=complete elapsed=1566 nominal=1500 retries=0 waits=1 hold=0
POSE_HEALTH id=12 temp=88 hw=0x00 transient=1
POSE_PROBE count=0 mask=0x000 max_lead=120
OK
$MECHLOG label=landing complete=1; saved: log show 64
$SPOTSTATE pose=landing error=20 torque=on safety=ok balance=suspended rev=attitudepd-v2-v78 caps=trot5,gaitprofiles,arcsupport,centerpivot,attitudepd,attitudepd_v2,s_native_v6_1,s_native_v6_2_1,s_native_v6_2_2,s_native_v6_2_3,s_native_v6_2_4,s_native_v6_2_5,s_native_v6_2_6,s_native_v6_2_7,jointtrace,jointtracepage,imutrace,batterytelemetry,balancecontrol,commandretry,stow,headinghold profile=attitudepd_v2 heading=on reverse_limit=1000 recovery=new-command fault_code=0 support=observing mass_g=2754
SERVO_CONFIG id=1 addr=0: 03 0A 00 09 03 01 00 00 01 00 00 FF 0F 46 8C 28 E8 03 0C 2C 2F 20 20 00 10 00 01 01 36 01 01 55 00 00 14 C8 50 0A C8 C8 01 1E 89 07 00 00 2C 01 E8 03
SERVO_CONFIG id=2 addr=0: 03 0A 00 09 0B 02 00 00 01 00 00 00 00 50 A0 3C E8 03 0C 2D 2D 20 20 00 00 00 00 00 36 01 01 00 00 00 14 C8 50 0A FA C8 01 1E 56 06 00 00 2C 01 E8 03
SERVO_CONFIG id=3 addr=0: 03 0A 00 09 03 03 00 00 01 00 00 FF 0F 46 8C 28 E8 03 0C 2C 2F 20 20 00 10 00 01 01 36 01 01 55 00 00 14 C8 50 0A C8 C8 01 1E 74 0D 00 00 2C 01 E8 03
SERVO_CONFIG id=4 addr=0: 03 0A 00 09 03 04 00 00 01 00 00 FF 0F 46 8C 28 E8 03 0C 2C 2F 20 20 00 10 00 01 01 36 01 01 55 00 00 14 C8 50 0A C8 C8 01 1E 19 08 00 00 2C 01 E8 03
SERVO_CONFIG id=5 addr=0: 03 0A 00 09 0B 05 00 00 01 00 00 00 00 50 A0 3C E8 03 0C 2D 2D 20 20 00 00 00 00 00 36 01 01 00 00 00 14 C8 50 0A FA C8 01 1E 49 09 00 00 2C 01 E8 03
SERVO_CONFIG id=6 addr=0: 03 0A 00 09 03 06 00 00 01 00 00 FF 0F 46 8C 28 E8 03 0C 2C 2F 20 20 00 10 00 01 01 36 01 01 55 00 00 14 C8 50 0A C8 C8 01 1E 5A 02 00 00 2C 01 E8 03
SERVO_CONFIG id=7 addr=0: 03 0A 00 09 03 07 00 00 01 00 00 FF 0F 46 8C 28 E8 03 0C 2C 2F 20 20 00 10 00 01 01 36 01 01 55 00 00 14 C8 50 0A C8 C8 01 1E 38 08 00 00 2C 01 E8 03
SERVO_CONFIG id=8 addr=0: 03 0A 00 09 0B 08 00 00 01 00 00 FF 0F 50 A0 3C E8 03 0C 2D 2D 20 20 00 00 00 00 00 36 01 01 00 00 00 14 C8 50 0A FA C8 01 1E CF 05 00 00 2C 01 E8 03
SERVO_CONFIG id=9 addr=0: 03 0A 00 09 03 09 00 00 01 00 00 FF 0F 46 8C 28 E8 03 0C 2C 2F 20 20 00 10 00 01 01 36 01 01 55 00 00 14 C8 50 0A C8 C8 01 1E 73 0D 00 00 2C 01 E8 03
SERVO_CONFIG id=10 addr=0: 03 0A 00 09 03 0A 00 00 01 00 00 FF 0F 46 8C 28 E8 03 0C 2C 2F 20 20 00 10 00 01 01 36 01 01 55 00 00 14 C8 50 0A C8 C8 01 1E 9F 07 00 00 2C 01 E8 03
SERVO_CONFIG id=11 addr=0: 03 0A 00 09 0B 0B 00 00 01 00 00 FF 0F 50 A0 3C E8 03 0C 2D 2D 20 20 00 00 00 00 00 36 01 01 00 00 00 14 C8 50 0A FA C8 01 1E 96 0A 00 00 2C 01 E8 03
SERVO_CONFIG id=12 addr=0: 03 0A 00 09 03 0C 00 00 01 00 00 FF 0F 46 8C 28 E8 03 0C 2C 2F 20 20 00 10 00 01 01 36 01 01 55 00 00 14 C8 50 0A C8 C8 01 1E 37 02 00 00 2C 01 E8 03
ID 1 target=1929
ID 2 target=1565
ID 3 target=2989
ID 4 target=2073
ID 5 target=2434
ID 6 target=1057
ID 7 target=2104
ID 8 target=1430
ID 9 target=2988
ID 10 target=1951
ID 11 target=2767
ID 12 target=1022
Servo status (12 configured IDs):
ID 1 pos=1932 speed=0 load=32 voltage=11600mV temp=33C current=0 moving=0 hw=0x00
ID 2 pos=1623 speed=0 load=8 voltage=11700mV temp=32C current=0 moving=0 hw=0x00
ID 3 pos=3460 speed=0 load=136 voltage=11800mV temp=42C current=13 moving=0 hw=0x00
ID 4 pos=2075 speed=0 load=24 voltage=11700mV temp=34C current=0 moving=0 hw=0x00
ID 5 pos=2377 speed=0 load=0 voltage=11700mV temp=31C current=0 moving=0 hw=0x00
ID 6 pos=582 speed=0 load=-168 voltage=11800mV temp=42C current=15 moving=0 hw=0x00
ID 7 pos=2100 speed=0 load=-40 voltage=11600mV temp=34C current=1 moving=0 hw=0x00
ID 8 pos=1488 speed=0 load=8 voltage=11700mV temp=32C current=0 moving=0 hw=0x00
ID 9 pos=3460 speed=0 load=144 voltage=11700mV temp=53C current=7 moving=0 hw=0x00
ID 10 pos=1955 speed=0 load=40 voltage=11800mV temp=35C current=0 moving=0 hw=0x00
ID 11 pos=2709 speed=0 load=-8 voltage=11700mV temp=33C current=0 moving=0 hw=0x00
ID 12 pos=553 speed=0 load=-120 voltage=11600mV temp=50C current=5 moving=0 hw=0x00
Bus read retries: attempts=0 recovered=0 failed=0
V2 installed; Landing completed; all permanent servo registers preserved.
