$SPOTSTATE pose=landing error=22 torque=on safety=ok balance=suspended rev=attitudepd-v3-v79 caps=trot5,gaitprofiles,arcsupport,centerpivot,attitudepd,attitudepd_v2,attitudepd_v3,s_native_v6_1,s_native_v6_2_1,s_native_v6_2_2,s_native_v6_2_3,s_native_v6_2_4,s_native_v6_2_5,s_native_v6_2_6,s_native_v6_2_7,jointtrace,jointtracepage,imutrace,batterytelemetry,balancecontrol,commandretry,stow,headinghold profile=attitudepd_v3 heading=on reverse_limit=1000 recovery=new-command fault_code=0 support=observing mass_g=2754
Servo status (12 configured IDs):
ID 1 pos=1928 speed=0 load=0 voltage=11200mV temp=34C current=0 moving=0 hw=0x00
ID 2 pos=1623 speed=0 load=8 voltage=11300mV temp=33C current=1 moving=0 hw=0x00
ID 3 pos=3458 speed=0 load=120 voltage=11400mV temp=45C current=6 moving=0 hw=0x00
ID 4 pos=2075 speed=0 load=24 voltage=11400mV temp=36C current=0 moving=0 hw=0x00
ID 5 pos=2378 speed=0 load=8 voltage=11300mV temp=36C current=0 moving=0 hw=0x00
ID 6 pos=580 speed=0 load=-184 voltage=11400mV temp=47C current=12 moving=0 hw=0x00
ID 7 pos=2098 speed=0 load=-56 voltage=11300mV temp=37C current=2 moving=0 hw=0x00
ID 8 pos=1488 speed=0 load=8 voltage=11300mV temp=37C current=0 moving=0 hw=0x00
ID 9 pos=3460 speed=0 load=144 voltage=11300mV temp=57C current=7 moving=0 hw=0x00
ID 10 pos=1958 speed=0 load=64 voltage=11400mV temp=38C current=2 moving=0 hw=0x00
ID 11 pos=2709 speed=0 load=-8 voltage=11300mV temp=35C current=0 moving=0 hw=0x00
ID 12 pos=552 speed=0 load=-128 voltage=11300mV temp=55C current=5 moving=0 hw=0x00
Bus read retries: attempts=0 recovered=0 failed=0
$SPOTSTATE pose=landing error=22 torque=on safety=ok balance=suspended rev=attitudepd-v3-v79 caps=trot5,gaitprofiles,arcsupport,centerpivot,attitudepd,attitudepd_v2,attitudepd_v3,s_native_v6_1,s_native_v6_2_1,s_native_v6_2_2,s_native_v6_2_3,s_native_v6_2_4,s_native_v6_2_5,s_native_v6_2_6,s_native_v6_2_7,jointtrace,jointtracepage,imutrace,batterytelemetry,balancecontrol,commandretry,stow,headinghold profile=attitudepd_v3 heading=on reverse_limit=1000 recovery=new-command fault_code=0 support=observing mass_g=2754
SERVO_CONFIG id=1 addr=0: 03 0A 00 09 03 01 00 00 01 00 00 FF 0F 46 8C 28 E8 03 0C 2C 2F 20 20 00 10 00 01 01 36 01 01 55 00 00 14 C8 50 0A C8 C8 01 1E 89 07 00 00 2C 01 E8 03
SERVO_CONFIG id=2 addr=0: 03 0A 00 09 0B 02 00 00 01 00 00 00 00 50 A0 3C E8 03 0C 2D 2D 20 20 00 00 00 00 00 36 01 01 00 00 00 14 C8 50 0A FA C8 01 1E 56 06 00 00 2C 01 E8 03
SERVO_CONFIG id=3 addr=0: 03 0A 00 09 03 03 00 00 01 00 00 FF 0F 46 8C 28 E8 03 0C 2C 2F 20 20 00 10 00 01 01 36 01 01 55 00 00 14 C8 50 0A C8 C8 01 1E 74 0D 00 00 2C 01 E8 03
SERVO_CONFIG id=4 addr=0: 03 0A 00 09 03 04 00 00 01 00 00 FF 0F 46 8C 28 E8 03 0C 2C 2F 20 20 00 10 00 01 01 36 01 01 55 00 00 14 C8 50 0A C8 C8 01 1E 19 08 00 00 2C 01 E8 03
SERVO_CONFIG id=5 addr=0: 03 0A 00 09 0B 05 00 00 01 00 00 00 00 50 A0 3C E8 03 0C 2D 2D 20 20 00 00 00 00 00 36 01 01 00 00 00 14 C8 50 0A FA C8 01 1E 49 09 00 00 2C 01 E8 03
SERVO_CONFIG id=6 addr=0: 03 0A 00 09 03 06 00 00 01 00 00 FF 0F 46 8C 28 E8 03 0C 2C 2F 20 20 00 10 00 01 01 36 01 01 55 00 00 14 C8 50 0A C8 C8 01 1E 5A 02 00 00 2C 01 E8 03
SERVO_CONFIG id=7 addr=0: 03 0A 00 09 03 07 00 00 01 00 00 FF 0F 46 8C 28 E8 03 0C 2C 2F 20 20 00 10 00 01 01 36 01 01 55 00 00 14 C8 50 0A C8 C8 01 1E 38 08 00 00 2C 01 E8 03
SERVO_CONFIG id=8 addr=0: 03 0A 00 09 0B 08 00 00 01 00 00 FF 0F 50 A0 3C E8 03 0C 2D 2D 20 20 00 00 00 00 00 36 01 01 00 00 00 14 C8 50 0A FA C8 01 1E CF 05 00 00 2C 01 E8 03
SERVO_CONFIG id=9 addr=0: 03 0A 00 09 03 09 00 00 01 00 00 FF 0F 46 8C 28 E8 03 0C 2C 2F 20 20 00 10 00 01 01 36 01 01 55 00 00 14 C8 50 0A C8 C8 01 1E 73 0D 00 00 2C 01 E8 03
SERVO_CONFIG id=10 addr=0: 03 0A 00 09 03 0A 00 00 01 00 00 FF 0F 46 8C 28 E8 03 0C 2C 2F 20 20 00 10 00 01 01 36 01 01 55 00 00 14 C8 50 0A C8 C8 01 1E 9F 07 00 00 2C 01 E8 03
SERVO_CONFIG id=11 addr=0: 03 0A 00 09 0B 0B 00 00 01 00 00 FF 0F 50 A0 3C E8 03 0C 2D 2D 20 20 00 00 00 00 00 36 01 01 00 00 00 14 C8 50 0A FA C8 01 1E 96 0A 00 00 2C 01 E8 03
SERVO_CONFIG id=12 addr=0: 03 0A 00 09 03 0C 00 00 01 00 00 FF 0F 46 8C 28 E8 03 0C 2C 2F 20 20 00 10 00 01 01 36 01 01 55 00 00 14 C8 50 0A C8 C8 01 1E 37 02 00 00 2C 01 E8 03
Profile: speed=3400 acceleration=254
$PROBECONFIG lift_mm=20 linear=344 duration_ms=4000 legs=all width_mm=0 width_ref=vertical fr_extra=0 storage=ram
$GAITPROFILES legacy,crawl,cruise,trot,highstep,lift,imu,level,level15,joint,jointfast,jointsport,arcturn,arcsupport,centerpivot,attitudepd,s_native_v6_1,s_native_v6_2_1,s_native_v6_2_2,s_native_v6_2_3,s_native_v6_2_4,s_native_v6_2_5,s_native_v6_2_6,s_native_v6_2_7,attitudepd_v2,attitudepd_v3
OK
SERVO_CONFIG id=1 addr=0: 03 0A 00 09 03 01 00 00 01 00 00 FF 0F 46 8C 28 E8 03 0C 2C 2F 20 20 00 10 00 01 01 36 01 01 55 00 00 14 C8 50 0A C8 C8 00 1E 89 07 00 00 2C 01 E8 03
SERVO_CONFIG id=2 addr=0: 03 0A 00 09 0B 02 00 00 01 00 00 00 00 50 A0 3C E8 03 0C 2D 2D 20 20 00 00 00 00 00 36 01 01 00 00 00 14 C8 50 0A FA C8 00 1E 56 06 00 00 2C 01 E8 03
SERVO_CONFIG id=3 addr=0: 03 0A 00 09 03 03 00 00 01 00 00 FF 0F 46 8C 28 E8 03 0C 2C 2F 20 20 00 10 00 01 01 36 01 01 55 00 00 14 C8 50 0A C8 C8 00 1E 74 0D 00 00 2C 01 E8 03
SERVO_CONFIG id=4 addr=0: 03 0A 00 09 03 04 00 00 01 00 00 FF 0F 46 8C 28 E8 03 0C 2C 2F 20 20 00 10 00 01 01 36 01 01 55 00 00 14 C8 50 0A C8 C8 00 1E 19 08 00 00 2C 01 E8 03
SERVO_CONFIG id=5 addr=0: 03 0A 00 09 0B 05 00 00 01 00 00 00 00 50 A0 3C E8 03 0C 2D 2D 20 20 00 00 00 00 00 36 01 01 00 00 00 14 C8 50 0A FA C8 00 1E 49 09 00 00 2C 01 E8 03
SERVO_CONFIG id=6 addr=0: 03 0A 00 09 03 06 00 00 01 00 00 FF 0F 46 8C 28 E8 03 0C 2C 2F 20 20 00 10 00 01 01 36 01 01 55 00 00 14 C8 50 0A C8 C8 00 1E 5A 02 00 00 2C 01 E8 03
SERVO_CONFIG id=7 addr=0: 03 0A 00 09 03 07 00 00 01 00 00 FF 0F 46 8C 28 E8 03 0C 2C 2F 20 20 00 10 00 01 01 36 01 01 55 00 00 14 C8 50 0A C8 C8 00 1E 38 08 00 00 2C 01 E8 03
SERVO_CONFIG id=8 addr=0: 03 0A 00 09 0B 08 00 00 01 00 00 FF 0F 50 A0 3C E8 03 0C 2D 2D 20 20 00 00 00 00 00 36 01 01 00 00 00 14 C8 50 0A FA C8 00 1E CF 05 00 00 2C 01 E8 03
SERVO_CONFIG id=9 addr=0: 03 0A 00 09 03 09 00 00 01 00 00 FF 0F 46 8C 28 E8 03 0C 2C 2F 20 20 00 10 00 01 01 36 01 01 55 00 00 14 C8 50 0A C8 C8 00 1E 73 0D 00 00 2C 01 E8 03
SERVO_CONFIG id=10 addr=0: 03 0A 00 09 03 0A 00 00 01 00 00 FF 0F 46 8C 28 E8 03 0C 2C 2F 20 20 00 10 00 01 01 36 01 01 55 00 00 14 C8 50 0A C8 C8 00 1E 9F 07 00 00 2C 01 E8 03
SERVO_CONFIG id=11 addr=0: 03 0A 00 09 0B 0B 00 00 01 00 00 FF 0F 50 A0 3C E8 03 0C 2D 2D 20 20 00 00 00 00 00 36 01 01 00 00 00 14 C8 50 0A FA C8 00 1E 96 0A 00 00 2C 01 E8 03
SERVO_CONFIG id=12 addr=0: 03 0A 00 09 03 0C 00 00 01 00 00 FF 0F 46 8C 28 E8 03 0C 2C 2F 20 20 00 10 00 01 01 36 01 01 55 00 00 14 C8 50 0A C8 C8 00 1E 37 02 00 00 2C 01 E8 03
$SPOTSTATE pose=landing error=78 torque=off safety=ok balance=suspended rev=attitudepd-v3-v79 caps=trot5,gaitprofiles,arcsupport,centerpivot,attitudepd,attitudepd_v2,attitudepd_v3,s_native_v6_1,s_native_v6_2_1,s_native_v6_2_2,s_native_v6_2_3,s_native_v6_2_4,s_native_v6_2_5,s_native_v6_2_6,s_native_v6_2_7,jointtrace,jointtracepage,imutrace,batterytelemetry,balancecontrol,commandretry,stow,headinghold profile=attitudepd_v3 heading=on reverse_limit=1000 recovery=new-command fault_code=0 support=observing mass_g=2754
