ports:[SpotOMG-Bridge] link=ble-stm32-ota
STM32 image: /Users/etnlwind/project/spot_omg/artifacts/s-native-v6-2-2/firmware-v64/s-native-v6-2-2-v64.bin (316056 bytes, sha256=f3de8257d34ac7cfbd7c51407982f6fcd6f04321515e59fade9bfe45047352a2)
Torque off confirmed; updating without pose motion
Staging on ESP32: 10%
Staging on ESP32: 20%
Staging on ESP32: 30%
Staging on ESP32: 40%
Staging on ESP32: 50%
Staging on ESP32: 60%
Staging on ESP32: 70%
Staging on ESP32: 80%
Staging on ESP32: 90%
Staging on ESP32: 100%
ESP32 image verified; STM32 bootloader is programming flash
Flashing STM32: 0%
Flashing STM32: 1%
Flashing STM32: 2%
Flashing STM32: 3%
Flashing STM32: 4%
Flashing STM32: 5%
Flashing STM32: 6%
Flashing STM32: 7%
Flashing STM32: 8%
Flashing STM32: 9%
Flashing STM32: 10%
Flashing STM32: 11%
Flashing STM32: 12%
Flashing STM32: 13%
Flashing STM32: 14%
Flashing STM32: 15%
Flashing STM32: 16%
Flashing STM32: 17%
Flashing STM32: 18%
Flashing STM32: 19%
Flashing STM32: 20%
Flashing STM32: 21%
Flashing STM32: 22%
Flashing STM32: 23%
Flashing STM32: 24%
Flashing STM32: 25%
Flashing STM32: 26%
Flashing STM32: 27%
Flashing STM32: 28%
Flashing STM32: 29%
Flashing STM32: 30%
Flashing STM32: 31%
Flashing STM32: 32%
Flashing STM32: 33%
Flashing STM32: 34%
Flashing STM32: 35%
Flashing STM32: 36%
Flashing STM32: 37%
Flashing STM32: 38%
Flashing STM32: 39%
Flashing STM32: 40%
Flashing STM32: 41%
Flashing STM32: 42%
Flashing STM32: 43%
Flashing STM32: 44%
Flashing STM32: 45%
Flashing STM32: 46%
Flashing STM32: 47%
Flashing STM32: 48%
Flashing STM32: 49%
Flashing STM32: 50%
Flashing STM32: 51%
Flashing STM32: 52%
Flashing STM32: 53%
Flashing STM32: 54%
Flashing STM32: 55%
Flashing STM32: 56%
Flashing STM32: 57%
Flashing STM32: 58%
Flashing STM32: 59%
Flashing STM32: 60%
Flashing STM32: 61%
Flashing STM32: 62%
Flashing STM32: 63%
Flashing STM32: 64%
Flashing STM32: 65%
Flashing STM32: 66%
Flashing STM32: 67%
Flashing STM32: 68%
Flashing STM32: 69%
Flashing STM32: 70%
Flashing STM32: 71%
Flashing STM32: 72%
Flashing STM32: 73%
Flashing STM32: 74%
Flashing STM32: 75%
Flashing STM32: 76%
Flashing STM32: 77%
Flashing STM32: 78%
Flashing STM32: 79%
Flashing STM32: 80%
Flashing STM32: 81%
Flashing STM32: 82%
Flashing STM32: 83%
Flashing STM32: 84%
Flashing STM32: 85%
Flashing STM32: 86%
Flashing STM32: 87%
Flashing STM32: 88%
Flashing STM32: 89%
Flashing STM32: 90%
Flashing STM32: 91%
Flashing STM32: 92%
Flashing STM32: 93%
Flashing STM32: 94%
Flashing STM32: 95%
Flashing STM32: 96%
Flashing STM32: 97%
Flashing STM32: 98%
Flashing STM32: 99%
Flashing STM32: 100%
STM32 firmware verified and rebooted
