COMMAND syncstate
COMMAND profile
COMMAND imu off
COMMAND jointtrace arm
$SPOTDRIVE started seq=1 linear=1000 yaw=0 watchdog=800ms rev=s-native-v6-2-4-v68
$SPOTDRIVE stopped reason=final position verification failed elapsed=0ms
ERROR: final position verification failed; servo=1, bus=ok, servo_error=0x00
Gait diagnostics: no samples yet
COMMAND relax
COMMAND syncstate
Downloading startup joint trace
RUN ERROR No gait commands recorded; arm before a gait
COMMAND relax
COMMAND syncstate
{
  "linear": 1000,
  "yaw": 0,
  "nominal_cycles": 30.0,
  "nominal_duration_s": 30.0,
  "profile": "s_native_v6_2_4",
  "revision": "s-native-v6-2-4-v68",
  "support": "user-secured body; feet off floor",
  "full_cycle_count_measured": false,
  "stop_result": "$SPOTDRIVE stopped reason=final position verification failed elapsed=0ms",
  "drive_prompt_received": true,
  "post_relax_state": "$SPOTSTATE pose=stand error=6 torque=off safety=ok balance=suspended rev=s-native-v6-2-4-v68 caps=trot5,gaitprofiles,arcsupport,centerpivot,attitudepd,s_native_v6_1,s_native_v6_2_1,s_native_v6_2_2,s_native_v6_2_3,s_native_v6_2_4,jointtrace,jointtracepage,balancecontrol,commandretry,stow,headinghold profile=s_native_v6_2_4 heading=on reverse_limit=600 recovery=new-command fault_code=0 support=observing mass_g=2754",
  "error": "No gait commands recorded; arm before a gait",
  "relax_result": "OK",
  "final_state": "$SPOTSTATE pose=custom error=374 torque=off safety=ok balance=suspended rev=s-native-v6-2-4-v68 caps=trot5,gaitprofiles,arcsupport,centerpivot,attitudepd,s_native_v6_1,s_native_v6_2_1,s_native_v6_2_2,s_native_v6_2_3,s_native_v6_2_4,jointtrace,jointtracepage,balancecontrol,commandretry,stow,headinghold profile=s_native_v6_2_4 heading=on reverse_limit=600 recovery=new-command fault_code=0 support=observing mass_g=2754"
}
