$JT,M,1,241,241,0,0,2,3400,254
$JT,R,shared-locomotion-v47
$JT,J,0,1,1929,-1
$JT,J,1,2,2077,-1
$JT,J,2,3,1965,1
$JT,J,3,4,2089,1
$JT,J,4,5,1922,1
$JT,J,5,6,2081,-1
$JT,J,6,7,2104,-1
$JT,J,7,8,1942,-1
$JT,J,8,9,1964,1
$JT,J,9,10,1951,1
$JT,J,10,11,2255,1
$JT,J,11,12,2046,-1
$JT,P,0,12,482
$JT,C,0,170758,170759,1929,1565,2989,2089,2435,1056,2104,1431,2987,1951,2767,1022
$JT,C,1,170779,170779,1929,1565,2989,2089,2435,1055,2104,1431,2986,1951,2767,1022
$JT,C,2,170799,170799,1929,1565,2989,2089,2436,1054,2104,1431,2985,1951,2767,1022
$JT,C,3,170819,170819,1929,1565,2988,2089,2437,1052,2104,1431,2983,1951,2768,1021
$JT,C,4,170839,170839,1929,1564,2988,2089,2437,1051,2104,1431,2983,1951,2768,1021
$JT,C,5,170859,170859,1929,1564,2988,2089,2439,1051,2104,1431,2982,1951,2769,1021
$JT,C,6,170879,170879,1929,1563,2988,2089,2440,1051,2104,1430,2982,1951,2770,1021
$JT,C,7,170899,170899,1929,1562,2988,2089,2442,1050,2104,1429,2982,1951,2772,1021
$JT,C,8,170919,170919,1929,1559,2988,2089,2443,1050,2104,1428,2982,1951,2774,1021
$JT,C,9,170939,170939,1929,1558,2988,2089,2445,1050,2104,1425,2982,1951,2775,1021
$JT,C,10,170959,170959,1928,1556,2989,2090,2448,1050,2103,1423,2982,1952,2777,1021
$JT,C,11,170979,170979,1928,1552,2989,2090,2450,1050,2103,1421,2982,1952,2781,1021
$JT,P,12,12,482
$JT,C,12,170999,170999,1928,1550,2989,2090,2453,1050,2103,1417,2982,1952,2783,1020
$JT,C,13,171019,171019,1928,1547,2989,2090,2456,1049,2103,1415,2982,1952,2786,1020
$JT,C,14,171039,171039,1928,1543,2989,2090,2460,1049,2103,1412,2982,1952,2790,1020
$JT,C,15,171059,171059,1928,1540,2990,2090,2464,1049,2103,1407,2982,1952,2793,1020
$JT,C,16,171079,171079,1927,1535,2990,2091,2468,1048,2102,1404,2982,1953,2798,1020
$JT,C,17,171099,171099,1927,1531,2990,2091,2472,1048,2102,1399,2982,1953,2801,1020
$JT,C,18,171119,171119,1927,1526,2990,2091,2476,1048,2102,1396,2982,1953,2806,1020
$JT,C,19,171139,171139,1927,1522,2990,2091,2481,1048,2102,1390,2983,1953,2810,1020
$JT,C,20,171159,171159,1926,1517,2991,2092,2486,1047,2101,1386,2983,1954,2815,1019
$JT,C,21,171179,171179,1926,1513,2991,2092,2491,1047,2101,1381,2983,1954,2820,1019
$JT,C,22,171199,171199,1926,1507,2991,2092,2495,1047,2101,1377,2983,1954,2825,1019
$JT,C,23,171219,171219,1926,1502,2991,2092,2501,1047,2101,1371,2983,1954,2830,1019
$JT,P,24,12,482
$JT,C,24,171239,171239,1924,1498,2992,2094,2506,1046,2099,1366,2985,1956,2835,1017
$JT,C,25,171259,171259,1924,1492,2992,2094,2511,1046,2099,1361,2985,1956,2840,1017
$JT,C,26,171279,171279,1924,1488,2992,2094,2516,1046,2099,1356,2985,1956,2846,1017
$JT,C,27,171299,171299,1923,1482,2992,2095,2522,1046,2098,1351,2985,1957,2850,1017
$JT,C,28,171319,171319,1923,1477,2992,2095,2526,1044,2098,1346,2985,1957,2856,1017
$JT,C,29,171339,171339,1923,1473,2994,2095,2531,1044,2098,1341,2986,1957,2860,1016
$JT,C,30,171359,171359,1923,1468,2994,2095,2535,1044,2098,1337,2986,1957,2865,1016
$JT,C,31,171379,171379,1922,1464,2994,2096,2540,1044,2097,1332,2986,1958,2869,1016
$JT,C,32,171399,171399,1922,1459,2994,2096,2544,1044,2097,1329,2986,1958,2874,1015
$JT,C,33,171419,171419,1922,1456,2994,2096,2548,1044,2097,1324,2986,1958,2877,1015
$JT,C,34,171439,171439,1922,1452,2994,2096,2552,1043,2097,1321,2987,1958,2881,1015
$JT,C,35,171459,171459,1922,1449,2994,2096,2556,1043,2097,1317,2987,1958,2885,1015
$JT,P,36,12,482
$JT,C,36,171479,171479,1921,1446,2994,2097,2558,1043,2096,1314,2987,1959,2888,1014
$JT,C,37,171499,171499,1921,1442,2994,2097,2561,1043,2096,1311,2987,1959,2891,1014
$JT,C,38,171519,171519,1921,1440,2994,2097,2564,1043,2096,1308,2988,1959,2893,1014
$JT,C,39,171539,171539,1921,1438,2994,2097,2566,1043,2096,1306,2988,1959,2896,1014
$JT,C,40,171559,171559,1921,1436,2994,2097,2568,1043,2096,1304,2988,1959,2898,1013
$JT,C,41,171579,171579,1921,1434,2994,2097,2569,1043,2096,1303,2988,1959,2900,1013
$JT,C,42,171599,171599,1921,1433,2994,2097,2571,1043,2096,1301,2988,1959,2901,1013
$JT,C,43,171619,171619,1921,1433,2994,2097,2572,1044,2096,1300,2989,1959,2902,1013
$JT,C,44,171639,171639,1921,1432,2994,2097,2573,1044,2096,1299,2989,1959,2904,1013
$JT,C,45,171659,171659,1921,1432,2994,2097,2573,1044,2096,1298,2989,1959,2904,1012
$JT,C,46,171679,171679,1921,1431,2994,2097,2573,1044,2096,1298,2989,1959,2905,1012
$JT,C,47,171699,171699,1921,1431,2994,2097,2573,1044,2096,1298,2989,1959,2905,1012
$JT,P,48,12,482
$JT,C,48,171719,171719,1921,1431,2994,2097,2573,1044,2096,1298,2989,1959,2905,1012
$JT,C,49,171739,171739,1920,1431,2994,2098,2574,1044,2095,1298,2989,1960,2905,1012
$JT,C,50,171759,171760,1920,1431,2994,2098,2574,1044,2095,1298,2989,1960,2905,1012
$JT,C,51,171779,171780,1920,1431,2992,2098,2574,1044,2095,1298,2989,1960,2905,1012
$JT,C,52,171799,171800,1920,1431,2992,2098,2574,1044,2095,1298,2989,1960,2905,1012
$JT,C,53,171819,171820,1920,1431,2992,2098,2574,1044,2095,1298,2989,1960,2905,1012
$JT,C,54,171839,171840,1920,1431,2992,2098,2574,1044,2095,1298,2989,1960,2905,1012
$JT,C,55,171859,171860,1920,1431,2992,2098,2574,1044,2095,1298,2989,1960,2905,1012
$JT,C,56,171879,171880,1920,1431,2992,2099,2574,1044,2094,1298,2989,1960,2905,1012
$JT,C,57,171899,171900,1919,1431,2992,2099,2575,1044,2094,1299,2989,1961,2904,1012
$JT,C,58,171919,171920,1919,1430,2992,2102,2575,1044,2091,1299,2989,1961,2904,1012
$JT,C,59,171939,171940,1918,1430,2992,2103,2576,1044,2090,1300,2990,1962,2904,1012
$JT,P,60,12,482
$JT,C,60,171959,171960,1918,1430,2992,2105,2577,1046,2088,1301,2990,1962,2904,1011
$JT,C,61,171979,171980,1916,1428,2992,2107,2580,1044,2086,1303,2991,1964,2902,1011
$JT,C,62,171999,172000,1915,1428,2991,2111,2581,1044,2082,1303,2994,1965,2902,1011
$JT,C,63,172019,172020,1915,1428,2991,2112,2583,1042,2081,1303,2996,1965,2902,1011
$JT,C,64,172039,172040,1915,1428,2991,2113,2585,1040,2080,1301,2998,1965,2902,1011
$JT,C,65,172059,172060,1915,1428,2991,2113,2588,1038,2080,1299,3002,1965,2902,1011
$JT,C,66,172079,172080,1916,1430,2992,2112,2589,1034,2081,1297,3005,1964,2902,1011
$JT,C,67,172099,172100,1918,1430,2992,2109,2590,1030,2084,1293,3007,1962,2904,1011
$JT,C,68,172119,172120,1919,1430,2992,2105,2590,1025,2088,1289,3011,1961,2904,1012
$JT,C,69,172139,172140,1920,1431,2992,2099,2589,1021,2094,1284,3013,1960,2905,1012
$JT,C,70,172159,172160,1922,1432,2992,2092,2588,1017,2101,1280,3013,1958,2906,1012
$JT,C,71,172179,172180,1924,1433,2994,2083,2583,1014,2110,1274,3013,1956,2907,1013
$JT,P,72,12,482
$JT,C,72,172199,172200,1927,1434,2994,2074,2578,1013,2119,1270,3011,1953,2908,1013
$JT,C,73,172219,172220,1930,1436,2995,2064,2573,1011,2129,1266,3007,1950,2909,1014
$JT,C,74,172239,172240,1934,1438,2995,2054,2566,1013,2139,1263,3002,1946,2911,1014
$JT,C,75,172259,172260,1938,1440,2996,2045,2558,1015,2148,1260,2995,1942,2914,1015
$JT,C,76,172279,172280,1942,1442,2997,2036,2550,1018,2157,1259,2988,1938,2915,1016
$JT,C,77,172299,172300,1947,1444,2998,2029,2543,1022,2164,1259,2982,1933,2917,1017
$JT,C,78,172319,172320,1952,1447,2999,2023,2538,1025,2170,1259,2977,1928,2919,1019
$JT,C,79,172339,172340,1957,1450,3000,2020,2534,1029,2173,1259,2972,1923,2923,1021
$JT,C,80,172359,172360,1963,1452,3002,2018,2532,1031,2175,1260,2970,1917,2925,1022
$JT,C,81,172379,172380,1969,1456,3002,2017,2531,1031,2176,1260,2969,1911,2927,1024
$JT,C,82,172399,172400,1976,1459,3003,2018,2532,1031,2175,1262,2969,1904,2931,1025
$JT,C,83,172419,172420,1982,1463,3004,2021,2532,1032,2172,1262,2970,1898,2934,1028
$JT,P,84,12,482
$JT,C,84,172439,172440,1989,1467,3005,2022,2533,1032,2171,1263,2970,1891,2937,1029
$JT,C,85,172459,172460,1996,1471,3006,2025,2535,1032,2168,1264,2971,1884,2940,1031
$JT,C,86,172479,172480,2003,1474,3006,2028,2536,1033,2165,1265,2972,1877,2942,1033
$JT,C,87,172499,172500,2010,1479,3007,2031,2539,1033,2162,1266,2973,1870,2946,1036
$JT,C,88,172519,172520,2017,1482,3007,2036,2541,1033,2157,1268,2974,1863,2949,1038
$JT,C,89,172539,172540,2023,1486,3008,2039,2543,1034,2154,1271,2974,1857,2952,1039
$JT,C,90,172559,172560,2028,1488,3011,2043,2546,1034,2150,1272,2977,1852,2956,1038
$JT,C,91,172579,172580,2031,1488,3015,2048,2548,1035,2145,1274,2978,1849,2960,1035
$JT,C,92,172599,172600,2031,1484,3021,2053,2550,1035,2140,1276,2979,1849,2964,1029
$JT,C,93,172619,172620,2029,1477,3029,2058,2553,1037,2135,1279,2980,1851,2968,1019
$JT,C,94,172639,172640,2023,1468,3038,2064,2556,1038,2129,1282,2981,1857,2973,1006
$JT,C,95,172659,172660,2013,1456,3047,2069,2559,1038,2124,1284,2982,1867,2975,992
$JT,P,96,12,482
$JT,C,96,172679,172680,2001,1442,3055,2074,2563,1039,2119,1287,2983,1879,2975,979
$JT,C,97,172699,172700,1985,1428,3061,2080,2565,1040,2113,1290,2985,1895,2974,965
$JT,C,98,172719,172720,1965,1414,3065,2086,2568,1040,2107,1292,2986,1915,2970,954
$JT,C,99,172739,172740,1945,1401,3065,2091,2572,1041,2102,1296,2986,1935,2963,943
$JT,C,100,172759,172760,1923,1389,3063,2097,2574,1042,2096,1298,2987,1957,2954,937
$JT,C,101,172779,172780,1902,1378,3057,2103,2577,1043,2090,1301,2988,1978,2942,934
$JT,C,102,172799,172800,1880,1372,3048,2108,2580,1044,2085,1304,2989,2000,2929,933
$JT,C,103,172819,172820,1861,1367,3038,2114,2583,1046,2079,1307,2990,2019,2915,937
$JT,C,104,172839,172840,1845,1365,3024,2119,2585,1047,2074,1311,2990,2035,2900,942
$JT,C,105,172859,172860,1830,1365,3011,2124,2589,1048,2069,1313,2991,2050,2886,950
$JT,C,106,172879,172880,1819,1366,2997,2130,2591,1049,2063,1316,2993,2061,2874,958
$JT,C,107,172899,172900,1812,1369,2984,2136,2593,1050,2057,1318,2994,2068,2863,967
$JT,P,108,12,482
$JT,C,108,172919,172920,1807,1373,2973,2141,2597,1051,2052,1322,2994,2073,2855,976
$JT,C,109,172939,172940,1806,1376,2965,2147,2599,1052,2046,1325,2995,2074,2849,983
$JT,C,110,172959,172960,1807,1381,2962,2153,2601,1055,2040,1328,2996,2073,2847,988
$JT,C,111,172979,172980,1811,1383,2961,2158,2604,1056,2035,1331,2997,2069,2847,991
$JT,C,112,172999,173000,1815,1385,2962,2164,2606,1058,2029,1333,2997,2065,2849,994
$JT,C,113,173019,173020,1821,1386,2964,2169,2608,1059,2024,1337,2998,2059,2852,995
$JT,C,114,173039,173040,1827,1389,2967,2174,2611,1062,2019,1340,2999,2053,2855,997
$JT,C,115,173059,173060,1832,1390,2970,2180,2613,1064,2013,1342,3001,2048,2857,998
$JT,C,116,173079,173080,1837,1392,2972,2186,2616,1065,2007,1346,3002,2043,2860,999
$JT,C,117,173099,173100,1843,1394,2974,2191,2618,1067,2002,1348,3002,2037,2863,1000
$JT,C,118,173119,173120,1848,1395,2976,2197,2621,1070,1996,1351,3003,2032,2865,1003
$JT,C,119,173139,173140,1854,1398,2979,2202,2623,1071,1991,1355,3003,2026,2868,1004
$JT,P,120,12,482
$JT,C,120,173159,173160,1860,1400,2981,2207,2625,1072,1986,1357,3004,2020,2871,1005
$JT,C,121,173179,173180,1865,1402,2982,2211,2629,1071,1982,1358,3006,2015,2874,1005
$JT,C,122,173199,173200,1870,1405,2984,2212,2632,1066,1981,1356,3011,2010,2876,1006
$JT,C,123,173219,173220,1876,1408,2986,2211,2637,1058,1982,1351,3018,2004,2880,1007
$JT,C,124,173239,173240,1881,1410,2988,2207,2640,1048,1986,1345,3026,1999,2883,1008
$JT,C,125,173259,173260,1887,1413,2988,2199,2643,1035,1994,1334,3034,1993,2885,1008
$JT,C,126,173279,173280,1893,1416,2989,2189,2646,1021,2004,1322,3043,1987,2889,1009
$JT,C,127,173299,173300,1898,1418,2990,2175,2646,1007,2018,1308,3051,1982,2892,1009
$JT,C,128,173319,173320,1904,1422,2991,2158,2643,993,2035,1293,3056,1976,2896,1011
$JT,C,129,173339,173340,1910,1425,2992,2140,2639,982,2053,1280,3060,1970,2898,1012
$JT,C,130,173359,173360,1915,1427,2994,2119,2632,973,2074,1267,3060,1965,2901,1012
$JT,C,131,173379,173380,1921,1431,2994,2097,2622,966,2096,1255,3056,1959,2905,1013
$JT,P,132,12,482
$JT,C,132,173399,173400,1927,1433,2995,2075,2610,964,2118,1246,3051,1953,2907,1014
$JT,C,133,173419,173420,1931,1436,2996,2055,2597,964,2138,1239,3041,1949,2910,1015
$JT,C,134,173439,173440,1937,1440,2996,2036,2582,968,2157,1234,3030,1943,2913,1016
$JT,C,135,173459,173460,1943,1442,2997,2018,2567,974,2175,1232,3016,1937,2916,1017
$JT,C,136,173479,173480,1948,1446,2998,2005,2553,982,2188,1232,3003,1932,2918,1019
$JT,C,137,173499,173500,1954,1448,2999,1995,2541,991,2198,1234,2990,1926,2921,1020
$JT,C,138,173519,173520,1960,1451,3000,1988,2531,1000,2205,1237,2978,1920,2924,1021
$JT,C,139,173539,173540,1965,1455,3000,1984,2523,1009,2209,1241,2968,1915,2926,1022
$JT,C,140,173559,173560,1971,1457,3002,1983,2517,1016,2210,1245,2961,1909,2929,1024
$JT,C,141,173579,173580,1977,1460,3003,1984,2516,1021,2209,1248,2957,1903,2931,1025
$JT,C,142,173599,173600,1981,1463,3004,1988,2516,1024,2205,1250,2956,1899,2933,1028
$JT,C,143,173619,173620,1987,1466,3005,1993,2518,1026,2200,1253,2958,1893,2937,1029
$JT,P,144,12,482
$JT,C,144,173639,173640,1993,1468,3006,1999,2520,1027,2194,1254,2961,1887,2939,1031
$JT,C,145,173659,173660,1998,1472,3006,2004,2524,1029,2189,1256,2963,1882,2941,1032
$JT,C,146,173679,173680,2004,1475,3007,2009,2526,1030,2184,1257,2965,1876,2943,1035
$JT,C,147,173699,173700,2010,1477,3008,2015,2530,1031,2178,1259,2968,1870,2946,1036
$JT,C,148,173719,173720,2015,1481,3008,2021,2532,1032,2172,1262,2970,1865,2948,1038
$JT,C,149,173739,173740,2020,1484,3009,2026,2535,1033,2167,1264,2972,1860,2950,1040
$JT,C,150,173759,173760,2026,1488,3009,2032,2539,1034,2161,1266,2973,1854,2952,1041
$JT,C,151,173779,173780,2030,1490,3011,2038,2541,1034,2155,1268,2975,1850,2955,1042
$JT,C,152,173799,173800,2034,1490,3013,2042,2544,1035,2151,1272,2977,1846,2958,1040
$JT,C,153,173819,173820,2035,1489,3017,2048,2548,1035,2145,1274,2978,1845,2963,1035
$JT,C,154,173839,173840,2034,1483,3024,2054,2551,1035,2139,1278,2979,1846,2967,1027
$JT,C,155,173859,173860,2029,1475,3032,2059,2555,1037,2134,1280,2980,1851,2971,1015
$JT,P,156,12,482
$JT,C,156,173879,173880,2021,1465,3040,2065,2557,1037,2128,1283,2980,1859,2974,1002
$JT,C,157,173899,173900,2010,1452,3049,2071,2560,1038,2122,1286,2981,1870,2976,988
$JT,C,158,173919,173920,1996,1439,3056,2076,2564,1038,2117,1289,2982,1884,2976,973
$JT,C,159,173939,173940,1979,1425,3062,2082,2567,1039,2111,1291,2983,1901,2974,961
$JT,C,160,173959,173960,1960,1410,3064,2088,2569,1040,2105,1295,2985,1920,2968,949
$JT,C,161,173979,173980,1938,1398,3064,2092,2573,1040,2101,1297,2986,1942,2962,940
$JT,C,162,173999,174000,1916,1386,3061,2098,2576,1041,2095,1300,2987,1964,2951,934
$JT,C,163,174019,174020,1895,1377,3054,2104,2578,1042,2089,1303,2987,1985,2939,932
$JT,C,164,174039,174040,1874,1370,3045,2109,2581,1043,2084,1306,2988,2006,2925,933
$JT,C,165,174059,174060,1856,1366,3033,2115,2584,1044,2078,1308,2989,2024,2910,938
$JT,C,166,174079,174080,1839,1364,3020,2121,2586,1046,2072,1312,2990,2041,2896,945
$JT,C,167,174099,174100,1827,1365,3006,2127,2590,1047,2066,1314,2991,2053,2882,953
$JT,P,168,12,482
$JT,C,168,174119,174120,1816,1367,2992,2132,2592,1049,2061,1317,2993,2064,2869,962
$JT,C,169,174139,174140,1810,1370,2981,2138,2596,1049,2055,1321,2993,2070,2860,971
$JT,C,170,174159,174160,1806,1374,2971,2144,2598,1051,2049,1323,2994,2074,2852,979
$JT,C,171,174179,174180,1806,1377,2964,2148,2600,1052,2045,1326,2994,2074,2848,986
$JT,C,172,174199,174200,1808,1381,2961,2154,2602,1054,2039,1329,2995,2072,2847,990
$JT,C,173,174219,174220,1812,1383,2961,2160,2606,1056,2033,1332,2996,2068,2848,992
$JT,C,174,174239,174240,1817,1385,2963,2165,2608,1058,2028,1336,2997,2063,2850,995
$JT,C,175,174259,174260,1822,1386,2966,2171,2610,1059,2022,1338,2998,2058,2852,996
$JT,C,176,174279,174280,1828,1389,2969,2177,2613,1062,2016,1341,2999,2052,2855,998
$JT,C,177,174299,174300,1833,1390,2971,2182,2615,1064,2011,1344,2999,2047,2858,999
$JT,C,178,174319,174320,1846,1395,2975,2180,2614,1063,2013,1342,2999,2034,2864,1002
$JT,C,179,174339,174340,1856,1399,2980,2178,2613,1063,2015,1341,2999,2024,2869,1004
$JT,P,180,12,482
$JT,C,180,174359,174360,1866,1403,2983,2174,2611,1062,2019,1339,2999,2014,2875,1005
$JT,C,181,174379,174380,1876,1408,2986,2170,2609,1059,2023,1337,2998,2004,2880,1007
$JT,C,182,174399,174400,1885,1411,2988,2164,2607,1057,2029,1333,2998,1995,2884,1008
$JT,C,183,174419,174420,1891,1415,2990,2157,2605,1054,2036,1330,2998,1989,2888,1011
$JT,C,184,174439,174440,1898,1418,2992,2148,2602,1049,2045,1324,2998,1982,2891,1012
$JT,C,185,174459,174460,1904,1421,2994,2138,2599,1044,2055,1317,2998,1976,2894,1013
$JT,C,186,174479,174480,1910,1424,2995,2128,2596,1040,2065,1312,2997,1970,2897,1013
$JT,C,187,174499,174500,1913,1426,2995,2119,2590,1038,2074,1307,2995,1967,2899,1014
$JT,C,188,174519,174520,1916,1427,2995,2108,2585,1037,2085,1304,2990,1964,2901,1014
$JT,C,189,174539,174540,1920,1430,2995,2100,2580,1038,2093,1301,2986,1960,2902,1014
$JT,C,190,174559,174560,1920,1430,2995,2098,2577,1038,2095,1301,2983,1960,2904,1014
$JT,C,191,174579,174579,1921,1430,2995,2097,2577,1038,2096,1301,2983,1959,2904,1014
$JT,P,192,12,482
$JT,C,192,174599,174599,1921,1431,2995,2097,2577,1038,2096,1301,2983,1959,2904,1013
$JT,C,193,174619,174619,1921,1431,2994,2097,2577,1038,2096,1301,2982,1959,2904,1013
$JT,C,194,174639,174639,1921,1431,2994,2097,2576,1038,2096,1303,2982,1959,2904,1013
$JT,C,195,174659,174659,1921,1432,2994,2097,2576,1039,2096,1303,2983,1959,2904,1013
$JT,C,196,174679,174679,1921,1433,2994,2097,2575,1039,2096,1304,2983,1959,2902,1012
$JT,C,197,174699,174699,1921,1434,2992,2097,2574,1039,2096,1304,2983,1959,2901,1012
$JT,C,198,174719,174719,1921,1435,2992,2097,2572,1039,2096,1305,2983,1959,2900,1013
$JT,C,199,174739,174739,1921,1436,2992,2097,2571,1040,2096,1307,2983,1959,2899,1013
$JT,C,200,174759,174759,1921,1439,2992,2097,2568,1040,2096,1308,2983,1959,2897,1013
$JT,C,201,174779,174779,1921,1441,2992,2097,2566,1040,2096,1311,2983,1959,2894,1013
$JT,C,202,174799,174799,1921,1443,2992,2097,2564,1040,2096,1313,2983,1959,2892,1013
$JT,C,203,174819,174819,1921,1447,2992,2097,2560,1040,2096,1316,2983,1959,2889,1013
$JT,P,204,12,482
$JT,C,204,174839,174839,1922,1450,2992,2096,2558,1040,2097,1320,2983,1958,2886,1013
$JT,C,205,174859,174859,1922,1453,2991,2096,2555,1040,2097,1323,2982,1958,2883,1013
$JT,C,206,174879,174879,1922,1457,2991,2096,2550,1040,2097,1326,2982,1958,2879,1013
$JT,C,207,174899,174899,1922,1460,2991,2096,2547,1041,2097,1331,2982,1958,2875,1013
$JT,C,208,174919,174919,1922,1465,2991,2096,2542,1041,2097,1334,2982,1958,2871,1014
$JT,C,209,174939,174939,1923,1469,2991,2095,2538,1041,2098,1339,2982,1957,2866,1014
$JT,C,210,174959,174959,1923,1474,2991,2095,2533,1041,2098,1344,2981,1957,2861,1014
$JT,C,211,174979,174979,1923,1479,2990,2095,2528,1041,2098,1348,2981,1957,2857,1015
$JT,C,212,174999,174999,1923,1483,2990,2095,2523,1042,2098,1353,2981,1957,2851,1015
$JT,C,213,175019,175019,1924,1489,2990,2094,2518,1042,2099,1358,2981,1956,2847,1015
$JT,C,214,175039,175039,1924,1493,2990,2094,2513,1042,2099,1363,2981,1956,2841,1015
$JT,C,215,175059,175059,1924,1499,2990,2094,2508,1043,2099,1369,2981,1956,2836,1016
$JT,P,216,12,482
$JT,C,216,175079,175079,1926,1504,2990,2092,2502,1043,2101,1373,2980,1954,2831,1016
$JT,C,217,175099,175099,1926,1508,2990,2092,2498,1043,2101,1378,2980,1954,2826,1016
$JT,C,218,175119,175119,1926,1514,2989,2092,2493,1043,2101,1383,2980,1954,2820,1017
$JT,C,219,175139,175139,1926,1518,2989,2092,2487,1043,2101,1388,2980,1954,2816,1017
$JT,C,220,175159,175159,1927,1523,2989,2091,2483,1043,2102,1392,2979,1953,2811,1017
$JT,C,221,175179,175179,1927,1527,2989,2091,2478,1044,2102,1397,2979,1953,2807,1019
$JT,C,222,175199,175199,1927,1532,2989,2091,2474,1044,2102,1402,2979,1953,2802,1019
$JT,C,223,175219,175219,1927,1535,2989,2091,2469,1044,2102,1406,2979,1953,2798,1019
$JT,C,224,175239,175239,1928,1540,2989,2090,2466,1044,2103,1410,2978,1952,2793,1020
$JT,C,225,175259,175259,1928,1543,2989,2090,2461,1044,2103,1414,2978,1952,2790,1020
$JT,C,226,175279,175279,1928,1547,2989,2090,2458,1046,2103,1416,2978,1952,2786,1020
$JT,C,227,175299,175299,1928,1550,2989,2090,2456,1046,2103,1420,2978,1952,2783,1021
$JT,P,228,12,482
$JT,C,228,175319,175319,1928,1552,2989,2090,2452,1046,2103,1423,2978,1952,2780,1021
$JT,C,229,175339,175339,1928,1555,2989,2090,2450,1046,2103,1425,2978,1952,2777,1021
$JT,C,230,175359,175359,1929,1557,2989,2089,2448,1046,2104,1428,2977,1951,2775,1022
$JT,C,231,175379,175379,1929,1559,2990,2089,2445,1046,2104,1430,2977,1951,2773,1022
$JT,C,232,175399,175399,1929,1560,2990,2089,2444,1046,2104,1431,2977,1951,2772,1022
$JT,C,233,175419,175419,1929,1562,2990,2089,2443,1046,2104,1433,2977,1951,2769,1022
$JT,C,234,175439,175439,1929,1563,2990,2089,2442,1044,2104,1435,2975,1951,2768,1023
$JT,C,235,175459,175459,1929,1564,2990,2089,2441,1044,2104,1435,2975,1951,2768,1023
$JT,C,236,175479,175479,1929,1564,2990,2089,2441,1044,2104,1436,2975,1951,2767,1023
$JT,C,237,175499,175499,1929,1564,2990,2089,2441,1044,2104,1436,2975,1951,2767,1023
$JT,C,238,175519,175519,1929,1564,2990,2089,2441,1044,2104,1436,2975,1951,2767,1023
$JT,C,239,175539,175539,1929,1564,2990,2089,2441,1044,2104,1437,2975,1951,2766,1023
$JT,P,240,12,482
$JT,C,240,175559,175559,1929,1564,2990,2089,2441,1044,2104,1437,2975,1951,2766,1023
$JT,S,170759,170761,0,9,0,1963,0,104,4,11300,35,0
$JT,S,170779,170781,1,10,0,2761,0,-48,3,11200,33,0
$JT,S,170799,170801,2,11,0,1018,0,-40,1,11300,41,0
$JT,S,170819,170821,3,0,0,1930,0,0,0,11200,31,0
$JT,S,170839,170841,4,1,0,1563,0,-16,1,11300,31,0
$JT,S,170859,170861,5,2,0,2999,0,96,5,11400,34,0
$JT,S,170879,170881,6,3,0,2093,0,40,1,11300,33,0
$JT,S,170899,170901,7,4,0,2439,50,-8,0,11300,30,0
$JT,S,170919,170921,8,5,0,1039,0,-92,3,11400,34,0
$JT,S,170939,170941,9,6,0,2093,0,-96,3,11200,34,0
$JT,S,170959,170961,10,7,0,1440,-50,132,23,11300,33,0
$JT,P,252,12,482
$JT,S,170979,170981,11,8,0,3002,0,168,9,11300,54,0
$JT,S,170999,171001,12,9,0,1963,0,92,4,11300,35,0
$JT,S,171019,171021,13,10,0,2772,150,-88,8,11200,33,0
$JT,S,171039,171041,14,11,0,1017,0,-32,1,11300,41,0
$JT,S,171059,171061,15,0,0,1930,0,24,0,11200,31,0
$JT,S,171079,171081,16,1,0,1542,-150,24,1,11300,31,0
$JT,S,171099,171101,17,2,0,2998,0,68,3,11400,34,0
$JT,S,171119,171121,18,3,0,2093,0,24,0,11300,33,0
$JT,S,171139,171141,19,4,0,2472,200,-36,0,11300,30,0
$JT,S,171159,171161,20,5,0,1039,0,-72,3,11400,34,0
$JT,S,171179,171181,21,6,0,2093,0,-68,2,11300,34,0
$JT,S,171199,171201,22,7,0,1398,-250,148,17,11200,33,0
$JT,P,264,12,482
$JT,S,171219,171221,23,8,0,3002,0,160,9,11300,54,0
$JT,S,171239,171241,24,9,0,1963,0,80,3,11300,35,0
$JT,S,171259,171261,25,10,0,2825,300,-76,6,11200,33,0
$JT,S,171279,171281,26,11,0,1012,0,-44,1,11200,41,0
$JT,S,171299,171301,27,0,0,1929,-50,44,0,11200,31,0
$JT,S,171319,171321,28,1,0,1487,-250,40,2,11300,31,0
$JT,S,171339,171341,29,2,0,2998,0,56,1,11400,34,0
$JT,S,171359,171361,30,3,0,2093,0,-24,0,11300,33,0
$JT,S,171379,171381,31,4,0,2533,200,-12,0,11300,30,0
$JT,S,171399,171401,32,5,0,1039,0,-48,1,11400,34,0
$JT,S,171419,171421,33,6,0,2093,0,-40,1,11300,34,0
$JT,S,171439,171441,34,7,0,1335,-200,100,6,11300,33,0
$JT,P,276,12,482
$JT,S,171459,171461,35,8,0,3001,0,112,4,11300,54,0
$JT,S,171479,171481,36,9,0,1963,0,48,1,11300,35,0
$JT,S,171499,171501,37,10,0,2885,200,-24,0,11300,33,0
$JT,S,171519,171521,38,11,0,1013,0,0,0,11300,41,0
$JT,S,171539,171541,39,0,0,1927,0,56,1,11200,31,0
$JT,S,171559,171561,40,1,0,1437,-150,-8,0,11300,31,0
$JT,S,171579,171581,41,2,0,2998,0,40,1,11400,34,0
$JT,S,171599,171601,42,3,0,2093,0,-40,1,11400,33,0
$JT,S,171619,171621,43,4,0,2574,50,24,0,11300,30,0
$JT,S,171639,171641,44,5,0,1039,0,-52,2,11400,34,0
$JT,S,171659,171661,45,6,0,2093,0,-32,0,11300,34,0
$JT,S,171679,171681,46,7,0,1304,-50,48,4,11300,33,0
$JT,P,288,12,482
$JT,S,171699,171701,47,8,0,3001,0,104,4,11300,54,0
$JT,S,171719,171721,48,9,0,1962,0,32,0,11300,35,0
$JT,S,171739,171741,49,10,0,2905,0,0,0,11300,33,0
$JT,S,171760,171762,50,11,0,1010,0,-24,0,11300,41,0
$JT,S,171780,171782,51,0,0,1926,0,56,1,11200,31,0
$JT,S,171800,171802,52,1,0,1428,0,-24,1,11300,31,0
$JT,S,171820,171822,53,2,0,2998,0,56,1,11400,34,0
$JT,S,171840,171842,54,3,0,2094,0,-36,1,11300,32,0
$JT,S,171860,171862,55,4,0,2578,0,32,2,11300,30,0
$JT,S,171880,171882,56,5,0,1039,0,-48,1,11400,34,0
$JT,S,171900,171902,57,6,0,2093,0,20,0,11300,34,0
$JT,S,171920,171922,58,7,0,1304,0,40,2,11300,33,0
$JT,P,300,12,482
$JT,S,171940,171942,59,8,0,3001,0,104,4,11300,54,0
$JT,S,171960,171962,60,9,0,1962,0,0,0,11300,35,0
$JT,S,171980,171982,61,10,0,2904,0,12,0,11300,33,0
$JT,S,172000,172002,62,11,0,1009,0,-24,0,11300,41,0
$JT,S,172020,172022,63,0,0,1925,0,96,3,11200,31,0
$JT,S,172040,172042,64,1,0,1425,-50,-24,0,11300,31,0
$JT,S,172060,172062,65,2,0,2998,0,64,2,11400,34,0
$JT,S,172080,172082,66,3,0,2105,100,-56,0,11400,34,0
$JT,S,172100,172102,67,4,0,2590,100,8,0,11300,30,0
$JT,S,172120,172122,68,5,0,1032,-150,0,0,11400,34,0
$JT,S,172140,172142,69,6,0,2081,0,-56,2,11300,34,0
$JT,S,172160,172162,70,7,0,1296,-200,108,8,11300,33,0
$JT,P,312,12,482
$JT,S,172180,172182,71,8,0,3015,150,24,1,11300,54,0
$JT,S,172200,172202,72,9,0,1965,0,88,4,11300,35,0
$JT,S,172220,172222,73,10,0,2907,50,-8,0,11200,33,0
$JT,S,172240,172242,74,11,0,1007,0,-68,1,11200,41,0
$JT,S,172260,172262,75,0,0,1926,50,-60,0,11100,38,0
$JT,S,172280,172282,76,1,0,1429,100,-88,11,11200,31,0
$JT,S,172300,172302,77,2,0,2998,0,-20,0,11300,34,0
$JT,S,172320,172322,78,3,0,2072,-300,252,14,11300,33,0
$JT,S,172340,172342,79,4,0,2562,-300,204,34,11100,30,0
$JT,S,172360,172362,80,5,0,1016,150,-100,2,11300,34,0
$JT,S,172380,172382,81,6,0,2136,250,-284,23,11100,34,0
$JT,S,172400,172402,82,7,0,1270,0,80,11,11000,33,0
$JT,P,324,12,482
$JT,S,172420,172422,83,8,0,3018,-50,408,87,11000,54,0
$JT,S,172440,172442,84,9,0,1947,-200,352,41,11100,35,0
$JT,S,172460,172462,85,10,0,2928,150,-72,4,11100,33,0
$JT,S,172480,172482,86,11,0,1008,0,-192,13,11100,41,0
$JT,S,172500,172502,87,0,0,1966,300,-240,14,11100,31,0
$JT,S,172520,172522,88,1,0,1463,100,-128,20,11200,31,0
$JT,S,172540,172542,89,2,0,3006,0,0,0,11300,34,0
$JT,S,172560,172562,90,3,0,2038,0,-32,0,11300,33,0
$JT,S,172580,172582,91,4,0,2551,0,40,2,11200,30,0
$JT,S,172600,172602,92,5,0,1026,0,-84,3,11400,34,0
$JT,S,172620,172622,93,6,0,2143,-100,28,0,11200,34,0
$JT,S,172640,172642,94,7,0,1278,100,-8,0,11200,33,0
$JT,P,336,12,482
$JT,S,172660,172662,95,8,0,3018,0,300,65,11100,55,0
$JT,S,172680,172682,96,9,0,1874,-200,140,8,11300,35,0
$JT,S,172700,172702,97,10,0,2969,200,-36,1,11200,33,0
$JT,S,172720,172722,98,11,0,1003,-300,120,1,11200,41,0
$JT,S,172740,172742,99,0,0,2015,-100,160,3,11200,31,0
$JT,S,172760,172762,100,1,0,1423,-700,140,12,11300,31,0
$JT,S,172780,172782,101,2,0,3058,300,-44,0,11300,34,0
$JT,S,172800,172802,102,3,0,2075,200,-192,8,11300,33,0
$JT,S,172820,172822,103,4,0,2584,150,32,3,11300,30,0
$JT,S,172840,172842,104,5,0,1023,0,-192,12,11400,34,0
$JT,S,172860,172862,105,6,0,2091,-200,112,2,11200,34,0
$JT,S,172880,172882,106,7,0,1308,150,-40,2,11200,33,0
$JT,P,348,12,482
$JT,S,172900,172902,107,8,0,3019,0,220,52,11300,55,0
$JT,S,172920,172922,108,9,0,1984,950,-276,5,11300,35,0
$JT,S,172940,172942,109,10,0,2867,-650,96,2,11200,33,0
$JT,S,172960,172962,110,11,0,939,50,-164,4,11200,41,0
$JT,S,172980,172982,111,0,0,1873,-600,392,38,11100,31,0
$JT,S,173000,173002,112,1,0,1381,200,-16,1,11100,31,0
$JT,S,173020,173022,113,2,0,3002,-400,284,23,11300,34,0
$JT,S,173040,173042,114,3,0,2119,300,-356,53,11200,33,0
$JT,S,173060,173062,115,4,0,2611,50,0,0,11200,30,0
$JT,S,173080,173082,116,5,0,1044,0,-160,9,11400,34,0
$JT,S,173100,173102,117,6,0,2038,-150,220,15,11200,34,0
$JT,S,173120,173122,118,7,0,1336,0,-96,13,11200,33,0
$JT,P,360,12,482
$JT,S,173140,173142,119,8,0,3013,0,88,11,11200,54,0
$JT,S,173160,173162,120,9,0,2049,0,72,0,11200,35,0
$JT,S,173180,173182,121,10,0,2857,100,-112,11,11200,33,0
$JT,S,173200,173202,122,11,0,970,50,-288,36,11100,41,0
$JT,S,173220,173222,123,0,0,1854,350,-40,0,11200,31,0
$JT,S,173240,173242,124,1,0,1400,50,-64,5,11300,37,0
$JT,S,173260,173262,125,2,0,2989,150,24,0,11400,34,0
$JT,S,173280,173282,126,3,0,2188,100,-116,5,11300,33,0
$JT,S,173300,173302,127,4,0,2639,150,-56,3,11300,30,0
$JT,S,173320,173322,128,5,0,1042,-100,120,1,11400,34,0
$JT,S,173340,173342,129,6,0,1997,150,-144,2,11200,34,0
$JT,S,173360,173362,130,7,0,1300,-650,140,5,11200,33,0
$JT,P,372,12,482
$JT,S,173380,173382,131,8,0,3045,300,-96,1,11300,55,0
$JT,S,173400,173402,132,9,0,1983,-250,156,5,11200,35,0
$JT,S,173420,173422,133,10,0,2895,150,-96,13,11100,33,0
$JT,S,173440,173442,134,11,0,970,0,-372,43,11000,41,0
$JT,S,173460,173462,135,0,0,1915,250,-136,2,11000,31,0
$JT,S,173480,173482,136,1,0,1415,0,-212,62,11000,31,0
$JT,S,173500,173502,137,2,0,2997,0,0,0,11200,34,0
$JT,S,173520,173522,138,3,0,2089,-750,340,14,11200,33,0
$JT,S,173540,173542,139,4,0,2553,-600,172,20,11100,30,0
$JT,S,173560,173562,140,5,0,966,-50,-144,4,11200,34,0
$JT,S,173580,173582,141,6,0,2131,650,-420,40,11000,34,0
$JT,S,173600,173602,142,7,0,1247,200,-8,0,11100,33,0
$JT,P,384,12,482
$JT,S,173620,173622,143,8,0,3008,-450,328,70,11000,55,0
$JT,S,173640,173642,144,9,0,1938,-400,320,33,11100,35,0
$JT,S,173660,173662,145,10,0,2923,150,-128,19,11100,33,0
$JT,S,173680,173682,146,11,0,987,0,-376,41,11000,41,0
$JT,S,173700,173702,147,0,0,1979,350,-156,3,11100,31,0
$JT,S,173720,173722,148,1,0,1473,150,-32,2,11200,31,0
$JT,S,173740,173742,149,2,0,3011,100,40,1,11300,34,0
$JT,S,173760,173762,150,3,0,1997,0,-104,3,11300,33,0
$JT,S,173780,173782,151,4,0,2539,100,-4,0,11300,30,0
$JT,S,173800,173802,152,5,0,1026,250,-56,0,11400,34,0
$JT,S,173820,173822,153,6,0,2165,-250,40,0,11300,34,0
$JT,S,173840,173842,154,7,0,1264,100,-80,10,11300,33,0
$JT,P,396,12,482
$JT,S,173860,173862,155,8,0,2984,0,44,4,11300,54,0
$JT,S,173880,173882,156,9,0,1859,-350,64,1,11300,35,0
$JT,S,173900,173902,157,10,0,2967,200,-56,3,11300,33,0
$JT,S,173920,173922,158,11,0,1019,-100,108,1,11300,41,0
$JT,S,173940,173942,159,0,0,2024,0,128,2,11200,31,0
$JT,S,173960,173962,160,1,0,1443,-500,112,5,11300,31,0
$JT,S,173980,173982,161,2,0,3045,350,-112,1,11400,34,0
$JT,S,174000,174002,162,3,0,2065,200,-192,9,11300,33,0
$JT,S,174020,174022,163,4,0,2575,100,-8,1,11300,30,0
$JT,S,174040,174042,164,5,0,1022,0,-172,14,11400,36,0
$JT,S,174060,174062,165,6,0,2097,-300,72,0,11200,34,0
$JT,S,174080,174082,166,7,0,1298,100,-80,7,11300,33,0
$JT,P,408,12,482
$JT,S,174100,174102,167,8,0,2997,150,68,3,11300,55,0
$JT,S,174120,174122,168,9,0,1956,950,-304,4,11300,35,0
$JT,S,174140,174142,169,10,0,2888,-650,128,5,11200,33,0
$JT,S,174160,174162,170,11,0,937,-50,-52,1,11200,41,0
$JT,S,174180,174182,171,0,0,1893,-600,416,41,11000,31,0
$JT,S,174200,174202,172,1,0,1375,200,-16,0,11100,31,0
$JT,S,174220,174222,173,2,0,3017,-550,320,23,11300,34,0
$JT,S,174240,174242,174,3,0,2102,150,-432,69,11200,33,0
$JT,S,174260,174262,175,4,0,2603,50,-40,1,11200,30,0
$JT,S,174280,174282,176,5,0,1034,100,-208,18,11300,34,0
$JT,S,174300,174302,177,6,0,2040,-300,152,5,11200,34,0
$JT,S,174320,174322,178,7,0,1333,100,-80,7,11200,33,0
$JT,P,420,12,482
$JT,S,174340,174342,179,8,0,3002,300,56,4,11300,55,0
$JT,S,174360,174362,180,9,0,2053,50,-40,0,11300,35,0
$JT,S,174380,174382,181,10,0,2860,200,-112,14,11100,33,0
$JT,S,174400,174402,182,11,0,971,150,-288,26,11200,41,0
$JT,S,174420,174422,183,0,0,1841,100,-112,0,11200,31,0
$JT,S,174440,174442,184,1,0,1402,150,-104,11,11300,31,0
$JT,S,174460,174462,185,2,0,2989,250,-20,0,11300,34,0
$JT,S,174480,174482,186,3,0,2154,-100,64,0,11300,33,0
$JT,S,174500,174502,187,4,0,2597,-100,16,0,11300,30,0
$JT,S,174520,174522,188,5,0,1037,50,28,0,11400,34,0
$JT,S,174540,174542,189,6,0,2035,200,-280,19,11200,34,0
$JT,S,174560,174562,190,7,0,1303,-250,16,0,11200,33,0
$JT,P,432,12,482
$JT,S,174579,174581,191,8,0,3005,-50,188,36,11300,55,0
$JT,S,174599,174601,192,9,0,1981,-200,184,11,11200,35,0
$JT,S,174619,174621,193,10,0,2892,0,-96,13,11200,33,0
$JT,S,174639,174641,194,11,0,985,150,-216,11,11200,41,0
$JT,S,174659,174661,195,0,0,1907,100,-112,4,11200,31,0
$JT,S,174679,174681,196,1,0,1417,0,-120,23,11200,31,0
$JT,S,174699,174701,197,2,0,2988,-50,-64,2,11300,34,0
$JT,S,174719,174721,198,3,0,2106,-50,76,3,11300,33,0
$JT,S,174739,174741,199,4,0,2577,-50,40,2,11300,30,0
$JT,S,174759,174761,200,5,0,1032,0,-72,2,11400,34,0
$JT,S,174779,174781,201,6,0,2071,0,-208,17,11200,34,0
$JT,S,174799,174801,202,7,0,1306,50,-40,2,11300,33,0
$JT,P,444,12,482
$JT,S,174819,174821,203,8,0,2992,0,84,2,11300,54,0
$JT,S,174839,174841,204,9,0,1976,0,152,8,11300,35,0
$JT,S,174859,174861,205,10,0,2884,-150,-4,1,11200,33,0
$JT,S,174879,174881,206,11,0,988,0,-208,20,11200,41,0
$JT,S,174899,174901,207,0,0,1907,0,-128,7,11200,31,0
$JT,S,174919,174921,208,1,0,1442,150,-144,21,11300,31,0
$JT,S,174939,174941,209,2,0,2996,0,48,1,11300,34,0
$JT,S,174959,174961,210,3,0,2104,0,84,3,11300,33,0
$JT,S,174979,174981,211,4,0,2540,-200,52,3,11300,30,0
$JT,S,174999,175001,212,5,0,1032,0,-80,3,11400,34,0
$JT,S,175019,175021,213,6,0,2072,0,-216,24,11300,34,0
$JT,S,175039,175041,214,7,0,1350,250,-56,3,11300,33,0
$JT,P,456,12,482
$JT,S,175059,175061,215,8,0,2993,0,104,16,11200,54,0
$JT,S,175079,175081,216,9,0,1975,0,168,10,11300,35,0
$JT,S,175099,175101,217,10,0,2830,-300,4,0,11200,33,0
$JT,S,175119,175121,218,11,0,988,0,-232,23,11200,41,0
$JT,S,175139,175141,219,0,0,1911,0,-124,6,11200,31,0
$JT,S,175159,175161,220,1,0,1503,300,-120,12,11300,31,0
$JT,S,175179,175181,221,2,0,2995,0,56,1,11300,34,0
$JT,S,175199,175201,222,3,0,2099,-50,72,2,11300,33,0
$JT,S,175219,175221,223,4,0,2476,-300,12,0,11200,30,0
$JT,S,175239,175241,224,5,0,1032,0,-104,4,11300,34,0
$JT,S,175259,175261,225,6,0,2072,0,-256,27,11200,34,0
$JT,S,175279,175281,226,7,0,1411,250,-12,0,11200,33,0
$JT,P,468,12,482
$JT,S,175299,175301,227,8,0,2994,0,136,27,11300,55,0
$JT,S,175319,175321,228,9,0,1972,0,168,13,11300,35,0
$JT,S,175339,175341,229,10,0,2775,-100,-28,3,11200,33,0
$JT,S,175359,175361,230,11,0,986,0,-288,36,11100,41,0
$JT,S,175379,175381,231,0,0,1916,0,-112,5,11100,31,0
$JT,S,175399,175401,232,1,0,1552,100,-56,4,11300,31,0
$JT,S,175419,175421,233,2,0,2995,0,44,1,11300,34,0
$JT,S,175439,175441,234,3,0,2098,0,80,3,11300,33,0
$JT,S,175459,175461,235,4,0,2442,-100,12,0,11200,30,0
$JT,S,175479,175481,236,5,0,1032,0,-104,5,11400,34,0
$JT,S,175499,175501,237,6,0,2072,0,-264,29,11100,34,0
$JT,S,175519,175521,238,7,0,1438,50,16,0,11200,33,0
$JT,P,480,2,482
$JT,S,175539,175541,239,8,0,2995,0,168,35,11200,55,0
$JT,S,175559,175561,240,9,0,1972,0,176,17,11300,35,0
$JT,END
