$SPOTSTATE pose=custom error=553 torque=on safety=ok balance=full rev=shared-locomotion-v53 caps=trot5,gaitprofiles,arcsupport,centerpivot,jointtrace,jointtracepage,balancecontrol,commandretry,stow,headinghold profile=cruise heading=on reverse_limit=1000 recovery=new-command fault_code=0
STOW_RAW id=2 word=2175 raw=2175 goal=2174 mode=0 res=1 min=0 max=0 torque=1 hw=0
STOW_CONFIG id=2 addr=0: 03 0A 00 09 0B 02 00 00 01 00 00 00 00 50 A0 3C E8 03 0C 2D 2D 20 20 00 00 00 00 00 36 01 01 00 00 00 14 C8 50 0A FA C8
STOW_RAW id=5 word=1836 raw=1836 goal=1837 mode=0 res=1 min=0 max=0 torque=1 hw=0
STOW_CONFIG id=5 addr=0: 03 0A 00 09 0B 05 00 00 01 00 00 00 00 50 A0 3C E8 03 0C 2D 2D 20 20 00 00 00 00 00 36 01 01 00 00 00 14 C8 50 0A FA C8
$SPOTLOG BEGIN total=349 returned=35 time=uptime-only
$SPOTLOG seq=20261 boot=97 uptime_ms=45 epoch_ms=0000 text=BOOT reset_flags=1e000000 rev=shared-locomotion-v53
$SPOTLOG seq=20262 boot=97 uptime_ms=1709 epoch_ms=0000 text=CMD link=ble      safe single move, max delta 256 ticks
$SPOTLOG seq=20263 boot=97 uptime_ms=9338 epoch_ms=0000 text=CMD link=ble servoconfig 9
$SPOTLOG seq=20264 boot=97 uptime_ms=9428 epoch_ms=0000 text=CMD link=ble servoconfig 3
$SPOTLOG seq=20265 boot=97 uptime_ms=9550 epoch_ms=0000 text=CMD link=ble status
$SPOTLOG seq=20266 boot=97 uptime_ms=9792 epoch_ms=0000 text=CMD link=ble landing
$SPOTLOG seq=20267 boot=97 uptime_ms=11945 epoch_ms=0000 text=POSE landing no-progress elapsed=1963 nominal=1500 hold=1
$SPOTLOG seq=20268 boot=97 uptime_ms=11950 epoch_ms=0000 text=POSE_HEALTH id=0 temp=0 hw=0x00 transient=0
$SPOTLOG seq=20269 boot=97 uptime_ms=11954 epoch_ms=0000 text=POSE_PROBE count=2 mask=0x012 max_lead=60
$SPOTLOG seq=20270 boot=97 uptime_ms=11955 epoch_ms=0000 text=PT t=890 id=5 a=2175 t=2409 e=234 v=11300 l=120 c=13 r=-34 p=-30 d=2
$SPOTLOG seq=20271 boot=97 uptime_ms=11956 epoch_ms=0000 text=PT t=936 id=5 a=2160 t=2409 e=249 v=11300 l=112 c=9 r=-34 p=-31 d=2
$SPOTLOG seq=20272 boot=97 uptime_ms=11957 epoch_ms=0000 text=PT t=983 id=5 a=2145 t=2409 e=264 v=11300 l=104 c=8 r=-35 p=-32 d=2
$SPOTLOG seq=20273 boot=97 uptime_ms=11957 epoch_ms=0000 text=PT t=1029 id=5 a=2129 t=2409 e=280 v=11300 l=84 c=7 r=-35 p=-34 d=2
$SPOTLOG seq=20274 boot=97 uptime_ms=11958 epoch_ms=0000 text=PT t=1076 id=5 a=2115 t=2409 e=294 v=11300 l=88 c=6 r=-35 p=-35 d=2
$SPOTLOG seq=20275 boot=97 uptime_ms=11959 epoch_ms=0000 text=PT t=1123 id=5 a=2100 t=2409 e=309 v=11300 l=76 c=7 r=-35 p=-35 d=2
$SPOTLOG seq=20276 boot=97 uptime_ms=11960 epoch_ms=0000 text=PT t=1169 id=5 a=2087 t=2409 e=322 v=11300 l=88 c=6 r=-34 p=-35 d=2
$SPOTLOG seq=20277 boot=97 uptime_ms=11960 epoch_ms=0000 text=PT t=1216 id=5 a=2074 t=2409 e=335 v=11300 l=96 c=7 r=-34 p=-36 d=2
$SPOTLOG seq=20278 boot=97 uptime_ms=11961 epoch_ms=0000 text=PT t=1263 id=5 a=2060 t=2409 e=349 v=11300 l=96 c=7 r=-34 p=-36 d=2
$SPOTLOG seq=20279 boot=97 uptime_ms=11962 epoch_ms=0000 text=PT t=1309 id=5 a=2045 t=2409 e=364 v=11300 l=88 c=6 r=-34 p=-37 d=2
$SPOTLOG seq=20280 boot=97 uptime_ms=11963 epoch_ms=0000 text=PT t=1356 id=5 a=2031 t=2409 e=378 v=11300 l=92 c=5 r=-34 p=-37 d=2
$SPOTLOG seq=20281 boot=97 uptime_ms=11963 epoch_ms=0000 text=PT t=1402 id=5 a=2015 t=2409 e=394 v=11300 l=72 c=3 r=-35 p=-37 d=2
$SPOTLOG seq=20282 boot=97 uptime_ms=11964 epoch_ms=0000 text=PT t=1449 id=5 a=2000 t=2409 e=409 v=11300 l=52 c=3 r=-35 p=-37 d=2
$SPOTLOG seq=20283 boot=97 uptime_ms=11965 epoch_ms=0000 text=PT t=1496 id=5 a=1986 t=2409 e=423 v=11300 l=56 c=1 r=-35 p=-37 d=2
$SPOTLOG seq=20284 boot=97 uptime_ms=11966 epoch_ms=0000 text=PT t=1542 id=5 a=1971 t=2409 e=438 v=11300 l=44 c=2 r=-35 p=-37 d=2
$SPOTLOG seq=20285 boot=97 uptime_ms=11966 epoch_ms=0000 text=PT t=1589 id=5 a=1958 t=2409 e=451 v=11300 l=56 c=2 r=-35 p=-37 d=2
$SPOTLOG seq=20286 boot=97 uptime_ms=11967 epoch_ms=0000 text=PT t=1635 id=5 a=1943 t=2409 e=466 v=11300 l=44 c=2 r=-35 p=-37 d=2
$SPOTLOG seq=20287 boot=97 uptime_ms=11968 epoch_ms=0000 text=PT t=1682 id=5 a=1929 t=2409 e=480 v=11300 l=44 c=2 r=-35 p=-37 d=2
$SPOTLOG seq=20288 boot=97 uptime_ms=11969 epoch_ms=0000 text=PT t=1729 id=5 a=1916 t=2409 e=493 v=11300 l=56 c=3 r=-35 p=-36 d=2
$SPOTLOG seq=20289 boot=97 uptime_ms=11969 epoch_ms=0000 text=PT t=1775 id=5 a=1902 t=2409 e=507 v=11300 l=56 c=1 r=-35 p=-35 d=2
$SPOTLOG seq=20290 boot=97 uptime_ms=11970 epoch_ms=0000 text=PT t=1822 id=5 a=1889 t=2409 e=520 v=11300 l=68 c=1 r=-35 p=-35 d=2
$SPOTLOG seq=20291 boot=97 uptime_ms=11971 epoch_ms=0000 text=PT t=1869 id=5 a=1874 t=2409 e=535 v=11300 l=56 c=2 r=-35 p=-34 d=2
$SPOTLOG seq=20292 boot=97 uptime_ms=11972 epoch_ms=0000 text=PT t=1915 id=5 a=1858 t=2409 e=551 v=11300 l=36 c=1 r=-35 p=-33 d=2
$SPOTLOG seq=20293 boot=97 uptime_ms=11972 epoch_ms=0000 text=PT t=1963 id=2 a=2167 t=1606 e=561 v=11300 l=-40 c=1 r=-36 p=-31 d=4
$SPOTLOG seq=20294 boot=97 uptime_ms=11973 epoch_ms=0000 text=RESULT result=final position verification failed servo=2 bus=ok error=0x00
$SPOTLOG seq=20295 boot=97 uptime_ms=36315 epoch_ms=0000 text=CMD link=ble stowdiag
$SPOTLOG END
