> locomotiondiag
$LOCOMOTION profile=arcturn heading=on yaw10=1930 valid=1 error10=0 correction=0 late=618 fault=0 compute_max_ms=24 io_max_ms=34
> gaitdiag
Gait diagnostics: samples=744 min_voltage=11600mV lag=0 lag+droop=0 derate=no fall=no late_frames=618 limited_frames=0
Bus read retries: attempts=10 recovered=10 failed=0
Gait timing: balance=off nominal=0ms elapsed=18501ms step_sync_blocking_wait=0ms max_barrier=0ms max_balance_gap=0ms
Step sync monitor: transitions=0 misses=0 peak_recent_error=0ticks
  ID1 FL J1 phase=524 cmd=1929 pos=1925 err=4 speed_raw=0 current=0 load=-40 voltage=11800mV peak_err=37(3.3deg)@742 mean_err=14(1.2deg) peak_current=16 peak_load=176 min_v=11700mV lag=0 lag_rule=96/2 samples=62
    peak_ctx=swing cmd=1913 pos=1950 err=-37 target_v=48deg/s target_a=-450deg/s2 match_age=3fr(~60ms) match_err=-2ticks
  ID2 FL J2 phase=524 cmd=1568 pos=1566 err=2 speed_raw=50 current=1 load=-16 voltage=11900mV peak_err=11(1.0deg)@358 mean_err=5(0.4deg) peak_current=11 peak_load=92 min_v=11800mV lag=0 lag_rule=144/3 samples=62
    peak_ctx=stance cmd=1506 pos=1495 err=11 target_v=-4deg/s target_a=-200deg/s2 match_age=10fr(~200ms) match_err=4ticks
  ID3 FL J3 phase=524 cmd=2981 pos=2994 err=-13 speed_raw=0 current=10 load=112 voltage=12000mV peak_err=57(5.0deg)@930 mean_err=14(1.2deg) peak_current=23 peak_load=220 min_v=11900mV lag=0 lag_rule=96/2 samples=62
    peak_ctx=swing cmd=2965 pos=3022 err=-57 target_v=-21deg/s target_a=1100deg/s2 match_age=5fr(~100ms) match_err=3ticks
  ID4 FR J1 phase=524 cmd=2089 pos=2087 err=2 speed_raw=0 current=1 load=-24 voltage=12000mV peak_err=36(3.2deg)@792 mean_err=18(1.6deg) peak_current=26 peak_load=244 min_v=11800mV lag=0 lag_rule=96/2 samples=63
    peak_ctx=stance cmd=2112 pos=2076 err=36 target_v=21deg/s target_a=400deg/s2 match_age=9fr(~180ms) match_err=0ticks
  ID5 FR J2 phase=524 cmd=2440 pos=2438 err=2 speed_raw=0 current=0 load=-16 voltage=11900mV peak_err=20(1.8deg)@179 mean_err=8(0.7deg) peak_current=22 peak_load=136 min_v=11800mV lag=0 lag_rule=144/3 samples=63
    peak_ctx=swing cmd=2576 pos=2556 err=20 target_v=13deg/s target_a=-400deg/s2 match_age=4fr(~80ms) match_err=-1ticks
  ID6 FR J3 phase=524 cmd=1046 pos=1025 err=21 speed_raw=0 current=12 load=-176 voltage=12100mV peak_err=78(6.9deg)@194 mean_err=39(3.4deg) peak_current=55 peak_load=360 min_v=11900mV lag=0 lag_rule=96/2 samples=62
    peak_ctx=swing cmd=919 pos=997 err=-78 target_v=74deg/s target_a=0deg/s2 match_age=4fr(~80ms) match_err=-3ticks
  ID7 RL J1 phase=524 cmd=2104 pos=2093 err=11 speed_raw=0 current=4 load=-96 voltage=11900mV peak_err=34(3.0deg)@241 mean_err=14(1.2deg) peak_current=24 peak_load=216 min_v=11700mV lag=0 lag_rule=96/2 samples=62
    peak_ctx=swing cmd=2101 pos=2067 err=34 target_v=-57deg/s target_a=-700deg/s2 match_age=3fr(~60ms) match_err=-1ticks
  ID8 RL J2 phase=524 cmd=1436 pos=1438 err=-2 speed_raw=50 current=0 load=16 voltage=11800mV peak_err=19(1.7deg)@227 mean_err=7(0.6deg) peak_current=5 peak_load=100 min_v=11700mV lag=0 lag_rule=144/3 samples=62
    peak_ctx=swing cmd=1303 pos=1322 err=-19 target_v=35deg/s target_a=-400deg/s2 match_age=2fr(~40ms) match_err=-1ticks
  ID9 RL J3 phase=524 cmd=2978 pos=3014 err=-36 speed_raw=0 current=77 load=296 voltage=11700mV peak_err=65(5.7deg)@411 mean_err=29(2.5deg) peak_current=157 peak_load=448 min_v=11600mV lag=0 lag_rule=96/2 samples=61
    peak_ctx=swing cmd=3022 pos=3087 err=-65 target_v=-39deg/s target_a=900deg/s2 match_age=5fr(~100ms) match_err=-5ticks
  ID10 RR J1 phase=524 cmd=1951 pos=1959 err=-8 speed_raw=0 current=3 load=72 voltage=11900mV peak_err=37(3.3deg)@491 mean_err=19(1.7deg) peak_current=23 peak_load=248 min_v=11900mV lag=0 lag_rule=96/2 samples=61
    peak_ctx=swing cmd=1898 pos=1935 err=-37 target_v=-17deg/s target_a=200deg/s2 match_age=9fr(~180ms) match_err=-1ticks
  ID11 RR J2 phase=524 cmd=2774 pos=2770 err=4 speed_raw=0 current=3 load=-28 voltage=11800mV peak_err=30(2.6deg)@864 mean_err=12(1.1deg) peak_current=32 peak_load=136 min_v=11800mV lag=0 lag_rule=144/3 samples=61
    peak_ctx=swing cmd=2793 pos=2823 err=-30 target_v=-57deg/s target_a=0deg/s2 match_age=2fr(~40ms) match_err=-4ticks
  ID12 RR J3 phase=524 cmd=1013 pos=974 err=39 speed_raw=0 current=34 load=-324 voltage=11800mV peak_err=86(7.6deg)@899 mean_err=22(1.9deg) peak_current=34 peak_load=340 min_v=11800mV lag=0 lag_rule=96/2 samples=63
    peak_ctx=swing cmd=1012 pos=926 err=86 target_v=-65deg/s target_a=250deg/s2 match_age=5fr(~100ms) match_err=2ticks
> baldiag
Balance trace: frames=32 applied=off; angles/rates use 0.1deg, control/length/placement use milli-units
Tilt snapshot: none
  B phase=524 support=FL+FR+RL+RR raw10=-9/1 filtered10=-9/1 rate10/s=6/0 control_mrad=0/0 j1_10=0 len_milli=0 knee_10=0 place_milli=0 sat=0x00 limited=0x000 lag=0 heading10=0 heading_cmd=0 yaw=0
  B phase=524 support=FL+FR+RL+RR raw10=-9/1 filtered10=-9/1 rate10/s=4/0 control_mrad=0/0 j1_10=0 len_milli=0 knee_10=0 place_milli=0 sat=0x00 limited=0x000 lag=0 heading10=0 heading_cmd=0 yaw=0
  B phase=524 support=FL+FR+RL+RR raw10=-10/1 filtered10=-9/1 rate10/s=-9/0 control_mrad=0/0 j1_10=0 len_milli=0 knee_10=0 place_milli=0 sat=0x00 limited=0x000 lag=0 heading10=0 heading_cmd=0 yaw=0
  B phase=524 support=FL+FR+RL+RR raw10=-10/1 filtered10=-9/1 rate10/s=-6/0 control_mrad=0/0 j1_10=0 len_milli=0 knee_10=0 place_milli=0 sat=0x00 limited=0x000 lag=0 heading10=0 heading_cmd=0 yaw=0
  B phase=524 support=FL+FR+RL+RR raw10=-10/1 filtered10=-9/1 rate10/s=-4/0 control_mrad=0/0 j1_10=0 len_milli=0 knee_10=0 place_milli=0 sat=0x00 limited=0x000 lag=0 heading10=0 heading_cmd=0 yaw=0
  B phase=524 support=FL+FR+RL+RR raw10=-10/1 filtered10=-9/1 rate10/s=-3/0 control_mrad=0/0 j1_10=0 len_milli=0 knee_10=0 place_milli=0 sat=0x00 limited=0x000 lag=0 heading10=0 heading_cmd=0 yaw=0
  B phase=524 support=FL+FR+RL+RR raw10=-11/1 filtered10=-9/1 rate10/s=-14/0 control_mrad=0/0 j1_10=0 len_milli=0 knee_10=0 place_milli=0 sat=0x00 limited=0x000 lag=0 heading10=0 heading_cmd=0 yaw=0
  B phase=524 support=FL+FR+RL+RR raw10=-11/0 filtered10=-9/0 rate10/s=-10/-12 control_mrad=0/0 j1_10=0 len_milli=0 knee_10=0 place_milli=0 sat=0x00 limited=0x000 lag=0 heading10=0 heading_cmd=0 yaw=0
  B phase=524 support=FL+FR+RL+RR raw10=-10/0 filtered10=-9/0 rate10/s=5/-9 control_mrad=0/0 j1_10=0 len_milli=0 knee_10=0 place_milli=0 sat=0x00 limited=0x000 lag=0 heading10=0 heading_cmd=0 yaw=0
  B phase=524 support=FL+FR+RL+RR raw10=-10/0 filtered10=-9/0 rate10/s=3/-6 control_mrad=0/0 j1_10=0 len_milli=0 knee_10=0 place_milli=0 sat=0x00 limited=0x000 lag=0 heading10=0 heading_cmd=0 yaw=0
  B phase=524 support=FL+FR+RL+RR raw10=-9/-1 filtered10=-9/0 rate10/s=14/-17 control_mrad=0/0 j1_10=0 len_milli=0 knee_10=0 place_milli=0 sat=0x00 limited=0x000 lag=0 heading10=0 heading_cmd=0 yaw=0
  B phase=524 support=FL+FR+RL+RR raw10=-9/-1 filtered10=-9/0 rate10/s=10/-12 control_mrad=0/0 j1_10=0 len_milli=0 knee_10=0 place_milli=0 sat=0x00 limited=0x000 lag=0 heading10=0 heading_cmd=0 yaw=0
  B phase=524 support=FL+FR+RL+RR raw10=-8/-1 filtered10=-8/0 rate10/s=20/-9 control_mrad=0/0 j1_10=0 len_milli=0 knee_10=0 place_milli=0 sat=0x00 limited=0x000 lag=0 heading10=0 heading_cmd=0 yaw=0
  B phase=524 support=FL+FR+RL+RR raw10=-7/-1 filtered10=-7/0 rate10/s=27/-6 control_mrad=0/0 j1_10=0 len_milli=0 knee_10=0 place_milli=0 sat=0x00 limited=0x000 lag=0 heading10=0 heading_cmd=0 yaw=0
  B phase=524 support=FL+FR+RL+RR raw10=-6/-1 filtered10=-6/0 rate10/s=32/-4 control_mrad=0/0 j1_10=0 len_milli=0 knee_10=0 place_milli=0 sat=0x00 limited=0x000 lag=0 heading10=0 heading_cmd=0 yaw=0
  B phase=524 support=FL+FR+RL+RR raw10=-7/-1 filtered10=-6/0 rate10/s=11/-3 control_mrad=0/0 j1_10=0 len_milli=0 knee_10=0 place_milli=0 sat=0x00 limited=0x000 lag=0 heading10=0 heading_cmd=0 yaw=0
  B phase=524 support=FL+FR+RL+RR raw10=-7/-2 filtered10=-6/0 rate10/s=8/-14 control_mrad=0/0 j1_10=0 len_milli=0 knee_10=0 place_milli=0 sat=0x00 limited=0x000 lag=0 heading10=0 heading_cmd=0 yaw=0
  B phase=524 support=FL+FR+RL+RR raw10=-6/-3 filtered10=-6/0 rate10/s=18/-23 control_mrad=0/0 j1_10=0 len_milli=0 knee_10=0 place_milli=0 sat=0x00 limited=0x000 lag=0 heading10=0 heading_cmd=0 yaw=0
  B phase=524 support=FL+FR+RL+RR raw10=-6/-3 filtered10=-6/0 rate10/s=13/-17 control_mrad=0/0 j1_10=0 len_milli=0 knee_10=0 place_milli=0 sat=0x00 limited=0x000 lag=0 heading10=0 heading_cmd=0 yaw=0
  B phase=524 support=FL+FR+RL+RR raw10=-6/-3 filtered10=-6/0 rate10/s=9/-12 control_mrad=0/0 j1_10=0 len_milli=0 knee_10=0 place_milli=0 sat=0x00 limited=0x000 lag=0 heading10=0 heading_cmd=0 yaw=0
  B phase=524 support=FL+FR+RL+RR raw10=-6/-3 filtered10=-6/0 rate10/s=6/-9 control_mrad=0/0 j1_10=0 len_milli=0 knee_10=0 place_milli=0 sat=0x00 limited=0x000 lag=0 heading10=0 heading_cmd=0 yaw=0
  B phase=524 support=FL+FR+RL+RR raw10=-6/-3 filtered10=-6/0 rate10/s=4/-6 control_mrad=0/0 j1_10=0 len_milli=0 knee_10=0 place_milli=0 sat=0x00 limited=0x000 lag=0 heading10=0 heading_cmd=0 yaw=0
  B phase=524 support=FL+FR+RL+RR raw10=-6/-3 filtered10=-6/0 rate10/s=3/-4 control_mrad=0/0 j1_10=0 len_milli=0 knee_10=0 place_milli=0 sat=0x00 limited=0x000 lag=0 heading10=0 heading_cmd=0 yaw=0
  B phase=524 support=FL+FR+RL+RR raw10=-6/-3 filtered10=-6/0 rate10/s=2/-3 control_mrad=0/0 j1_10=0 len_milli=0 knee_10=0 place_milli=0 sat=0x00 limited=0x000 lag=0 heading10=0 heading_cmd=0 yaw=0
  B phase=524 support=FL+FR+RL+RR raw10=-6/-3 filtered10=-6/0 rate10/s=1/-2 control_mrad=0/0 j1_10=0 len_milli=0 knee_10=0 place_milli=0 sat=0x00 limited=0x000 lag=0 heading10=0 heading_cmd=0 yaw=0
  B phase=524 support=FL+FR+RL+RR raw10=-6/-4 filtered10=-6/-1 rate10/s=0/-14 control_mrad=0/0 j1_10=0 len_milli=0 knee_10=0 place_milli=0 sat=0x00 limited=0x000 lag=0 heading10=0 heading_cmd=0 yaw=0
  B phase=524 support=FL+FR+RL+RR raw10=-6/-4 filtered10=-6/-1 rate10/s=0/-10 control_mrad=0/0 j1_10=0 len_milli=0 knee_10=0 place_milli=0 sat=0x00 limited=0x000 lag=0 heading10=0 heading_cmd=0 yaw=0
  B phase=524 support=FL+FR+RL+RR raw10=-6/-4 filtered10=-6/-1 rate10/s=0/-7 control_mrad=0/0 j1_10=0 len_milli=0 knee_10=0 place_milli=0 sat=0x00 limited=0x000 lag=0 heading10=0 heading_cmd=0 yaw=0
  B phase=524 support=FL+FR+RL+RR raw10=-5/-4 filtered10=-5/-1 rate10/s=12/-5 control_mrad=0/0 j1_10=0 len_milli=0 knee_10=0 place_milli=0 sat=0x00 limited=0x000 lag=0 heading10=0 heading_cmd=0 yaw=0
  B phase=524 support=FL+FR+RL+RR raw10=-5/-4 filtered10=-5/-1 rate10/s=9/-3 control_mrad=0/0 j1_10=0 len_milli=0 knee_10=0 place_milli=0 sat=0x00 limited=0x000 lag=0 heading10=0 heading_cmd=0 yaw=0
  B phase=524 support=FL+FR+RL+RR raw10=-5/-4 filtered10=-5/-1 rate10/s=6/-2 control_mrad=0/0 j1_10=0 len_milli=0 knee_10=0 place_milli=0 sat=0x00 limited=0x000 lag=0 heading10=0 heading_cmd=0 yaw=0
  B phase=524 support=FL+FR+RL+RR raw10=-5/-3 filtered10=-5/-1 rate10/s=4/11 control_mrad=0/0 j1_10=0 len_milli=0 knee_10=0 place_milli=0 sat=0x00 limited=0x000 lag=0 heading10=0 heading_cmd=0 yaw=0
> read 1
ID 1 pos=1927 speed=0 load=-24 voltage=11800mV temp=35C current=0 moving=0 hw=0x00
