224 INFO: PyInstaller: 6.22.3, contrib hooks: 2026.7
224 INFO: Python: 3.10.20 (conda)
269 INFO: Platform: Windows-10-10.0.26200-SP0
269 INFO: Python environment: C:\Users\etnlw\miniforge3\envs\spot_omg
270 INFO: wrote D:\project\spot_omg\apps\windows\SpotOMGController.spec
272 INFO: Removing temporary files and cleaning cache in C:\Users\etnlw\AppData\Local\pyinstaller
1344 INFO: Module search paths (PYTHONPATH):
['D:\\project\\spot_omg',
 'C:\\Users\\etnlw\\miniforge3\\envs\\spot_omg\\python310.zip',
 'C:\\Users\\etnlw\\miniforge3\\envs\\spot_omg\\DLLs',
 'C:\\Users\\etnlw\\miniforge3\\envs\\spot_omg\\lib',
 'C:\\Users\\etnlw\\miniforge3\\envs\\spot_omg',
 'C:\\Users\\etnlw\\miniforge3\\envs\\spot_omg\\lib\\site-packages',
 'D:\\project\\spot_omg\\apps\\windows']
1820 INFO: checking Analysis
1820 INFO: Building Analysis because Analysis-00.toc is non existent
1821 INFO: Looking for Python shared library...
1821 INFO: Using Python shared library: C:\Users\etnlw\miniforge3\envs\spot_omg\python310.dll
1821 INFO: Running Analysis Analysis-00.toc
1821 INFO: Target bytecode optimization level: 0
1821 INFO: Initializing module dependency graph...
1822 INFO: Initializing module graph hook caches...
1835 INFO: Analyzing modules for base_library.zip ...
2684 INFO: Processing standard module hook 'hook-heapq.py' from 'C:\\Users\\etnlw\\miniforge3\\envs\\spot_omg\\lib\\site-packages\\PyInstaller\\hooks'
2732 INFO: Processing standard module hook 'hook-encodings.py' from 'C:\\Users\\etnlw\\miniforge3\\envs\\spot_omg\\lib\\site-packages\\PyInstaller\\hooks'
3595 INFO: Processing standard module hook 'hook-math.py' from 'C:\\Users\\etnlw\\miniforge3\\envs\\spot_omg\\lib\\site-packages\\PyInstaller\\hooks'
3694 INFO: Processing standard module hook 'hook-pickle.py' from 'C:\\Users\\etnlw\\miniforge3\\envs\\spot_omg\\lib\\site-packages\\PyInstaller\\hooks'
4365 INFO: Caching module dependency graph...
4393 INFO: Analyzing D:\project\spot_omg\apps\windows\main.py
4447 INFO: Processing standard module hook 'hook-platform.py' from 'C:\\Users\\etnlw\\miniforge3\\envs\\spot_omg\\lib\\site-packages\\PyInstaller\\hooks'
4453 INFO: Processing standard module hook 'hook-PySide6.py' from 'C:\\Users\\etnlw\\miniforge3\\envs\\spot_omg\\lib\\site-packages\\PyInstaller\\hooks'
4621 INFO: Processing standard module hook 'hook-shiboken6.py' from 'C:\\Users\\etnlw\\miniforge3\\envs\\spot_omg\\lib\\site-packages\\PyInstaller\\hooks'
4693 INFO: Processing standard module hook 'hook-PySide6.QtNetwork.py' from 'C:\\Users\\etnlw\\miniforge3\\envs\\spot_omg\\lib\\site-packages\\PyInstaller\\hooks'
6191 INFO: Processing standard module hook 'hook-PySide6.QtCore.py' from 'C:\\Users\\etnlw\\miniforge3\\envs\\spot_omg\\lib\\site-packages\\PyInstaller\\hooks'
8545 INFO: Processing standard module hook 'hook-PySide6.QtGui.py' from 'C:\\Users\\etnlw\\miniforge3\\envs\\spot_omg\\lib\\site-packages\\PyInstaller\\hooks'
18611 INFO: Processing standard module hook 'hook-PySide6.QtWidgets.py' from 'C:\\Users\\etnlw\\miniforge3\\envs\\spot_omg\\lib\\site-packages\\PyInstaller\\hooks'
20718 INFO: Processing standard module hook 'hook-multiprocessing.util.py' from 'C:\\Users\\etnlw\\miniforge3\\envs\\spot_omg\\lib\\site-packages\\PyInstaller\\hooks'
20789 INFO: Processing standard module hook 'hook-xml.py' from 'C:\\Users\\etnlw\\miniforge3\\envs\\spot_omg\\lib\\site-packages\\PyInstaller\\hooks'
20909 INFO: Processing standard module hook 'hook-_ctypes.py' from 'C:\\Users\\etnlw\\miniforge3\\envs\\spot_omg\\lib\\site-packages\\PyInstaller\\hooks'
21090 INFO: Processing standard module hook 'hook-bleak.py' from 'C:\\Users\\etnlw\\miniforge3\\envs\\spot_omg\\lib\\site-packages\\_pyinstaller_hooks_contrib\\stdhooks'
21100 INFO: Processing pre-safe-import-module hook 'hook-typing_extensions.py' from 'C:\\Users\\etnlw\\miniforge3\\envs\\spot_omg\\lib\\site-packages\\PyInstaller\\hooks\\pre_safe_import_module'
21101 INFO: SetuptoolsInfo: initializing cached setuptools info...
22027 INFO: Analyzing hidden import 'winrt.runtime.interop'
22028 INFO: Analyzing hidden import 'winrt.system.hresult'
22029 INFO: Processing module hooks (post-graph stage)...
22147 INFO: Performing binary vs. data reclassification (122 entries)
22170 INFO: Looking for ctypes DLLs
22178 INFO: Analyzing run-time hooks ...
22180 INFO: Including run-time hook 'pyi_rth_pkgutil.py' from 'C:\\Users\\etnlw\\miniforge3\\envs\\spot_omg\\lib\\site-packages\\PyInstaller\\hooks\\rthooks'
22181 INFO: Including run-time hook 'pyi_rth_multiprocessing.py' from 'C:\\Users\\etnlw\\miniforge3\\envs\\spot_omg\\lib\\site-packages\\PyInstaller\\hooks\\rthooks'
22182 INFO: Including run-time hook 'pyi_rth_inspect.py' from 'C:\\Users\\etnlw\\miniforge3\\envs\\spot_omg\\lib\\site-packages\\PyInstaller\\hooks\\rthooks'
22183 INFO: Including run-time hook 'pyi_rth_pyside6.py' from 'C:\\Users\\etnlw\\miniforge3\\envs\\spot_omg\\lib\\site-packages\\PyInstaller\\hooks\\rthooks'
22184 INFO: Processing pre-find-module-path hook 'hook-_pyi_rth_utils.py' from 'C:\\Users\\etnlw\\miniforge3\\envs\\spot_omg\\lib\\site-packages\\PyInstaller\\hooks\\pre_find_module_path'
22186 INFO: Processing standard module hook 'hook-_pyi_rth_utils.py' from 'C:\\Users\\etnlw\\miniforge3\\envs\\spot_omg\\lib\\site-packages\\PyInstaller\\hooks'
22193 INFO: Creating base_library.zip...
22205 INFO: Looking for dynamic libraries
22491 INFO: Extra DLL search directories (AddDllDirectory): ['C:\\Users\\etnlw\\miniforge3\\envs\\spot_omg\\Lib\\site-packages\\shiboken6']
22491 INFO: Extra DLL search directories (PATH): ['C:\\Users\\etnlw\\miniforge3\\envs\\spot_omg\\Lib\\site-packages\\PySide6']
23578 INFO: Warnings written to D:\project\spot_omg\apps\windows\build\SpotOMGController\warn-SpotOMGController.txt
23603 INFO: Graph cross-reference written to D:\project\spot_omg\apps\windows\build\SpotOMGController\xref-SpotOMGController.html
23617 INFO: checking PYZ
23618 INFO: Building PYZ because PYZ-00.toc is non existent
23618 INFO: Building PYZ (ZlibArchive) D:\project\spot_omg\apps\windows\build\SpotOMGController\PYZ-00.pyz
23739 INFO: Building PYZ (ZlibArchive) D:\project\spot_omg\apps\windows\build\SpotOMGController\PYZ-00.pyz completed successfully.
23744 INFO: checking PKG
23744 INFO: Building PKG because PKG-00.toc is non existent
23744 INFO: Building PKG (CArchive) SpotOMGController.pkg
23757 INFO: Building PKG (CArchive) SpotOMGController.pkg completed successfully.
23758 INFO: Bootloader C:\Users\etnlw\miniforge3\envs\spot_omg\lib\site-packages\PyInstaller\bootloader\Windows-64bit-intel\runw.exe
23758 INFO: checking EXE
23758 INFO: Building EXE because EXE-00.toc is non existent
23758 INFO: Building EXE from EXE-00.toc
23758 INFO: Copying bootloader EXE to D:\project\spot_omg\apps\windows\build\SpotOMGController\SpotOMGController.exe
23792 INFO: Copying icon to EXE
23818 INFO: Copying 0 resources to EXE
23819 INFO: Embedding manifest in EXE
23844 INFO: Appending PKG archive to EXE
23871 INFO: Fixing EXE headers
24013 INFO: Building EXE from EXE-00.toc completed successfully.
24015 INFO: checking COLLECT
24015 INFO: Building COLLECT because COLLECT-00.toc is non existent
24015 INFO: Building COLLECT COLLECT-00.toc
24278 INFO: Building COLLECT COLLECT-00.toc completed successfully.
24281 INFO: Build complete! The results are available in: D:\project\spot_omg\apps\windows\dist\stop-fix-012
