$SPOTLOG BEGIN total=631 returned=512 time=synced
$SPOTLOG seq=19050 boot=83 uptime_ms=116032 epoch_ms=1789195633496 text=CMD link=ble read 1
$SPOTLOG seq=19051 boot=83 uptime_ms=117065 epoch_ms=1789195634529 text=CMD link=ble drive 410 181 172
$SPOTLOG seq=19052 boot=83 uptime_ms=123724 epoch_ms=1789195641188 text=RESULT result=ok servo=3 bus=ok error=0x00
$SPOTLOG seq=19053 boot=83 uptime_ms=123735 epoch_ms=1789195641199 text=GAIT n=247 v=10900 lag=5 droop=0 derate=0 fall=0 late=0 limit=0
$SPOTLOG seq=19054 boot=83 uptime_ms=123736 epoch_ms=1789195641200 text=MECH_BEGIN mode=gait samples=247 units=angle10,current_raw
$SPOTLOG seq=19055 boot=83 uptime_ms=123737 epoch_ms=1789195641201 text=MECH_TRACK id=1 n=20 mean10=2 peak=76 mv=11000 lag=0
$SPOTLOG seq=19056 boot=83 uptime_ms=123737 epoch_ms=1789195641201 text=MECH_PHASE id=1 stance_n=16 se10=-4 swing_n=4 we10=30
$SPOTLOG seq=19057 boot=83 uptime_ms=123738 epoch_ms=1789195641202 text=MECH_PEAK id=1 cmd=1833 pos=1909 phase=890 stance=0
$SPOTLOG seq=19058 boot=83 uptime_ms=123739 epoch_ms=1789195641203 text=MECH_LAG id=1 cur=10 load=300 age=6 err=-6
$SPOTLOG seq=19059 boot=83 uptime_ms=123739 epoch_ms=1789195641203 text=MECH_TRACK id=2 n=20 mean10=0 peak=42 mv=11200 lag=0
$SPOTLOG seq=19060 boot=83 uptime_ms=123740 epoch_ms=1789195641204 text=MECH_PHASE id=2 stance_n=16 se10=-3 swing_n=4 we10=9
$SPOTLOG seq=19061 boot=83 uptime_ms=123741 epoch_ms=1789195641205 text=MECH_PEAK id=2 cmd=1373 pos=1415 phase=726 stance=0
$SPOTLOG seq=19062 boot=83 uptime_ms=123741 epoch_ms=1789195641205 text=MECH_LAG id=2 cur=10 load=156 age=3 err=6
$SPOTLOG seq=19063 boot=83 uptime_ms=123742 epoch_ms=1789195641206 text=MECH_TRACK id=3 n=20 mean10=-12 peak=133 mv=11200 lag=2
$SPOTLOG seq=19064 boot=83 uptime_ms=123743 epoch_ms=1789195641207 text=MECH_PHASE id=3 stance_n=15 se10=-9 swing_n=5 we10=-21
$SPOTLOG seq=19065 boot=83 uptime_ms=123744 epoch_ms=1789195641208 text=MECH_PEAK id=3 cmd=3007 pos=3140 phase=922 stance=0
$SPOTLOG seq=19066 boot=83 uptime_ms=123744 epoch_ms=1789195641208 text=MECH_LAG id=3 cur=12 load=212 age=11 err=0
$SPOTLOG seq=19067 boot=83 uptime_ms=123745 epoch_ms=1789195641209 text=MECH_TRACK id=4 n=21 mean10=2 peak=86 mv=11200 lag=0
$SPOTLOG seq=19068 boot=83 uptime_ms=123746 epoch_ms=1789195641210 text=MECH_PHASE id=4 stance_n=15 se10=7 swing_n=6 we10=-10
$SPOTLOG seq=19069 boot=83 uptime_ms=123746 epoch_ms=1789195641210 text=MECH_PEAK id=4 cmd=2031 pos=2117 phase=351 stance=0
$SPOTLOG seq=19070 boot=83 uptime_ms=123747 epoch_ms=1789195641211 text=MECH_LAG id=4 cur=8 load=300 age=6 err=4
$SPOTLOG seq=19071 boot=83 uptime_ms=123748 epoch_ms=1789195641212 text=MECH_TRACK id=5 n=21 mean10=0 peak=47 mv=11100 lag=0
$SPOTLOG seq=19072 boot=83 uptime_ms=123748 epoch_ms=1789195641212 text=MECH_PHASE id=5 stance_n=15 se10=2 swing_n=6 we10=-4
$SPOTLOG seq=19073 boot=83 uptime_ms=123749 epoch_ms=1789195641213 text=MECH_PEAK id=5 cmd=2571 pos=2618 phase=367 stance=0
$SPOTLOG seq=19074 boot=83 uptime_ms=123750 epoch_ms=1789195641214 text=MECH_LAG id=5 cur=21 load=192 age=3 err=1
$SPOTLOG seq=19075 boot=83 uptime_ms=123750 epoch_ms=1789195641214 text=MECH_TRACK id=6 n=21 mean10=-15 peak=72 mv=11100 lag=0
$SPOTLOG seq=19076 boot=83 uptime_ms=123751 epoch_ms=1789195641215 text=MECH_PHASE id=6 stance_n=15 se10=-18 swing_n=6 we10=-7
$SPOTLOG seq=19077 boot=83 uptime_ms=123752 epoch_ms=1789195641216 text=MECH_PEAK id=6 cmd=1034 pos=962 phase=348 stance=0
$SPOTLOG seq=19078 boot=83 uptime_ms=123753 epoch_ms=1789195641217 text=MECH_LAG id=6 cur=4 load=-124 age=8 err=-1
$SPOTLOG seq=19079 boot=83 uptime_ms=123753 epoch_ms=1789195641217 text=MECH_TRACK id=7 n=21 mean10=-2 peak=94 mv=11100 lag=0
$SPOTLOG seq=19080 boot=83 uptime_ms=123754 epoch_ms=1789195641218 text=MECH_PHASE id=7 stance_n=15 se10=5 swing_n=6 we10=-21
$SPOTLOG seq=19081 boot=83 uptime_ms=123755 epoch_ms=1789195641219 text=MECH_PEAK id=7 cmd=2209 pos=2115 phase=400 stance=0
$SPOTLOG seq=19082 boot=83 uptime_ms=123755 epoch_ms=1789195641219 text=MECH_LAG id=7 cur=10 load=-304 age=7 err=-8
$SPOTLOG seq=19083 boot=83 uptime_ms=123756 epoch_ms=1789195641220 text=MECH_TRACK id=8 n=21 mean10=0 peak=36 mv=11200 lag=0
$SPOTLOG seq=19084 boot=83 uptime_ms=123757 epoch_ms=1789195641221 text=MECH_PHASE id=8 stance_n=14 se10=-2 swing_n=7 we10=4
$SPOTLOG seq=19085 boot=83 uptime_ms=123757 epoch_ms=1789195641221 text=MECH_PEAK id=8 cmd=1258 pos=1294 phase=220 stance=0
$SPOTLOG seq=19086 boot=83 uptime_ms=123758 epoch_ms=1789195641222 text=MECH_LAG id=8 cur=4 load=112 age=2 err=-5
$SPOTLOG seq=19087 boot=83 uptime_ms=123759 epoch_ms=1789195641223 text=MECH_TRACK id=9 n=21 mean10=-16 peak=114 mv=10900 lag=1
$SPOTLOG seq=19088 boot=83 uptime_ms=123760 epoch_ms=1789195641224 text=MECH_PHASE id=9 stance_n=14 se10=-22 swing_n=7 we10=-6
$SPOTLOG seq=19089 boot=83 uptime_ms=123760 epoch_ms=1789195641224 text=MECH_PEAK id=9 cmd=2998 pos=3112 phase=433 stance=0
$SPOTLOG seq=19090 boot=83 uptime_ms=123761 epoch_ms=1789195641225 text=MECH_LAG id=9 cur=24 load=240 age=8 err=0
$SPOTLOG seq=19091 boot=83 uptime_ms=123762 epoch_ms=1789195641226 text=MECH_TRACK id=10 n=21 mean10=-2 peak=112 mv=11100 lag=2
$SPOTLOG seq=19092 boot=83 uptime_ms=123762 epoch_ms=1789195641226 text=MECH_PHASE id=10 stance_n=17 se10=-11 swing_n=4 we10=33
$SPOTLOG seq=19093 boot=83 uptime_ms=123763 epoch_ms=1789195641227 text=MECH_PEAK id=10 cmd=2048 pos=1936 phase=858 stance=0
$SPOTLOG seq=19094 boot=83 uptime_ms=123764 epoch_ms=1789195641228 text=MECH_LAG id=10 cur=14 load=-336 age=6 err=2
$SPOTLOG seq=19095 boot=83 uptime_ms=123764 epoch_ms=1789195641228 text=MECH_TRACK id=11 n=20 mean10=2 peak=53 mv=11000 lag=0
$SPOTLOG seq=19096 boot=83 uptime_ms=123765 epoch_ms=1789195641229 text=MECH_PHASE id=11 stance_n=16 se10=4 swing_n=4 we10=-7
$SPOTLOG seq=19097 boot=83 uptime_ms=123766 epoch_ms=1789195641230 text=MECH_PEAK id=11 cmd=2893 pos=2946 phase=874 stance=0
$SPOTLOG seq=19098 boot=83 uptime_ms=123767 epoch_ms=1789195641231 text=MECH_LAG id=11 cur=36 load=244 age=3 err=-2
$SPOTLOG seq=19099 boot=83 uptime_ms=123767 epoch_ms=1789195641231 text=MECH_TRACK id=12 n=20 mean10=-17 peak=57 mv=10900 lag=0
$SPOTLOG seq=19100 boot=83 uptime_ms=123768 epoch_ms=1789195641232 text=MECH_PHASE id=12 stance_n=16 se10=-23 swing_n=4 we10=4
$SPOTLOG seq=19101 boot=83 uptime_ms=123769 epoch_ms=1789195641233 text=MECH_PEAK id=12 cmd=941 pos=998 phase=694 stance=0
$SPOTLOG seq=19102 boot=83 uptime_ms=123769 epoch_ms=1789195641233 text=MECH_LAG id=12 cur=0 load=88 age=3 err=-3
$SPOTLOG seq=19103 boot=83 uptime_ms=123770 epoch_ms=1789195641234 text=MECH_END mode=gait stored=1
$SPOTLOG seq=19104 boot=83 uptime_ms=124223 epoch_ms=1789195641687 text=CMD link=ble drive -88 -927 225
$SPOTLOG seq=19105 boot=83 uptime_ms=132676 epoch_ms=1789195650140 text=RESULT result=tilt safety limit reached servo=3 bus=ok error=0x00
$SPOTLOG seq=19106 boot=83 uptime_ms=132693 epoch_ms=1789195650157 text=GAIT n=336 v=10400 lag=11 droop=4 derate=1 fall=0 late=0 limit=0
$SPOTLOG seq=19107 boot=83 uptime_ms=132693 epoch_ms=1789195650157 text=MECH_BEGIN mode=gait samples=336 units=angle10,current_raw
$SPOTLOG seq=19108 boot=83 uptime_ms=132694 epoch_ms=1789195650158 text=MECH_TRACK id=1 n=28 mean10=3 peak=83 mv=10800 lag=0
$SPOTLOG seq=19109 boot=83 uptime_ms=132695 epoch_ms=1789195650159 text=MECH_PHASE id=1 stance_n=18 se10=-2 swing_n=10 we10=14
$SPOTLOG seq=19110 boot=83 uptime_ms=132696 epoch_ms=1789195650160 text=MECH_PEAK id=1 cmd=1864 pos=1947 phase=835 stance=0
$SPOTLOG seq=19111 boot=83 uptime_ms=132696 epoch_ms=1789195650160 text=MECH_LAG id=1 cur=6 load=264 age=5 err=-5
$SPOTLOG seq=19112 boot=83 uptime_ms=132697 epoch_ms=1789195650161 text=MECH_TRACK id=2 n=28 mean10=-2 peak=78 mv=10800 lag=0
$SPOTLOG seq=19113 boot=83 uptime_ms=132698 epoch_ms=1789195650162 text=MECH_PHASE id=2 stance_n=19 se10=-3 swing_n=9 we10=-1
$SPOTLOG seq=19114 boot=83 uptime_ms=132698 epoch_ms=1789195650162 text=MECH_PEAK id=2 cmd=1573 pos=1495 phase=919 stance=0
$SPOTLOG seq=19115 boot=83 uptime_ms=132699 epoch_ms=1789195650163 text=MECH_LAG id=2 cur=182 load=-480 age=5 err=7
$SPOTLOG seq=19116 boot=83 uptime_ms=132700 epoch_ms=1789195650164 text=MECH_TRACK id=3 n=28 mean10=-10 peak=141 mv=11000 lag=2
$SPOTLOG seq=19117 boot=83 uptime_ms=132700 epoch_ms=1789195650164 text=MECH_PHASE id=3 stance_n=19 se10=-18 swing_n=9 we10=5
$SPOTLOG seq=19118 boot=83 uptime_ms=132701 epoch_ms=1789195650165 text=MECH_PEAK id=3 cmd=3008 pos=2867 phase=756 stance=0
$SPOTLOG seq=19119 boot=83 uptime_ms=132702 epoch_ms=1789195650166 text=MECH_LAG id=3 cur=9 load=-304 age=8 err=10
$SPOTLOG seq=19120 boot=83 uptime_ms=132703 epoch_ms=1789195650167 text=MECH_TRACK id=4 n=28 mean10=2 peak=69 mv=10900 lag=0
$SPOTLOG seq=19121 boot=83 uptime_ms=132703 epoch_ms=1789195650167 text=MECH_PHASE id=4 stance_n=14 se10=11 swing_n=14 we10=-6
$SPOTLOG seq=19122 boot=83 uptime_ms=132704 epoch_ms=1789195650168 text=MECH_PEAK id=4 cmd=2073 pos=2142 phase=300 stance=0
$SPOTLOG seq=19123 boot=83 uptime_ms=132705 epoch_ms=1789195650169 text=MECH_LAG id=4 cur=3 load=188 age=4 err=-5
$SPOTLOG seq=19124 boot=83 uptime_ms=132705 epoch_ms=1789195650169 text=MECH_TRACK id=5 n=28 mean10=-8 peak=102 mv=10700 lag=0
$SPOTLOG seq=19125 boot=83 uptime_ms=132706 epoch_ms=1789195650170 text=MECH_PHASE id=5 stance_n=14 se10=2 swing_n=14 we10=-19
$SPOTLOG seq=19126 boot=83 uptime_ms=132707 epoch_ms=1789195650171 text=MECH_PEAK id=5 cmd=2394 pos=2496 phase=497 stance=0
$SPOTLOG seq=19127 boot=83 uptime_ms=132707 epoch_ms=1789195650171 text=MECH_LAG id=5 cur=529 load=816 age=9 err=-3
$SPOTLOG seq=19128 boot=83 uptime_ms=132708 epoch_ms=1789195650172 text=MECH_TRACK id=6 n=28 mean10=-7 peak=82 mv=11000 lag=0
$SPOTLOG seq=19129 boot=83 uptime_ms=132709 epoch_ms=1789195650173 text=MECH_PHASE id=6 stance_n=16 se10=-16 swing_n=12 we10=4
$SPOTLOG seq=19130 boot=83 uptime_ms=132709 epoch_ms=1789195650173 text=MECH_PEAK id=6 cmd=1120 pos=1202 phase=156 stance=0
$SPOTLOG seq=19131 boot=83 uptime_ms=132710 epoch_ms=1789195650174 text=MECH_LAG id=6 cur=1 load=-24 age=3 err=-7
$SPOTLOG seq=19132 boot=83 uptime_ms=132711 epoch_ms=1789195650175 text=MECH_TRACK id=7 n=28 mean10=-8 peak=108 mv=10900 lag=2
$SPOTLOG seq=19133 boot=83 uptime_ms=132712 epoch_ms=1789195650176 text=MECH_PHASE id=7 stance_n=17 se10=0 swing_n=11 we10=-19
$SPOTLOG seq=19134 boot=83 uptime_ms=132712 epoch_ms=1789195650176 text=MECH_PEAK id=7 cmd=2178 pos=2070 phase=349 stance=0
$SPOTLOG seq=19135 boot=83 uptime_ms=132713 epoch_ms=1789195650177 text=MECH_LAG id=7 cur=5 load=-280 age=6 err=-5
$SPOTLOG seq=19136 boot=83 uptime_ms=132714 epoch_ms=1789195650178 text=MECH_TRACK id=8 n=28 mean10=0 peak=71 mv=10600 lag=0
$SPOTLOG seq=19137 boot=83 uptime_ms=132714 epoch_ms=1789195650178 text=MECH_PHASE id=8 stance_n=17 se10=2 swing_n=11 we10=-3
$SPOTLOG seq=19138 boot=83 uptime_ms=132715 epoch_ms=1789195650179 text=MECH_PEAK id=8 cmd=1456 pos=1385 phase=476 stance=0
$SPOTLOG seq=19139 boot=83 uptime_ms=132716 epoch_ms=1789195650180 text=MECH_LAG id=8 cur=30 load=-272 age=3 err=5
$SPOTLOG seq=19140 boot=83 uptime_ms=132716 epoch_ms=1789195650180 text=MECH_TRACK id=9 n=28 mean10=-17 peak=142 mv=10400 lag=3
$SPOTLOG seq=19141 boot=83 uptime_ms=132717 epoch_ms=1789195650181 text=MECH_PHASE id=9 stance_n=17 se10=-27 swing_n=11 we10=0
$SPOTLOG seq=19142 boot=83 uptime_ms=132718 epoch_ms=1789195650182 text=MECH_PEAK id=9 cmd=2977 pos=2835 phase=200 stance=0
$SPOTLOG seq=19143 boot=83 uptime_ms=132719 epoch_ms=1789195650183 text=MECH_LAG id=9 cur=18 load=-316 age=6 err=5
$SPOTLOG seq=19144 boot=83 uptime_ms=132719 epoch_ms=1789195650183 text=MECH_TRACK id=10 n=28 mean10=-5 peak=96 mv=10900 lag=1
$SPOTLOG seq=19145 boot=83 uptime_ms=132720 epoch_ms=1789195650184 text=MECH_PHASE id=10 stance_n=17 se10=-16 swing_n=11 we10=11
$SPOTLOG seq=19146 boot=83 uptime_ms=132721 epoch_ms=1789195650185 text=MECH_PEAK id=10 cmd=2007 pos=1911 phase=814 stance=0
$SPOTLOG seq=19147 boot=83 uptime_ms=132721 epoch_ms=1789195650185 text=MECH_LAG id=10 cur=2 load=-212 age=5 err=-3
$SPOTLOG seq=19148 boot=83 uptime_ms=132722 epoch_ms=1789195650186 text=MECH_TRACK id=11 n=28 mean10=7 peak=54 mv=10500 lag=0
$SPOTLOG seq=19149 boot=83 uptime_ms=132723 epoch_ms=1789195650187 text=MECH_PHASE id=11 stance_n=18 se10=11 swing_n=10 we10=0
$SPOTLOG seq=19150 boot=83 uptime_ms=132723 epoch_ms=1789195650187 text=MECH_PEAK id=11 cmd=2907 pos=2853 phase=519 stance=1
$SPOTLOG seq=19151 boot=83 uptime_ms=132724 epoch_ms=1789195650188 text=MECH_LAG id=11 cur=155 load=-380 age=11 err=11
$SPOTLOG seq=19152 boot=83 uptime_ms=132725 epoch_ms=1789195650189 text=MECH_TRACK id=12 n=28 mean10=-24 peak=126 mv=10500 lag=3
$SPOTLOG seq=19153 boot=83 uptime_ms=132726 epoch_ms=1789195650190 text=MECH_PHASE id=12 stance_n=18 se10=-38 swing_n=10 we10=2
$SPOTLOG seq=19154 boot=83 uptime_ms=132726 epoch_ms=1789195650190 text=MECH_PEAK id=12 cmd=1009 pos=1135 phase=712 stance=0
$SPOTLOG seq=19155 boot=83 uptime_ms=132727 epoch_ms=1789195650191 text=MECH_LAG id=12 cur=1 load=88 age=6 err=4
$SPOTLOG seq=19156 boot=83 uptime_ms=132728 epoch_ms=1789195650192 text=MECH_END mode=gait stored=1
$SPOTLOG seq=19157 boot=83 uptime_ms=135420 epoch_ms=1789195652884 text=CMD link=ble read 1
$SPOTLOG seq=19158 boot=84 uptime_ms=43 epoch_ms=0000 text=BOOT reset_flags=0e000000 rev=shared-locomotion-v48
$SPOTLOG seq=19159 boot=85 uptime_ms=43 epoch_ms=0000 text=BOOT reset_flags=0e000000 rev=shared-locomotion-v48
$SPOTLOG seq=19160 boot=85 uptime_ms=1711 epoch_ms=0000 text=CMD link=ble idle level of PA9/PA10
$SPOTLOG seq=19161 boot=85 uptime_ms=5934 epoch_ms=1789215029064 text=TIME_SYNC epoch=1789215029.064
$SPOTLOG seq=19162 boot=85 uptime_ms=6690 epoch_ms=1789215029820 text=CMD link=ble read 1
$SPOTLOG seq=19163 boot=86 uptime_ms=43 epoch_ms=0000 text=BOOT reset_flags=0e000000 rev=shared-locomotion-v48
$SPOTLOG seq=19164 boot=86 uptime_ms=1711 epoch_ms=0000 text=CMD link=ble  linestate        sample the idle level of PA9/PA10
$SPOTLOG seq=19165 boot=86 uptime_ms=6088 epoch_ms=1789280115030 text=TIME_SYNC epoch=1789280115.030
$SPOTLOG seq=19166 boot=86 uptime_ms=6906 epoch_ms=1789280115848 text=CMD link=ble read 1
$SPOTLOG seq=19167 boot=86 uptime_ms=236281 epoch_ms=1789280345223 text=CMD link=ble stand
$SPOTLOG seq=19168 boot=86 uptime_ms=248684 epoch_ms=1789280357626 text=RESULT result=ok servo=0 bus=ok error=0x00
$SPOTLOG seq=19169 boot=86 uptime_ms=248685 epoch_ms=1789280357627 text=MECH_BEGIN mode=pose label=stand units=angle10,current_raw
$SPOTLOG seq=19170 boot=86 uptime_ms=248690 epoch_ms=1789280357632 text=MECH_POS id=1 leg=0 j=1 pos=1943 angle10=-12 moving=0
$SPOTLOG seq=19171 boot=86 uptime_ms=248691 epoch_ms=1789280357633 text=MECH_PWR id=1 speed=0 load=120 current_raw=5 mv=12000 temp=30 hw=0
$SPOTLOG seq=19172 boot=86 uptime_ms=248691 epoch_ms=1789280357633 text=MECH_CAL id=1 ctr=1929 dir=-1 min=0 max=4095
$SPOTLOG seq=19173 boot=86 uptime_ms=248692 epoch_ms=1789280357634 text=MECH_GOAL id=1 goal=1929 err10=12 torque=1
$SPOTLOG seq=19174 boot=86 uptime_ms=248697 epoch_ms=1789280357639 text=MECH_POS id=2 leg=0 j=2 pos=1544 angle10=468 moving=0
$SPOTLOG seq=19175 boot=86 uptime_ms=248698 epoch_ms=1789280357640 text=MECH_PWR id=2 speed=0 load=-168 current_raw=51 mv=12100 temp=31 hw=0
$SPOTLOG seq=19176 boot=86 uptime_ms=248698 epoch_ms=1789280357640 text=MECH_CAL id=2 ctr=2077 dir=-1 min=0 max=4095
$SPOTLOG seq=19177 boot=86 uptime_ms=248699 epoch_ms=1789280357641 text=MECH_GOAL id=2 goal=1565 err10=-18 torque=1
$SPOTLOG seq=19178 boot=86 uptime_ms=248704 epoch_ms=1789280357646 text=MECH_POS id=3 leg=0 j=3 pos=2986 angle10=897 moving=0
$SPOTLOG seq=19179 boot=86 uptime_ms=248705 epoch_ms=1789280357647 text=MECH_PWR id=3 speed=0 load=-32 current_raw=1 mv=12200 temp=32 hw=0
$SPOTLOG seq=19180 boot=86 uptime_ms=248705 epoch_ms=1789280357647 text=MECH_CAL id=3 ctr=1965 dir=1 min=0 max=4095
$SPOTLOG seq=19181 boot=86 uptime_ms=248706 epoch_ms=1789280357648 text=MECH_GOAL id=3 goal=2989 err10=2 torque=1
$SPOTLOG seq=19182 boot=86 uptime_ms=248711 epoch_ms=1789280357653 text=MECH_POS id=4 leg=1 j=1 pos=2077 angle10=-10 moving=0
$SPOTLOG seq=19183 boot=86 uptime_ms=248712 epoch_ms=1789280357654 text=MECH_PWR id=4 speed=0 load=-104 current_raw=5 mv=12200 temp=32 hw=0
$SPOTLOG seq=19184 boot=86 uptime_ms=248712 epoch_ms=1789280357654 text=MECH_CAL id=4 ctr=2089 dir=1 min=0 max=4095
$SPOTLOG seq=19185 boot=86 uptime_ms=248713 epoch_ms=1789280357655 text=MECH_GOAL id=4 goal=2089 err10=10 torque=1
$SPOTLOG seq=19186 boot=86 uptime_ms=248718 epoch_ms=1789280357660 text=MECH_POS id=5 leg=1 j=2 pos=2457 angle10=470 moving=0
$SPOTLOG seq=19187 boot=86 uptime_ms=248719 epoch_ms=1789280357661 text=MECH_PWR id=5 speed=0 load=184 current_raw=55 mv=12100 temp=31 hw=0
$SPOTLOG seq=19188 boot=86 uptime_ms=248719 epoch_ms=1789280357661 text=MECH_CAL id=5 ctr=1922 dir=1 min=0 max=4095
$SPOTLOG seq=19189 boot=86 uptime_ms=248720 epoch_ms=1789280357662 text=MECH_GOAL id=5 goal=2434 err10=-20 torque=1
$SPOTLOG seq=19190 boot=86 uptime_ms=248725 epoch_ms=1789280357667 text=MECH_POS id=6 leg=1 j=3 pos=1080 angle10=879 moving=0
$SPOTLOG seq=19191 boot=86 uptime_ms=248726 epoch_ms=1789280357668 text=MECH_PWR id=6 speed=0 load=192 current_raw=18 mv=12300 temp=31 hw=0
$SPOTLOG seq=19192 boot=86 uptime_ms=248726 epoch_ms=1789280357668 text=MECH_CAL id=6 ctr=2081 dir=-1 min=0 max=4095
$SPOTLOG seq=19193 boot=86 uptime_ms=248727 epoch_ms=1789280357669 text=MECH_GOAL id=6 goal=1057 err10=20 torque=1
$SPOTLOG seq=19194 boot=86 uptime_ms=248732 epoch_ms=1789280357674 text=MECH_POS id=7 leg=2 j=1 pos=2103 angle10=0 moving=0
$SPOTLOG seq=19195 boot=86 uptime_ms=248733 epoch_ms=1789280357675 text=MECH_PWR id=7 speed=0 load=0 current_raw=0 mv=12100 temp=30 hw=0
$SPOTLOG seq=19196 boot=86 uptime_ms=248733 epoch_ms=1789280357675 text=MECH_CAL id=7 ctr=2104 dir=-1 min=0 max=4095
$SPOTLOG seq=19197 boot=86 uptime_ms=248734 epoch_ms=1789280357676 text=MECH_GOAL id=7 goal=2104 err10=0 torque=1
$SPOTLOG seq=19198 boot=86 uptime_ms=248739 epoch_ms=1789280357681 text=MECH_POS id=8 leg=2 j=2 pos=1433 angle10=447 moving=0
$SPOTLOG seq=19199 boot=86 uptime_ms=248740 epoch_ms=1789280357682 text=MECH_PWR id=8 speed=0 load=24 current_raw=1 mv=12100 temp=30 hw=0
$SPOTLOG seq=19200 boot=86 uptime_ms=248740 epoch_ms=1789280357682 text=MECH_CAL id=8 ctr=1942 dir=-1 min=0 max=4095
$SPOTLOG seq=19201 boot=86 uptime_ms=248741 epoch_ms=1789280357683 text=MECH_GOAL id=8 goal=1430 err10=2 torque=1
$SPOTLOG seq=19202 boot=86 uptime_ms=248746 epoch_ms=1789280357688 text=MECH_POS id=9 leg=2 j=3 pos=2985 angle10=897 moving=0
$SPOTLOG seq=19203 boot=86 uptime_ms=248747 epoch_ms=1789280357689 text=MECH_PWR id=9 speed=0 load=-32 current_raw=0 mv=12100 temp=32 hw=0
$SPOTLOG seq=19204 boot=86 uptime_ms=248747 epoch_ms=1789280357689 text=MECH_CAL id=9 ctr=1964 dir=1 min=0 max=4095
$SPOTLOG seq=19205 boot=86 uptime_ms=248748 epoch_ms=1789280357690 text=MECH_GOAL id=9 goal=2988 err10=2 torque=1
$SPOTLOG seq=19206 boot=86 uptime_ms=248753 epoch_ms=1789280357695 text=MECH_POS id=10 leg=3 j=1 pos=1953 angle10=1 moving=0
$SPOTLOG seq=19207 boot=86 uptime_ms=248754 epoch_ms=1789280357696 text=MECH_PWR id=10 speed=0 load=24 current_raw=0 mv=12200 temp=30 hw=0
$SPOTLOG seq=19208 boot=86 uptime_ms=248754 epoch_ms=1789280357696 text=MECH_CAL id=10 ctr=1951 dir=1 min=0 max=4095
$SPOTLOG seq=19209 boot=86 uptime_ms=248755 epoch_ms=1789280357697 text=MECH_GOAL id=10 goal=1951 err10=-1 torque=1
$SPOTLOG seq=19210 boot=86 uptime_ms=248760 epoch_ms=1789280357702 text=MECH_POS id=11 leg=3 j=2 pos=2764 angle10=447 moving=0
$SPOTLOG seq=19211 boot=86 uptime_ms=248761 epoch_ms=1789280357703 text=MECH_PWR id=11 speed=0 load=-24 current_raw=1 mv=12100 temp=31 hw=0
$SPOTLOG seq=19212 boot=86 uptime_ms=248761 epoch_ms=1789280357703 text=MECH_CAL id=11 ctr=2255 dir=1 min=0 max=4095
$SPOTLOG seq=19213 boot=86 uptime_ms=248762 epoch_ms=1789280357704 text=MECH_GOAL id=11 goal=2767 err10=2 torque=1
$SPOTLOG seq=19214 boot=86 uptime_ms=248767 epoch_ms=1789280357709 text=MECH_POS id=12 leg=3 j=3 pos=1029 angle10=893 moving=0
$SPOTLOG seq=19215 boot=86 uptime_ms=248768 epoch_ms=1789280357710 text=MECH_PWR id=12 speed=0 load=64 current_raw=1 mv=12100 temp=31 hw=0
$SPOTLOG seq=19216 boot=86 uptime_ms=248768 epoch_ms=1789280357710 text=MECH_CAL id=12 ctr=2046 dir=-1 min=0 max=4095
$SPOTLOG seq=19217 boot=86 uptime_ms=248769 epoch_ms=1789280357711 text=MECH_GOAL id=12 goal=1022 err10=6 torque=1
$SPOTLOG seq=19218 boot=86 uptime_ms=248770 epoch_ms=1789280357712 text=MECH_END mode=pose valid=12 missing=0 stored=1
$SPOTLOG seq=19219 boot=87 uptime_ms=45 epoch_ms=0000 text=BOOT reset_flags=0e000000 rev=shared-locomotion-v48
$SPOTLOG seq=19220 boot=88 uptime_ms=45 epoch_ms=0000 text=BOOT reset_flags=0e000000 rev=shared-locomotion-v48
$SPOTLOG seq=19221 boot=88 uptime_ms=1712 epoch_ms=0000 text=CMD link=ble   sample the idle level of PA9/PA10
$SPOTLOG seq=19222 boot=88 uptime_ms=9169 epoch_ms=1789281911301 text=TIME_SYNC epoch=1789281911.301
$SPOTLOG seq=19223 boot=88 uptime_ms=10017 epoch_ms=1789281912149 text=CMD link=ble read 1
$SPOTLOG seq=19224 boot=88 uptime_ms=15684 epoch_ms=1789281917816 text=CMD link=ble stand
$SPOTLOG seq=19225 boot=88 uptime_ms=25618 epoch_ms=1789281927750 text=RESULT result=ok servo=0 bus=ok error=0x00
$SPOTLOG seq=19226 boot=88 uptime_ms=25619 epoch_ms=1789281927751 text=MECH_BEGIN mode=pose label=stand units=angle10,current_raw
$SPOTLOG seq=19227 boot=88 uptime_ms=25624 epoch_ms=1789281927756 text=MECH_POS id=1 leg=0 j=1 pos=1963 angle10=-29 moving=0
$SPOTLOG seq=19228 boot=88 uptime_ms=25625 epoch_ms=1789281927757 text=MECH_PWR id=1 speed=0 load=280 current_raw=37 mv=11700 temp=33 hw=0
$SPOTLOG seq=19229 boot=88 uptime_ms=25625 epoch_ms=1789281927757 text=MECH_CAL id=1 ctr=1929 dir=-1 min=0 max=4095
$SPOTLOG seq=19230 boot=88 uptime_ms=25626 epoch_ms=1789281927758 text=MECH_GOAL id=1 goal=1929 err10=29 torque=1
$SPOTLOG seq=19231 boot=88 uptime_ms=25631 epoch_ms=1789281927763 text=MECH_POS id=2 leg=0 j=2 pos=1572 angle10=443 moving=0
$SPOTLOG seq=19232 boot=88 uptime_ms=25632 epoch_ms=1789281927764 text=MECH_PWR id=2 speed=0 load=56 current_raw=5 mv=11800 temp=32 hw=0
$SPOTLOG seq=19233 boot=88 uptime_ms=25632 epoch_ms=1789281927764 text=MECH_CAL id=2 ctr=2077 dir=-1 min=0 max=4095
$SPOTLOG seq=19234 boot=88 uptime_ms=25633 epoch_ms=1789281927765 text=MECH_GOAL id=2 goal=1565 err10=6 torque=1
$SPOTLOG seq=19235 boot=88 uptime_ms=25638 epoch_ms=1789281927770 text=MECH_POS id=3 leg=0 j=3 pos=3008 angle10=916 moving=0
$SPOTLOG seq=19236 boot=88 uptime_ms=25639 epoch_ms=1789281927771 text=MECH_PWR id=3 speed=0 load=160 current_raw=24 mv=11900 temp=37 hw=0
$SPOTLOG seq=19237 boot=88 uptime_ms=25639 epoch_ms=1789281927771 text=MECH_CAL id=3 ctr=1965 dir=1 min=0 max=4095
$SPOTLOG seq=19238 boot=88 uptime_ms=25640 epoch_ms=1789281927772 text=MECH_GOAL id=3 goal=2989 err10=-16 torque=1
$SPOTLOG seq=19239 boot=88 uptime_ms=25645 epoch_ms=1789281927777 text=MECH_POS id=4 leg=1 j=1 pos=2070 angle10=-16 moving=0
$SPOTLOG seq=19240 boot=88 uptime_ms=25646 epoch_ms=1789281927778 text=MECH_PWR id=4 speed=0 load=-160 current_raw=11 mv=11900 temp=34 hw=0
$SPOTLOG seq=19241 boot=88 uptime_ms=25646 epoch_ms=1789281927778 text=MECH_CAL id=4 ctr=2089 dir=1 min=0 max=4095
$SPOTLOG seq=19242 boot=88 uptime_ms=25647 epoch_ms=1789281927779 text=MECH_GOAL id=4 goal=2089 err10=16 torque=1
$SPOTLOG seq=19243 boot=88 uptime_ms=25652 epoch_ms=1789281927784 text=MECH_POS id=5 leg=1 j=2 pos=2433 angle10=449 moving=0
$SPOTLOG seq=19244 boot=88 uptime_ms=25653 epoch_ms=1789281927785 text=MECH_PWR id=5 speed=0 load=-8 current_raw=0 mv=11800 temp=31 hw=0
$SPOTLOG seq=19245 boot=88 uptime_ms=25653 epoch_ms=1789281927785 text=MECH_CAL id=5 ctr=1922 dir=1 min=0 max=4095
$SPOTLOG seq=19246 boot=88 uptime_ms=25654 epoch_ms=1789281927786 text=MECH_GOAL id=5 goal=2434 err10=0 torque=1
$SPOTLOG seq=19247 boot=88 uptime_ms=25659 epoch_ms=1789281927791 text=MECH_POS id=6 leg=1 j=3 pos=1045 angle10=910 moving=0
$SPOTLOG seq=19248 boot=88 uptime_ms=25660 epoch_ms=1789281927792 text=MECH_PWR id=6 speed=0 load=-104 current_raw=5 mv=12000 temp=35 hw=0
$SPOTLOG seq=19249 boot=88 uptime_ms=25660 epoch_ms=1789281927792 text=MECH_CAL id=6 ctr=2081 dir=-1 min=0 max=4095
$SPOTLOG seq=19250 boot=88 uptime_ms=25661 epoch_ms=1789281927793 text=MECH_GOAL id=6 goal=1057 err10=-10 torque=1
$SPOTLOG seq=19251 boot=88 uptime_ms=25666 epoch_ms=1789281927798 text=MECH_POS id=7 leg=2 j=1 pos=2071 angle10=29 moving=0
$SPOTLOG seq=19252 boot=88 uptime_ms=25667 epoch_ms=1789281927799 text=MECH_PWR id=7 speed=0 load=-272 current_raw=31 mv=11700 temp=32 hw=0
$SPOTLOG seq=19253 boot=88 uptime_ms=25667 epoch_ms=1789281927799 text=MECH_CAL id=7 ctr=2104 dir=-1 min=0 max=4095
$SPOTLOG seq=19254 boot=88 uptime_ms=25668 epoch_ms=1789281927800 text=MECH_GOAL id=7 goal=2104 err10=-29 torque=1
$SPOTLOG seq=19255 boot=88 uptime_ms=25673 epoch_ms=1789281927805 text=MECH_POS id=8 leg=2 j=2 pos=1436 angle10=444 moving=0
$SPOTLOG seq=19256 boot=88 uptime_ms=25674 epoch_ms=1789281927806 text=MECH_PWR id=8 speed=0 load=48 current_raw=4 mv=11700 temp=32 hw=0
$SPOTLOG seq=19257 boot=88 uptime_ms=25674 epoch_ms=1789281927806 text=MECH_CAL id=8 ctr=1942 dir=-1 min=0 max=4095
$SPOTLOG seq=19258 boot=88 uptime_ms=25675 epoch_ms=1789281927807 text=MECH_GOAL id=8 goal=1430 err10=5 torque=1
$SPOTLOG seq=19259 boot=88 uptime_ms=25680 epoch_ms=1789281927812 text=MECH_POS id=9 leg=2 j=3 pos=3016 angle10=924 moving=0
$SPOTLOG seq=19260 boot=88 uptime_ms=25681 epoch_ms=1789281927813 text=MECH_PWR id=9 speed=0 load=232 current_raw=75 mv=11900 temp=58 hw=0
$SPOTLOG seq=19261 boot=88 uptime_ms=25681 epoch_ms=1789281927813 text=MECH_CAL id=9 ctr=1964 dir=1 min=0 max=4095
$SPOTLOG seq=19262 boot=88 uptime_ms=25682 epoch_ms=1789281927814 text=MECH_GOAL id=9 goal=2988 err10=-24 torque=1
$SPOTLOG seq=19263 boot=88 uptime_ms=25687 epoch_ms=1789281927819 text=MECH_POS id=10 leg=3 j=1 pos=1995 angle10=38 moving=0
$SPOTLOG seq=19264 boot=88 uptime_ms=25688 epoch_ms=1789281927820 text=MECH_PWR id=10 speed=0 load=360 current_raw=60 mv=11800 temp=33 hw=0
$SPOTLOG seq=19265 boot=88 uptime_ms=25688 epoch_ms=1789281927820 text=MECH_CAL id=10 ctr=1951 dir=1 min=0 max=4095
$SPOTLOG seq=19266 boot=88 uptime_ms=25689 epoch_ms=1789281927821 text=MECH_GOAL id=10 goal=1951 err10=-38 torque=1
$SPOTLOG seq=19267 boot=88 uptime_ms=25694 epoch_ms=1789281927826 text=MECH_POS id=11 leg=3 j=2 pos=2766 angle10=449 moving=0
$SPOTLOG seq=19268 boot=88 uptime_ms=25695 epoch_ms=1789281927827 text=MECH_PWR id=11 speed=0 load=-8 current_raw=0 mv=11700 temp=32 hw=0
$SPOTLOG seq=19269 boot=88 uptime_ms=25695 epoch_ms=1789281927827 text=MECH_CAL id=11 ctr=2255 dir=1 min=0 max=4095
$SPOTLOG seq=19270 boot=88 uptime_ms=25696 epoch_ms=1789281927828 text=MECH_GOAL id=11 goal=2767 err10=0 torque=1
$SPOTLOG seq=19271 boot=88 uptime_ms=25701 epoch_ms=1789281927833 text=MECH_POS id=12 leg=3 j=3 pos=996 angle10=922 moving=0
$SPOTLOG seq=19272 boot=88 uptime_ms=25702 epoch_ms=1789281927834 text=MECH_PWR id=12 speed=0 load=-216 current_raw=13 mv=11700 temp=35 hw=0
$SPOTLOG seq=19273 boot=88 uptime_ms=25702 epoch_ms=1789281927834 text=MECH_CAL id=12 ctr=2046 dir=-1 min=0 max=4095
$SPOTLOG seq=19274 boot=88 uptime_ms=25703 epoch_ms=1789281927835 text=MECH_GOAL id=12 goal=1022 err10=-22 torque=1
$SPOTLOG seq=19275 boot=88 uptime_ms=25704 epoch_ms=1789281927836 text=MECH_END mode=pose valid=12 missing=0 stored=1
$SPOTLOG seq=19276 boot=88 uptime_ms=26609 epoch_ms=1789281928741 text=CMD link=ble gaitprofile centerpivot
$SPOTLOG seq=19277 boot=88 uptime_ms=27064 epoch_ms=1789281929196 text=CMD link=ble read 1
$SPOTLOG seq=19278 boot=88 uptime_ms=27975 epoch_ms=1789281930107 text=CMD link=ble read 1
$SPOTLOG seq=19279 boot=88 uptime_ms=28911 epoch_ms=1789281931043 text=CMD link=ble stand11
$SPOTLOG seq=19280 boot=88 uptime_ms=42353 epoch_ms=1789281944485 text=RESULT result=ok servo=0 bus=ok error=0x00
$SPOTLOG seq=19281 boot=88 uptime_ms=42354 epoch_ms=1789281944486 text=MECH_BEGIN mode=pose label=stand11 units=angle10,current_raw
$SPOTLOG seq=19282 boot=88 uptime_ms=42359 epoch_ms=1789281944491 text=MECH_POS id=1 leg=0 j=1 pos=1956 angle10=-23 moving=0
$SPOTLOG seq=19283 boot=88 uptime_ms=42360 epoch_ms=1789281944492 text=MECH_PWR id=1 speed=0 load=224 current_raw=28 mv=11800 temp=33 hw=0
$SPOTLOG seq=19284 boot=88 uptime_ms=42360 epoch_ms=1789281944492 text=MECH_CAL id=1 ctr=1929 dir=-1 min=0 max=4095
$SPOTLOG seq=19285 boot=88 uptime_ms=42361 epoch_ms=1789281944493 text=MECH_GOAL id=1 goal=1929 err10=23 torque=1
$SPOTLOG seq=19286 boot=88 uptime_ms=42366 epoch_ms=1789281944498 text=MECH_POS id=2 leg=0 j=2 pos=2080 angle10=-2 moving=0
$SPOTLOG seq=19287 boot=88 uptime_ms=42367 epoch_ms=1789281944499 text=MECH_PWR id=2 speed=0 load=24 current_raw=2 mv=11900 temp=33 hw=0
$SPOTLOG seq=19288 boot=88 uptime_ms=42367 epoch_ms=1789281944499 text=MECH_CAL id=2 ctr=2077 dir=-1 min=0 max=4095
$SPOTLOG seq=19289 boot=88 uptime_ms=42368 epoch_ms=1789281944500 text=MECH_GOAL id=2 goal=2077 err10=2 torque=1
$SPOTLOG seq=19290 boot=88 uptime_ms=42373 epoch_ms=1789281944505 text=MECH_POS id=3 leg=0 j=3 pos=1970 angle10=4 moving=0
$SPOTLOG seq=19291 boot=88 uptime_ms=42374 epoch_ms=1789281944506 text=MECH_PWR id=3 speed=0 load=48 current_raw=2 mv=12000 temp=37 hw=0
$SPOTLOG seq=19292 boot=88 uptime_ms=42374 epoch_ms=1789281944506 text=MECH_CAL id=3 ctr=1965 dir=1 min=0 max=4095
$SPOTLOG seq=19293 boot=88 uptime_ms=42375 epoch_ms=1789281944507 text=MECH_GOAL id=3 goal=1965 err10=-4 torque=1
$SPOTLOG seq=19294 boot=88 uptime_ms=42380 epoch_ms=1789281944512 text=MECH_POS id=4 leg=1 j=1 pos=2081 angle10=-7 moving=0
$SPOTLOG seq=19295 boot=88 uptime_ms=42381 epoch_ms=1789281944513 text=MECH_PWR id=4 speed=0 load=-72 current_raw=3 mv=12000 temp=34 hw=0
$SPOTLOG seq=19296 boot=88 uptime_ms=42381 epoch_ms=1789281944513 text=MECH_CAL id=4 ctr=2089 dir=1 min=0 max=4095
$SPOTLOG seq=19297 boot=88 uptime_ms=42382 epoch_ms=1789281944514 text=MECH_GOAL id=4 goal=2089 err10=7 torque=1
$SPOTLOG seq=19298 boot=88 uptime_ms=42387 epoch_ms=1789281944519 text=MECH_POS id=5 leg=1 j=2 pos=1921 angle10=0 moving=0
$SPOTLOG seq=19299 boot=88 uptime_ms=42388 epoch_ms=1789281944520 text=MECH_PWR id=5 speed=0 load=-8 current_raw=0 mv=12000 temp=31 hw=0
$SPOTLOG seq=19300 boot=88 uptime_ms=42388 epoch_ms=1789281944520 text=MECH_CAL id=5 ctr=1922 dir=1 min=0 max=4095
$SPOTLOG seq=19301 boot=88 uptime_ms=42389 epoch_ms=1789281944521 text=MECH_GOAL id=5 goal=1922 err10=0 torque=1
$SPOTLOG seq=19302 boot=88 uptime_ms=42394 epoch_ms=1789281944526 text=MECH_POS id=6 leg=1 j=3 pos=2079 angle10=1 moving=0
$SPOTLOG seq=19303 boot=88 uptime_ms=42395 epoch_ms=1789281944527 text=MECH_PWR id=6 speed=0 load=-24 current_raw=1 mv=12100 temp=35 hw=0
$SPOTLOG seq=19304 boot=88 uptime_ms=42395 epoch_ms=1789281944527 text=MECH_CAL id=6 ctr=2081 dir=-1 min=0 max=4095
$SPOTLOG seq=19305 boot=88 uptime_ms=42396 epoch_ms=1789281944528 text=MECH_GOAL id=6 goal=2081 err10=-1 torque=1
$SPOTLOG seq=19306 boot=88 uptime_ms=42401 epoch_ms=1789281944533 text=MECH_POS id=7 leg=2 j=1 pos=2086 angle10=15 moving=0
$SPOTLOG seq=19307 boot=88 uptime_ms=42402 epoch_ms=1789281944534 text=MECH_PWR id=7 speed=0 load=-152 current_raw=11 mv=11900 temp=33 hw=0
$SPOTLOG seq=19308 boot=88 uptime_ms=42402 epoch_ms=1789281944534 text=MECH_CAL id=7 ctr=2104 dir=-1 min=0 max=4095
$SPOTLOG seq=19309 boot=88 uptime_ms=42403 epoch_ms=1789281944535 text=MECH_GOAL id=7 goal=2104 err10=-15 torque=1
$SPOTLOG seq=19310 boot=88 uptime_ms=42408 epoch_ms=1789281944540 text=MECH_POS id=8 leg=2 j=2 pos=1944 angle10=-1 moving=0
$SPOTLOG seq=19311 boot=88 uptime_ms=42409 epoch_ms=1789281944541 text=MECH_PWR id=8 speed=0 load=16 current_raw=0 mv=11900 temp=33 hw=0
$SPOTLOG seq=19312 boot=88 uptime_ms=42409 epoch_ms=1789281944541 text=MECH_CAL id=8 ctr=1942 dir=-1 min=0 max=4095
$SPOTLOG seq=19313 boot=88 uptime_ms=42410 epoch_ms=1789281944542 text=MECH_GOAL id=8 goal=1942 err10=1 torque=1
$SPOTLOG seq=19314 boot=88 uptime_ms=42415 epoch_ms=1789281944547 text=MECH_POS id=9 leg=2 j=3 pos=1968 angle10=3 moving=0
$SPOTLOG seq=19315 boot=88 uptime_ms=42416 epoch_ms=1789281944548 text=MECH_PWR id=9 speed=0 load=40 current_raw=4 mv=11900 temp=58 hw=0
$SPOTLOG seq=19316 boot=88 uptime_ms=42416 epoch_ms=1789281944548 text=MECH_CAL id=9 ctr=1964 dir=1 min=0 max=4095
$SPOTLOG seq=19317 boot=88 uptime_ms=42417 epoch_ms=1789281944549 text=MECH_GOAL id=9 goal=1964 err10=-3 torque=1
$SPOTLOG seq=19318 boot=88 uptime_ms=42422 epoch_ms=1789281944554 text=MECH_POS id=10 leg=3 j=1 pos=1988 angle10=32 moving=0
$SPOTLOG seq=19319 boot=88 uptime_ms=42423 epoch_ms=1789281944555 text=MECH_PWR id=10 speed=0 load=304 current_raw=43 mv=11900 temp=34 hw=0
$SPOTLOG seq=19320 boot=88 uptime_ms=42423 epoch_ms=1789281944555 text=MECH_CAL id=10 ctr=1951 dir=1 min=0 max=4095
$SPOTLOG seq=19321 boot=88 uptime_ms=42424 epoch_ms=1789281944556 text=MECH_GOAL id=10 goal=1951 err10=-32 torque=1
$SPOTLOG seq=19322 boot=88 uptime_ms=42429 epoch_ms=1789281944561 text=MECH_POS id=11 leg=3 j=2 pos=2252 angle10=-2 moving=0
$SPOTLOG seq=19323 boot=88 uptime_ms=42430 epoch_ms=1789281944562 text=MECH_PWR id=11 speed=0 load=-24 current_raw=1 mv=11900 temp=32 hw=0
$SPOTLOG seq=19324 boot=88 uptime_ms=42430 epoch_ms=1789281944562 text=MECH_CAL id=11 ctr=2255 dir=1 min=0 max=4095
$SPOTLOG seq=19325 boot=88 uptime_ms=42431 epoch_ms=1789281944563 text=MECH_GOAL id=11 goal=2255 err10=2 torque=1
$SPOTLOG seq=19326 boot=88 uptime_ms=42436 epoch_ms=1789281944568 text=MECH_POS id=12 leg=3 j=3 pos=2040 angle10=5 moving=0
$SPOTLOG seq=19327 boot=88 uptime_ms=42437 epoch_ms=1789281944569 text=MECH_PWR id=12 speed=0 load=-56 current_raw=1 mv=11900 temp=36 hw=0
$SPOTLOG seq=19328 boot=88 uptime_ms=42437 epoch_ms=1789281944569 text=MECH_CAL id=12 ctr=2046 dir=-1 min=0 max=4095
$SPOTLOG seq=19329 boot=88 uptime_ms=42438 epoch_ms=1789281944570 text=MECH_GOAL id=12 goal=2046 err10=-5 torque=1
$SPOTLOG seq=19330 boot=88 uptime_ms=42439 epoch_ms=1789281944571 text=MECH_END mode=pose valid=12 missing=0 stored=1
$SPOTLOG seq=19331 boot=88 uptime_ms=43410 epoch_ms=1789281945542 text=CMD link=ble read 1
$SPOTLOG seq=19332 boot=88 uptime_ms=50479 epoch_ms=1789281952611 text=CMD link=ble stand
$SPOTLOG seq=19333 boot=88 uptime_ms=63564 epoch_ms=1789281965696 text=RESULT result=ok servo=0 bus=ok error=0x00
$SPOTLOG seq=19334 boot=88 uptime_ms=63565 epoch_ms=1789281965697 text=MECH_BEGIN mode=pose label=stand units=angle10,current_raw
$SPOTLOG seq=19335 boot=88 uptime_ms=63570 epoch_ms=1789281965702 text=MECH_POS id=1 leg=0 j=1 pos=1932 angle10=-2 moving=0
$SPOTLOG seq=19336 boot=88 uptime_ms=63571 epoch_ms=1789281965703 text=MECH_PWR id=1 speed=0 load=32 current_raw=1 mv=11900 temp=33 hw=0
$SPOTLOG seq=19337 boot=88 uptime_ms=63571 epoch_ms=1789281965703 text=MECH_CAL id=1 ctr=1929 dir=-1 min=0 max=4095
$SPOTLOG seq=19338 boot=88 uptime_ms=63572 epoch_ms=1789281965704 text=MECH_GOAL id=1 goal=1929 err10=2 torque=1
$SPOTLOG seq=19339 boot=88 uptime_ms=63577 epoch_ms=1789281965709 text=MECH_POS id=2 leg=0 j=2 pos=1567 angle10=448 moving=0
$SPOTLOG seq=19340 boot=88 uptime_ms=63578 epoch_ms=1789281965710 text=MECH_PWR id=2 speed=0 load=16 current_raw=1 mv=12000 temp=33 hw=0
$SPOTLOG seq=19341 boot=88 uptime_ms=63578 epoch_ms=1789281965710 text=MECH_CAL id=2 ctr=2077 dir=-1 min=0 max=4095
$SPOTLOG seq=19342 boot=88 uptime_ms=63579 epoch_ms=1789281965711 text=MECH_GOAL id=2 goal=1565 err10=1 torque=1
$SPOTLOG seq=19343 boot=88 uptime_ms=63584 epoch_ms=1789281965716 text=MECH_POS id=3 leg=0 j=3 pos=2992 angle10=902 moving=0
$SPOTLOG seq=19344 boot=88 uptime_ms=63585 epoch_ms=1789281965717 text=MECH_PWR id=3 speed=0 load=32 current_raw=0 mv=12100 temp=38 hw=0
$SPOTLOG seq=19345 boot=88 uptime_ms=63585 epoch_ms=1789281965717 text=MECH_CAL id=3 ctr=1965 dir=1 min=0 max=4095
$SPOTLOG seq=19346 boot=88 uptime_ms=63586 epoch_ms=1789281965718 text=MECH_GOAL id=3 goal=2989 err10=-2 torque=1
$SPOTLOG seq=19347 boot=88 uptime_ms=63591 epoch_ms=1789281965723 text=MECH_POS id=4 leg=1 j=1 pos=2085 angle10=-3 moving=0
$SPOTLOG seq=19348 boot=88 uptime_ms=63592 epoch_ms=1789281965724 text=MECH_PWR id=4 speed=0 load=-40 current_raw=1 mv=12000 temp=34 hw=0
$SPOTLOG seq=19349 boot=88 uptime_ms=63592 epoch_ms=1789281965724 text=MECH_CAL id=4 ctr=2089 dir=1 min=0 max=4095
$SPOTLOG seq=19350 boot=88 uptime_ms=63593 epoch_ms=1789281965725 text=MECH_GOAL id=4 goal=2089 err10=3 torque=1
$SPOTLOG seq=19351 boot=88 uptime_ms=63598 epoch_ms=1789281965730 text=MECH_POS id=5 leg=1 j=2 pos=2433 angle10=449 moving=0
$SPOTLOG seq=19352 boot=88 uptime_ms=63599 epoch_ms=1789281965731 text=MECH_PWR id=5 speed=0 load=-8 current_raw=0 mv=12000 temp=32 hw=0
$SPOTLOG seq=19353 boot=88 uptime_ms=63599 epoch_ms=1789281965731 text=MECH_CAL id=5 ctr=1922 dir=1 min=0 max=4095
$SPOTLOG seq=19354 boot=88 uptime_ms=63600 epoch_ms=1789281965732 text=MECH_GOAL id=5 goal=2434 err10=0 torque=1
$SPOTLOG seq=19355 boot=88 uptime_ms=63605 epoch_ms=1789281965737 text=MECH_POS id=6 leg=1 j=3 pos=1054 angle10=902 moving=0
$SPOTLOG seq=19356 boot=88 uptime_ms=63606 epoch_ms=1789281965738 text=MECH_PWR id=6 speed=0 load=-32 current_raw=0 mv=12100 temp=35 hw=0
$SPOTLOG seq=19357 boot=88 uptime_ms=63606 epoch_ms=1789281965738 text=MECH_CAL id=6 ctr=2081 dir=-1 min=0 max=4095
$SPOTLOG seq=19358 boot=88 uptime_ms=63607 epoch_ms=1789281965739 text=MECH_GOAL id=6 goal=1057 err10=-2 torque=1
$SPOTLOG seq=19359 boot=88 uptime_ms=63612 epoch_ms=1789281965744 text=MECH_POS id=7 leg=2 j=1 pos=2099 angle10=4 moving=0
$SPOTLOG seq=19360 boot=88 uptime_ms=63613 epoch_ms=1789281965745 text=MECH_PWR id=7 speed=0 load=-48 current_raw=1 mv=11900 temp=33 hw=0
$SPOTLOG seq=19361 boot=88 uptime_ms=63613 epoch_ms=1789281965745 text=MECH_CAL id=7 ctr=2104 dir=-1 min=0 max=4095
$SPOTLOG seq=19362 boot=88 uptime_ms=63614 epoch_ms=1789281965746 text=MECH_GOAL id=7 goal=2104 err10=-4 torque=1
$SPOTLOG seq=19363 boot=88 uptime_ms=63619 epoch_ms=1789281965751 text=MECH_POS id=8 leg=2 j=2 pos=1435 angle10=445 moving=0
$SPOTLOG seq=19364 boot=88 uptime_ms=63620 epoch_ms=1789281965752 text=MECH_PWR id=8 speed=0 load=40 current_raw=3 mv=12000 temp=33 hw=0
$SPOTLOG seq=19365 boot=88 uptime_ms=63620 epoch_ms=1789281965752 text=MECH_CAL id=8 ctr=1942 dir=-1 min=0 max=4095
$SPOTLOG seq=19366 boot=88 uptime_ms=63621 epoch_ms=1789281965753 text=MECH_GOAL id=8 goal=1430 err10=4 torque=1
$SPOTLOG seq=19367 boot=88 uptime_ms=63626 epoch_ms=1789281965758 text=MECH_POS id=9 leg=2 j=3 pos=2993 angle10=904 moving=0
$SPOTLOG seq=19368 boot=88 uptime_ms=63627 epoch_ms=1789281965759 text=MECH_PWR id=9 speed=0 load=48 current_raw=2 mv=12000 temp=58 hw=0
$SPOTLOG seq=19369 boot=88 uptime_ms=63627 epoch_ms=1789281965759 text=MECH_CAL id=9 ctr=1964 dir=1 min=0 max=4095
$SPOTLOG seq=19370 boot=88 uptime_ms=63628 epoch_ms=1789281965760 text=MECH_GOAL id=9 goal=2988 err10=-4 torque=1
$SPOTLOG seq=19371 boot=88 uptime_ms=63633 epoch_ms=1789281965765 text=MECH_POS id=10 leg=3 j=1 pos=1953 angle10=1 moving=0
$SPOTLOG seq=19372 boot=88 uptime_ms=63634 epoch_ms=1789281965766 text=MECH_PWR id=10 speed=0 load=24 current_raw=0 mv=12000 temp=34 hw=0
$SPOTLOG seq=19373 boot=88 uptime_ms=63634 epoch_ms=1789281965766 text=MECH_CAL id=10 ctr=1951 dir=1 min=0 max=4095
$SPOTLOG seq=19374 boot=88 uptime_ms=63635 epoch_ms=1789281965767 text=MECH_GOAL id=10 goal=1951 err10=-1 torque=1
$SPOTLOG seq=19375 boot=88 uptime_ms=63640 epoch_ms=1789281965772 text=MECH_POS id=11 leg=3 j=2 pos=2762 angle10=445 moving=0
$SPOTLOG seq=19376 boot=88 uptime_ms=63641 epoch_ms=1789281965773 text=MECH_PWR id=11 speed=0 load=-40 current_raw=2 mv=11900 temp=33 hw=0
$SPOTLOG seq=19377 boot=88 uptime_ms=63641 epoch_ms=1789281965773 text=MECH_CAL id=11 ctr=2255 dir=1 min=0 max=4095
$SPOTLOG seq=19378 boot=88 uptime_ms=63642 epoch_ms=1789281965774 text=MECH_GOAL id=11 goal=2767 err10=4 torque=1
$SPOTLOG seq=19379 boot=88 uptime_ms=63647 epoch_ms=1789281965779 text=MECH_POS id=12 leg=3 j=3 pos=1019 angle10=902 moving=0
$SPOTLOG seq=19380 boot=88 uptime_ms=63648 epoch_ms=1789281965780 text=MECH_PWR id=12 speed=0 load=-32 current_raw=0 mv=11900 temp=36 hw=0
$SPOTLOG seq=19381 boot=88 uptime_ms=63648 epoch_ms=1789281965780 text=MECH_CAL id=12 ctr=2046 dir=-1 min=0 max=4095
$SPOTLOG seq=19382 boot=88 uptime_ms=63649 epoch_ms=1789281965781 text=MECH_GOAL id=12 goal=1022 err10=-2 torque=1
$SPOTLOG seq=19383 boot=88 uptime_ms=63650 epoch_ms=1789281965782 text=MECH_END mode=pose valid=12 missing=0 stored=1
$SPOTLOG seq=19384 boot=88 uptime_ms=64579 epoch_ms=1789281966711 text=CMD link=ble read 1
$SPOTLOG seq=19385 boot=88 uptime_ms=405706 epoch_ms=1789282307838 text=CMD link=ble stand
$SPOTLOG seq=19386 boot=88 uptime_ms=418154 epoch_ms=1789282320286 text=RESULT result=ok servo=6 bus=ok error=0x00
$SPOTLOG seq=19387 boot=88 uptime_ms=418155 epoch_ms=1789282320287 text=MECH_BEGIN mode=pose label=stand units=angle10,current_raw
$SPOTLOG seq=19388 boot=88 uptime_ms=418160 epoch_ms=1789282320292 text=MECH_POS id=1 leg=0 j=1 pos=1952 angle10=-20 moving=0
$SPOTLOG seq=19389 boot=88 uptime_ms=418161 epoch_ms=1789282320293 text=MECH_PWR id=1 speed=0 load=192 current_raw=14 mv=11600 temp=34 hw=0
$SPOTLOG seq=19390 boot=88 uptime_ms=418161 epoch_ms=1789282320293 text=MECH_CAL id=1 ctr=1929 dir=-1 min=0 max=4095
$SPOTLOG seq=19391 boot=88 uptime_ms=418162 epoch_ms=1789282320294 text=MECH_GOAL id=1 goal=1929 err10=20 torque=1
$SPOTLOG seq=19392 boot=88 uptime_ms=418167 epoch_ms=1789282320299 text=MECH_POS id=2 leg=0 j=2 pos=1564 angle10=450 moving=0
$SPOTLOG seq=19393 boot=88 uptime_ms=418168 epoch_ms=1789282320300 text=MECH_PWR id=2 speed=0 load=-8 current_raw=0 mv=11800 temp=33 hw=0
$SPOTLOG seq=19394 boot=88 uptime_ms=418168 epoch_ms=1789282320300 text=MECH_CAL id=2 ctr=2077 dir=-1 min=0 max=4095
$SPOTLOG seq=19395 boot=88 uptime_ms=418169 epoch_ms=1789282320301 text=MECH_GOAL id=2 goal=1565 err10=0 torque=1
$SPOTLOG seq=19396 boot=88 uptime_ms=418174 epoch_ms=1789282320306 text=MECH_POS id=3 leg=0 j=3 pos=3000 angle10=909 moving=0
$SPOTLOG seq=19397 boot=88 uptime_ms=418175 epoch_ms=1789282320307 text=MECH_PWR id=3 speed=0 load=96 current_raw=9 mv=11800 temp=37 hw=0
$SPOTLOG seq=19398 boot=88 uptime_ms=418175 epoch_ms=1789282320307 text=MECH_CAL id=3 ctr=1965 dir=1 min=0 max=4095
$SPOTLOG seq=19399 boot=88 uptime_ms=418176 epoch_ms=1789282320308 text=MECH_GOAL id=3 goal=2989 err10=-9 torque=1
$SPOTLOG seq=19400 boot=88 uptime_ms=418181 epoch_ms=1789282320313 text=MECH_POS id=4 leg=1 j=1 pos=2076 angle10=-11 moving=0
$SPOTLOG seq=19401 boot=88 uptime_ms=418182 epoch_ms=1789282320314 text=MECH_PWR id=4 speed=0 load=-112 current_raw=6 mv=11800 temp=35 hw=0
$SPOTLOG seq=19402 boot=88 uptime_ms=418182 epoch_ms=1789282320314 text=MECH_CAL id=4 ctr=2089 dir=1 min=0 max=4095
$SPOTLOG seq=19403 boot=88 uptime_ms=418183 epoch_ms=1789282320315 text=MECH_GOAL id=4 goal=2089 err10=11 torque=1
$SPOTLOG seq=19404 boot=88 uptime_ms=418188 epoch_ms=1789282320320 text=MECH_POS id=5 leg=1 j=2 pos=2438 angle10=453 moving=0
$SPOTLOG seq=19405 boot=88 uptime_ms=418189 epoch_ms=1789282320321 text=MECH_PWR id=5 speed=0 load=32 current_raw=2 mv=11800 temp=32 hw=0
$SPOTLOG seq=19406 boot=88 uptime_ms=418189 epoch_ms=1789282320321 text=MECH_CAL id=5 ctr=1922 dir=1 min=0 max=4095
$SPOTLOG seq=19407 boot=88 uptime_ms=418190 epoch_ms=1789282320322 text=MECH_GOAL id=5 goal=2434 err10=-3 torque=1
$SPOTLOG seq=19408 boot=88 uptime_ms=418195 epoch_ms=1789282320327 text=MECH_POS id=6 leg=1 j=3 pos=1045 angle10=910 moving=0
$SPOTLOG seq=19409 boot=88 uptime_ms=418196 epoch_ms=1789282320328 text=MECH_PWR id=6 speed=0 load=-104 current_raw=4 mv=11900 temp=36 hw=0
$SPOTLOG seq=19410 boot=88 uptime_ms=418196 epoch_ms=1789282320328 text=MECH_CAL id=6 ctr=2081 dir=-1 min=0 max=4095
$SPOTLOG seq=19411 boot=88 uptime_ms=418197 epoch_ms=1789282320329 text=MECH_GOAL id=6 goal=1057 err10=-10 torque=1
$SPOTLOG seq=19412 boot=88 uptime_ms=418202 epoch_ms=1789282320334 text=MECH_POS id=7 leg=2 j=1 pos=2077 angle10=23 moving=0
$SPOTLOG seq=19413 boot=88 uptime_ms=418203 epoch_ms=1789282320335 text=MECH_PWR id=7 speed=0 load=-224 current_raw=22 mv=11600 temp=35 hw=0
$SPOTLOG seq=19414 boot=88 uptime_ms=418203 epoch_ms=1789282320335 text=MECH_CAL id=7 ctr=2104 dir=-1 min=0 max=4095
$SPOTLOG seq=19415 boot=88 uptime_ms=418204 epoch_ms=1789282320336 text=MECH_GOAL id=7 goal=2104 err10=-23 torque=1
$SPOTLOG seq=19416 boot=88 uptime_ms=418209 epoch_ms=1789282320341 text=MECH_POS id=8 leg=2 j=2 pos=1458 angle10=425 moving=0
$SPOTLOG seq=19417 boot=88 uptime_ms=418210 epoch_ms=1789282320342 text=MECH_PWR id=8 speed=0 load=224 current_raw=78 mv=11600 temp=33 hw=0
$SPOTLOG seq=19418 boot=88 uptime_ms=418210 epoch_ms=1789282320342 text=MECH_CAL id=8 ctr=1942 dir=-1 min=0 max=4095
$SPOTLOG seq=19419 boot=88 uptime_ms=418211 epoch_ms=1789282320343 text=MECH_GOAL id=8 goal=1430 err10=24 torque=1
$SPOTLOG seq=19420 boot=88 uptime_ms=418216 epoch_ms=1789282320348 text=MECH_POS id=9 leg=2 j=3 pos=3048 angle10=952 moving=0
$SPOTLOG seq=19421 boot=88 uptime_ms=418217 epoch_ms=1789282320349 text=MECH_PWR id=9 speed=0 load=488 current_raw=134 mv=11500 temp=51 hw=0
$SPOTLOG seq=19422 boot=88 uptime_ms=418217 epoch_ms=1789282320349 text=MECH_CAL id=9 ctr=1964 dir=1 min=0 max=4095
$SPOTLOG seq=19423 boot=88 uptime_ms=418218 epoch_ms=1789282320350 text=MECH_GOAL id=9 goal=2988 err10=-52 torque=1
$SPOTLOG seq=19424 boot=88 uptime_ms=418223 epoch_ms=1789282320355 text=MECH_POS id=10 leg=3 j=1 pos=1989 angle10=33 moving=0
$SPOTLOG seq=19425 boot=88 uptime_ms=418224 epoch_ms=1789282320356 text=MECH_PWR id=10 speed=0 load=312 current_raw=39 mv=11700 temp=36 hw=0
$SPOTLOG seq=19426 boot=88 uptime_ms=418224 epoch_ms=1789282320356 text=MECH_CAL id=10 ctr=1951 dir=1 min=0 max=4095
$SPOTLOG seq=19427 boot=88 uptime_ms=418225 epoch_ms=1789282320357 text=MECH_GOAL id=10 goal=1951 err10=-33 torque=1
$SPOTLOG seq=19428 boot=88 uptime_ms=418230 epoch_ms=1789282320362 text=MECH_POS id=11 leg=3 j=2 pos=2766 angle10=449 moving=0
$SPOTLOG seq=19429 boot=88 uptime_ms=418231 epoch_ms=1789282320363 text=MECH_PWR id=11 speed=0 load=-8 current_raw=0 mv=11700 temp=33 hw=0
$SPOTLOG seq=19430 boot=88 uptime_ms=418231 epoch_ms=1789282320363 text=MECH_CAL id=11 ctr=2255 dir=1 min=0 max=4095
$SPOTLOG seq=19431 boot=88 uptime_ms=418232 epoch_ms=1789282320364 text=MECH_GOAL id=11 goal=2767 err10=0 torque=1
$SPOTLOG seq=19432 boot=88 uptime_ms=418237 epoch_ms=1789282320369 text=MECH_POS id=12 leg=3 j=3 pos=998 angle10=921 moving=0
$SPOTLOG seq=19433 boot=88 uptime_ms=418238 epoch_ms=1789282320370 text=MECH_PWR id=12 speed=0 load=-200 current_raw=10 mv=11600 temp=37 hw=0
$SPOTLOG seq=19434 boot=88 uptime_ms=418238 epoch_ms=1789282320370 text=MECH_CAL id=12 ctr=2046 dir=-1 min=0 max=4095
$SPOTLOG seq=19435 boot=88 uptime_ms=418239 epoch_ms=1789282320371 text=MECH_GOAL id=12 goal=1022 err10=-21 torque=1
$SPOTLOG seq=19436 boot=88 uptime_ms=418240 epoch_ms=1789282320372 text=MECH_END mode=pose valid=12 missing=0 stored=1
$SPOTLOG seq=19437 boot=88 uptime_ms=5400651 epoch_ms=1789287243794 text=TIME_SYNC epoch=1789287243.794
$SPOTLOG seq=19438 boot=88 uptime_ms=5400830 epoch_ms=1789287243973 text=CMD link=ble read 1
$SPOTLOG seq=19439 boot=88 uptime_ms=5401285 epoch_ms=1789287244428 text=CMD link=ble stand
$SPOTLOG seq=19440 boot=88 uptime_ms=5417470 epoch_ms=1789287260613 text=RESULT result=ok servo=9 bus=ok error=0x00
$SPOTLOG seq=19441 boot=88 uptime_ms=5417471 epoch_ms=1789287260614 text=MECH_BEGIN mode=pose label=stand units=angle10,current_raw
$SPOTLOG seq=19442 boot=88 uptime_ms=5417476 epoch_ms=1789287260619 text=MECH_POS id=1 leg=0 j=1 pos=1950 angle10=-18 moving=0
$SPOTLOG seq=19443 boot=88 uptime_ms=5417477 epoch_ms=1789287260620 text=MECH_PWR id=1 speed=0 load=176 current_raw=17 mv=11300 temp=33 hw=0
$SPOTLOG seq=19444 boot=88 uptime_ms=5417477 epoch_ms=1789287260620 text=MECH_CAL id=1 ctr=1929 dir=-1 min=0 max=4095
$SPOTLOG seq=19445 boot=88 uptime_ms=5417478 epoch_ms=1789287260621 text=MECH_GOAL id=1 goal=1929 err10=18 torque=1
$SPOTLOG seq=19446 boot=88 uptime_ms=5417483 epoch_ms=1789287260626 text=MECH_POS id=2 leg=0 j=2 pos=1563 angle10=451 moving=0
$SPOTLOG seq=19447 boot=88 uptime_ms=5417484 epoch_ms=1789287260627 text=MECH_PWR id=2 speed=0 load=-16 current_raw=0 mv=11400 temp=32 hw=0
$SPOTLOG seq=19448 boot=88 uptime_ms=5417484 epoch_ms=1789287260627 text=MECH_CAL id=2 ctr=2077 dir=-1 min=0 max=4095
$SPOTLOG seq=19449 boot=88 uptime_ms=5417485 epoch_ms=1789287260628 text=MECH_GOAL id=2 goal=1565 err10=-1 torque=1
$SPOTLOG seq=19450 boot=88 uptime_ms=5417490 epoch_ms=1789287260633 text=MECH_POS id=3 leg=0 j=3 pos=3001 angle10=910 moving=0
$SPOTLOG seq=19451 boot=88 uptime_ms=5417491 epoch_ms=1789287260634 text=MECH_PWR id=3 speed=0 load=104 current_raw=7 mv=11500 temp=34 hw=0
$SPOTLOG seq=19452 boot=88 uptime_ms=5417491 epoch_ms=1789287260634 text=MECH_CAL id=3 ctr=1965 dir=1 min=0 max=4095
$SPOTLOG seq=19453 boot=88 uptime_ms=5417492 epoch_ms=1789287260635 text=MECH_GOAL id=3 goal=2989 err10=-10 torque=1
$SPOTLOG seq=19454 boot=88 uptime_ms=5417497 epoch_ms=1789287260640 text=MECH_POS id=4 leg=1 j=1 pos=2079 angle10=-8 moving=0
$SPOTLOG seq=19455 boot=88 uptime_ms=5417498 epoch_ms=1789287260641 text=MECH_PWR id=4 speed=0 load=-88 current_raw=4 mv=11400 temp=34 hw=0
$SPOTLOG seq=19456 boot=88 uptime_ms=5417498 epoch_ms=1789287260641 text=MECH_CAL id=4 ctr=2089 dir=1 min=0 max=4095
$SPOTLOG seq=19457 boot=88 uptime_ms=5417499 epoch_ms=1789287260642 text=MECH_GOAL id=4 goal=2089 err10=8 torque=1
$SPOTLOG seq=19458 boot=88 uptime_ms=5417504 epoch_ms=1789287260647 text=MECH_POS id=5 leg=1 j=2 pos=2441 angle10=456 moving=0
$SPOTLOG seq=19459 boot=88 uptime_ms=5417505 epoch_ms=1789287260648 text=MECH_PWR id=5 speed=0 load=56 current_raw=4 mv=11400 temp=31 hw=0
$SPOTLOG seq=19460 boot=88 uptime_ms=5417505 epoch_ms=1789287260648 text=MECH_CAL id=5 ctr=1922 dir=1 min=0 max=4095
$SPOTLOG seq=19461 boot=88 uptime_ms=5417506 epoch_ms=1789287260649 text=MECH_GOAL id=5 goal=2434 err10=-6 torque=1
$SPOTLOG seq=19462 boot=88 uptime_ms=5417511 epoch_ms=1789287260654 text=MECH_POS id=6 leg=1 j=3 pos=1051 angle10=905 moving=0
$SPOTLOG seq=19463 boot=88 uptime_ms=5417512 epoch_ms=1789287260655 text=MECH_PWR id=6 speed=0 load=-56 current_raw=2 mv=11500 temp=34 hw=0
$SPOTLOG seq=19464 boot=88 uptime_ms=5417512 epoch_ms=1789287260655 text=MECH_CAL id=6 ctr=2081 dir=-1 min=0 max=4095
$SPOTLOG seq=19465 boot=88 uptime_ms=5417513 epoch_ms=1789287260656 text=MECH_GOAL id=6 goal=1057 err10=-5 torque=1
$SPOTLOG seq=19466 boot=88 uptime_ms=5417518 epoch_ms=1789287260661 text=MECH_POS id=7 leg=2 j=1 pos=2076 angle10=24 moving=0
$SPOTLOG seq=19467 boot=88 uptime_ms=5417519 epoch_ms=1789287260662 text=MECH_PWR id=7 speed=0 load=-232 current_raw=22 mv=11200 temp=34 hw=0
$SPOTLOG seq=19468 boot=88 uptime_ms=5417519 epoch_ms=1789287260662 text=MECH_CAL id=7 ctr=2104 dir=-1 min=0 max=4095
$SPOTLOG seq=19469 boot=88 uptime_ms=5417520 epoch_ms=1789287260663 text=MECH_GOAL id=7 goal=2104 err10=-24 torque=1
$SPOTLOG seq=19470 boot=88 uptime_ms=5417525 epoch_ms=1789287260668 text=MECH_POS id=8 leg=2 j=2 pos=1464 angle10=420 moving=0
$SPOTLOG seq=19471 boot=88 uptime_ms=5417526 epoch_ms=1789287260669 text=MECH_PWR id=8 speed=0 load=272 current_raw=89 mv=11100 temp=33 hw=0
$SPOTLOG seq=19472 boot=88 uptime_ms=5417526 epoch_ms=1789287260669 text=MECH_CAL id=8 ctr=1942 dir=-1 min=0 max=4095
$SPOTLOG seq=19473 boot=88 uptime_ms=5417527 epoch_ms=1789287260670 text=MECH_GOAL id=8 goal=1430 err10=29 torque=1
$SPOTLOG seq=19474 boot=88 uptime_ms=5417532 epoch_ms=1789287260675 text=MECH_POS id=9 leg=2 j=3 pos=3042 angle10=947 moving=0
$SPOTLOG seq=19475 boot=88 uptime_ms=5417533 epoch_ms=1789287260676 text=MECH_PWR id=9 speed=0 load=440 current_raw=174 mv=11000 temp=35 hw=0
$SPOTLOG seq=19476 boot=88 uptime_ms=5417533 epoch_ms=1789287260676 text=MECH_CAL id=9 ctr=1964 dir=1 min=0 max=4095
$SPOTLOG seq=19477 boot=88 uptime_ms=5417534 epoch_ms=1789287260677 text=MECH_GOAL id=9 goal=2988 err10=-47 torque=1
$SPOTLOG seq=19478 boot=88 uptime_ms=5417539 epoch_ms=1789287260682 text=MECH_POS id=10 leg=3 j=1 pos=1989 angle10=33 moving=0
$SPOTLOG seq=19479 boot=88 uptime_ms=5417540 epoch_ms=1789287260683 text=MECH_PWR id=10 speed=0 load=312 current_raw=46 mv=11300 temp=35 hw=0
$SPOTLOG seq=19480 boot=88 uptime_ms=5417540 epoch_ms=1789287260683 text=MECH_CAL id=10 ctr=1951 dir=1 min=0 max=4095
$SPOTLOG seq=19481 boot=88 uptime_ms=5417541 epoch_ms=1789287260684 text=MECH_GOAL id=10 goal=1951 err10=-33 torque=1
$SPOTLOG seq=19482 boot=88 uptime_ms=5417546 epoch_ms=1789287260689 text=MECH_POS id=11 leg=3 j=2 pos=2764 angle10=447 moving=0
$SPOTLOG seq=19483 boot=88 uptime_ms=5417547 epoch_ms=1789287260690 text=MECH_PWR id=11 speed=0 load=-24 current_raw=1 mv=11300 temp=33 hw=0
$SPOTLOG seq=19484 boot=88 uptime_ms=5417547 epoch_ms=1789287260690 text=MECH_CAL id=11 ctr=2255 dir=1 min=0 max=4095
$SPOTLOG seq=19485 boot=88 uptime_ms=5417548 epoch_ms=1789287260691 text=MECH_GOAL id=11 goal=2767 err10=2 torque=1
$SPOTLOG seq=19486 boot=88 uptime_ms=5417553 epoch_ms=1789287260696 text=MECH_POS id=12 leg=3 j=3 pos=997 angle10=921 moving=0
$SPOTLOG seq=19487 boot=88 uptime_ms=5417554 epoch_ms=1789287260697 text=MECH_PWR id=12 speed=0 load=-208 current_raw=12 mv=11200 temp=35 hw=0
$SPOTLOG seq=19488 boot=88 uptime_ms=5417554 epoch_ms=1789287260697 text=MECH_CAL id=12 ctr=2046 dir=-1 min=0 max=4095
$SPOTLOG seq=19489 boot=88 uptime_ms=5417555 epoch_ms=1789287260698 text=MECH_GOAL id=12 goal=1022 err10=-21 torque=1
$SPOTLOG seq=19490 boot=88 uptime_ms=5417556 epoch_ms=1789287260699 text=MECH_END mode=pose valid=12 missing=0 stored=1
$SPOTLOG seq=19491 boot=88 uptime_ms=5419822 epoch_ms=1789287262965 text=CMD link=ble landing
$SPOTLOG seq=19492 boot=88 uptime_ms=5425705 epoch_ms=1789287268848 text=RESULT result=ok servo=9 bus=ok error=0x00
$SPOTLOG seq=19493 boot=88 uptime_ms=5425706 epoch_ms=1789287268849 text=MECH_BEGIN mode=pose label=landing units=angle10,current_raw
$SPOTLOG seq=19494 boot=88 uptime_ms=5425711 epoch_ms=1789287268854 text=MECH_POS id=1 leg=0 j=1 pos=1935 angle10=-5 moving=0
$SPOTLOG seq=19495 boot=88 uptime_ms=5425712 epoch_ms=1789287268855 text=MECH_PWR id=1 speed=0 load=56 current_raw=2 mv=11500 temp=33 hw=0
$SPOTLOG seq=19496 boot=88 uptime_ms=5425712 epoch_ms=1789287268855 text=MECH_CAL id=1 ctr=1929 dir=-1 min=0 max=4095
$SPOTLOG seq=19497 boot=88 uptime_ms=5425713 epoch_ms=1789287268856 text=MECH_GOAL id=1 goal=1929 err10=5 torque=1
$SPOTLOG seq=19498 boot=88 uptime_ms=5425718 epoch_ms=1789287268861 text=MECH_POS id=2 leg=0 j=2 pos=1624 angle10=398 moving=0
$SPOTLOG seq=19499 boot=88 uptime_ms=5425719 epoch_ms=1789287268862 text=MECH_PWR id=2 speed=0 load=16 current_raw=1 mv=11600 temp=32 hw=0
$SPOTLOG seq=19500 boot=88 uptime_ms=5425719 epoch_ms=1789287268862 text=MECH_CAL id=2 ctr=2077 dir=-1 min=0 max=4095
$SPOTLOG seq=19501 boot=88 uptime_ms=5425720 epoch_ms=1789287268863 text=MECH_GOAL id=2 goal=1622 err10=1 torque=1
$SPOTLOG seq=19502 boot=88 uptime_ms=5425725 epoch_ms=1789287268868 text=MECH_POS id=3 leg=0 j=3 pos=3447 angle10=1302 moving=0
$SPOTLOG seq=19503 boot=88 uptime_ms=5425726 epoch_ms=1789287268869 text=MECH_PWR id=3 speed=0 load=32 current_raw=1 mv=11700 temp=34 hw=0
$SPOTLOG seq=19504 boot=88 uptime_ms=5425726 epoch_ms=1789287268869 text=MECH_CAL id=3 ctr=1965 dir=1 min=0 max=4095
$SPOTLOG seq=19505 boot=88 uptime_ms=5425727 epoch_ms=1789287268870 text=MECH_GOAL id=3 goal=3444 err10=-2 torque=1
$SPOTLOG seq=19506 boot=88 uptime_ms=5425732 epoch_ms=1789287268875 text=MECH_POS id=4 leg=1 j=1 pos=2084 angle10=-4 moving=0
$SPOTLOG seq=19507 boot=88 uptime_ms=5425733 epoch_ms=1789287268876 text=MECH_PWR id=4 speed=0 load=-48 current_raw=1 mv=11700 temp=34 hw=0
$SPOTLOG seq=19508 boot=88 uptime_ms=5425733 epoch_ms=1789287268876 text=MECH_CAL id=4 ctr=2089 dir=1 min=0 max=4095
$SPOTLOG seq=19509 boot=88 uptime_ms=5425734 epoch_ms=1789287268877 text=MECH_GOAL id=4 goal=2089 err10=4 torque=1
$SPOTLOG seq=19510 boot=88 uptime_ms=5425739 epoch_ms=1789287268882 text=MECH_POS id=5 leg=1 j=2 pos=2376 angle10=399 moving=0
$SPOTLOG seq=19511 boot=88 uptime_ms=5425740 epoch_ms=1789287268883 text=MECH_PWR id=5 speed=0 load=-8 current_raw=0 mv=11600 temp=31 hw=0
$SPOTLOG seq=19512 boot=88 uptime_ms=5425740 epoch_ms=1789287268883 text=MECH_CAL id=5 ctr=1922 dir=1 min=0 max=4095
$SPOTLOG seq=19513 boot=88 uptime_ms=5425741 epoch_ms=1789287268884 text=MECH_GOAL id=5 goal=2377 err10=0 torque=1
$SPOTLOG seq=19514 boot=88 uptime_ms=5425746 epoch_ms=1789287268889 text=MECH_POS id=6 leg=1 j=3 pos=596 angle10=1305 moving=0
$SPOTLOG seq=19515 boot=88 uptime_ms=5425747 epoch_ms=1789287268890 text=MECH_PWR id=6 speed=0 load=-56 current_raw=2 mv=11700 temp=34 hw=0
$SPOTLOG seq=19516 boot=88 uptime_ms=5425747 epoch_ms=1789287268890 text=MECH_CAL id=6 ctr=2081 dir=-1 min=0 max=4095
$SPOTLOG seq=19517 boot=88 uptime_ms=5425748 epoch_ms=1789287268891 text=MECH_GOAL id=6 goal=602 err10=-5 torque=1
$SPOTLOG seq=19518 boot=88 uptime_ms=5425753 epoch_ms=1789287268896 text=MECH_POS id=7 leg=2 j=1 pos=2091 angle10=11 moving=0
$SPOTLOG seq=19519 boot=88 uptime_ms=5425754 epoch_ms=1789287268897 text=MECH_PWR id=7 speed=0 load=-112 current_raw=5 mv=11600 temp=34 hw=0
$SPOTLOG seq=19520 boot=88 uptime_ms=5425754 epoch_ms=1789287268897 text=MECH_CAL id=7 ctr=2104 dir=-1 min=0 max=4095
$SPOTLOG seq=19521 boot=88 uptime_ms=5425755 epoch_ms=1789287268898 text=MECH_GOAL id=7 goal=2104 err10=-11 torque=1
$SPOTLOG seq=19522 boot=88 uptime_ms=5425760 epoch_ms=1789287268903 text=MECH_POS id=8 leg=2 j=2 pos=1491 angle10=396 moving=0
$SPOTLOG seq=19523 boot=88 uptime_ms=5425761 epoch_ms=1789287268904 text=MECH_PWR id=8 speed=0 load=32 current_raw=1 mv=11600 temp=33 hw=0
$SPOTLOG seq=19524 boot=88 uptime_ms=5425761 epoch_ms=1789287268904 text=MECH_CAL id=8 ctr=1942 dir=-1 min=0 max=4095
$SPOTLOG seq=19525 boot=88 uptime_ms=5425762 epoch_ms=1789287268905 text=MECH_GOAL id=8 goal=1487 err10=3 torque=1
$SPOTLOG seq=19526 boot=88 uptime_ms=5425767 epoch_ms=1789287268910 text=MECH_POS id=9 leg=2 j=3 pos=3446 angle10=1302 moving=0
$SPOTLOG seq=19527 boot=88 uptime_ms=5425768 epoch_ms=1789287268911 text=MECH_PWR id=9 speed=0 load=32 current_raw=1 mv=11600 temp=35 hw=0
$SPOTLOG seq=19528 boot=88 uptime_ms=5425768 epoch_ms=1789287268911 text=MECH_CAL id=9 ctr=1964 dir=1 min=0 max=4095
$SPOTLOG seq=19529 boot=88 uptime_ms=5425769 epoch_ms=1789287268912 text=MECH_GOAL id=9 goal=3443 err10=-2 torque=1
$SPOTLOG seq=19530 boot=88 uptime_ms=5425774 epoch_ms=1789287268917 text=MECH_POS id=10 leg=3 j=1 pos=1964 angle10=11 moving=0
$SPOTLOG seq=19531 boot=88 uptime_ms=5425775 epoch_ms=1789287268918 text=MECH_PWR id=10 speed=0 load=112 current_raw=5 mv=11700 temp=35 hw=0
$SPOTLOG seq=19532 boot=88 uptime_ms=5425775 epoch_ms=1789287268918 text=MECH_CAL id=10 ctr=1951 dir=1 min=0 max=4095
$SPOTLOG seq=19533 boot=88 uptime_ms=5425776 epoch_ms=1789287268919 text=MECH_GOAL id=10 goal=1951 err10=-11 torque=1
$SPOTLOG seq=19534 boot=88 uptime_ms=5425781 epoch_ms=1789287268924 text=MECH_POS id=11 leg=3 j=2 pos=2709 angle10=399 moving=0
$SPOTLOG seq=19535 boot=88 uptime_ms=5425782 epoch_ms=1789287268925 text=MECH_PWR id=11 speed=0 load=-8 current_raw=0 mv=11600 temp=33 hw=0
$SPOTLOG seq=19536 boot=88 uptime_ms=5425782 epoch_ms=1789287268925 text=MECH_CAL id=11 ctr=2255 dir=1 min=0 max=4095
$SPOTLOG seq=19537 boot=88 uptime_ms=5425783 epoch_ms=1789287268926 text=MECH_GOAL id=11 goal=2710 err10=0 torque=1
$SPOTLOG seq=19538 boot=88 uptime_ms=5425788 epoch_ms=1789287268931 text=MECH_POS id=12 leg=3 j=3 pos=568 angle10=1299 moving=0
$SPOTLOG seq=19539 boot=88 uptime_ms=5425789 epoch_ms=1789287268932 text=MECH_PWR id=12 speed=0 load=0 current_raw=0 mv=11600 temp=35 hw=0
$SPOTLOG seq=19540 boot=88 uptime_ms=5425789 epoch_ms=1789287268932 text=MECH_CAL id=12 ctr=2046 dir=-1 min=0 max=4095
$SPOTLOG seq=19541 boot=88 uptime_ms=5425790 epoch_ms=1789287268933 text=MECH_GOAL id=12 goal=567 err10=0 torque=1
$SPOTLOG seq=19542 boot=88 uptime_ms=5425791 epoch_ms=1789287268934 text=MECH_END mode=pose valid=12 missing=0 stored=1
$SPOTLOG seq=19543 boot=88 uptime_ms=5582086 epoch_ms=1789287425229 text=CMD link=ble fwupdate
$SPOTLOG seq=19544 boot=89 uptime_ms=51 epoch_ms=1789287448772 text=BOOT reset_flags=1e000000 rev=shared-locomotion-v49
$SPOTLOG seq=19545 boot=89 uptime_ms=1715 epoch_ms=1789287450436 text=CMD link=ble read position/load/current/state
$SPOTLOG seq=19546 boot=89 uptime_ms=6147 epoch_ms=1789287456236 text=TIME_SYNC epoch=1789287456.236
$SPOTLOG seq=19547 boot=89 uptime_ms=6357 epoch_ms=1789287456446 text=CMD link=ble read 1
$SPOTLOG seq=19548 boot=89 uptime_ms=195180 epoch_ms=1789287643901 text=CMD link=ble safety
$SPOTLOG seq=19549 boot=89 uptime_ms=195484 epoch_ms=1789287644205 text=CMD link=ble balance status
$SPOTLOG seq=19550 boot=89 uptime_ms=195574 epoch_ms=1789287644295 text=CMD link=ble read 1
$SPOTLOG seq=19551 boot=89 uptime_ms=195665 epoch_ms=1789287644386 text=CMD link=ble read 2
$SPOTLOG seq=19552 boot=89 uptime_ms=195726 epoch_ms=1789287644447 text=CMD link=ble read 3
$SPOTLOG seq=19553 boot=89 uptime_ms=195787 epoch_ms=1789287644508 text=CMD link=ble read 4
$SPOTLOG seq=19554 boot=89 uptime_ms=195908 epoch_ms=1789287644629 text=CMD link=ble read 5
$SPOTLOG seq=19555 boot=89 uptime_ms=195999 epoch_ms=1789287644720 text=CMD link=ble read 6
$SPOTLOG seq=19556 boot=89 uptime_ms=196090 epoch_ms=1789287644811 text=CMD link=ble read 7
$SPOTLOG seq=19557 boot=89 uptime_ms=196151 epoch_ms=1789287644872 text=CMD link=ble read 8
$SPOTLOG seq=19558 boot=89 uptime_ms=196272 epoch_ms=1789287644993 text=CMD link=ble read 9
$SPOTLOG seq=19559 boot=89 uptime_ms=196333 epoch_ms=1789287645054 text=CMD link=ble read 10
$SPOTLOG seq=19560 boot=89 uptime_ms=196392 epoch_ms=1789287645113 text=CMD link=ble read 11
$SPOTLOG seq=19561 boot=89 uptime_ms=196453 epoch_ms=1789287645174 text=CMD link=ble read 12
$SPOTLOG END
