> landing
Starting slow synchronized landing move
POSE landing reason=no-progress elapsed=2990 nominal=1500 retries=0 waits=43 hold=2
ERROR: final position verification failed; servo=9, bus=ok, servo_error=0x00
$SPOTSTATE pose=landing error=53 torque=on safety=ok balance=full rev=shared-locomotion-v49 caps=trot5,gaitprofiles,arcsupport,centerpivot,jointtrace,jointtracepage,balancecontrol,commandretry,stow,headinghold profile=cruise heading=on reverse_limit=1000 recovery=new-command fault_code=0
$SPOTLOG BEGIN total=658 returned=40 time=synced
$SPOTLOG seq=19549 boot=89 uptime_ms=195484 epoch_ms=1789287644205 text=CMD link=ble balance status
$SPOTLOG seq=19550 boot=89 uptime_ms=195574 epoch_ms=1789287644295 text=CMD link=ble read 1
$SPOTLOG seq=19551 boot=89 uptime_ms=195665 epoch_ms=1789287644386 text=CMD link=ble read 2
$SPOTLOG seq=19552 boot=89 uptime_ms=195726 epoch_ms=1789287644447 text=CMD link=ble read 3
$SPOTLOG seq=19553 boot=89 uptime_ms=195787 epoch_ms=1789287644508 text=CMD link=ble read 4
$SPOTLOG seq=19554 boot=89 uptime_ms=195908 epoch_ms=1789287644629 text=CMD link=ble read 5
$SPOTLOG seq=19555 boot=89 uptime_ms=195999 epoch_ms=1789287644720 text=CMD link=ble read 6
$SPOTLOG seq=19556 boot=89 uptime_ms=196090 epoch_ms=1789287644811 text=CMD link=ble read 7
$SPOTLOG seq=19557 boot=89 uptime_ms=196151 epoch_ms=1789287644872 text=CMD link=ble read 8
$SPOTLOG seq=19558 boot=89 uptime_ms=196272 epoch_ms=1789287644993 text=CMD link=ble read 9
$SPOTLOG seq=19559 boot=89 uptime_ms=196333 epoch_ms=1789287645054 text=CMD link=ble read 10
$SPOTLOG seq=19560 boot=89 uptime_ms=196392 epoch_ms=1789287645113 text=CMD link=ble read 11
$SPOTLOG seq=19561 boot=89 uptime_ms=196453 epoch_ms=1789287645174 text=CMD link=ble read 12
$SPOTLOG seq=19562 boot=89 uptime_ms=287470 epoch_ms=1789287736191 text=CMD link=ble landing
$SPOTLOG seq=19563 boot=89 uptime_ms=290650 epoch_ms=1789287739371 text=POSE landing no-progress elapsed=2990 nominal=1500 hold=2
$SPOTLOG seq=19564 boot=89 uptime_ms=290651 epoch_ms=1789287739372 text=PT t=1918 id=9 a=3478 t=3452 e=26 v=11500 l=216 c=10 r=-32 p=1 d=2
$SPOTLOG seq=19565 boot=89 uptime_ms=290652 epoch_ms=1789287739373 text=PT t=1964 id=9 a=3478 t=3452 e=26 v=11500 l=216 c=11 r=-32 p=1 d=2
$SPOTLOG seq=19566 boot=89 uptime_ms=290653 epoch_ms=1789287739374 text=PT t=2011 id=9 a=3478 t=3452 e=26 v=11500 l=216 c=20 r=-32 p=1 d=2
$SPOTLOG seq=19567 boot=89 uptime_ms=290653 epoch_ms=1789287739374 text=PT t=2057 id=9 a=3478 t=3452 e=26 v=11600 l=216 c=8 r=-32 p=1 d=2
$SPOTLOG seq=19568 boot=89 uptime_ms=290654 epoch_ms=1789287739375 text=PT t=2104 id=9 a=3478 t=3452 e=26 v=11500 l=216 c=11 r=-32 p=1 d=2
$SPOTLOG seq=19569 boot=89 uptime_ms=290655 epoch_ms=1789287739376 text=PT t=2151 id=9 a=3478 t=3452 e=26 v=11600 l=216 c=10 r=-32 p=1 d=2
$SPOTLOG seq=19570 boot=89 uptime_ms=290656 epoch_ms=1789287739377 text=PT t=2197 id=9 a=3478 t=3452 e=26 v=11300 l=216 c=54 r=-32 p=1 d=2
$SPOTLOG seq=19571 boot=89 uptime_ms=290656 epoch_ms=1789287739377 text=PT t=2244 id=9 a=3478 t=3452 e=26 v=11600 l=216 c=10 r=-32 p=1 d=2
$SPOTLOG seq=19572 boot=89 uptime_ms=290657 epoch_ms=1789287739378 text=PT t=2291 id=9 a=3478 t=3452 e=26 v=11500 l=216 c=21 r=-32 p=1 d=2
$SPOTLOG seq=19573 boot=89 uptime_ms=290658 epoch_ms=1789287739379 text=PT t=2337 id=9 a=3478 t=3452 e=26 v=11600 l=216 c=13 r=-32 p=1 d=2
$SPOTLOG seq=19574 boot=89 uptime_ms=290659 epoch_ms=1789287739380 text=PT t=2384 id=9 a=3478 t=3452 e=26 v=11500 l=216 c=12 r=-32 p=1 d=2
$SPOTLOG seq=19575 boot=89 uptime_ms=290659 epoch_ms=1789287739380 text=PT t=2430 id=9 a=3478 t=3452 e=26 v=11600 l=216 c=70 r=-32 p=1 d=2
$SPOTLOG seq=19576 boot=89 uptime_ms=290660 epoch_ms=1789287739381 text=PT t=2477 id=9 a=3478 t=3452 e=26 v=11300 l=216 c=52 r=-32 p=1 d=2
$SPOTLOG seq=19577 boot=89 uptime_ms=290661 epoch_ms=1789287739382 text=PT t=2524 id=9 a=3478 t=3452 e=26 v=11600 l=216 c=13 r=-32 p=1 d=2
$SPOTLOG seq=19578 boot=89 uptime_ms=290662 epoch_ms=1789287739383 text=PT t=2570 id=9 a=3478 t=3452 e=26 v=11300 l=216 c=53 r=-32 p=1 d=2
$SPOTLOG seq=19579 boot=89 uptime_ms=290662 epoch_ms=1789287739383 text=PT t=2617 id=9 a=3478 t=3452 e=26 v=11600 l=216 c=11 r=-32 p=1 d=2
$SPOTLOG seq=19580 boot=89 uptime_ms=290663 epoch_ms=1789287739384 text=PT t=2663 id=9 a=3478 t=3452 e=26 v=11500 l=216 c=14 r=-32 p=1 d=2
$SPOTLOG seq=19581 boot=89 uptime_ms=290664 epoch_ms=1789287739385 text=PT t=2710 id=9 a=3478 t=3452 e=26 v=11600 l=216 c=16 r=-32 p=1 d=2
$SPOTLOG seq=19582 boot=89 uptime_ms=290665 epoch_ms=1789287739386 text=PT t=2757 id=9 a=3478 t=3452 e=26 v=11500 l=216 c=12 r=-32 p=1 d=2
$SPOTLOG seq=19583 boot=89 uptime_ms=290665 epoch_ms=1789287739386 text=PT t=2803 id=9 a=3478 t=3452 e=26 v=11300 l=216 c=38 r=-32 p=1 d=2
$SPOTLOG seq=19584 boot=89 uptime_ms=290666 epoch_ms=1789287739387 text=PT t=2850 id=9 a=3478 t=3452 e=26 v=11600 l=216 c=13 r=-32 p=1 d=2
$SPOTLOG seq=19585 boot=89 uptime_ms=290667 epoch_ms=1789287739388 text=PT t=2896 id=9 a=3478 t=3452 e=26 v=11500 l=216 c=11 r=-32 p=1 d=2
$SPOTLOG seq=19586 boot=89 uptime_ms=290668 epoch_ms=1789287739389 text=PT t=2943 id=9 a=3478 t=3452 e=26 v=11500 l=216 c=8 r=-32 p=1 d=2
$SPOTLOG seq=19587 boot=89 uptime_ms=290668 epoch_ms=1789287739389 text=PT t=2990 id=9 a=3478 t=3452 e=26 v=11600 l=216 c=11 r=-32 p=1 d=4
$SPOTLOG seq=19588 boot=89 uptime_ms=290669 epoch_ms=1789287739390 text=RESULT result=final position verification failed servo=9 bus=ok error=0x00
$SPOTLOG END
