> log show 64
$SPOTLOG BEGIN total=617 returned=64 time=synced
$SPOTLOG seq=19484 boot=88 uptime_ms=5417547 epoch_ms=1789287260690 text=MECH_CAL id=11 ctr=2255 dir=1 min=0 max=4095
$SPOTLOG seq=19485 boot=88 uptime_ms=5417548 epoch_ms=1789287260691 text=MECH_GOAL id=11 goal=2767 err10=2 torque=1
$SPOTLOG seq=19486 boot=88 uptime_ms=5417553 epoch_ms=1789287260696 text=MECH_POS id=12 leg=3 j=3 pos=997 angle10=921 moving=0
$SPOTLOG seq=19487 boot=88 uptime_ms=5417554 epoch_ms=1789287260697 text=MECH_PWR id=12 speed=0 load=-208 current_raw=12 mv=11200 temp=35 hw=0
$SPOTLOG seq=19488 boot=88 uptime_ms=5417554 epoch_ms=1789287260697 text=MECH_CAL id=12 ctr=2046 dir=-1 min=0 max=4095
$SPOTLOG seq=19489 boot=88 uptime_ms=5417555 epoch_ms=1789287260698 text=MECH_GOAL id=12 goal=1022 err10=-21 torque=1
$SPOTLOG seq=19490 boot=88 uptime_ms=5417556 epoch_ms=1789287260699 text=MECH_END mode=pose valid=12 missing=0 stored=1
$SPOTLOG seq=19491 boot=88 uptime_ms=5419822 epoch_ms=1789287262965 text=CMD link=ble landing
$SPOTLOG seq=19492 boot=88 uptime_ms=5425705 epoch_ms=1789287268848 text=RESULT result=ok servo=9 bus=ok error=0x00
$SPOTLOG seq=19493 boot=88 uptime_ms=5425706 epoch_ms=1789287268849 text=MECH_BEGIN mode=pose label=landing units=angle10,current_raw
$SPOTLOG seq=19494 boot=88 uptime_ms=5425711 epoch_ms=1789287268854 text=MECH_POS id=1 leg=0 j=1 pos=1935 angle10=-5 moving=0
$SPOTLOG seq=19495 boot=88 uptime_ms=5425712 epoch_ms=1789287268855 text=MECH_PWR id=1 speed=0 load=56 current_raw=2 mv=11500 temp=33 hw=0
$SPOTLOG seq=19496 boot=88 uptime_ms=5425712 epoch_ms=1789287268855 text=MECH_CAL id=1 ctr=1929 dir=-1 min=0 max=4095
$SPOTLOG seq=19497 boot=88 uptime_ms=5425713 epoch_ms=1789287268856 text=MECH_GOAL id=1 goal=1929 err10=5 torque=1
$SPOTLOG seq=19498 boot=88 uptime_ms=5425718 epoch_ms=1789287268861 text=MECH_POS id=2 leg=0 j=2 pos=1624 angle10=398 moving=0
$SPOTLOG seq=19499 boot=88 uptime_ms=5425719 epoch_ms=1789287268862 text=MECH_PWR id=2 speed=0 load=16 current_raw=1 mv=11600 temp=32 hw=0
$SPOTLOG seq=19500 boot=88 uptime_ms=5425719 epoch_ms=1789287268862 text=MECH_CAL id=2 ctr=2077 dir=-1 min=0 max=4095
$SPOTLOG seq=19501 boot=88 uptime_ms=5425720 epoch_ms=1789287268863 text=MECH_GOAL id=2 goal=1622 err10=1 torque=1
$SPOTLOG seq=19502 boot=88 uptime_ms=5425725 epoch_ms=1789287268868 text=MECH_POS id=3 leg=0 j=3 pos=3447 angle10=1302 moving=0
$SPOTLOG seq=19503 boot=88 uptime_ms=5425726 epoch_ms=1789287268869 text=MECH_PWR id=3 speed=0 load=32 current_raw=1 mv=11700 temp=34 hw=0
$SPOTLOG seq=19504 boot=88 uptime_ms=5425726 epoch_ms=1789287268869 text=MECH_CAL id=3 ctr=1965 dir=1 min=0 max=4095
$SPOTLOG seq=19505 boot=88 uptime_ms=5425727 epoch_ms=1789287268870 text=MECH_GOAL id=3 goal=3444 err10=-2 torque=1
$SPOTLOG seq=19506 boot=88 uptime_ms=5425732 epoch_ms=1789287268875 text=MECH_POS id=4 leg=1 j=1 pos=2084 angle10=-4 moving=0
$SPOTLOG seq=19507 boot=88 uptime_ms=5425733 epoch_ms=1789287268876 text=MECH_PWR id=4 speed=0 load=-48 current_raw=1 mv=11700 temp=34 hw=0
$SPOTLOG seq=19508 boot=88 uptime_ms=5425733 epoch_ms=1789287268876 text=MECH_CAL id=4 ctr=2089 dir=1 min=0 max=4095
$SPOTLOG seq=19509 boot=88 uptime_ms=5425734 epoch_ms=1789287268877 text=MECH_GOAL id=4 goal=2089 err10=4 torque=1
$SPOTLOG seq=19510 boot=88 uptime_ms=5425739 epoch_ms=1789287268882 text=MECH_POS id=5 leg=1 j=2 pos=2376 angle10=399 moving=0
$SPOTLOG seq=19511 boot=88 uptime_ms=5425740 epoch_ms=1789287268883 text=MECH_PWR id=5 speed=0 load=-8 current_raw=0 mv=11600 temp=31 hw=0
$SPOTLOG seq=19512 boot=88 uptime_ms=5425740 epoch_ms=1789287268883 text=MECH_CAL id=5 ctr=1922 dir=1 min=0 max=4095
$SPOTLOG seq=19513 boot=88 uptime_ms=5425741 epoch_ms=1789287268884 text=MECH_GOAL id=5 goal=2377 err10=0 torque=1
$SPOTLOG seq=19514 boot=88 uptime_ms=5425746 epoch_ms=1789287268889 text=MECH_POS id=6 leg=1 j=3 pos=596 angle10=1305 moving=0
$SPOTLOG seq=19515 boot=88 uptime_ms=5425747 epoch_ms=1789287268890 text=MECH_PWR id=6 speed=0 load=-56 current_raw=2 mv=11700 temp=34 hw=0
$SPOTLOG seq=19516 boot=88 uptime_ms=5425747 epoch_ms=1789287268890 text=MECH_CAL id=6 ctr=2081 dir=-1 min=0 max=4095
$SPOTLOG seq=19517 boot=88 uptime_ms=5425748 epoch_ms=1789287268891 text=MECH_GOAL id=6 goal=602 err10=-5 torque=1
$SPOTLOG seq=19518 boot=88 uptime_ms=5425753 epoch_ms=1789287268896 text=MECH_POS id=7 leg=2 j=1 pos=2091 angle10=11 moving=0
$SPOTLOG seq=19519 boot=88 uptime_ms=5425754 epoch_ms=1789287268897 text=MECH_PWR id=7 speed=0 load=-112 current_raw=5 mv=11600 temp=34 hw=0
$SPOTLOG seq=19520 boot=88 uptime_ms=5425754 epoch_ms=1789287268897 text=MECH_CAL id=7 ctr=2104 dir=-1 min=0 max=4095
$SPOTLOG seq=19521 boot=88 uptime_ms=5425755 epoch_ms=1789287268898 text=MECH_GOAL id=7 goal=2104 err10=-11 torque=1
$SPOTLOG seq=19522 boot=88 uptime_ms=5425760 epoch_ms=1789287268903 text=MECH_POS id=8 leg=2 j=2 pos=1491 angle10=396 moving=0
$SPOTLOG seq=19523 boot=88 uptime_ms=5425761 epoch_ms=1789287268904 text=MECH_PWR id=8 speed=0 load=32 current_raw=1 mv=11600 temp=33 hw=0
$SPOTLOG seq=19524 boot=88 uptime_ms=5425761 epoch_ms=1789287268904 text=MECH_CAL id=8 ctr=1942 dir=-1 min=0 max=4095
$SPOTLOG seq=19525 boot=88 uptime_ms=5425762 epoch_ms=1789287268905 text=MECH_GOAL id=8 goal=1487 err10=3 torque=1
$SPOTLOG seq=19526 boot=88 uptime_ms=5425767 epoch_ms=1789287268910 text=MECH_POS id=9 leg=2 j=3 pos=3446 angle10=1302 moving=0
$SPOTLOG seq=19527 boot=88 uptime_ms=5425768 epoch_ms=1789287268911 text=MECH_PWR id=9 speed=0 load=32 current_raw=1 mv=11600 temp=35 hw=0
$SPOTLOG seq=19528 boot=88 uptime_ms=5425768 epoch_ms=1789287268911 text=MECH_CAL id=9 ctr=1964 dir=1 min=0 max=4095
$SPOTLOG seq=19529 boot=88 uptime_ms=5425769 epoch_ms=1789287268912 text=MECH_GOAL id=9 goal=3443 err10=-2 torque=1
$SPOTLOG seq=19530 boot=88 uptime_ms=5425774 epoch_ms=1789287268917 text=MECH_POS id=10 leg=3 j=1 pos=1964 angle10=11 moving=0
$SPOTLOG seq=19531 boot=88 uptime_ms=5425775 epoch_ms=1789287268918 text=MECH_PWR id=10 speed=0 load=112 current_raw=5 mv=11700 temp=35 hw=0
$SPOTLOG seq=19532 boot=88 uptime_ms=5425775 epoch_ms=1789287268918 text=MECH_CAL id=10 ctr=1951 dir=1 min=0 max=4095
$SPOTLOG seq=19533 boot=88 uptime_ms=5425776 epoch_ms=1789287268919 text=MECH_GOAL id=10 goal=1951 err10=-11 torque=1
$SPOTLOG seq=19534 boot=88 uptime_ms=5425781 epoch_ms=1789287268924 text=MECH_POS id=11 leg=3 j=2 pos=2709 angle10=399 moving=0
$SPOTLOG seq=19535 boot=88 uptime_ms=5425782 epoch_ms=1789287268925 text=MECH_PWR id=11 speed=0 load=-8 current_raw=0 mv=11600 temp=33 hw=0
$SPOTLOG seq=19536 boot=88 uptime_ms=5425782 epoch_ms=1789287268925 text=MECH_CAL id=11 ctr=2255 dir=1 min=0 max=4095
$SPOTLOG seq=19537 boot=88 uptime_ms=5425783 epoch_ms=1789287268926 text=MECH_GOAL id=11 goal=2710 err10=0 torque=1
$SPOTLOG seq=19538 boot=88 uptime_ms=5425788 epoch_ms=1789287268931 text=MECH_POS id=12 leg=3 j=3 pos=568 angle10=1299 moving=0
$SPOTLOG seq=19539 boot=88 uptime_ms=5425789 epoch_ms=1789287268932 text=MECH_PWR id=12 speed=0 load=0 current_raw=0 mv=11600 temp=35 hw=0
$SPOTLOG seq=19540 boot=88 uptime_ms=5425789 epoch_ms=1789287268932 text=MECH_CAL id=12 ctr=2046 dir=-1 min=0 max=4095
$SPOTLOG seq=19541 boot=88 uptime_ms=5425790 epoch_ms=1789287268933 text=MECH_GOAL id=12 goal=567 err10=0 torque=1
$SPOTLOG seq=19542 boot=88 uptime_ms=5425791 epoch_ms=1789287268934 text=MECH_END mode=pose valid=12 missing=0 stored=1
$SPOTLOG seq=19543 boot=88 uptime_ms=5582086 epoch_ms=1789287425229 text=CMD link=ble fwupdate
$SPOTLOG seq=19544 boot=89 uptime_ms=51 epoch_ms=1789287448772 text=BOOT reset_flags=1e000000 rev=shared-locomotion-v49
$SPOTLOG seq=19545 boot=89 uptime_ms=1715 epoch_ms=1789287450436 text=CMD link=ble read position/load/current/state
$SPOTLOG seq=19546 boot=89 uptime_ms=6147 epoch_ms=1789287456236 text=TIME_SYNC epoch=1789287456.236
$SPOTLOG seq=19547 boot=89 uptime_ms=6357 epoch_ms=1789287456446 text=CMD link=ble read 1
$SPOTLOG END
> safety
Safety: ok, peak_error=0ticks, candidates=0, bad_samples=0
Bus read retries: attempts=0 recovered=0 failed=0
Locomotion fault=0 reason=ok recovery=new-command
Limits: error>=240ticks load>=500 current>=700 for 150ms, temp>=70C
> syncstate
$SPOTSTATE pose=custom error=85 torque=off safety=ok balance=full rev=shared-locomotion-v49 caps=trot5,gaitprofiles,arcsupport,centerpivot,jointtrace,jointtracepage,balancecontrol,commandretry,stow,headinghold profile=cruise heading=on reverse_limit=1000 recovery=new-command fault_code=0
> balance status
Control revision: shared-locomotion-v49
Balance: on, mode: full, target: level, IMU: available, policy: required
Step sync monitor: transitions=0 misses=0 peak_recent_error=0ticks blocking_wait=0ms max_balance_gap=0ms
> read 1
ID 1 pos=1935 speed=0 load=0 voltage=11500mV temp=33C current=0 moving=0 hw=0x00
> read 2
ID 2 pos=1604 speed=0 load=0 voltage=11600mV temp=32C current=1 moving=0 hw=0x00
> read 3
ID 3 pos=3486 speed=0 load=0 voltage=11700mV temp=35C current=0 moving=0 hw=0x00
> read 4
ID 4 pos=2084 speed=0 load=0 voltage=11700mV temp=34C current=0 moving=0 hw=0x00
> read 5
ID 5 pos=2423 speed=0 load=0 voltage=11600mV temp=31C current=0 moving=0 hw=0x00
> read 6
ID 6 pos=517 speed=0 load=0 voltage=11700mV temp=34C current=0 moving=0 hw=0x00
> read 7
ID 7 pos=2069 speed=0 load=0 voltage=11600mV temp=35C current=0 moving=0 hw=0x00
> read 8
ID 8 pos=1484 speed=0 load=0 voltage=11600mV temp=32C current=0 moving=0 hw=0x00
> read 9
ID 9 pos=3477 speed=0 load=0 voltage=11600mV temp=36C current=0 moving=0 hw=0x00
> read 10
ID 10 pos=1966 speed=0 load=0 voltage=11700mV temp=36C current=0 moving=0 hw=0x00
> read 11
ID 11 pos=2741 speed=0 load=0 voltage=11500mV temp=33C current=0 moving=0 hw=0x00
> read 12
ID 12 pos=509 speed=0 load=0 voltage=11600mV temp=35C current=0 moving=0 hw=0x00
