$SPOTLOG BEGIN total=715 returned=180 time=uptime-only
$SPOTLOG seq=19466 boot=88 uptime_ms=5417518 epoch_ms=1789287260661 text=MECH_POS id=7 leg=2 j=1 pos=2076 angle10=24 moving=0
$SPOTLOG seq=19467 boot=88 uptime_ms=5417519 epoch_ms=1789287260662 text=MECH_PWR id=7 speed=0 load=-232 current_raw=22 mv=11200 temp=34 hw=0
$SPOTLOG seq=19468 boot=88 uptime_ms=5417519 epoch_ms=1789287260662 text=MECH_CAL id=7 ctr=2104 dir=-1 min=0 max=4095
$SPOTLOG seq=19469 boot=88 uptime_ms=5417520 epoch_ms=1789287260663 text=MECH_GOAL id=7 goal=2104 err10=-24 torque=1
$SPOTLOG seq=19470 boot=88 uptime_ms=5417525 epoch_ms=1789287260668 text=MECH_POS id=8 leg=2 j=2 pos=1464 angle10=420 moving=0
$SPOTLOG seq=19471 boot=88 uptime_ms=5417526 epoch_ms=1789287260669 text=MECH_PWR id=8 speed=0 load=272 current_raw=89 mv=11100 temp=33 hw=0
$SPOTLOG seq=19472 boot=88 uptime_ms=5417526 epoch_ms=1789287260669 text=MECH_CAL id=8 ctr=1942 dir=-1 min=0 max=4095
$SPOTLOG seq=19473 boot=88 uptime_ms=5417527 epoch_ms=1789287260670 text=MECH_GOAL id=8 goal=1430 err10=29 torque=1
$SPOTLOG seq=19474 boot=88 uptime_ms=5417532 epoch_ms=1789287260675 text=MECH_POS id=9 leg=2 j=3 pos=3042 angle10=947 moving=0
$SPOTLOG seq=19475 boot=88 uptime_ms=5417533 epoch_ms=1789287260676 text=MECH_PWR id=9 speed=0 load=440 current_raw=174 mv=11000 temp=35 hw=0
$SPOTLOG seq=19476 boot=88 uptime_ms=5417533 epoch_ms=1789287260676 text=MECH_CAL id=9 ctr=1964 dir=1 min=0 max=4095
$SPOTLOG seq=19477 boot=88 uptime_ms=5417534 epoch_ms=1789287260677 text=MECH_GOAL id=9 goal=2988 err10=-47 torque=1
$SPOTLOG seq=19478 boot=88 uptime_ms=5417539 epoch_ms=1789287260682 text=MECH_POS id=10 leg=3 j=1 pos=1989 angle10=33 moving=0
$SPOTLOG seq=19479 boot=88 uptime_ms=5417540 epoch_ms=1789287260683 text=MECH_PWR id=10 speed=0 load=312 current_raw=46 mv=11300 temp=35 hw=0
$SPOTLOG seq=19480 boot=88 uptime_ms=5417540 epoch_ms=1789287260683 text=MECH_CAL id=10 ctr=1951 dir=1 min=0 max=4095
$SPOTLOG seq=19481 boot=88 uptime_ms=5417541 epoch_ms=1789287260684 text=MECH_GOAL id=10 goal=1951 err10=-33 torque=1
$SPOTLOG seq=19482 boot=88 uptime_ms=5417546 epoch_ms=1789287260689 text=MECH_POS id=11 leg=3 j=2 pos=2764 angle10=447 moving=0
$SPOTLOG seq=19483 boot=88 uptime_ms=5417547 epoch_ms=1789287260690 text=MECH_PWR id=11 speed=0 load=-24 current_raw=1 mv=11300 temp=33 hw=0
$SPOTLOG seq=19484 boot=88 uptime_ms=5417547 epoch_ms=1789287260690 text=MECH_CAL id=11 ctr=2255 dir=1 min=0 max=4095
$SPOTLOG seq=19485 boot=88 uptime_ms=5417548 epoch_ms=1789287260691 text=MECH_GOAL id=11 goal=2767 err10=2 torque=1
$SPOTLOG seq=19486 boot=88 uptime_ms=5417553 epoch_ms=1789287260696 text=MECH_POS id=12 leg=3 j=3 pos=997 angle10=921 moving=0
$SPOTLOG seq=19487 boot=88 uptime_ms=5417554 epoch_ms=1789287260697 text=MECH_PWR id=12 speed=0 load=-208 current_raw=12 mv=11200 temp=35 hw=0
$SPOTLOG seq=19488 boot=88 uptime_ms=5417554 epoch_ms=1789287260697 text=MECH_CAL id=12 ctr=2046 dir=-1 min=0 max=4095
$SPOTLOG seq=19489 boot=88 uptime_ms=5417555 epoch_ms=1789287260698 text=MECH_GOAL id=12 goal=1022 err10=-21 torque=1
$SPOTLOG seq=19490 boot=88 uptime_ms=5417556 epoch_ms=1789287260699 text=MECH_END mode=pose valid=12 missing=0 stored=1
$SPOTLOG seq=19491 boot=88 uptime_ms=5419822 epoch_ms=1789287262965 text=CMD link=ble landing
$SPOTLOG seq=19492 boot=88 uptime_ms=5425705 epoch_ms=1789287268848 text=RESULT result=ok servo=9 bus=ok error=0x00
$SPOTLOG seq=19493 boot=88 uptime_ms=5425706 epoch_ms=1789287268849 text=MECH_BEGIN mode=pose label=landing units=angle10,current_raw
$SPOTLOG seq=19494 boot=88 uptime_ms=5425711 epoch_ms=1789287268854 text=MECH_POS id=1 leg=0 j=1 pos=1935 angle10=-5 moving=0
$SPOTLOG seq=19495 boot=88 uptime_ms=5425712 epoch_ms=1789287268855 text=MECH_PWR id=1 speed=0 load=56 current_raw=2 mv=11500 temp=33 hw=0
$SPOTLOG seq=19496 boot=88 uptime_ms=5425712 epoch_ms=1789287268855 text=MECH_CAL id=1 ctr=1929 dir=-1 min=0 max=4095
$SPOTLOG seq=19497 boot=88 uptime_ms=5425713 epoch_ms=1789287268856 text=MECH_GOAL id=1 goal=1929 err10=5 torque=1
$SPOTLOG seq=19498 boot=88 uptime_ms=5425718 epoch_ms=1789287268861 text=MECH_POS id=2 leg=0 j=2 pos=1624 angle10=398 moving=0
$SPOTLOG seq=19499 boot=88 uptime_ms=5425719 epoch_ms=1789287268862 text=MECH_PWR id=2 speed=0 load=16 current_raw=1 mv=11600 temp=32 hw=0
$SPOTLOG seq=19500 boot=88 uptime_ms=5425719 epoch_ms=1789287268862 text=MECH_CAL id=2 ctr=2077 dir=-1 min=0 max=4095
$SPOTLOG seq=19501 boot=88 uptime_ms=5425720 epoch_ms=1789287268863 text=MECH_GOAL id=2 goal=1622 err10=1 torque=1
$SPOTLOG seq=19502 boot=88 uptime_ms=5425725 epoch_ms=1789287268868 text=MECH_POS id=3 leg=0 j=3 pos=3447 angle10=1302 moving=0
$SPOTLOG seq=19503 boot=88 uptime_ms=5425726 epoch_ms=1789287268869 text=MECH_PWR id=3 speed=0 load=32 current_raw=1 mv=11700 temp=34 hw=0
$SPOTLOG seq=19504 boot=88 uptime_ms=5425726 epoch_ms=1789287268869 text=MECH_CAL id=3 ctr=1965 dir=1 min=0 max=4095
$SPOTLOG seq=19505 boot=88 uptime_ms=5425727 epoch_ms=1789287268870 text=MECH_GOAL id=3 goal=3444 err10=-2 torque=1
$SPOTLOG seq=19506 boot=88 uptime_ms=5425732 epoch_ms=1789287268875 text=MECH_POS id=4 leg=1 j=1 pos=2084 angle10=-4 moving=0
$SPOTLOG seq=19507 boot=88 uptime_ms=5425733 epoch_ms=1789287268876 text=MECH_PWR id=4 speed=0 load=-48 current_raw=1 mv=11700 temp=34 hw=0
$SPOTLOG seq=19508 boot=88 uptime_ms=5425733 epoch_ms=1789287268876 text=MECH_CAL id=4 ctr=2089 dir=1 min=0 max=4095
$SPOTLOG seq=19509 boot=88 uptime_ms=5425734 epoch_ms=1789287268877 text=MECH_GOAL id=4 goal=2089 err10=4 torque=1
$SPOTLOG seq=19510 boot=88 uptime_ms=5425739 epoch_ms=1789287268882 text=MECH_POS id=5 leg=1 j=2 pos=2376 angle10=399 moving=0
$SPOTLOG seq=19511 boot=88 uptime_ms=5425740 epoch_ms=1789287268883 text=MECH_PWR id=5 speed=0 load=-8 current_raw=0 mv=11600 temp=31 hw=0
$SPOTLOG seq=19512 boot=88 uptime_ms=5425740 epoch_ms=1789287268883 text=MECH_CAL id=5 ctr=1922 dir=1 min=0 max=4095
$SPOTLOG seq=19513 boot=88 uptime_ms=5425741 epoch_ms=1789287268884 text=MECH_GOAL id=5 goal=2377 err10=0 torque=1
$SPOTLOG seq=19514 boot=88 uptime_ms=5425746 epoch_ms=1789287268889 text=MECH_POS id=6 leg=1 j=3 pos=596 angle10=1305 moving=0
$SPOTLOG seq=19515 boot=88 uptime_ms=5425747 epoch_ms=1789287268890 text=MECH_PWR id=6 speed=0 load=-56 current_raw=2 mv=11700 temp=34 hw=0
$SPOTLOG seq=19516 boot=88 uptime_ms=5425747 epoch_ms=1789287268890 text=MECH_CAL id=6 ctr=2081 dir=-1 min=0 max=4095
$SPOTLOG seq=19517 boot=88 uptime_ms=5425748 epoch_ms=1789287268891 text=MECH_GOAL id=6 goal=602 err10=-5 torque=1
$SPOTLOG seq=19518 boot=88 uptime_ms=5425753 epoch_ms=1789287268896 text=MECH_POS id=7 leg=2 j=1 pos=2091 angle10=11 moving=0
$SPOTLOG seq=19519 boot=88 uptime_ms=5425754 epoch_ms=1789287268897 text=MECH_PWR id=7 speed=0 load=-112 current_raw=5 mv=11600 temp=34 hw=0
$SPOTLOG seq=19520 boot=88 uptime_ms=5425754 epoch_ms=1789287268897 text=MECH_CAL id=7 ctr=2104 dir=-1 min=0 max=4095
$SPOTLOG seq=19521 boot=88 uptime_ms=5425755 epoch_ms=1789287268898 text=MECH_GOAL id=7 goal=2104 err10=-11 torque=1
$SPOTLOG seq=19522 boot=88 uptime_ms=5425760 epoch_ms=1789287268903 text=MECH_POS id=8 leg=2 j=2 pos=1491 angle10=396 moving=0
$SPOTLOG seq=19523 boot=88 uptime_ms=5425761 epoch_ms=1789287268904 text=MECH_PWR id=8 speed=0 load=32 current_raw=1 mv=11600 temp=33 hw=0
$SPOTLOG seq=19524 boot=88 uptime_ms=5425761 epoch_ms=1789287268904 text=MECH_CAL id=8 ctr=1942 dir=-1 min=0 max=4095
$SPOTLOG seq=19525 boot=88 uptime_ms=5425762 epoch_ms=1789287268905 text=MECH_GOAL id=8 goal=1487 err10=3 torque=1
$SPOTLOG seq=19526 boot=88 uptime_ms=5425767 epoch_ms=1789287268910 text=MECH_POS id=9 leg=2 j=3 pos=3446 angle10=1302 moving=0
$SPOTLOG seq=19527 boot=88 uptime_ms=5425768 epoch_ms=1789287268911 text=MECH_PWR id=9 speed=0 load=32 current_raw=1 mv=11600 temp=35 hw=0
$SPOTLOG seq=19528 boot=88 uptime_ms=5425768 epoch_ms=1789287268911 text=MECH_CAL id=9 ctr=1964 dir=1 min=0 max=4095
$SPOTLOG seq=19529 boot=88 uptime_ms=5425769 epoch_ms=1789287268912 text=MECH_GOAL id=9 goal=3443 err10=-2 torque=1
$SPOTLOG seq=19530 boot=88 uptime_ms=5425774 epoch_ms=1789287268917 text=MECH_POS id=10 leg=3 j=1 pos=1964 angle10=11 moving=0
$SPOTLOG seq=19531 boot=88 uptime_ms=5425775 epoch_ms=1789287268918 text=MECH_PWR id=10 speed=0 load=112 current_raw=5 mv=11700 temp=35 hw=0
$SPOTLOG seq=19532 boot=88 uptime_ms=5425775 epoch_ms=1789287268918 text=MECH_CAL id=10 ctr=1951 dir=1 min=0 max=4095
$SPOTLOG seq=19533 boot=88 uptime_ms=5425776 epoch_ms=1789287268919 text=MECH_GOAL id=10 goal=1951 err10=-11 torque=1
$SPOTLOG seq=19534 boot=88 uptime_ms=5425781 epoch_ms=1789287268924 text=MECH_POS id=11 leg=3 j=2 pos=2709 angle10=399 moving=0
$SPOTLOG seq=19535 boot=88 uptime_ms=5425782 epoch_ms=1789287268925 text=MECH_PWR id=11 speed=0 load=-8 current_raw=0 mv=11600 temp=33 hw=0
$SPOTLOG seq=19536 boot=88 uptime_ms=5425782 epoch_ms=1789287268925 text=MECH_CAL id=11 ctr=2255 dir=1 min=0 max=4095
$SPOTLOG seq=19537 boot=88 uptime_ms=5425783 epoch_ms=1789287268926 text=MECH_GOAL id=11 goal=2710 err10=0 torque=1
$SPOTLOG seq=19538 boot=88 uptime_ms=5425788 epoch_ms=1789287268931 text=MECH_POS id=12 leg=3 j=3 pos=568 angle10=1299 moving=0
$SPOTLOG seq=19539 boot=88 uptime_ms=5425789 epoch_ms=1789287268932 text=MECH_PWR id=12 speed=0 load=0 current_raw=0 mv=11600 temp=35 hw=0
$SPOTLOG seq=19540 boot=88 uptime_ms=5425789 epoch_ms=1789287268932 text=MECH_CAL id=12 ctr=2046 dir=-1 min=0 max=4095
$SPOTLOG seq=19541 boot=88 uptime_ms=5425790 epoch_ms=1789287268933 text=MECH_GOAL id=12 goal=567 err10=0 torque=1
$SPOTLOG seq=19542 boot=88 uptime_ms=5425791 epoch_ms=1789287268934 text=MECH_END mode=pose valid=12 missing=0 stored=1
$SPOTLOG seq=19543 boot=88 uptime_ms=5582086 epoch_ms=1789287425229 text=CMD link=ble fwupdate
$SPOTLOG seq=19544 boot=89 uptime_ms=51 epoch_ms=0000 text=BOOT reset_flags=1e000000 rev=shared-locomotion-v49
$SPOTLOG seq=19545 boot=89 uptime_ms=1715 epoch_ms=0000 text=CMD link=ble read position/load/current/state
$SPOTLOG seq=19546 boot=89 uptime_ms=6147 epoch_ms=1789287456236 text=TIME_SYNC epoch=1789287456.236
$SPOTLOG seq=19547 boot=89 uptime_ms=6357 epoch_ms=1789287456446 text=CMD link=ble read 1
$SPOTLOG seq=19548 boot=89 uptime_ms=195180 epoch_ms=1789287643901 text=CMD link=ble safety
$SPOTLOG seq=19549 boot=89 uptime_ms=195484 epoch_ms=1789287644205 text=CMD link=ble balance status
$SPOTLOG seq=19550 boot=89 uptime_ms=195574 epoch_ms=1789287644295 text=CMD link=ble read 1
$SPOTLOG seq=19551 boot=89 uptime_ms=195665 epoch_ms=1789287644386 text=CMD link=ble read 2
$SPOTLOG seq=19552 boot=89 uptime_ms=195726 epoch_ms=1789287644447 text=CMD link=ble read 3
$SPOTLOG seq=19553 boot=89 uptime_ms=195787 epoch_ms=1789287644508 text=CMD link=ble read 4
$SPOTLOG seq=19554 boot=89 uptime_ms=195908 epoch_ms=1789287644629 text=CMD link=ble read 5
$SPOTLOG seq=19555 boot=89 uptime_ms=195999 epoch_ms=1789287644720 text=CMD link=ble read 6
$SPOTLOG seq=19556 boot=89 uptime_ms=196090 epoch_ms=1789287644811 text=CMD link=ble read 7
$SPOTLOG seq=19557 boot=89 uptime_ms=196151 epoch_ms=1789287644872 text=CMD link=ble read 8
$SPOTLOG seq=19558 boot=89 uptime_ms=196272 epoch_ms=1789287644993 text=CMD link=ble read 9
$SPOTLOG seq=19559 boot=89 uptime_ms=196333 epoch_ms=1789287645054 text=CMD link=ble read 10
$SPOTLOG seq=19560 boot=89 uptime_ms=196392 epoch_ms=1789287645113 text=CMD link=ble read 11
$SPOTLOG seq=19561 boot=89 uptime_ms=196453 epoch_ms=1789287645174 text=CMD link=ble read 12
$SPOTLOG seq=19562 boot=89 uptime_ms=287470 epoch_ms=1789287736191 text=CMD link=ble landing
$SPOTLOG seq=19563 boot=89 uptime_ms=290650 epoch_ms=1789287739371 text=POSE landing no-progress elapsed=2990 nominal=1500 hold=2
$SPOTLOG seq=19564 boot=89 uptime_ms=290651 epoch_ms=1789287739372 text=PT t=1918 id=9 a=3478 t=3452 e=26 v=11500 l=216 c=10 r=-32 p=1 d=2
$SPOTLOG seq=19565 boot=89 uptime_ms=290652 epoch_ms=1789287739373 text=PT t=1964 id=9 a=3478 t=3452 e=26 v=11500 l=216 c=11 r=-32 p=1 d=2
$SPOTLOG seq=19566 boot=89 uptime_ms=290653 epoch_ms=1789287739374 text=PT t=2011 id=9 a=3478 t=3452 e=26 v=11500 l=216 c=20 r=-32 p=1 d=2
$SPOTLOG seq=19567 boot=89 uptime_ms=290653 epoch_ms=1789287739374 text=PT t=2057 id=9 a=3478 t=3452 e=26 v=11600 l=216 c=8 r=-32 p=1 d=2
$SPOTLOG seq=19568 boot=89 uptime_ms=290654 epoch_ms=1789287739375 text=PT t=2104 id=9 a=3478 t=3452 e=26 v=11500 l=216 c=11 r=-32 p=1 d=2
$SPOTLOG seq=19569 boot=89 uptime_ms=290655 epoch_ms=1789287739376 text=PT t=2151 id=9 a=3478 t=3452 e=26 v=11600 l=216 c=10 r=-32 p=1 d=2
$SPOTLOG seq=19570 boot=89 uptime_ms=290656 epoch_ms=1789287739377 text=PT t=2197 id=9 a=3478 t=3452 e=26 v=11300 l=216 c=54 r=-32 p=1 d=2
$SPOTLOG seq=19571 boot=89 uptime_ms=290656 epoch_ms=1789287739377 text=PT t=2244 id=9 a=3478 t=3452 e=26 v=11600 l=216 c=10 r=-32 p=1 d=2
$SPOTLOG seq=19572 boot=89 uptime_ms=290657 epoch_ms=1789287739378 text=PT t=2291 id=9 a=3478 t=3452 e=26 v=11500 l=216 c=21 r=-32 p=1 d=2
$SPOTLOG seq=19573 boot=89 uptime_ms=290658 epoch_ms=1789287739379 text=PT t=2337 id=9 a=3478 t=3452 e=26 v=11600 l=216 c=13 r=-32 p=1 d=2
$SPOTLOG seq=19574 boot=89 uptime_ms=290659 epoch_ms=1789287739380 text=PT t=2384 id=9 a=3478 t=3452 e=26 v=11500 l=216 c=12 r=-32 p=1 d=2
$SPOTLOG seq=19575 boot=89 uptime_ms=290659 epoch_ms=1789287739380 text=PT t=2430 id=9 a=3478 t=3452 e=26 v=11600 l=216 c=70 r=-32 p=1 d=2
$SPOTLOG seq=19576 boot=89 uptime_ms=290660 epoch_ms=1789287739381 text=PT t=2477 id=9 a=3478 t=3452 e=26 v=11300 l=216 c=52 r=-32 p=1 d=2
$SPOTLOG seq=19577 boot=89 uptime_ms=290661 epoch_ms=1789287739382 text=PT t=2524 id=9 a=3478 t=3452 e=26 v=11600 l=216 c=13 r=-32 p=1 d=2
$SPOTLOG seq=19578 boot=89 uptime_ms=290662 epoch_ms=1789287739383 text=PT t=2570 id=9 a=3478 t=3452 e=26 v=11300 l=216 c=53 r=-32 p=1 d=2
$SPOTLOG seq=19579 boot=89 uptime_ms=290662 epoch_ms=1789287739383 text=PT t=2617 id=9 a=3478 t=3452 e=26 v=11600 l=216 c=11 r=-32 p=1 d=2
$SPOTLOG seq=19580 boot=89 uptime_ms=290663 epoch_ms=1789287739384 text=PT t=2663 id=9 a=3478 t=3452 e=26 v=11500 l=216 c=14 r=-32 p=1 d=2
$SPOTLOG seq=19581 boot=89 uptime_ms=290664 epoch_ms=1789287739385 text=PT t=2710 id=9 a=3478 t=3452 e=26 v=11600 l=216 c=16 r=-32 p=1 d=2
$SPOTLOG seq=19582 boot=89 uptime_ms=290665 epoch_ms=1789287739386 text=PT t=2757 id=9 a=3478 t=3452 e=26 v=11500 l=216 c=12 r=-32 p=1 d=2
$SPOTLOG seq=19583 boot=89 uptime_ms=290665 epoch_ms=1789287739386 text=PT t=2803 id=9 a=3478 t=3452 e=26 v=11300 l=216 c=38 r=-32 p=1 d=2
$SPOTLOG seq=19584 boot=89 uptime_ms=290666 epoch_ms=1789287739387 text=PT t=2850 id=9 a=3478 t=3452 e=26 v=11600 l=216 c=13 r=-32 p=1 d=2
$SPOTLOG seq=19585 boot=89 uptime_ms=290667 epoch_ms=1789287739388 text=PT t=2896 id=9 a=3478 t=3452 e=26 v=11500 l=216 c=11 r=-32 p=1 d=2
$SPOTLOG seq=19586 boot=89 uptime_ms=290668 epoch_ms=1789287739389 text=PT t=2943 id=9 a=3478 t=3452 e=26 v=11500 l=216 c=8 r=-32 p=1 d=2
$SPOTLOG seq=19587 boot=89 uptime_ms=290668 epoch_ms=1789287739389 text=PT t=2990 id=9 a=3478 t=3452 e=26 v=11600 l=216 c=11 r=-32 p=1 d=4
$SPOTLOG seq=19588 boot=89 uptime_ms=290669 epoch_ms=1789287739390 text=RESULT result=final position verification failed servo=9 bus=ok error=0x00
$SPOTLOG seq=19589 boot=89 uptime_ms=437513 epoch_ms=1789287886234 text=CMD link=ble landing
$SPOTLOG seq=19590 boot=89 uptime_ms=440690 epoch_ms=1789287889411 text=POSE landing no-progress elapsed=2987 nominal=1500 hold=2
$SPOTLOG seq=19591 boot=89 uptime_ms=440691 epoch_ms=1789287889412 text=PT t=1915 id=6 a=565 t=590 e=25 v=11600 l=-208 c=15 r=-32 p=1 d=2
$SPOTLOG seq=19592 boot=89 uptime_ms=440692 epoch_ms=1789287889413 text=PT t=1962 id=6 a=565 t=590 e=25 v=11600 l=-208 c=16 r=-32 p=1 d=2
$SPOTLOG seq=19593 boot=89 uptime_ms=440693 epoch_ms=1789287889414 text=PT t=2008 id=6 a=565 t=590 e=25 v=11600 l=-208 c=16 r=-32 p=1 d=2
$SPOTLOG seq=19594 boot=89 uptime_ms=440693 epoch_ms=1789287889414 text=PT t=2055 id=6 a=565 t=590 e=25 v=11600 l=-208 c=16 r=-32 p=1 d=2
$SPOTLOG seq=19595 boot=89 uptime_ms=440694 epoch_ms=1789287889415 text=PT t=2102 id=6 a=565 t=590 e=25 v=11600 l=-208 c=16 r=-32 p=1 d=2
$SPOTLOG seq=19596 boot=89 uptime_ms=440695 epoch_ms=1789287889416 text=PT t=2148 id=6 a=565 t=590 e=25 v=11600 l=-208 c=15 r=-32 p=1 d=2
$SPOTLOG seq=19597 boot=89 uptime_ms=440696 epoch_ms=1789287889417 text=PT t=2195 id=6 a=565 t=590 e=25 v=11600 l=-208 c=18 r=-32 p=1 d=2
$SPOTLOG seq=19598 boot=89 uptime_ms=440696 epoch_ms=1789287889417 text=PT t=2241 id=6 a=565 t=590 e=25 v=11600 l=-208 c=16 r=-32 p=1 d=2
$SPOTLOG seq=19599 boot=89 uptime_ms=440697 epoch_ms=1789287889418 text=PT t=2288 id=6 a=565 t=590 e=25 v=11600 l=-208 c=19 r=-32 p=1 d=2
$SPOTLOG seq=19600 boot=89 uptime_ms=440698 epoch_ms=1789287889419 text=PT t=2335 id=6 a=565 t=590 e=25 v=11600 l=-208 c=18 r=-32 p=1 d=2
$SPOTLOG seq=19601 boot=89 uptime_ms=440699 epoch_ms=1789287889420 text=PT t=2381 id=6 a=565 t=590 e=25 v=11600 l=-208 c=21 r=-32 p=1 d=2
$SPOTLOG seq=19602 boot=89 uptime_ms=440699 epoch_ms=1789287889420 text=PT t=2428 id=6 a=565 t=590 e=25 v=11600 l=-208 c=16 r=-32 p=1 d=2
$SPOTLOG seq=19603 boot=89 uptime_ms=440700 epoch_ms=1789287889421 text=PT t=2475 id=6 a=565 t=590 e=25 v=11600 l=-208 c=16 r=-32 p=1 d=2
$SPOTLOG seq=19604 boot=89 uptime_ms=440701 epoch_ms=1789287889422 text=PT t=2521 id=6 a=565 t=590 e=25 v=11700 l=-208 c=19 r=-32 p=1 d=2
$SPOTLOG seq=19605 boot=89 uptime_ms=440702 epoch_ms=1789287889423 text=PT t=2568 id=6 a=565 t=590 e=25 v=11600 l=-208 c=16 r=-32 p=1 d=2
$SPOTLOG seq=19606 boot=89 uptime_ms=440702 epoch_ms=1789287889423 text=PT t=2614 id=6 a=565 t=590 e=25 v=11600 l=-208 c=15 r=-32 p=1 d=2
$SPOTLOG seq=19607 boot=89 uptime_ms=440703 epoch_ms=1789287889424 text=PT t=2661 id=6 a=565 t=590 e=25 v=11600 l=-208 c=16 r=-32 p=1 d=2
$SPOTLOG seq=19608 boot=89 uptime_ms=440704 epoch_ms=1789287889425 text=PT t=2708 id=6 a=565 t=590 e=25 v=11600 l=-208 c=16 r=-32 p=1 d=2
$SPOTLOG seq=19609 boot=89 uptime_ms=440705 epoch_ms=1789287889426 text=PT t=2754 id=6 a=565 t=590 e=25 v=11600 l=-208 c=17 r=-32 p=1 d=2
$SPOTLOG seq=19610 boot=89 uptime_ms=440705 epoch_ms=1789287889426 text=PT t=2801 id=6 a=565 t=590 e=25 v=11700 l=-208 c=17 r=-32 p=1 d=2
$SPOTLOG seq=19611 boot=89 uptime_ms=440706 epoch_ms=1789287889427 text=PT t=2847 id=6 a=565 t=590 e=25 v=11600 l=-208 c=14 r=-32 p=1 d=2
$SPOTLOG seq=19612 boot=89 uptime_ms=440707 epoch_ms=1789287889428 text=PT t=2894 id=6 a=565 t=590 e=25 v=11600 l=-208 c=14 r=-32 p=1 d=2
$SPOTLOG seq=19613 boot=89 uptime_ms=440708 epoch_ms=1789287889429 text=PT t=2941 id=6 a=565 t=590 e=25 v=11600 l=-208 c=17 r=-32 p=1 d=2
$SPOTLOG seq=19614 boot=89 uptime_ms=440708 epoch_ms=1789287889429 text=PT t=2987 id=6 a=565 t=590 e=25 v=11600 l=-208 c=16 r=-32 p=1 d=4
$SPOTLOG seq=19615 boot=89 uptime_ms=440709 epoch_ms=1789287889430 text=RESULT result=final position verification failed servo=6 bus=ok error=0x00
$SPOTLOG seq=19616 boot=89 uptime_ms=607483 epoch_ms=1789288056204 text=CMD link=ble fwupdate
$SPOTLOG seq=19617 boot=90 uptime_ms=52 epoch_ms=0000 text=BOOT reset_flags=1e000000 rev=shared-locomotion-v50
$SPOTLOG seq=19618 boot=90 uptime_ms=1716 epoch_ms=0000 text=CMD link=ble on/load/current/state
$SPOTLOG seq=19619 boot=90 uptime_ms=28813 epoch_ms=0000 text=CMD link=ble landing
$SPOTLOG seq=19620 boot=90 uptime_ms=30220 epoch_ms=0000 text=POSE landing servo-fault elapsed=1217 nominal=1500 hold=2
$SPOTLOG seq=19621 boot=90 uptime_ms=30221 epoch_ms=0000 text=PT t=144 id=1 a=1951 t=1951 e=0 v=11500 l=0 c=0 r=-35 p=-1 d=1
$SPOTLOG seq=19622 boot=90 uptime_ms=30222 epoch_ms=0000 text=PT t=191 id=1 a=1951 t=1951 e=0 v=11400 l=0 c=0 r=-35 p=-1 d=1
$SPOTLOG seq=19623 boot=90 uptime_ms=30223 epoch_ms=0000 text=PT t=237 id=3 a=3480 t=3479 e=1 v=11700 l=0 c=0 r=-35 p=-1 d=1
$SPOTLOG seq=19624 boot=90 uptime_ms=30223 epoch_ms=0000 text=PT t=285 id=1 a=1951 t=1950 e=1 v=11400 l=0 c=0 r=-35 p=-1 d=1
$SPOTLOG seq=19625 boot=90 uptime_ms=30224 epoch_ms=0000 text=PT t=331 id=3 a=3480 t=3478 e=2 v=11600 l=28 c=1 r=-35 p=-1 d=1
$SPOTLOG seq=19626 boot=90 uptime_ms=30225 epoch_ms=0000 text=PT t=378 id=3 a=3480 t=3477 e=3 v=11600 l=36 c=1 r=-35 p=-1 d=1
$SPOTLOG seq=19627 boot=90 uptime_ms=30226 epoch_ms=0000 text=PT t=425 id=6 a=559 t=564 e=5 v=11700 l=-44 c=1 r=-35 p=-1 d=1
$SPOTLOG seq=19628 boot=90 uptime_ms=30226 epoch_ms=0000 text=PT t=471 id=6 a=559 t=565 e=6 v=11700 l=-60 c=1 r=-35 p=-1 d=1
$SPOTLOG seq=19629 boot=90 uptime_ms=30227 epoch_ms=0000 text=PT t=518 id=6 a=559 t=567 e=8 v=11700 l=-68 c=2 r=-35 p=-1 d=1
$SPOTLOG seq=19630 boot=90 uptime_ms=30228 epoch_ms=0000 text=PT t=565 id=6 a=559 t=569 e=10 v=11700 l=-92 c=3 r=-35 p=-1 d=1
$SPOTLOG seq=19631 boot=90 uptime_ms=30229 epoch_ms=0000 text=PT t=611 id=6 a=559 t=571 e=12 v=11700 l=-108 c=4 r=-35 p=-1 d=1
$SPOTLOG seq=19632 boot=90 uptime_ms=30229 epoch_ms=0000 text=PT t=658 id=6 a=559 t=573 e=14 v=11700 l=-116 c=5 r=-35 p=-1 d=1
$SPOTLOG seq=19633 boot=90 uptime_ms=30230 epoch_ms=0000 text=PT t=704 id=6 a=559 t=576 e=17 v=11700 l=-140 c=6 r=-35 p=-1 d=1
$SPOTLOG seq=19634 boot=90 uptime_ms=30231 epoch_ms=0000 text=PT t=751 id=6 a=560 t=578 e=18 v=11600 l=-148 c=7 r=-35 p=-1 d=1
$SPOTLOG seq=19635 boot=90 uptime_ms=30231 epoch_ms=0000 text=PT t=798 id=9 a=3484 t=3463 e=21 v=11500 l=180 c=17 r=-35 p=-1 d=1
$SPOTLOG seq=19636 boot=90 uptime_ms=30232 epoch_ms=0000 text=PT t=844 id=6 a=564 t=583 e=19 v=11600 l=-160 c=7 r=-35 p=-1 d=1
$SPOTLOG seq=19637 boot=90 uptime_ms=30233 epoch_ms=0000 text=PT t=891 id=6 a=567 t=585 e=18 v=11600 l=-144 c=7 r=-35 p=-1 d=1
$SPOTLOG seq=19638 boot=90 uptime_ms=30234 epoch_ms=0000 text=PT t=937 id=6 a=567 t=588 e=21 v=11600 l=-172 c=10 r=-35 p=-1 d=1
$SPOTLOG seq=19639 boot=90 uptime_ms=30234 epoch_ms=0000 text=PT t=984 id=6 a=567 t=590 e=23 v=11600 l=-188 c=9 r=-35 p=-1 d=1
$SPOTLOG seq=19640 boot=90 uptime_ms=30235 epoch_ms=0000 text=PT t=1031 id=9 a=3475 t=3452 e=23 v=11600 l=196 c=49 r=-35 p=-1 d=1
$SPOTLOG seq=19641 boot=90 uptime_ms=30236 epoch_ms=0000 text=PT t=1077 id=9 a=3475 t=3450 e=25 v=11300 l=208 c=48 r=-35 p=-1 d=2
$SPOTLOG seq=19642 boot=90 uptime_ms=30237 epoch_ms=0000 text=PT t=1124 id=9 a=3474 t=3449 e=25 v=11500 l=204 c=55 r=-35 p=-1 d=2
$SPOTLOG seq=19643 boot=90 uptime_ms=30237 epoch_ms=0000 text=PT t=1171 id=9 a=3473 t=3447 e=26 v=11500 l=220 c=24 r=-35 p=-1 d=2
$SPOTLOG seq=19644 boot=90 uptime_ms=30238 epoch_ms=0000 text=PT t=1217 id=4 a=2071 t=2087 e=16 v=11600 l=-136 c=7 r=-35 p=-1 d=10
$SPOTLOG seq=19645 boot=90 uptime_ms=30239 epoch_ms=0000 text=RESULT result=safety fault; check cause and retry new command servo=4 bus=ok error=0x00
$SPOTLOG END
