> log show 180
$SPOTLOG BEGIN total=954 returned=180 time=synced
$SPOTLOG seq=21725 boot=101 uptime_ms=14646 epoch_ms=1789294700903 text=POSE landing complete-residual elapsed=2059 nominal=1500 hold=0
$SPOTLOG seq=21726 boot=101 uptime_ms=14651 epoch_ms=1789294700908 text=POSE_HEALTH id=0 temp=0 hw=0x00 transient=0
$SPOTLOG seq=21727 boot=101 uptime_ms=14655 epoch_ms=1789294700912 text=POSE_PROBE count=0 mask=0x000 max_lead=120
$SPOTLOG seq=21728 boot=101 uptime_ms=14656 epoch_ms=1789294700913 text=PT t=986 id=6 a=562 t=586 e=24 v=11300 l=-196 c=12 r=-19 p=-2 d=1
$SPOTLOG seq=21729 boot=101 uptime_ms=14657 epoch_ms=1789294700914 text=PT t=1032 id=6 a=564 t=589 e=25 v=11400 l=-200 c=12 r=-20 p=-3 d=2
$SPOTLOG seq=21730 boot=101 uptime_ms=14657 epoch_ms=1789294700914 text=PT t=1080 id=6 a=566 t=591 e=25 v=11300 l=-212 c=14 r=-20 p=-3 d=2
$SPOTLOG seq=21731 boot=101 uptime_ms=14658 epoch_ms=1789294700915 text=PT t=1127 id=6 a=567 t=594 e=27 v=11300 l=-220 c=15 r=-20 p=-3 d=2
$SPOTLOG seq=21732 boot=101 uptime_ms=14659 epoch_ms=1789294700916 text=PT t=1173 id=6 a=570 t=596 e=26 v=11300 l=-216 c=12 r=-20 p=-3 d=2
$SPOTLOG seq=21733 boot=101 uptime_ms=14659 epoch_ms=1789294700916 text=PT t=1220 id=6 a=571 t=598 e=27 v=11400 l=-220 c=21 r=-20 p=-4 d=2
$SPOTLOG seq=21734 boot=101 uptime_ms=14660 epoch_ms=1789294700917 text=PT t=1266 id=6 a=572 t=599 e=27 v=11300 l=-228 c=21 r=-20 p=-4 d=2
$SPOTLOG seq=21735 boot=101 uptime_ms=14661 epoch_ms=1789294700918 text=PT t=1313 id=6 a=574 t=600 e=26 v=11300 l=-216 c=14 r=-19 p=-4 d=2
$SPOTLOG seq=21736 boot=101 uptime_ms=14662 epoch_ms=1789294700919 text=PT t=1360 id=6 a=576 t=601 e=25 v=11400 l=-212 c=19 r=-19 p=-4 d=2
$SPOTLOG seq=21737 boot=101 uptime_ms=14662 epoch_ms=1789294700919 text=PT t=1406 id=3 a=3469 t=3444 e=25 v=11300 l=208 c=35 r=-19 p=-4 d=2
$SPOTLOG seq=21738 boot=101 uptime_ms=14663 epoch_ms=1789294700920 text=PT t=1453 id=3 a=3469 t=3444 e=25 v=11200 l=208 c=26 r=-20 p=-4 d=2
$SPOTLOG seq=21739 boot=101 uptime_ms=14664 epoch_ms=1789294700921 text=PT t=1500 id=3 a=3469 t=3444 e=25 v=11200 l=208 c=30 r=-20 p=-4 d=2
$SPOTLOG seq=21740 boot=101 uptime_ms=14665 epoch_ms=1789294700922 text=PT t=1546 id=3 a=3469 t=3444 e=25 v=11200 l=208 c=26 r=-20 p=-4 d=2
$SPOTLOG seq=21741 boot=101 uptime_ms=14665 epoch_ms=1789294700922 text=PT t=1593 id=3 a=3469 t=3444 e=25 v=11200 l=208 c=33 r=-20 p=-4 d=2
$SPOTLOG seq=21742 boot=101 uptime_ms=14666 epoch_ms=1789294700923 text=PT t=1639 id=3 a=3469 t=3444 e=25 v=11200 l=208 c=30 r=-20 p=-4 d=2
$SPOTLOG seq=21743 boot=101 uptime_ms=14667 epoch_ms=1789294700924 text=PT t=1686 id=3 a=3469 t=3444 e=25 v=11200 l=208 c=27 r=-20 p=-4 d=2
$SPOTLOG seq=21744 boot=101 uptime_ms=14668 epoch_ms=1789294700925 text=PT t=1733 id=3 a=3469 t=3444 e=25 v=11200 l=208 c=27 r=-20 p=-4 d=2
$SPOTLOG seq=21745 boot=101 uptime_ms=14668 epoch_ms=1789294700925 text=PT t=1779 id=3 a=3469 t=3444 e=25 v=11400 l=208 c=33 r=-20 p=-4 d=2
$SPOTLOG seq=21746 boot=101 uptime_ms=14669 epoch_ms=1789294700926 text=PT t=1826 id=3 a=3469 t=3444 e=25 v=11200 l=208 c=33 r=-20 p=-4 d=2
$SPOTLOG seq=21747 boot=101 uptime_ms=14670 epoch_ms=1789294700927 text=PT t=1873 id=3 a=3469 t=3444 e=25 v=11400 l=208 c=33 r=-20 p=-4 d=2
$SPOTLOG seq=21748 boot=101 uptime_ms=14671 epoch_ms=1789294700928 text=PT t=1919 id=3 a=3469 t=3444 e=25 v=11300 l=208 c=34 r=-20 p=-4 d=2
$SPOTLOG seq=21749 boot=101 uptime_ms=14671 epoch_ms=1789294700928 text=PT t=1966 id=3 a=3469 t=3444 e=25 v=11200 l=208 c=26 r=-20 p=-4 d=2
$SPOTLOG seq=21750 boot=101 uptime_ms=14672 epoch_ms=1789294700929 text=PT t=2012 id=3 a=3469 t=3444 e=25 v=11300 l=208 c=34 r=-20 p=-4 d=2
$SPOTLOG seq=21751 boot=101 uptime_ms=14673 epoch_ms=1789294700930 text=PT t=2059 id=3 a=3469 t=3444 e=25 v=11300 l=208 c=33 r=-20 p=-4 d=15
$SPOTLOG seq=21752 boot=101 uptime_ms=14674 epoch_ms=1789294700931 text=RESULT result=ok servo=0 bus=ok error=0x00
$SPOTLOG seq=21753 boot=101 uptime_ms=14675 epoch_ms=1789294700932 text=MECH_BEGIN mode=pose label=landing units=angle10,current_raw
$SPOTLOG seq=21754 boot=101 uptime_ms=14679 epoch_ms=1789294700936 text=MECH_POS id=1 leg=0 j=1 pos=1937 angle10=-7 moving=0
$SPOTLOG seq=21755 boot=101 uptime_ms=14680 epoch_ms=1789294700937 text=MECH_PWR id=1 speed=0 load=72 current_raw=2 mv=11100 temp=35 hw=0
$SPOTLOG seq=21756 boot=101 uptime_ms=14680 epoch_ms=1789294700937 text=MECH_CAL id=1 ctr=1929 dir=-1 min=0 max=4095
$SPOTLOG seq=21757 boot=101 uptime_ms=14681 epoch_ms=1789294700938 text=MECH_GOAL id=1 goal=1929 err10=7 torque=1
$SPOTLOG seq=21758 boot=101 uptime_ms=14686 epoch_ms=1789294700943 text=MECH_POS id=2 leg=0 j=2 pos=1628 angle10=394 moving=0
$SPOTLOG seq=21759 boot=101 uptime_ms=14687 epoch_ms=1789294700944 text=MECH_PWR id=2 speed=0 load=48 current_raw=4 mv=11200 temp=32 hw=0
$SPOTLOG seq=21760 boot=101 uptime_ms=14687 epoch_ms=1789294700944 text=MECH_CAL id=2 ctr=2077 dir=-1 min=0 max=4095
$SPOTLOG seq=21761 boot=101 uptime_ms=14688 epoch_ms=1789294700945 text=MECH_GOAL id=2 goal=1622 err10=5 torque=1
$SPOTLOG seq=21762 boot=101 uptime_ms=14693 epoch_ms=1789294700950 text=MECH_POS id=3 leg=0 j=3 pos=3469 angle10=1321 moving=0
$SPOTLOG seq=21763 boot=101 uptime_ms=14694 epoch_ms=1789294700951 text=MECH_PWR id=3 speed=0 load=208 current_raw=35 mv=11300 temp=39 hw=0
$SPOTLOG seq=21764 boot=101 uptime_ms=14694 epoch_ms=1789294700951 text=MECH_CAL id=3 ctr=1965 dir=1 min=0 max=4095
$SPOTLOG seq=21765 boot=101 uptime_ms=14695 epoch_ms=1789294700952 text=MECH_GOAL id=3 goal=3444 err10=-21 torque=1
$SPOTLOG seq=21766 boot=101 uptime_ms=14700 epoch_ms=1789294700957 text=MECH_POS id=4 leg=1 j=1 pos=2083 angle10=-5 moving=0
$SPOTLOG seq=21767 boot=101 uptime_ms=14701 epoch_ms=1789294700958 text=MECH_PWR id=4 speed=0 load=-56 current_raw=1 mv=11300 temp=35 hw=0
$SPOTLOG seq=21768 boot=101 uptime_ms=14701 epoch_ms=1789294700958 text=MECH_CAL id=4 ctr=2089 dir=1 min=0 max=4095
$SPOTLOG seq=21769 boot=101 uptime_ms=14702 epoch_ms=1789294700959 text=MECH_GOAL id=4 goal=2089 err10=5 torque=1
$SPOTLOG seq=21770 boot=101 uptime_ms=14707 epoch_ms=1789294700964 text=MECH_POS id=5 leg=1 j=2 pos=2378 angle10=400 moving=0
$SPOTLOG seq=21771 boot=101 uptime_ms=14708 epoch_ms=1789294700965 text=MECH_PWR id=5 speed=0 load=8 current_raw=0 mv=11200 temp=31 hw=0
$SPOTLOG seq=21772 boot=101 uptime_ms=14708 epoch_ms=1789294700965 text=MECH_CAL id=5 ctr=1922 dir=1 min=0 max=4095
$SPOTLOG seq=21773 boot=101 uptime_ms=14709 epoch_ms=1789294700966 text=MECH_GOAL id=5 goal=2377 err10=0 torque=1
$SPOTLOG seq=21774 boot=101 uptime_ms=14714 epoch_ms=1789294700971 text=MECH_POS id=6 leg=1 j=3 pos=577 angle10=1321 moving=0
$SPOTLOG seq=21775 boot=101 uptime_ms=14715 epoch_ms=1789294700972 text=MECH_PWR id=6 speed=0 load=-208 current_raw=15 mv=11300 temp=39 hw=0
$SPOTLOG seq=21776 boot=101 uptime_ms=14715 epoch_ms=1789294700972 text=MECH_CAL id=6 ctr=2081 dir=-1 min=0 max=4095
$SPOTLOG seq=21777 boot=101 uptime_ms=14716 epoch_ms=1789294700973 text=MECH_GOAL id=6 goal=602 err10=-21 torque=1
$SPOTLOG seq=21778 boot=101 uptime_ms=14721 epoch_ms=1789294700978 text=MECH_POS id=7 leg=2 j=1 pos=2099 angle10=4 moving=0
$SPOTLOG seq=21779 boot=101 uptime_ms=14722 epoch_ms=1789294700979 text=MECH_PWR id=7 speed=0 load=-48 current_raw=1 mv=11200 temp=35 hw=0
$SPOTLOG seq=21780 boot=101 uptime_ms=14722 epoch_ms=1789294700979 text=MECH_CAL id=7 ctr=2104 dir=-1 min=0 max=4095
$SPOTLOG seq=21781 boot=101 uptime_ms=14723 epoch_ms=1789294700980 text=MECH_GOAL id=7 goal=2104 err10=-4 torque=1
$SPOTLOG seq=21782 boot=101 uptime_ms=14728 epoch_ms=1789294700985 text=MECH_POS id=8 leg=2 j=2 pos=1491 angle10=396 moving=0
$SPOTLOG seq=21783 boot=101 uptime_ms=14729 epoch_ms=1789294700986 text=MECH_PWR id=8 speed=0 load=32 current_raw=2 mv=11300 temp=32 hw=0
$SPOTLOG seq=21784 boot=101 uptime_ms=14729 epoch_ms=1789294700986 text=MECH_CAL id=8 ctr=1942 dir=-1 min=0 max=4095
$SPOTLOG seq=21785 boot=101 uptime_ms=14730 epoch_ms=1789294700987 text=MECH_GOAL id=8 goal=1487 err10=3 torque=1
$SPOTLOG seq=21786 boot=101 uptime_ms=14735 epoch_ms=1789294700992 text=MECH_POS id=9 leg=2 j=3 pos=3448 angle10=1304 moving=0
$SPOTLOG seq=21787 boot=101 uptime_ms=14736 epoch_ms=1789294700993 text=MECH_PWR id=9 speed=0 load=48 current_raw=1 mv=11200 temp=57 hw=0
$SPOTLOG seq=21788 boot=101 uptime_ms=14736 epoch_ms=1789294700993 text=MECH_CAL id=9 ctr=1964 dir=1 min=0 max=4095
$SPOTLOG seq=21789 boot=101 uptime_ms=14737 epoch_ms=1789294700994 text=MECH_GOAL id=9 goal=3443 err10=-4 torque=1
$SPOTLOG seq=21790 boot=101 uptime_ms=14742 epoch_ms=1789294700999 text=MECH_POS id=10 leg=3 j=1 pos=1961 angle10=8 moving=0
$SPOTLOG seq=21791 boot=101 uptime_ms=14743 epoch_ms=1789294701000 text=MECH_PWR id=10 speed=0 load=88 current_raw=4 mv=11300 temp=37 hw=0
$SPOTLOG seq=21792 boot=101 uptime_ms=14743 epoch_ms=1789294701000 text=MECH_CAL id=10 ctr=1951 dir=1 min=0 max=4095
$SPOTLOG seq=21793 boot=101 uptime_ms=14744 epoch_ms=1789294701001 text=MECH_GOAL id=10 goal=1951 err10=-8 torque=1
$SPOTLOG seq=21794 boot=101 uptime_ms=14749 epoch_ms=1789294701006 text=MECH_POS id=11 leg=3 j=2 pos=2708 angle10=398 moving=0
$SPOTLOG seq=21795 boot=101 uptime_ms=14750 epoch_ms=1789294701007 text=MECH_PWR id=11 speed=0 load=-16 current_raw=0 mv=11200 temp=33 hw=0
$SPOTLOG seq=21796 boot=101 uptime_ms=14750 epoch_ms=1789294701007 text=MECH_CAL id=11 ctr=2255 dir=1 min=0 max=4095
$SPOTLOG seq=21797 boot=101 uptime_ms=14751 epoch_ms=1789294701008 text=MECH_GOAL id=11 goal=2710 err10=1 torque=1
$SPOTLOG seq=21798 boot=101 uptime_ms=14756 epoch_ms=1789294701013 text=MECH_POS id=12 leg=3 j=3 pos=567 angle10=1299 moving=0
$SPOTLOG seq=21799 boot=101 uptime_ms=14757 epoch_ms=1789294701014 text=MECH_PWR id=12 speed=0 load=0 current_raw=0 mv=11200 temp=51 hw=0
$SPOTLOG seq=21800 boot=101 uptime_ms=14757 epoch_ms=1789294701014 text=MECH_CAL id=12 ctr=2046 dir=-1 min=0 max=4095
$SPOTLOG seq=21801 boot=101 uptime_ms=14758 epoch_ms=1789294701015 text=MECH_GOAL id=12 goal=567 err10=0 torque=1
$SPOTLOG seq=21802 boot=101 uptime_ms=14759 epoch_ms=1789294701016 text=MECH_END mode=pose valid=12 missing=0 stored=1
$SPOTLOG seq=21803 boot=101 uptime_ms=14812 epoch_ms=1789294701069 text=CMD link=ble stand
$SPOTLOG seq=21804 boot=101 uptime_ms=15567 epoch_ms=1789294701824 text=POSE stand complete elapsed=694 nominal=0 hold=0
$SPOTLOG seq=21805 boot=101 uptime_ms=15571 epoch_ms=1789294701828 text=POSE_HEALTH id=12 temp=50 hw=0x00 transient=2
$SPOTLOG seq=21806 boot=101 uptime_ms=15576 epoch_ms=1789294701833 text=POSE_PROBE count=0 mask=0x000 max_lead=120
$SPOTLOG seq=21807 boot=101 uptime_ms=15577 epoch_ms=1789294701834 text=PT t=52 id=3 a=3469 t=2989 e=480 v=11300 l=180 c=27 r=-20 p=-4 d=2
$SPOTLOG seq=21808 boot=101 uptime_ms=15577 epoch_ms=1789294701834 text=PT t=98 id=3 a=3469 t=2989 e=480 v=11300 l=200 c=31 r=-20 p=-4 d=2
$SPOTLOG seq=21809 boot=101 uptime_ms=15578 epoch_ms=1789294701835 text=PT t=145 id=3 a=3468 t=2989 e=479 v=11200 l=316 c=37 r=-19 p=-8 d=2
$SPOTLOG seq=21810 boot=101 uptime_ms=15579 epoch_ms=1789294701836 text=PT t=192 id=9 a=3453 t=2988 e=465 v=10900 l=500 c=99 r=-18 p=-15 d=2
$SPOTLOG seq=21811 boot=101 uptime_ms=15580 epoch_ms=1789294701837 text=PT t=238 id=9 a=3433 t=2988 e=445 v=10900 l=648 c=142 r=-17 p=-20 d=2
$SPOTLOG seq=21812 boot=101 uptime_ms=15580 epoch_ms=1789294701837 text=PT t=285 id=9 a=3403 t=2988 e=415 v=10500 l=808 c=379 r=-19 p=-23 d=2
$SPOTLOG seq=21813 boot=101 uptime_ms=15581 epoch_ms=1789294701838 text=PT t=368 id=3 a=3340 t=2989 e=351 v=10900 l=608 c=71 r=-19 p=-28 d=2
$SPOTLOG seq=21814 boot=101 uptime_ms=15582 epoch_ms=1789294701839 text=PT t=415 id=9 a=3239 t=2988 e=251 v=10800 l=852 c=210 r=-17 p=-27 d=2
$SPOTLOG seq=21815 boot=101 uptime_ms=15583 epoch_ms=1789294701840 text=PT t=461 id=9 a=3168 t=2988 e=180 v=10800 l=680 c=222 r=-16 p=-22 d=2
$SPOTLOG seq=21816 boot=101 uptime_ms=15583 epoch_ms=1789294701840 text=PT t=508 id=3 a=3111 t=2989 e=122 v=11100 l=452 c=62 r=-14 p=-19 d=2
$SPOTLOG seq=21817 boot=101 uptime_ms=15584 epoch_ms=1789294701841 text=PT t=554 id=3 a=3067 t=2989 e=78 v=11200 l=364 c=22 r=-12 p=-15 d=2
$SPOTLOG seq=21818 boot=101 uptime_ms=15585 epoch_ms=1789294701842 text=PT t=601 id=3 a=3036 t=2989 e=47 v=11300 l=284 c=16 r=-10 p=-14 d=2
$SPOTLOG seq=21819 boot=101 uptime_ms=15586 epoch_ms=1789294701843 text=PT t=648 id=3 a=3015 t=2989 e=26 v=11300 l=196 c=22 r=-8 p=-12 d=2
$SPOTLOG seq=21820 boot=101 uptime_ms=15586 epoch_ms=1789294701843 text=PT t=694 id=12 a=1000 t=1022 e=22 v=11200 l=-180 c=12 r=-7 p=-9 d=3
$SPOTLOG seq=21821 boot=101 uptime_ms=15587 epoch_ms=1789294701844 text=RESULT result=ok servo=0 bus=ok error=0x00
$SPOTLOG seq=21822 boot=101 uptime_ms=15588 epoch_ms=1789294701845 text=MECH_BEGIN mode=pose label=stand units=angle10,current_raw
$SPOTLOG seq=21823 boot=101 uptime_ms=15593 epoch_ms=1789294701850 text=MECH_POS id=1 leg=0 j=1 pos=1938 angle10=-7 moving=0
$SPOTLOG seq=21824 boot=101 uptime_ms=15594 epoch_ms=1789294701851 text=MECH_PWR id=1 speed=0 load=80 current_raw=3 mv=11100 temp=35 hw=0
$SPOTLOG seq=21825 boot=101 uptime_ms=15594 epoch_ms=1789294701851 text=MECH_CAL id=1 ctr=1929 dir=-1 min=0 max=4095
$SPOTLOG seq=21826 boot=101 uptime_ms=15595 epoch_ms=1789294701852 text=MECH_GOAL id=1 goal=1929 err10=7 torque=1
$SPOTLOG seq=21827 boot=101 uptime_ms=15600 epoch_ms=1789294701857 text=MECH_POS id=2 leg=0 j=2 pos=1562 angle10=452 moving=0
$SPOTLOG seq=21828 boot=101 uptime_ms=15601 epoch_ms=1789294701858 text=MECH_PWR id=2 speed=0 load=-24 current_raw=1 mv=11300 temp=32 hw=0
$SPOTLOG seq=21829 boot=101 uptime_ms=15601 epoch_ms=1789294701858 text=MECH_CAL id=2 ctr=2077 dir=-1 min=0 max=4095
$SPOTLOG seq=21830 boot=101 uptime_ms=15602 epoch_ms=1789294701859 text=MECH_GOAL id=2 goal=1565 err10=-2 torque=1
$SPOTLOG seq=21831 boot=101 uptime_ms=15607 epoch_ms=1789294701864 text=MECH_POS id=3 leg=0 j=3 pos=3004 angle10=913 moving=0
$SPOTLOG seq=21832 boot=101 uptime_ms=15608 epoch_ms=1789294701865 text=MECH_PWR id=3 speed=0 load=128 current_raw=7 mv=11300 temp=39 hw=0
$SPOTLOG seq=21833 boot=101 uptime_ms=15608 epoch_ms=1789294701865 text=MECH_CAL id=3 ctr=1965 dir=1 min=0 max=4095
$SPOTLOG seq=21834 boot=101 uptime_ms=15609 epoch_ms=1789294701866 text=MECH_GOAL id=3 goal=2989 err10=-13 torque=1
$SPOTLOG seq=21835 boot=101 uptime_ms=15614 epoch_ms=1789294701871 text=MECH_POS id=4 leg=1 j=1 pos=2086 angle10=-2 moving=0
$SPOTLOG seq=21836 boot=101 uptime_ms=15615 epoch_ms=1789294701872 text=MECH_PWR id=4 speed=0 load=-32 current_raw=1 mv=11300 temp=35 hw=0
$SPOTLOG seq=21837 boot=101 uptime_ms=15615 epoch_ms=1789294701872 text=MECH_CAL id=4 ctr=2089 dir=1 min=0 max=4095
$SPOTLOG seq=21838 boot=101 uptime_ms=15616 epoch_ms=1789294701873 text=MECH_GOAL id=4 goal=2089 err10=2 torque=1
$SPOTLOG seq=21839 boot=101 uptime_ms=15621 epoch_ms=1789294701878 text=MECH_POS id=5 leg=1 j=2 pos=2436 angle10=451 moving=0
$SPOTLOG seq=21840 boot=101 uptime_ms=15622 epoch_ms=1789294701879 text=MECH_PWR id=5 speed=0 load=16 current_raw=0 mv=11300 temp=31 hw=0
$SPOTLOG seq=21841 boot=101 uptime_ms=15622 epoch_ms=1789294701879 text=MECH_CAL id=5 ctr=1922 dir=1 min=0 max=4095
$SPOTLOG seq=21842 boot=101 uptime_ms=15623 epoch_ms=1789294701880 text=MECH_GOAL id=5 goal=2434 err10=-1 torque=1
$SPOTLOG seq=21843 boot=101 uptime_ms=15628 epoch_ms=1789294701885 text=MECH_POS id=6 leg=1 j=3 pos=1040 angle10=914 moving=0
$SPOTLOG seq=21844 boot=101 uptime_ms=15629 epoch_ms=1789294701886 text=MECH_PWR id=6 speed=0 load=-144 current_raw=8 mv=11300 temp=39 hw=0
$SPOTLOG seq=21845 boot=101 uptime_ms=15629 epoch_ms=1789294701886 text=MECH_CAL id=6 ctr=2081 dir=-1 min=0 max=4095
$SPOTLOG seq=21846 boot=101 uptime_ms=15630 epoch_ms=1789294701887 text=MECH_GOAL id=6 goal=1057 err10=-14 torque=1
$SPOTLOG seq=21847 boot=101 uptime_ms=15635 epoch_ms=1789294701892 text=MECH_POS id=7 leg=2 j=1 pos=2102 angle10=1 moving=0
$SPOTLOG seq=21848 boot=101 uptime_ms=15636 epoch_ms=1789294701893 text=MECH_PWR id=7 speed=-50 load=-28 current_raw=0 mv=11200 temp=35 hw=0
$SPOTLOG seq=21849 boot=101 uptime_ms=15636 epoch_ms=1789294701893 text=MECH_CAL id=7 ctr=2104 dir=-1 min=0 max=4095
$SPOTLOG seq=21850 boot=101 uptime_ms=15637 epoch_ms=1789294701894 text=MECH_GOAL id=7 goal=2104 err10=-1 torque=1
$SPOTLOG seq=21851 boot=101 uptime_ms=15642 epoch_ms=1789294701899 text=MECH_POS id=8 leg=2 j=2 pos=1432 angle10=448 moving=0
$SPOTLOG seq=21852 boot=101 uptime_ms=15643 epoch_ms=1789294701900 text=MECH_PWR id=8 speed=50 load=16 current_raw=0 mv=11200 temp=32 hw=0
$SPOTLOG seq=21853 boot=101 uptime_ms=15643 epoch_ms=1789294701900 text=MECH_CAL id=8 ctr=1942 dir=-1 min=0 max=4095
$SPOTLOG seq=21854 boot=101 uptime_ms=15644 epoch_ms=1789294701901 text=MECH_GOAL id=8 goal=1430 err10=1 torque=1
$SPOTLOG seq=21855 boot=101 uptime_ms=15649 epoch_ms=1789294701906 text=MECH_POS id=9 leg=2 j=3 pos=3000 angle10=910 moving=0
$SPOTLOG seq=21856 boot=101 uptime_ms=15650 epoch_ms=1789294701907 text=MECH_PWR id=9 speed=50 load=108 current_raw=17 mv=11200 temp=57 hw=0
$SPOTLOG seq=21857 boot=101 uptime_ms=15650 epoch_ms=1789294701907 text=MECH_CAL id=9 ctr=1964 dir=1 min=0 max=4095
$SPOTLOG seq=21858 boot=101 uptime_ms=15651 epoch_ms=1789294701908 text=MECH_GOAL id=9 goal=2988 err10=-10 torque=1
$SPOTLOG seq=21859 boot=101 uptime_ms=15656 epoch_ms=1789294701913 text=MECH_POS id=10 leg=3 j=1 pos=1960 angle10=7 moving=0
$SPOTLOG seq=21860 boot=101 uptime_ms=15657 epoch_ms=1789294701914 text=MECH_PWR id=10 speed=0 load=80 current_raw=3 mv=11300 temp=37 hw=0
$SPOTLOG seq=21861 boot=101 uptime_ms=15657 epoch_ms=1789294701914 text=MECH_CAL id=10 ctr=1951 dir=1 min=0 max=4095
$SPOTLOG seq=21862 boot=101 uptime_ms=15658 epoch_ms=1789294701915 text=MECH_GOAL id=10 goal=1951 err10=-7 torque=1
$SPOTLOG seq=21863 boot=101 uptime_ms=15663 epoch_ms=1789294701920 text=MECH_POS id=11 leg=3 j=2 pos=2765 angle10=448 moving=0
$SPOTLOG seq=21864 boot=101 uptime_ms=15664 epoch_ms=1789294701921 text=MECH_PWR id=11 speed=0 load=-16 current_raw=0 mv=11200 temp=33 hw=0
$SPOTLOG seq=21865 boot=101 uptime_ms=15664 epoch_ms=1789294701921 text=MECH_CAL id=11 ctr=2255 dir=1 min=0 max=4095
$SPOTLOG seq=21866 boot=101 uptime_ms=15665 epoch_ms=1789294701922 text=MECH_GOAL id=11 goal=2767 err10=1 torque=1
$SPOTLOG seq=21867 boot=101 uptime_ms=15670 epoch_ms=1789294701927 text=MECH_POS id=12 leg=3 j=3 pos=1000 angle10=919 moving=0
$SPOTLOG seq=21868 boot=101 uptime_ms=15671 epoch_ms=1789294701928 text=MECH_PWR id=12 speed=0 load=-184 current_raw=12 mv=11200 temp=50 hw=0
$SPOTLOG seq=21869 boot=101 uptime_ms=15671 epoch_ms=1789294701928 text=MECH_CAL id=12 ctr=2046 dir=-1 min=0 max=4095
$SPOTLOG seq=21870 boot=101 uptime_ms=15672 epoch_ms=1789294701929 text=MECH_GOAL id=12 goal=1022 err10=-19 torque=1
$SPOTLOG seq=21871 boot=101 uptime_ms=15673 epoch_ms=1789294701930 text=MECH_END mode=pose valid=12 missing=0 stored=1
$SPOTLOG seq=21872 boot=101 uptime_ms=15964 epoch_ms=1789294702221 text=CMD link=ble status
$SPOTLOG seq=21873 boot=101 uptime_ms=400378 epoch_ms=1789295092069 text=TIME_SYNC epoch=1789295092.069
$SPOTLOG seq=21874 boot=101 uptime_ms=400741 epoch_ms=1789295092432 text=CMD link=ble gaitprofile centerpivot
$SPOTLOG seq=21875 boot=101 uptime_ms=400860 epoch_ms=1789295092551 text=CMD link=ble read 1
$SPOTLOG seq=21876 boot=101 uptime_ms=401287 epoch_ms=1789295092978 text=CMD link=ble read 1
$SPOTLOG seq=21877 boot=101 uptime_ms=403686 epoch_ms=1789295095377 text=CMD link=ble drive 0 999 321
$SPOTLOG seq=21878 boot=101 uptime_ms=403704 epoch_ms=1789295095395 text=RESULT result=safety fault; check cause and retry new command servo=0 bus=ok error=0x00
$SPOTLOG seq=21879 boot=101 uptime_ms=404809 epoch_ms=1789295096500 text=CMD link=ble read 1
$SPOTLOG seq=21880 boot=101 uptime_ms=407814 epoch_ms=1789295099505 text=CMD link=ble landing
$SPOTLOG seq=21881 boot=101 uptime_ms=407832 epoch_ms=1789295099523 text=RESULT result=safety fault; check cause and retry new command servo=0 bus=ok error=0x00
$SPOTLOG seq=21882 boot=101 uptime_ms=408361 epoch_ms=1789295100052 text=CMD link=ble read 1
$SPOTLOG seq=21883 boot=101 uptime_ms=411518 epoch_ms=1789295103209 text=CMD link=ble drive -110 980 322
$SPOTLOG seq=21884 boot=101 uptime_ms=411536 epoch_ms=1789295103227 text=RESULT result=safety fault; check cause and retry new command servo=0 bus=ok error=0x00
$SPOTLOG seq=21885 boot=101 uptime_ms=412731 epoch_ms=1789295104422 text=CMD link=ble read 1
$SPOTLOG seq=21886 boot=101 uptime_ms=414614 epoch_ms=1789295106305 text=CMD link=ble landing
$SPOTLOG seq=21887 boot=101 uptime_ms=414632 epoch_ms=1789295106323 text=RESULT result=safety fault; check cause and retry new command servo=0 bus=ok error=0x00
$SPOTLOG seq=21888 boot=101 uptime_ms=415071 epoch_ms=1789295106762 text=CMD link=ble read 1
$SPOTLOG seq=21889 boot=101 uptime_ms=425788 epoch_ms=1789295117479 text=CMD link=ble drive -368 322 325
$SPOTLOG seq=21890 boot=101 uptime_ms=425806 epoch_ms=1789295117497 text=RESULT result=safety fault; check cause and retry new command servo=0 bus=ok error=0x00
$SPOTLOG seq=21891 boot=101 uptime_ms=427033 epoch_ms=1789295118724 text=CMD link=ble read 1
$SPOTLOG seq=21892 boot=101 uptime_ms=431828 epoch_ms=1789295123519 text=CMD link=ble drive 129 303 326
$SPOTLOG seq=21893 boot=101 uptime_ms=431846 epoch_ms=1789295123537 text=RESULT result=safety fault; check cause and retry new command servo=0 bus=ok error=0x00
$SPOTLOG seq=21894 boot=101 uptime_ms=433073 epoch_ms=1789295124764 text=CMD link=ble read 1
$SPOTLOG seq=21895 boot=101 uptime_ms=436168 epoch_ms=1789295127859 text=CMD link=ble drive 217 455 327
$SPOTLOG seq=21896 boot=101 uptime_ms=436186 epoch_ms=1789295127877 text=RESULT result=safety fault; check cause and retry new command servo=0 bus=ok error=0x00
$SPOTLOG seq=21897 boot=101 uptime_ms=437441 epoch_ms=1789295129132 text=CMD link=ble read 1
$SPOTLOG seq=21898 boot=101 uptime_ms=478337 epoch_ms=1789295169127 text=CMD link=ble read 1
$SPOTLOG seq=21899 boot=101 uptime_ms=480614 epoch_ms=1789295171404 text=CMD link=ble drive 332 271 328
$SPOTLOG seq=21900 boot=101 uptime_ms=480632 epoch_ms=1789295171422 text=RESULT result=servo bus error servo=9 bus=servo error error=0x04
$SPOTLOG seq=21901 boot=101 uptime_ms=481979 epoch_ms=1789295172769 text=CMD link=ble read 1
$SPOTLOG seq=21902 boot=101 uptime_ms=506346 epoch_ms=1789295197136 text=CMD link=ble drive 0 -998 329
$SPOTLOG seq=21903 boot=101 uptime_ms=506364 epoch_ms=1789295197154 text=RESULT result=servo bus error servo=9 bus=servo error error=0x04
$SPOTLOG seq=21904 boot=101 uptime_ms=507679 epoch_ms=1789295198469 text=CMD link=ble read 1
$SPOTLOG END
> status
Servo status (12 configured IDs):
ID 1 pos=1928 speed=0 load=0 voltage=11100mV temp=35C current=0 moving=0 hw=0x00
ID 2 pos=1547 speed=0 load=32 voltage=11200mV temp=32C current=2 moving=0 hw=0x00
ID 3 pos=3040 speed=0 load=72 voltage=11300mV temp=37C current=2 moving=0 hw=0x00
ID 4 pos=2085 speed=0 load=-40 voltage=11200mV temp=34C current=1 moving=0 hw=0x00
ID 5 pos=2466 speed=0 load=-8 voltage=11200mV temp=31C current=0 moving=0 hw=0x00
ID 6 pos=987 speed=0 load=-48 voltage=11300mV temp=36C current=1 moving=0 hw=0x00
ID 7 pos=2099 speed=0 load=-48 voltage=11200mV temp=35C current=1 moving=0 hw=0x00
ID 8 pos=1459 speed=0 load=-40 voltage=11200mV temp=31C current=3 moving=0 hw=0x00
ID 9: servo error, servo_error=0x04
ID 10 pos=1955 speed=0 load=40 voltage=11300mV temp=38C current=0 moving=0 hw=0x00
ID 11 pos=2735 speed=0 load=-80 voltage=11200mV temp=33C current=8 moving=0 hw=0x00
ID 12 pos=1043 speed=0 load=-192 voltage=11200mV temp=59C current=12 moving=0 hw=0x00
Bus read retries: attempts=0 recovered=0 failed=0
> syncstate
$SPOTSTATE pose=unknown error=0 torque=on safety=ok balance=full rev=shared-locomotion-v57 caps=trot5,gaitprofiles,arcsupport,centerpivot,jointtrace,jointtracepage,balancecontrol,commandretry,stow,headinghold profile=centerpivot heading=on reverse_limit=1000 recovery=new-command fault_code=0 support=servo-health mass_g=2754
