> syncstate
$SPOTSTATE pose=landing error=59 torque=off safety=ok balance=full rev=shared-locomotion-v57 caps=trot5,gaitprofiles,arcsupport,centerpivot,jointtrace,jointtracepage,balancecontrol,commandretry,stow,headinghold profile=cruise heading=on reverse_limit=1000 recovery=new-command fault_code=0 support=observing mass_g=2754
> status
Servo status (12 configured IDs):
ID 1 pos=1937 speed=0 load=0 voltage=11200mV temp=35C current=0 moving=0 hw=0x00
ID 2 pos=1649 speed=0 load=0 voltage=11300mV temp=32C current=1 moving=0 hw=0x00
ID 3 pos=3485 speed=0 load=0 voltage=11300mV temp=39C current=0 moving=0 hw=0x00
ID 4 pos=2083 speed=0 load=0 voltage=11300mV temp=35C current=0 moving=0 hw=0x00
ID 5 pos=2402 speed=0 load=0 voltage=11300mV temp=31C current=0 moving=0 hw=0x00
ID 6 pos=543 speed=0 load=0 voltage=11400mV temp=39C current=0 moving=0 hw=0x00
ID 7 pos=2098 speed=0 load=0 voltage=11200mV temp=35C current=0 moving=0 hw=0x00
ID 8 pos=1508 speed=0 load=0 voltage=11300mV temp=32C current=0 moving=0 hw=0x00
ID 9 pos=3448 speed=0 load=0 voltage=11300mV temp=57C current=0 moving=0 hw=0x00
ID 10 pos=1961 speed=0 load=0 voltage=11300mV temp=37C current=0 moving=0 hw=0x00
ID 11 pos=2697 speed=0 load=0 voltage=11200mV temp=33C current=0 moving=0 hw=0x00
ID 12 pos=567 speed=0 load=0 voltage=11300mV temp=50C current=0 moving=0 hw=0x00
Bus read retries: attempts=0 recovered=0 failed=0
> landing
Starting slow synchronized landing move
POSE landing reason=complete-residual elapsed=2059 nominal=1500 retries=0 waits=23 hold=0
POSE_HEALTH id=0 temp=0 hw=0x00 transient=0
POSE_PROBE count=0 mask=0x000 max_lead=120
OK
$MECHLOG label=landing complete=1; saved: log show 64
> stand
Starting slow synchronized stand move
POSE stand reason=complete elapsed=694 nominal=0 retries=0 waits=13 hold=0
POSE_HEALTH id=12 temp=50 hw=0x00 transient=2
POSE_PROBE count=0 mask=0x000 max_lead=120
OK
$MECHLOG label=stand complete=1; saved: log show 64
> syncstate
$SPOTSTATE pose=stand error=25 torque=on safety=ok balance=full rev=shared-locomotion-v57 caps=trot5,gaitprofiles,arcsupport,centerpivot,jointtrace,jointtracepage,balancecontrol,commandretry,stow,headinghold profile=cruise heading=on reverse_limit=1000 recovery=new-command fault_code=0 support=adjusting mass_g=2754
> status
Servo status (12 configured IDs):
ID 1 pos=1938 speed=0 load=80 voltage=11200mV temp=35C current=3 moving=0 hw=0x00
ID 2 pos=1564 speed=-100 load=0 voltage=11200mV temp=32C current=0 moving=1 hw=0x00
ID 3 pos=3004 speed=0 load=120 voltage=11300mV temp=39C current=7 moving=0 hw=0x00
ID 4 pos=2087 speed=0 load=-24 voltage=11200mV temp=35C current=0 moving=0 hw=0x00
ID 5 pos=2439 speed=50 load=16 voltage=11200mV temp=31C current=0 moving=0 hw=0x00
ID 6 pos=1040 speed=0 load=-96 voltage=11400mV temp=39C current=4 moving=0 hw=0x00
ID 7 pos=2102 speed=0 load=-24 voltage=11200mV temp=35C current=1 moving=0 hw=0x00
ID 8 pos=1436 speed=0 load=24 voltage=11300mV temp=32C current=1 moving=0 hw=0x00
ID 9 pos=3002 speed=-50 load=164 voltage=11200mV temp=57C current=44 moving=0 hw=0x00
ID 10 pos=1960 speed=0 load=80 voltage=11300mV temp=37C current=3 moving=0 hw=0x00
ID 11 pos=2765 speed=0 load=-8 voltage=11200mV temp=33C current=0 moving=0 hw=0x00
ID 12 pos=999 speed=0 load=-200 voltage=11200mV temp=50C current=13 moving=0 hw=0x00
Bus read retries: attempts=0 recovered=0 failed=0
> log show 80
$SPOTLOG BEGIN total=922 returned=80 time=uptime-only
$SPOTLOG seq=21793 boot=101 uptime_ms=14744 epoch_ms=0000 text=MECH_GOAL id=10 goal=1951 err10=-8 torque=1
$SPOTLOG seq=21794 boot=101 uptime_ms=14749 epoch_ms=0000 text=MECH_POS id=11 leg=3 j=2 pos=2708 angle10=398 moving=0
$SPOTLOG seq=21795 boot=101 uptime_ms=14750 epoch_ms=0000 text=MECH_PWR id=11 speed=0 load=-16 current_raw=0 mv=11200 temp=33 hw=0
$SPOTLOG seq=21796 boot=101 uptime_ms=14750 epoch_ms=0000 text=MECH_CAL id=11 ctr=2255 dir=1 min=0 max=4095
$SPOTLOG seq=21797 boot=101 uptime_ms=14751 epoch_ms=0000 text=MECH_GOAL id=11 goal=2710 err10=1 torque=1
$SPOTLOG seq=21798 boot=101 uptime_ms=14756 epoch_ms=0000 text=MECH_POS id=12 leg=3 j=3 pos=567 angle10=1299 moving=0
$SPOTLOG seq=21799 boot=101 uptime_ms=14757 epoch_ms=0000 text=MECH_PWR id=12 speed=0 load=0 current_raw=0 mv=11200 temp=51 hw=0
$SPOTLOG seq=21800 boot=101 uptime_ms=14757 epoch_ms=0000 text=MECH_CAL id=12 ctr=2046 dir=-1 min=0 max=4095
$SPOTLOG seq=21801 boot=101 uptime_ms=14758 epoch_ms=0000 text=MECH_GOAL id=12 goal=567 err10=0 torque=1
$SPOTLOG seq=21802 boot=101 uptime_ms=14759 epoch_ms=0000 text=MECH_END mode=pose valid=12 missing=0 stored=1
$SPOTLOG seq=21803 boot=101 uptime_ms=14812 epoch_ms=0000 text=CMD link=ble stand
$SPOTLOG seq=21804 boot=101 uptime_ms=15567 epoch_ms=0000 text=POSE stand complete elapsed=694 nominal=0 hold=0
$SPOTLOG seq=21805 boot=101 uptime_ms=15571 epoch_ms=0000 text=POSE_HEALTH id=12 temp=50 hw=0x00 transient=2
$SPOTLOG seq=21806 boot=101 uptime_ms=15576 epoch_ms=0000 text=POSE_PROBE count=0 mask=0x000 max_lead=120
$SPOTLOG seq=21807 boot=101 uptime_ms=15577 epoch_ms=0000 text=PT t=52 id=3 a=3469 t=2989 e=480 v=11300 l=180 c=27 r=-20 p=-4 d=2
$SPOTLOG seq=21808 boot=101 uptime_ms=15577 epoch_ms=0000 text=PT t=98 id=3 a=3469 t=2989 e=480 v=11300 l=200 c=31 r=-20 p=-4 d=2
$SPOTLOG seq=21809 boot=101 uptime_ms=15578 epoch_ms=0000 text=PT t=145 id=3 a=3468 t=2989 e=479 v=11200 l=316 c=37 r=-19 p=-8 d=2
$SPOTLOG seq=21810 boot=101 uptime_ms=15579 epoch_ms=0000 text=PT t=192 id=9 a=3453 t=2988 e=465 v=10900 l=500 c=99 r=-18 p=-15 d=2
$SPOTLOG seq=21811 boot=101 uptime_ms=15580 epoch_ms=0000 text=PT t=238 id=9 a=3433 t=2988 e=445 v=10900 l=648 c=142 r=-17 p=-20 d=2
$SPOTLOG seq=21812 boot=101 uptime_ms=15580 epoch_ms=0000 text=PT t=285 id=9 a=3403 t=2988 e=415 v=10500 l=808 c=379 r=-19 p=-23 d=2
$SPOTLOG seq=21813 boot=101 uptime_ms=15581 epoch_ms=0000 text=PT t=368 id=3 a=3340 t=2989 e=351 v=10900 l=608 c=71 r=-19 p=-28 d=2
$SPOTLOG seq=21814 boot=101 uptime_ms=15582 epoch_ms=0000 text=PT t=415 id=9 a=3239 t=2988 e=251 v=10800 l=852 c=210 r=-17 p=-27 d=2
$SPOTLOG seq=21815 boot=101 uptime_ms=15583 epoch_ms=0000 text=PT t=461 id=9 a=3168 t=2988 e=180 v=10800 l=680 c=222 r=-16 p=-22 d=2
$SPOTLOG seq=21816 boot=101 uptime_ms=15583 epoch_ms=0000 text=PT t=508 id=3 a=3111 t=2989 e=122 v=11100 l=452 c=62 r=-14 p=-19 d=2
$SPOTLOG seq=21817 boot=101 uptime_ms=15584 epoch_ms=0000 text=PT t=554 id=3 a=3067 t=2989 e=78 v=11200 l=364 c=22 r=-12 p=-15 d=2
$SPOTLOG seq=21818 boot=101 uptime_ms=15585 epoch_ms=0000 text=PT t=601 id=3 a=3036 t=2989 e=47 v=11300 l=284 c=16 r=-10 p=-14 d=2
$SPOTLOG seq=21819 boot=101 uptime_ms=15586 epoch_ms=0000 text=PT t=648 id=3 a=3015 t=2989 e=26 v=11300 l=196 c=22 r=-8 p=-12 d=2
$SPOTLOG seq=21820 boot=101 uptime_ms=15586 epoch_ms=0000 text=PT t=694 id=12 a=1000 t=1022 e=22 v=11200 l=-180 c=12 r=-7 p=-9 d=3
$SPOTLOG seq=21821 boot=101 uptime_ms=15587 epoch_ms=0000 text=RESULT result=ok servo=0 bus=ok error=0x00
$SPOTLOG seq=21822 boot=101 uptime_ms=15588 epoch_ms=0000 text=MECH_BEGIN mode=pose label=stand units=angle10,current_raw
$SPOTLOG seq=21823 boot=101 uptime_ms=15593 epoch_ms=0000 text=MECH_POS id=1 leg=0 j=1 pos=1938 angle10=-7 moving=0
$SPOTLOG seq=21824 boot=101 uptime_ms=15594 epoch_ms=0000 text=MECH_PWR id=1 speed=0 load=80 current_raw=3 mv=11100 temp=35 hw=0
$SPOTLOG seq=21825 boot=101 uptime_ms=15594 epoch_ms=0000 text=MECH_CAL id=1 ctr=1929 dir=-1 min=0 max=4095
$SPOTLOG seq=21826 boot=101 uptime_ms=15595 epoch_ms=0000 text=MECH_GOAL id=1 goal=1929 err10=7 torque=1
$SPOTLOG seq=21827 boot=101 uptime_ms=15600 epoch_ms=0000 text=MECH_POS id=2 leg=0 j=2 pos=1562 angle10=452 moving=0
$SPOTLOG seq=21828 boot=101 uptime_ms=15601 epoch_ms=0000 text=MECH_PWR id=2 speed=0 load=-24 current_raw=1 mv=11300 temp=32 hw=0
$SPOTLOG seq=21829 boot=101 uptime_ms=15601 epoch_ms=0000 text=MECH_CAL id=2 ctr=2077 dir=-1 min=0 max=4095
$SPOTLOG seq=21830 boot=101 uptime_ms=15602 epoch_ms=0000 text=MECH_GOAL id=2 goal=1565 err10=-2 torque=1
$SPOTLOG seq=21831 boot=101 uptime_ms=15607 epoch_ms=0000 text=MECH_POS id=3 leg=0 j=3 pos=3004 angle10=913 moving=0
$SPOTLOG seq=21832 boot=101 uptime_ms=15608 epoch_ms=0000 text=MECH_PWR id=3 speed=0 load=128 current_raw=7 mv=11300 temp=39 hw=0
$SPOTLOG seq=21833 boot=101 uptime_ms=15608 epoch_ms=0000 text=MECH_CAL id=3 ctr=1965 dir=1 min=0 max=4095
$SPOTLOG seq=21834 boot=101 uptime_ms=15609 epoch_ms=0000 text=MECH_GOAL id=3 goal=2989 err10=-13 torque=1
$SPOTLOG seq=21835 boot=101 uptime_ms=15614 epoch_ms=0000 text=MECH_POS id=4 leg=1 j=1 pos=2086 angle10=-2 moving=0
$SPOTLOG seq=21836 boot=101 uptime_ms=15615 epoch_ms=0000 text=MECH_PWR id=4 speed=0 load=-32 current_raw=1 mv=11300 temp=35 hw=0
$SPOTLOG seq=21837 boot=101 uptime_ms=15615 epoch_ms=0000 text=MECH_CAL id=4 ctr=2089 dir=1 min=0 max=4095
$SPOTLOG seq=21838 boot=101 uptime_ms=15616 epoch_ms=0000 text=MECH_GOAL id=4 goal=2089 err10=2 torque=1
$SPOTLOG seq=21839 boot=101 uptime_ms=15621 epoch_ms=0000 text=MECH_POS id=5 leg=1 j=2 pos=2436 angle10=451 moving=0
$SPOTLOG seq=21840 boot=101 uptime_ms=15622 epoch_ms=0000 text=MECH_PWR id=5 speed=0 load=16 current_raw=0 mv=11300 temp=31 hw=0
$SPOTLOG seq=21841 boot=101 uptime_ms=15622 epoch_ms=0000 text=MECH_CAL id=5 ctr=1922 dir=1 min=0 max=4095
$SPOTLOG seq=21842 boot=101 uptime_ms=15623 epoch_ms=0000 text=MECH_GOAL id=5 goal=2434 err10=-1 torque=1
$SPOTLOG seq=21843 boot=101 uptime_ms=15628 epoch_ms=0000 text=MECH_POS id=6 leg=1 j=3 pos=1040 angle10=914 moving=0
$SPOTLOG seq=21844 boot=101 uptime_ms=15629 epoch_ms=0000 text=MECH_PWR id=6 speed=0 load=-144 current_raw=8 mv=11300 temp=39 hw=0
$SPOTLOG seq=21845 boot=101 uptime_ms=15629 epoch_ms=0000 text=MECH_CAL id=6 ctr=2081 dir=-1 min=0 max=4095
$SPOTLOG seq=21846 boot=101 uptime_ms=15630 epoch_ms=0000 text=MECH_GOAL id=6 goal=1057 err10=-14 torque=1
$SPOTLOG seq=21847 boot=101 uptime_ms=15635 epoch_ms=0000 text=MECH_POS id=7 leg=2 j=1 pos=2102 angle10=1 moving=0
$SPOTLOG seq=21848 boot=101 uptime_ms=15636 epoch_ms=0000 text=MECH_PWR id=7 speed=-50 load=-28 current_raw=0 mv=11200 temp=35 hw=0
$SPOTLOG seq=21849 boot=101 uptime_ms=15636 epoch_ms=0000 text=MECH_CAL id=7 ctr=2104 dir=-1 min=0 max=4095
$SPOTLOG seq=21850 boot=101 uptime_ms=15637 epoch_ms=0000 text=MECH_GOAL id=7 goal=2104 err10=-1 torque=1
$SPOTLOG seq=21851 boot=101 uptime_ms=15642 epoch_ms=0000 text=MECH_POS id=8 leg=2 j=2 pos=1432 angle10=448 moving=0
$SPOTLOG seq=21852 boot=101 uptime_ms=15643 epoch_ms=0000 text=MECH_PWR id=8 speed=50 load=16 current_raw=0 mv=11200 temp=32 hw=0
$SPOTLOG seq=21853 boot=101 uptime_ms=15643 epoch_ms=0000 text=MECH_CAL id=8 ctr=1942 dir=-1 min=0 max=4095
$SPOTLOG seq=21854 boot=101 uptime_ms=15644 epoch_ms=0000 text=MECH_GOAL id=8 goal=1430 err10=1 torque=1
$SPOTLOG seq=21855 boot=101 uptime_ms=15649 epoch_ms=0000 text=MECH_POS id=9 leg=2 j=3 pos=3000 angle10=910 moving=0
$SPOTLOG seq=21856 boot=101 uptime_ms=15650 epoch_ms=0000 text=MECH_PWR id=9 speed=50 load=108 current_raw=17 mv=11200 temp=57 hw=0
$SPOTLOG seq=21857 boot=101 uptime_ms=15650 epoch_ms=0000 text=MECH_CAL id=9 ctr=1964 dir=1 min=0 max=4095
$SPOTLOG seq=21858 boot=101 uptime_ms=15651 epoch_ms=0000 text=MECH_GOAL id=9 goal=2988 err10=-10 torque=1
$SPOTLOG seq=21859 boot=101 uptime_ms=15656 epoch_ms=0000 text=MECH_POS id=10 leg=3 j=1 pos=1960 angle10=7 moving=0
$SPOTLOG seq=21860 boot=101 uptime_ms=15657 epoch_ms=0000 text=MECH_PWR id=10 speed=0 load=80 current_raw=3 mv=11300 temp=37 hw=0
$SPOTLOG seq=21861 boot=101 uptime_ms=15657 epoch_ms=0000 text=MECH_CAL id=10 ctr=1951 dir=1 min=0 max=4095
$SPOTLOG seq=21862 boot=101 uptime_ms=15658 epoch_ms=0000 text=MECH_GOAL id=10 goal=1951 err10=-7 torque=1
$SPOTLOG seq=21863 boot=101 uptime_ms=15663 epoch_ms=0000 text=MECH_POS id=11 leg=3 j=2 pos=2765 angle10=448 moving=0
$SPOTLOG seq=21864 boot=101 uptime_ms=15664 epoch_ms=0000 text=MECH_PWR id=11 speed=0 load=-16 current_raw=0 mv=11200 temp=33 hw=0
$SPOTLOG seq=21865 boot=101 uptime_ms=15664 epoch_ms=0000 text=MECH_CAL id=11 ctr=2255 dir=1 min=0 max=4095
$SPOTLOG seq=21866 boot=101 uptime_ms=15665 epoch_ms=0000 text=MECH_GOAL id=11 goal=2767 err10=1 torque=1
$SPOTLOG seq=21867 boot=101 uptime_ms=15670 epoch_ms=0000 text=MECH_POS id=12 leg=3 j=3 pos=1000 angle10=919 moving=0
$SPOTLOG seq=21868 boot=101 uptime_ms=15671 epoch_ms=0000 text=MECH_PWR id=12 speed=0 load=-184 current_raw=12 mv=11200 temp=50 hw=0
$SPOTLOG seq=21869 boot=101 uptime_ms=15671 epoch_ms=0000 text=MECH_CAL id=12 ctr=2046 dir=-1 min=0 max=4095
$SPOTLOG seq=21870 boot=101 uptime_ms=15672 epoch_ms=0000 text=MECH_GOAL id=12 goal=1022 err10=-19 torque=1
$SPOTLOG seq=21871 boot=101 uptime_ms=15673 epoch_ms=0000 text=MECH_END mode=pose valid=12 missing=0 stored=1
$SPOTLOG seq=21872 boot=101 uptime_ms=15964 epoch_ms=0000 text=CMD link=ble status
$SPOTLOG END
