........................................................................ [ 61%]
..............................................                           [100%]
=============================== warnings summary ===============================
simulation/mujoco/tests/test_global_foot_lift.py::test_native_lift_entry_and_stop_match_c[s_native_v6_1-reset]
  /Users/etnlwind/project/spot_omg/simulation/mujoco/runtime/cad_physics.py:170: RuntimeWarning: divide by zero encountered in matmul
    local=points@pad_rotation

simulation/mujoco/tests/test_global_foot_lift.py::test_native_lift_entry_and_stop_match_c[s_native_v6_1-reset]
  /Users/etnlwind/project/spot_omg/simulation/mujoco/runtime/cad_physics.py:170: RuntimeWarning: overflow encountered in matmul
    local=points@pad_rotation

simulation/mujoco/tests/test_global_foot_lift.py::test_native_lift_entry_and_stop_match_c[s_native_v6_1-reset]
  /Users/etnlwind/project/spot_omg/simulation/mujoco/runtime/cad_physics.py:170: RuntimeWarning: invalid value encountered in matmul
    local=points@pad_rotation

simulation/mujoco/tests/test_global_foot_lift.py::test_native_lift_entry_and_stop_match_c[s_native_v6_1-reset]
simulation/mujoco/tests/test_global_foot_lift.py::test_native_lift_entry_and_stop_match_c[s_native_v6_2_1-reset_v621]
simulation/mujoco/tests/test_global_foot_lift.py::test_native_lift_entry_and_stop_match_c[s_native_v6_2_3-reset_v623]
simulation/mujoco/tests/test_global_foot_lift.py::test_native_lift_entry_and_stop_match_c[s_native_v6_2_4-reset_v624]
simulation/mujoco/tests/test_global_foot_lift.py::test_native_lift_entry_and_stop_match_c[s_native_v6_2_5-reset_v625]
simulation/mujoco/tests/test_global_foot_lift.py::test_native_lift_entry_and_stop_match_c[s_native_v6_2_6-reset_v626]
simulation/mujoco/tests/test_global_foot_lift.py::test_native_lift_entry_and_stop_match_c[s_native_v6_2_7-reset_v627]
simulation/mujoco/tests/test_global_foot_lift.py::test_v4_extra_lift_in_actual_simulator_drive_pipeline
  /Users/etnlwind/project/spot_omg/simulation/mujoco/runtime/standing_pose.py:15: RuntimeWarning: divide by zero encountered in matmul
    world=self.vertices[i] @ d.geom_xmat[f].reshape(3,3).T+d.geom_xpos[f]

simulation/mujoco/tests/test_global_foot_lift.py::test_native_lift_entry_and_stop_match_c[s_native_v6_1-reset]
simulation/mujoco/tests/test_global_foot_lift.py::test_native_lift_entry_and_stop_match_c[s_native_v6_2_1-reset_v621]
simulation/mujoco/tests/test_global_foot_lift.py::test_native_lift_entry_and_stop_match_c[s_native_v6_2_3-reset_v623]
simulation/mujoco/tests/test_global_foot_lift.py::test_native_lift_entry_and_stop_match_c[s_native_v6_2_4-reset_v624]
simulation/mujoco/tests/test_global_foot_lift.py::test_native_lift_entry_and_stop_match_c[s_native_v6_2_5-reset_v625]
simulation/mujoco/tests/test_global_foot_lift.py::test_native_lift_entry_and_stop_match_c[s_native_v6_2_6-reset_v626]
simulation/mujoco/tests/test_global_foot_lift.py::test_native_lift_entry_and_stop_match_c[s_native_v6_2_7-reset_v627]
simulation/mujoco/tests/test_global_foot_lift.py::test_v4_extra_lift_in_actual_simulator_drive_pipeline
  /Users/etnlwind/project/spot_omg/simulation/mujoco/runtime/standing_pose.py:15: RuntimeWarning: overflow encountered in matmul
    world=self.vertices[i] @ d.geom_xmat[f].reshape(3,3).T+d.geom_xpos[f]

simulation/mujoco/tests/test_global_foot_lift.py::test_native_lift_entry_and_stop_match_c[s_native_v6_1-reset]
simulation/mujoco/tests/test_global_foot_lift.py::test_native_lift_entry_and_stop_match_c[s_native_v6_2_1-reset_v621]
simulation/mujoco/tests/test_global_foot_lift.py::test_native_lift_entry_and_stop_match_c[s_native_v6_2_3-reset_v623]
simulation/mujoco/tests/test_global_foot_lift.py::test_native_lift_entry_and_stop_match_c[s_native_v6_2_4-reset_v624]
simulation/mujoco/tests/test_global_foot_lift.py::test_native_lift_entry_and_stop_match_c[s_native_v6_2_5-reset_v625]
simulation/mujoco/tests/test_global_foot_lift.py::test_native_lift_entry_and_stop_match_c[s_native_v6_2_6-reset_v626]
simulation/mujoco/tests/test_global_foot_lift.py::test_native_lift_entry_and_stop_match_c[s_native_v6_2_7-reset_v627]
simulation/mujoco/tests/test_global_foot_lift.py::test_v4_extra_lift_in_actual_simulator_drive_pipeline
  /Users/etnlwind/project/spot_omg/simulation/mujoco/runtime/standing_pose.py:15: RuntimeWarning: invalid value encountered in matmul
    world=self.vertices[i] @ d.geom_xmat[f].reshape(3,3).T+d.geom_xpos[f]

simulation/mujoco/tests/test_global_foot_lift.py::test_native_lift_entry_and_stop_match_c[s_native_v6_1-reset]
  /Users/etnlwind/project/spot_omg/simulation/mujoco/runtime/cad_physics.py:94: RuntimeWarning: divide by zero encountered in matmul
    return float(np.max(model.mesh_vert[start:start+count]@local))

simulation/mujoco/tests/test_global_foot_lift.py::test_native_lift_entry_and_stop_match_c[s_native_v6_1-reset]
  /Users/etnlwind/project/spot_omg/simulation/mujoco/runtime/cad_physics.py:94: RuntimeWarning: overflow encountered in matmul
    return float(np.max(model.mesh_vert[start:start+count]@local))

simulation/mujoco/tests/test_global_foot_lift.py::test_native_lift_entry_and_stop_match_c[s_native_v6_1-reset]
  /Users/etnlwind/project/spot_omg/simulation/mujoco/runtime/cad_physics.py:94: RuntimeWarning: invalid value encountered in matmul
    return float(np.max(model.mesh_vert[start:start+count]@local))

-- Docs: https://docs.pytest.org/en/stable/how-to/capture-warnings.html
118 passed, 30 warnings in 21.57s
