Collecting PySide6<7,>=6.8 (from -r apps/windows/requirements.txt (line 1))
  Downloading pyside6-6.11.2-cp310-abi3-macosx_13_0_universal2.whl.metadata (5.2 kB)
Collecting bleak<2,>=0.22 (from -r apps/windows/requirements.txt (line 2))
  Downloading bleak-1.1.1-py3-none-any.whl.metadata (5.1 kB)
Requirement already satisfied: Pillow<13,>=10 in /opt/anaconda3/envs/spot_omg/lib/python3.10/site-packages (from -r apps/windows/requirements.txt (line 3)) (12.3.0)
Collecting shiboken6==6.11.2 (from PySide6<7,>=6.8->-r apps/windows/requirements.txt (line 1))
  Downloading shiboken6-6.11.2-cp310-abi3-macosx_13_0_universal2.whl.metadata (2.4 kB)
Collecting PySide6_Essentials==6.11.2 (from PySide6<7,>=6.8->-r apps/windows/requirements.txt (line 1))
  Downloading pyside6_essentials-6.11.2-cp310-abi3-macosx_13_0_universal2.whl.metadata (3.6 kB)
Collecting PySide6_Addons==6.11.2 (from PySide6<7,>=6.8->-r apps/windows/requirements.txt (line 1))
  Downloading pyside6_addons-6.11.2-cp310-abi3-macosx_13_0_universal2.whl.metadata (4.0 kB)
Requirement already satisfied: tomli>=2.0.1 in /opt/anaconda3/envs/spot_omg/lib/python3.10/site-packages (from PySide6<7,>=6.8->-r apps/windows/requirements.txt (line 1)) (2.4.0)
Requirement already satisfied: async-timeout>=3.0.0 in /opt/anaconda3/envs/spot_omg/lib/python3.10/site-packages (from bleak<2,>=0.22->-r apps/windows/requirements.txt (line 2)) (5.0.1)
Requirement already satisfied: pyobjc-core>=10.3 in /opt/anaconda3/envs/spot_omg/lib/python3.10/site-packages (from bleak<2,>=0.22->-r apps/windows/requirements.txt (line 2)) (12.2.2)
Requirement already satisfied: pyobjc-framework-CoreBluetooth>=10.3 in /opt/anaconda3/envs/spot_omg/lib/python3.10/site-packages (from bleak<2,>=0.22->-r apps/windows/requirements.txt (line 2)) (12.2.2)
Requirement already satisfied: pyobjc-framework-libdispatch>=10.3 in /opt/anaconda3/envs/spot_omg/lib/python3.10/site-packages (from bleak<2,>=0.22->-r apps/windows/requirements.txt (line 2)) (12.2.2)
Requirement already satisfied: typing-extensions>=4.7.0 in /opt/anaconda3/envs/spot_omg/lib/python3.10/site-packages (from bleak<2,>=0.22->-r apps/windows/requirements.txt (line 2)) (4.16.0)
Requirement already satisfied: pyobjc-framework-Cocoa>=12.2.2 in /opt/anaconda3/envs/spot_omg/lib/python3.10/site-packages (from pyobjc-framework-CoreBluetooth>=10.3->bleak<2,>=0.22->-r apps/windows/requirements.txt (line 2)) (12.2.2)
Downloading pyside6-6.11.2-cp310-abi3-macosx_13_0_universal2.whl (571 kB)
   ━━━━━━━━━━━━━━━━━━━━━━━━━━━━━━━━━━━━━━━━ 571.9/571.9 kB 7.1 MB/s  0:00:00
Downloading pyside6_addons-6.11.2-cp310-abi3-macosx_13_0_universal2.whl (332.0 MB)
   ━━━━━━━━━━━━━━━━━━━━━━━━━━━━━━━━━━━━━━━━ 332.0/332.0 MB 8.7 MB/s  0:00:38
Downloading pyside6_essentials-6.11.2-cp310-abi3-macosx_13_0_universal2.whl (110.8 MB)
   ━━━━━━━━━━━━━━━━━━━━━━━━━━━━━━━━━━━━━━━━ 110.8/110.8 MB 8.9 MB/s  0:00:12
Downloading shiboken6-6.11.2-cp310-abi3-macosx_13_0_universal2.whl (476 kB)
Downloading bleak-1.1.1-py3-none-any.whl (136 kB)
Installing collected packages: shiboken6, PySide6_Essentials, PySide6_Addons, bleak, PySide6
  Attempting uninstall: bleak
    Found existing installation: bleak 3.0.2
    Uninstalling bleak-3.0.2:
      Successfully uninstalled bleak-3.0.2

Successfully installed PySide6-6.11.2 PySide6_Addons-6.11.2 PySide6_Essentials-6.11.2 bleak-1.1.1 shiboken6-6.11.2
