/Users/etnlwind/project/spot_omg/simulation/mujoco/runtime/cad_physics.py:170: RuntimeWarning: divide by zero encountered in matmul
  local=points@pad_rotation
/Users/etnlwind/project/spot_omg/simulation/mujoco/runtime/cad_physics.py:170: RuntimeWarning: overflow encountered in matmul
  local=points@pad_rotation
/Users/etnlwind/project/spot_omg/simulation/mujoco/runtime/cad_physics.py:170: RuntimeWarning: invalid value encountered in matmul
  local=points@pad_rotation
/Users/etnlwind/project/spot_omg/simulation/mujoco/runtime/standing_pose.py:15: RuntimeWarning: divide by zero encountered in matmul
  world=self.vertices[i] @ d.geom_xmat[f].reshape(3,3).T+d.geom_xpos[f]
/Users/etnlwind/project/spot_omg/simulation/mujoco/runtime/standing_pose.py:15: RuntimeWarning: overflow encountered in matmul
  world=self.vertices[i] @ d.geom_xmat[f].reshape(3,3).T+d.geom_xpos[f]
/Users/etnlwind/project/spot_omg/simulation/mujoco/runtime/standing_pose.py:15: RuntimeWarning: invalid value encountered in matmul
  world=self.vertices[i] @ d.geom_xmat[f].reshape(3,3).T+d.geom_xpos[f]
/Users/etnlwind/project/spot_omg/simulation/mujoco/runtime/cad_physics.py:94: RuntimeWarning: divide by zero encountered in matmul
  return float(np.max(model.mesh_vert[start:start+count]@local))
/Users/etnlwind/project/spot_omg/simulation/mujoco/runtime/cad_physics.py:94: RuntimeWarning: overflow encountered in matmul
  return float(np.max(model.mesh_vert[start:start+count]@local))
/Users/etnlwind/project/spot_omg/simulation/mujoco/runtime/cad_physics.py:94: RuntimeWarning: invalid value encountered in matmul
  return float(np.max(model.mesh_vert[start:start+count]@local))
READY: W = repeat 100% / Space = Stop / mouse = camera. No hardware connection.
2026-09-15 23:32:45.597 mjpython[89977:5503151] TSM AdjustCapsLockLEDForKeyTransitionHandling - _ISSetPhysicalKeyboardCapsLockLED Inhibit
2026-09-15 23:32:45.599 mjpython[89977:5503151] error messaging the mach port for IMKCFRunLoopWakeUpReliable
PLAY: s_native_v6_2_5 / 100% / body supported
$SPOTDRIVE started seq=1 watchdog=800ms
$SPOTDRIVE stopped reason=tracking feedback fault
#
