258 INFO: PyInstaller: 6.22.3, contrib hooks: 2026.7
258 INFO: Python: 3.10.20 (conda)
293 INFO: Platform: Windows-10-10.0.26200-SP0
293 INFO: Python environment: C:\Users\etnlw\miniforge3\envs\spot_omg
293 INFO: wrote D:\project\spot_omg\apps\windows\SpotOMGController.spec
295 INFO: Removing temporary files and cleaning cache in C:\Users\etnlw\AppData\Local\pyinstaller
1345 INFO: Module search paths (PYTHONPATH):
['D:\\project\\spot_omg',
 'C:\\Users\\etnlw\\miniforge3\\envs\\spot_omg\\python310.zip',
 'C:\\Users\\etnlw\\miniforge3\\envs\\spot_omg\\DLLs',
 'C:\\Users\\etnlw\\miniforge3\\envs\\spot_omg\\lib',
 'C:\\Users\\etnlw\\miniforge3\\envs\\spot_omg',
 'C:\\Users\\etnlw\\miniforge3\\envs\\spot_omg\\lib\\site-packages',
 'D:\\project\\spot_omg\\apps\\windows']
1825 INFO: checking Analysis
1825 INFO: Building Analysis because Analysis-00.toc is non existent
1825 INFO: Looking for Python shared library...
1825 INFO: Using Python shared library: C:\Users\etnlw\miniforge3\envs\spot_omg\python310.dll
1825 INFO: Running Analysis Analysis-00.toc
1825 INFO: Target bytecode optimization level: 0
1825 INFO: Initializing module dependency graph...
1827 INFO: Initializing module graph hook caches...
1843 INFO: Analyzing modules for base_library.zip ...
2737 INFO: Processing standard module hook 'hook-heapq.py' from 'C:\\Users\\etnlw\\miniforge3\\envs\\spot_omg\\lib\\site-packages\\PyInstaller\\hooks'
2789 INFO: Processing standard module hook 'hook-encodings.py' from 'C:\\Users\\etnlw\\miniforge3\\envs\\spot_omg\\lib\\site-packages\\PyInstaller\\hooks'
3377 INFO: Processing standard module hook 'hook-math.py' from 'C:\\Users\\etnlw\\miniforge3\\envs\\spot_omg\\lib\\site-packages\\PyInstaller\\hooks'
4100 INFO: Processing standard module hook 'hook-pickle.py' from 'C:\\Users\\etnlw\\miniforge3\\envs\\spot_omg\\lib\\site-packages\\PyInstaller\\hooks'
5069 INFO: Caching module dependency graph...
5126 INFO: Analyzing D:\project\spot_omg\apps\windows\main.py
5217 INFO: Processing standard module hook 'hook-platform.py' from 'C:\\Users\\etnlw\\miniforge3\\envs\\spot_omg\\lib\\site-packages\\PyInstaller\\hooks'
5226 INFO: Processing standard module hook 'hook-PySide6.py' from 'C:\\Users\\etnlw\\miniforge3\\envs\\spot_omg\\lib\\site-packages\\PyInstaller\\hooks'
5413 INFO: Processing standard module hook 'hook-shiboken6.py' from 'C:\\Users\\etnlw\\miniforge3\\envs\\spot_omg\\lib\\site-packages\\PyInstaller\\hooks'
5491 INFO: Processing standard module hook 'hook-PySide6.QtNetwork.py' from 'C:\\Users\\etnlw\\miniforge3\\envs\\spot_omg\\lib\\site-packages\\PyInstaller\\hooks'
7772 INFO: Processing standard module hook 'hook-PySide6.QtCore.py' from 'C:\\Users\\etnlw\\miniforge3\\envs\\spot_omg\\lib\\site-packages\\PyInstaller\\hooks'
10981 INFO: Processing standard module hook 'hook-PySide6.QtGui.py' from 'C:\\Users\\etnlw\\miniforge3\\envs\\spot_omg\\lib\\site-packages\\PyInstaller\\hooks'
30297 INFO: Processing standard module hook 'hook-PySide6.QtWidgets.py' from 'C:\\Users\\etnlw\\miniforge3\\envs\\spot_omg\\lib\\site-packages\\PyInstaller\\hooks'
32726 INFO: Processing standard module hook 'hook-multiprocessing.util.py' from 'C:\\Users\\etnlw\\miniforge3\\envs\\spot_omg\\lib\\site-packages\\PyInstaller\\hooks'
32799 INFO: Processing standard module hook 'hook-xml.py' from 'C:\\Users\\etnlw\\miniforge3\\envs\\spot_omg\\lib\\site-packages\\PyInstaller\\hooks'
32920 INFO: Processing standard module hook 'hook-_ctypes.py' from 'C:\\Users\\etnlw\\miniforge3\\envs\\spot_omg\\lib\\site-packages\\PyInstaller\\hooks'
33093 INFO: Processing standard module hook 'hook-bleak.py' from 'C:\\Users\\etnlw\\miniforge3\\envs\\spot_omg\\lib\\site-packages\\_pyinstaller_hooks_contrib\\stdhooks'
33102 INFO: Processing pre-safe-import-module hook 'hook-typing_extensions.py' from 'C:\\Users\\etnlw\\miniforge3\\envs\\spot_omg\\lib\\site-packages\\PyInstaller\\hooks\\pre_safe_import_module'
33104 INFO: SetuptoolsInfo: initializing cached setuptools info...
33974 INFO: Analyzing hidden import 'winrt.runtime.interop'
33975 INFO: Analyzing hidden import 'winrt.system.hresult'
33976 INFO: Processing module hooks (post-graph stage)...
34110 INFO: Performing binary vs. data reclassification (122 entries)
34134 INFO: Looking for ctypes DLLs
34141 INFO: Analyzing run-time hooks ...
34143 INFO: Including run-time hook 'pyi_rth_pkgutil.py' from 'C:\\Users\\etnlw\\miniforge3\\envs\\spot_omg\\lib\\site-packages\\PyInstaller\\hooks\\rthooks'
34145 INFO: Including run-time hook 'pyi_rth_multiprocessing.py' from 'C:\\Users\\etnlw\\miniforge3\\envs\\spot_omg\\lib\\site-packages\\PyInstaller\\hooks\\rthooks'
34146 INFO: Including run-time hook 'pyi_rth_inspect.py' from 'C:\\Users\\etnlw\\miniforge3\\envs\\spot_omg\\lib\\site-packages\\PyInstaller\\hooks\\rthooks'
34147 INFO: Including run-time hook 'pyi_rth_pyside6.py' from 'C:\\Users\\etnlw\\miniforge3\\envs\\spot_omg\\lib\\site-packages\\PyInstaller\\hooks\\rthooks'
34148 INFO: Processing pre-find-module-path hook 'hook-_pyi_rth_utils.py' from 'C:\\Users\\etnlw\\miniforge3\\envs\\spot_omg\\lib\\site-packages\\PyInstaller\\hooks\\pre_find_module_path'
34149 INFO: Processing standard module hook 'hook-_pyi_rth_utils.py' from 'C:\\Users\\etnlw\\miniforge3\\envs\\spot_omg\\lib\\site-packages\\PyInstaller\\hooks'
34156 INFO: Creating base_library.zip...
34168 INFO: Looking for dynamic libraries
34437 INFO: Extra DLL search directories (AddDllDirectory): ['C:\\Users\\etnlw\\miniforge3\\envs\\spot_omg\\Lib\\site-packages\\shiboken6']
34437 INFO: Extra DLL search directories (PATH): ['C:\\Users\\etnlw\\miniforge3\\envs\\spot_omg\\Lib\\site-packages\\PySide6']
35683 INFO: Warnings written to D:\project\spot_omg\apps\windows\build\SpotOMGController\warn-SpotOMGController.txt
35707 INFO: Graph cross-reference written to D:\project\spot_omg\apps\windows\build\SpotOMGController\xref-SpotOMGController.html
35728 INFO: checking PYZ
35728 INFO: Building PYZ because PYZ-00.toc is non existent
35728 INFO: Building PYZ (ZlibArchive) D:\project\spot_omg\apps\windows\build\SpotOMGController\PYZ-00.pyz
35862 INFO: Building PYZ (ZlibArchive) D:\project\spot_omg\apps\windows\build\SpotOMGController\PYZ-00.pyz completed successfully.
35868 INFO: checking PKG
35868 INFO: Building PKG because PKG-00.toc is non existent
35868 INFO: Building PKG (CArchive) SpotOMGController.pkg
35886 INFO: Building PKG (CArchive) SpotOMGController.pkg completed successfully.
35887 INFO: Bootloader C:\Users\etnlw\miniforge3\envs\spot_omg\lib\site-packages\PyInstaller\bootloader\Windows-64bit-intel\runw.exe
35887 INFO: checking EXE
35888 INFO: Building EXE because EXE-00.toc is non existent
35888 INFO: Building EXE from EXE-00.toc
35888 INFO: Copying bootloader EXE to D:\project\spot_omg\apps\windows\build\SpotOMGController\SpotOMGController.exe
35926 INFO: Copying icon to EXE
35956 INFO: Copying 0 resources to EXE
35956 INFO: Embedding manifest in EXE
35988 INFO: Appending PKG archive to EXE
36020 INFO: Fixing EXE headers
36179 INFO: Building EXE from EXE-00.toc completed successfully.
36181 INFO: checking COLLECT
36181 INFO: Building COLLECT because COLLECT-00.toc is non existent
36182 INFO: Removing dir D:\project\spot_omg\apps\windows\dist\SpotOMGController
36216 INFO: Building COLLECT COLLECT-00.toc
36568 INFO: Building COLLECT COLLECT-00.toc completed successfully.
36575 INFO: Build complete! The results are available in: D:\project\spot_omg\apps\windows\dist
