200 INFO: PyInstaller: 6.22.3, contrib hooks: 2026.7
200 INFO: Python: 3.10.20 (conda)
228 INFO: Platform: Windows-10-10.0.26200-SP0
228 INFO: Python environment: C:\Users\etnlw\miniforge3\envs\spot_omg
229 INFO: wrote D:\project\spot_omg\apps\windows\SpotOMGController.spec
230 INFO: Removing temporary files and cleaning cache in C:\Users\etnlw\AppData\Local\pyinstaller
1053 INFO: Module search paths (PYTHONPATH):
['D:\\project\\spot_omg',
 'C:\\Users\\etnlw\\miniforge3\\envs\\spot_omg\\python310.zip',
 'C:\\Users\\etnlw\\miniforge3\\envs\\spot_omg\\DLLs',
 'C:\\Users\\etnlw\\miniforge3\\envs\\spot_omg\\lib',
 'C:\\Users\\etnlw\\miniforge3\\envs\\spot_omg',
 'C:\\Users\\etnlw\\miniforge3\\envs\\spot_omg\\lib\\site-packages',
 'D:\\project\\spot_omg\\apps\\windows']
1457 INFO: checking Analysis
1457 INFO: Building Analysis because Analysis-00.toc is non existent
1457 INFO: Looking for Python shared library...
1457 INFO: Using Python shared library: C:\Users\etnlw\miniforge3\envs\spot_omg\python310.dll
1457 INFO: Running Analysis Analysis-00.toc
1457 INFO: Target bytecode optimization level: 0
1457 INFO: Initializing module dependency graph...
1459 INFO: Initializing module graph hook caches...
1472 INFO: Analyzing modules for base_library.zip ...
2206 INFO: Processing standard module hook 'hook-heapq.py' from 'C:\\Users\\etnlw\\miniforge3\\envs\\spot_omg\\lib\\site-packages\\PyInstaller\\hooks'
2365 INFO: Processing standard module hook 'hook-encodings.py' from 'C:\\Users\\etnlw\\miniforge3\\envs\\spot_omg\\lib\\site-packages\\PyInstaller\\hooks'
2765 INFO: Processing standard module hook 'hook-math.py' from 'C:\\Users\\etnlw\\miniforge3\\envs\\spot_omg\\lib\\site-packages\\PyInstaller\\hooks'
3180 INFO: Processing standard module hook 'hook-pickle.py' from 'C:\\Users\\etnlw\\miniforge3\\envs\\spot_omg\\lib\\site-packages\\PyInstaller\\hooks'
3811 INFO: Caching module dependency graph...
3839 INFO: Analyzing D:\project\spot_omg\apps\windows\main.py
3885 INFO: Processing standard module hook 'hook-platform.py' from 'C:\\Users\\etnlw\\miniforge3\\envs\\spot_omg\\lib\\site-packages\\PyInstaller\\hooks'
3899 INFO: Processing standard module hook 'hook-PySide6.py' from 'C:\\Users\\etnlw\\miniforge3\\envs\\spot_omg\\lib\\site-packages\\PyInstaller\\hooks'
4036 INFO: Processing standard module hook 'hook-shiboken6.py' from 'C:\\Users\\etnlw\\miniforge3\\envs\\spot_omg\\lib\\site-packages\\PyInstaller\\hooks'
4109 INFO: Processing standard module hook 'hook-PySide6.QtNetwork.py' from 'C:\\Users\\etnlw\\miniforge3\\envs\\spot_omg\\lib\\site-packages\\PyInstaller\\hooks'
5616 INFO: Processing standard module hook 'hook-PySide6.QtCore.py' from 'C:\\Users\\etnlw\\miniforge3\\envs\\spot_omg\\lib\\site-packages\\PyInstaller\\hooks'
7957 INFO: Processing standard module hook 'hook-PySide6.QtGui.py' from 'C:\\Users\\etnlw\\miniforge3\\envs\\spot_omg\\lib\\site-packages\\PyInstaller\\hooks'
18667 INFO: Processing standard module hook 'hook-PySide6.QtWidgets.py' from 'C:\\Users\\etnlw\\miniforge3\\envs\\spot_omg\\lib\\site-packages\\PyInstaller\\hooks'
21454 INFO: Processing standard module hook 'hook-multiprocessing.util.py' from 'C:\\Users\\etnlw\\miniforge3\\envs\\spot_omg\\lib\\site-packages\\PyInstaller\\hooks'
21535 INFO: Processing standard module hook 'hook-xml.py' from 'C:\\Users\\etnlw\\miniforge3\\envs\\spot_omg\\lib\\site-packages\\PyInstaller\\hooks'
21670 INFO: Processing standard module hook 'hook-_ctypes.py' from 'C:\\Users\\etnlw\\miniforge3\\envs\\spot_omg\\lib\\site-packages\\PyInstaller\\hooks'
21861 INFO: Processing standard module hook 'hook-bleak.py' from 'C:\\Users\\etnlw\\miniforge3\\envs\\spot_omg\\lib\\site-packages\\_pyinstaller_hooks_contrib\\stdhooks'
21874 INFO: Processing pre-safe-import-module hook 'hook-typing_extensions.py' from 'C:\\Users\\etnlw\\miniforge3\\envs\\spot_omg\\lib\\site-packages\\PyInstaller\\hooks\\pre_safe_import_module'
21876 INFO: SetuptoolsInfo: initializing cached setuptools info...
22809 INFO: Analyzing hidden import 'winrt.runtime.interop'
22809 INFO: Analyzing hidden import 'winrt.system.hresult'
22810 INFO: Processing module hooks (post-graph stage)...
22952 INFO: Performing binary vs. data reclassification (122 entries)
22979 INFO: Looking for ctypes DLLs
22987 INFO: Analyzing run-time hooks ...
22989 INFO: Including run-time hook 'pyi_rth_pkgutil.py' from 'C:\\Users\\etnlw\\miniforge3\\envs\\spot_omg\\lib\\site-packages\\PyInstaller\\hooks\\rthooks'
22990 INFO: Including run-time hook 'pyi_rth_multiprocessing.py' from 'C:\\Users\\etnlw\\miniforge3\\envs\\spot_omg\\lib\\site-packages\\PyInstaller\\hooks\\rthooks'
22991 INFO: Including run-time hook 'pyi_rth_inspect.py' from 'C:\\Users\\etnlw\\miniforge3\\envs\\spot_omg\\lib\\site-packages\\PyInstaller\\hooks\\rthooks'
22992 INFO: Including run-time hook 'pyi_rth_pyside6.py' from 'C:\\Users\\etnlw\\miniforge3\\envs\\spot_omg\\lib\\site-packages\\PyInstaller\\hooks\\rthooks'
22993 INFO: Processing pre-find-module-path hook 'hook-_pyi_rth_utils.py' from 'C:\\Users\\etnlw\\miniforge3\\envs\\spot_omg\\lib\\site-packages\\PyInstaller\\hooks\\pre_find_module_path'
22995 INFO: Processing standard module hook 'hook-_pyi_rth_utils.py' from 'C:\\Users\\etnlw\\miniforge3\\envs\\spot_omg\\lib\\site-packages\\PyInstaller\\hooks'
23004 INFO: Creating base_library.zip...
23019 INFO: Looking for dynamic libraries
23298 INFO: Extra DLL search directories (AddDllDirectory): ['C:\\Users\\etnlw\\miniforge3\\envs\\spot_omg\\Lib\\site-packages\\shiboken6']
23298 INFO: Extra DLL search directories (PATH): ['C:\\Users\\etnlw\\miniforge3\\envs\\spot_omg\\Lib\\site-packages\\PySide6']
24663 INFO: Warnings written to D:\project\spot_omg\apps\windows\build\SpotOMGController\warn-SpotOMGController.txt
24691 INFO: Graph cross-reference written to D:\project\spot_omg\apps\windows\build\SpotOMGController\xref-SpotOMGController.html
24711 INFO: checking PYZ
24711 INFO: Building PYZ because PYZ-00.toc is non existent
24711 INFO: Building PYZ (ZlibArchive) D:\project\spot_omg\apps\windows\build\SpotOMGController\PYZ-00.pyz
24870 INFO: Building PYZ (ZlibArchive) D:\project\spot_omg\apps\windows\build\SpotOMGController\PYZ-00.pyz completed successfully.
24877 INFO: checking PKG
24877 INFO: Building PKG because PKG-00.toc is non existent
24877 INFO: Building PKG (CArchive) SpotOMGController.pkg
24893 INFO: Building PKG (CArchive) SpotOMGController.pkg completed successfully.
24894 INFO: Bootloader C:\Users\etnlw\miniforge3\envs\spot_omg\lib\site-packages\PyInstaller\bootloader\Windows-64bit-intel\runw.exe
24894 INFO: checking EXE
24894 INFO: Building EXE because EXE-00.toc is non existent
24894 INFO: Building EXE from EXE-00.toc
24894 INFO: Copying bootloader EXE to D:\project\spot_omg\apps\windows\build\SpotOMGController\SpotOMGController.exe
24929 INFO: Copying icon to EXE
24960 INFO: Copying 0 resources to EXE
24960 INFO: Embedding manifest in EXE
24992 INFO: Appending PKG archive to EXE
25027 INFO: Fixing EXE headers
25196 INFO: Building EXE from EXE-00.toc completed successfully.
25199 INFO: checking COLLECT
25199 INFO: Building COLLECT because COLLECT-00.toc is non existent
25199 INFO: Removing dir D:\project\spot_omg\apps\windows\dist\SpotOMGController
25268 INFO: Building COLLECT COLLECT-00.toc
25590 INFO: Building COLLECT COLLECT-00.toc completed successfully.
25594 INFO: Build complete! The results are available in: D:\project\spot_omg\apps\windows\dist
