Command line invocation:
    /Applications/Xcode.app/Contents/Developer/usr/bin/xcodebuild -project apps/ios/SpotOMGController/SpotOMGController.xcodeproj -scheme SpotOMGController -configuration Debug -destination generic/platform=iOS -derivedDataPath /private/tmp/spot-attitudepd-ios-build CODE_SIGNING_ALLOWED=NO build

Build settings from command line:
    CODE_SIGNING_ALLOWED = NO

2026-09-14 18:10:46.992 xcodebuild[61519:34422278] [MT] IDERunDestination: Supported platforms for the buildables in the current scheme is empty.
ComputePackagePrebuildTargetDependencyGraph

Prepare packages

CreateBuildRequest

SendProjectDescription

CreateBuildOperation

ComputeTargetDependencyGraph
note: Building targets in dependency order
note: Target dependency graph (1 target)
    Target 'SpotOMGController' in project 'SpotOMGController' (no dependencies)

GatherProvisioningInputs

CreateBuildDescription

ExecuteExternalTool /Applications/Xcode.app/Contents/Developer/Toolchains/XcodeDefault.xctoolchain/usr/bin/clang -v -E -dM -isysroot /Applications/Xcode.app/Contents/Developer/Platforms/iPhoneOS.platform/Developer/SDKs/iPhoneOS26.4.sdk -x c -c /dev/null

ExecuteExternalTool /Applications/Xcode.app/Contents/Developer/usr/bin/actool --print-asset-tag-combinations --output-format xml1 /Users/etnlwind/project/spot_omg/apps/ios/SpotOMGController/SpotOMGController/Resources/Assets.xcassets

ExecuteExternalTool /Applications/Xcode.app/Contents/Developer/usr/bin/actool --version --output-format xml1

ExecuteExternalTool /Applications/Xcode.app/Contents/Developer/Toolchains/XcodeDefault.xctoolchain/usr/bin/swiftc --version

ExecuteExternalTool /Applications/Xcode.app/Contents/Developer/Toolchains/XcodeDefault.xctoolchain/usr/bin/ld -version_details

Build description signature: ef3ddf4b123f92fa6a83a894358f241e
Build description path: /tmp/spot-attitudepd-ios-build/Build/Intermediates.noindex/XCBuildData/ef3ddf4b123f92fa6a83a894358f241e.xcbuilddata
CreateBuildDirectory /tmp/spot-attitudepd-ios-build/Build/Products
    cd /Users/etnlwind/project/spot_omg/apps/ios/SpotOMGController/SpotOMGController.xcodeproj
    builtin-create-build-directory /tmp/spot-attitudepd-ios-build/Build/Products

CreateBuildDirectory /tmp/spot-attitudepd-ios-build/Build/Intermediates.noindex
    cd /Users/etnlwind/project/spot_omg/apps/ios/SpotOMGController/SpotOMGController.xcodeproj
    builtin-create-build-directory /tmp/spot-attitudepd-ios-build/Build/Intermediates.noindex

ClangStatCache /Applications/Xcode.app/Contents/Developer/Toolchains/XcodeDefault.xctoolchain/usr/bin/clang-stat-cache /Applications/Xcode.app/Contents/Developer/Platforms/iPhoneOS.platform/Developer/SDKs/iPhoneOS26.4.sdk /tmp/spot-attitudepd-ios-build/SDKStatCaches.noindex/iphoneos26.4-23E237-68a138bb55de9ba35ce6c8c40d12849e.sdkstatcache
    cd /Users/etnlwind/project/spot_omg/apps/ios/SpotOMGController/SpotOMGController.xcodeproj
    /Applications/Xcode.app/Contents/Developer/Toolchains/XcodeDefault.xctoolchain/usr/bin/clang-stat-cache /Applications/Xcode.app/Contents/Developer/Platforms/iPhoneOS.platform/Developer/SDKs/iPhoneOS26.4.sdk -o /tmp/spot-attitudepd-ios-build/SDKStatCaches.noindex/iphoneos26.4-23E237-68a138bb55de9ba35ce6c8c40d12849e.sdkstatcache

CreateBuildDirectory /tmp/spot-attitudepd-ios-build/Build/Intermediates.noindex/SwiftExplicitPrecompiledModules
    cd /Users/etnlwind/project/spot_omg/apps/ios/SpotOMGController/SpotOMGController.xcodeproj
    builtin-create-build-directory /tmp/spot-attitudepd-ios-build/Build/Intermediates.noindex/SwiftExplicitPrecompiledModules

CreateBuildDirectory /tmp/spot-attitudepd-ios-build/Build/Intermediates.noindex/ExplicitPrecompiledModules
    cd /Users/etnlwind/project/spot_omg/apps/ios/SpotOMGController/SpotOMGController.xcodeproj
    builtin-create-build-directory /tmp/spot-attitudepd-ios-build/Build/Intermediates.noindex/ExplicitPrecompiledModules

CreateBuildDirectory /tmp/spot-attitudepd-ios-build/Build/Products/Debug-iphoneos
    cd /Users/etnlwind/project/spot_omg/apps/ios/SpotOMGController/SpotOMGController.xcodeproj
    builtin-create-build-directory /tmp/spot-attitudepd-ios-build/Build/Products/Debug-iphoneos

WriteAuxiliaryFile /tmp/spot-attitudepd-ios-build/Build/Intermediates.noindex/SpotOMGController.build/Debug-iphoneos/SpotOMGController-e064f74df51ff402795221d1e951cda3-VFS-iphoneos/all-product-headers.yaml
    cd /Users/etnlwind/project/spot_omg/apps/ios/SpotOMGController/SpotOMGController.xcodeproj
    write-file /tmp/spot-attitudepd-ios-build/Build/Intermediates.noindex/SpotOMGController.build/Debug-iphoneos/SpotOMGController-e064f74df51ff402795221d1e951cda3-VFS-iphoneos/all-product-headers.yaml

CreateBuildDirectory /tmp/spot-attitudepd-ios-build/Build/Intermediates.noindex/EagerLinkingTBDs/Debug-iphoneos
    cd /Users/etnlwind/project/spot_omg/apps/ios/SpotOMGController/SpotOMGController.xcodeproj
    builtin-create-build-directory /tmp/spot-attitudepd-ios-build/Build/Intermediates.noindex/EagerLinkingTBDs/Debug-iphoneos

WriteAuxiliaryFile /tmp/spot-attitudepd-ios-build/Build/Intermediates.noindex/SpotOMGController.build/Debug-iphoneos/SpotOMGController.build/SpotOMGController.hmap (in target 'SpotOMGController' from project 'SpotOMGController')
    cd /Users/etnlwind/project/spot_omg/apps/ios/SpotOMGController
    write-file /tmp/spot-attitudepd-ios-build/Build/Intermediates.noindex/SpotOMGController.build/Debug-iphoneos/SpotOMGController.build/SpotOMGController.hmap

WriteAuxiliaryFile /tmp/spot-attitudepd-ios-build/Build/Intermediates.noindex/SpotOMGController.build/Debug-iphoneos/SpotOMGController.build/SpotOMGController-all-target-headers.hmap (in target 'SpotOMGController' from project 'SpotOMGController')
    cd /Users/etnlwind/project/spot_omg/apps/ios/SpotOMGController
    write-file /tmp/spot-attitudepd-ios-build/Build/Intermediates.noindex/SpotOMGController.build/Debug-iphoneos/SpotOMGController.build/SpotOMGController-all-target-headers.hmap

WriteAuxiliaryFile /tmp/spot-attitudepd-ios-build/Build/Intermediates.noindex/SpotOMGController.build/Debug-iphoneos/SpotOMGController.build/SpotOMGController-DebugDylibPath-normal-arm64.txt (in target 'SpotOMGController' from project 'SpotOMGController')
    cd /Users/etnlwind/project/spot_omg/apps/ios/SpotOMGController
    write-file /tmp/spot-attitudepd-ios-build/Build/Intermediates.noindex/SpotOMGController.build/Debug-iphoneos/SpotOMGController.build/SpotOMGController-DebugDylibPath-normal-arm64.txt

WriteAuxiliaryFile /tmp/spot-attitudepd-ios-build/Build/Intermediates.noindex/SpotOMGController.build/Debug-iphoneos/SpotOMGController.build/SpotOMGController.DependencyMetadataFileList (in target 'SpotOMGController' from project 'SpotOMGController')
    cd /Users/etnlwind/project/spot_omg/apps/ios/SpotOMGController
    write-file /tmp/spot-attitudepd-ios-build/Build/Intermediates.noindex/SpotOMGController.build/Debug-iphoneos/SpotOMGController.build/SpotOMGController.DependencyMetadataFileList

WriteAuxiliaryFile /tmp/spot-attitudepd-ios-build/Build/Intermediates.noindex/SpotOMGController.build/Debug-iphoneos/SpotOMGController.build/SpotOMGController-all-non-framework-target-headers.hmap (in target 'SpotOMGController' from project 'SpotOMGController')
    cd /Users/etnlwind/project/spot_omg/apps/ios/SpotOMGController
    write-file /tmp/spot-attitudepd-ios-build/Build/Intermediates.noindex/SpotOMGController.build/Debug-iphoneos/SpotOMGController.build/SpotOMGController-all-non-framework-target-headers.hmap

WriteAuxiliaryFile /tmp/spot-attitudepd-ios-build/Build/Intermediates.noindex/SpotOMGController.build/Debug-iphoneos/SpotOMGController.build/SpotOMGController.DependencyStaticMetadataFileList (in target 'SpotOMGController' from project 'SpotOMGController')
    cd /Users/etnlwind/project/spot_omg/apps/ios/SpotOMGController
    write-file /tmp/spot-attitudepd-ios-build/Build/Intermediates.noindex/SpotOMGController.build/Debug-iphoneos/SpotOMGController.build/SpotOMGController.DependencyStaticMetadataFileList

WriteAuxiliaryFile /tmp/spot-attitudepd-ios-build/Build/Intermediates.noindex/SpotOMGController.build/Debug-iphoneos/SpotOMGController.build/SpotOMGController-project-headers.hmap (in target 'SpotOMGController' from project 'SpotOMGController')
    cd /Users/etnlwind/project/spot_omg/apps/ios/SpotOMGController
    write-file /tmp/spot-attitudepd-ios-build/Build/Intermediates.noindex/SpotOMGController.build/Debug-iphoneos/SpotOMGController.build/SpotOMGController-project-headers.hmap

WriteAuxiliaryFile /tmp/spot-attitudepd-ios-build/Build/Intermediates.noindex/SpotOMGController.build/Debug-iphoneos/SpotOMGController.build/SpotOMGController-DebugDylibInstallName-normal-arm64.txt (in target 'SpotOMGController' from project 'SpotOMGController')
    cd /Users/etnlwind/project/spot_omg/apps/ios/SpotOMGController
    write-file /tmp/spot-attitudepd-ios-build/Build/Intermediates.noindex/SpotOMGController.build/Debug-iphoneos/SpotOMGController.build/SpotOMGController-DebugDylibInstallName-normal-arm64.txt

WriteAuxiliaryFile /tmp/spot-attitudepd-ios-build/Build/Intermediates.noindex/SpotOMGController.build/Debug-iphoneos/SpotOMGController.build/SpotOMGController-own-target-headers.hmap (in target 'SpotOMGController' from project 'SpotOMGController')
    cd /Users/etnlwind/project/spot_omg/apps/ios/SpotOMGController
    write-file /tmp/spot-attitudepd-ios-build/Build/Intermediates.noindex/SpotOMGController.build/Debug-iphoneos/SpotOMGController.build/SpotOMGController-own-target-headers.hmap

WriteAuxiliaryFile /tmp/spot-attitudepd-ios-build/Build/Intermediates.noindex/SpotOMGController.build/Debug-iphoneos/SpotOMGController.build/SpotOMGController-generated-files.hmap (in target 'SpotOMGController' from project 'SpotOMGController')
    cd /Users/etnlwind/project/spot_omg/apps/ios/SpotOMGController
    write-file /tmp/spot-attitudepd-ios-build/Build/Intermediates.noindex/SpotOMGController.build/Debug-iphoneos/SpotOMGController.build/SpotOMGController-generated-files.hmap

WriteAuxiliaryFile /tmp/spot-attitudepd-ios-build/Build/Intermediates.noindex/SpotOMGController.build/Debug-iphoneos/SpotOMGController.build/Objects-normal/arm64/SpotOMGController_const_extract_protocols.json (in target 'SpotOMGController' from project 'SpotOMGController')
    cd /Users/etnlwind/project/spot_omg/apps/ios/SpotOMGController
    write-file /tmp/spot-attitudepd-ios-build/Build/Intermediates.noindex/SpotOMGController.build/Debug-iphoneos/SpotOMGController.build/Objects-normal/arm64/SpotOMGController_const_extract_protocols.json

WriteAuxiliaryFile /tmp/spot-attitudepd-ios-build/Build/Intermediates.noindex/SpotOMGController.build/Debug-iphoneos/SpotOMGController.build/Objects-normal/arm64/SpotOMGController.SwiftFileList (in target 'SpotOMGController' from project 'SpotOMGController')
    cd /Users/etnlwind/project/spot_omg/apps/ios/SpotOMGController
    write-file /tmp/spot-attitudepd-ios-build/Build/Intermediates.noindex/SpotOMGController.build/Debug-iphoneos/SpotOMGController.build/Objects-normal/arm64/SpotOMGController.SwiftFileList

WriteAuxiliaryFile /tmp/spot-attitudepd-ios-build/Build/Intermediates.noindex/SpotOMGController.build/Debug-iphoneos/SpotOMGController.build/Objects-normal/arm64/SpotOMGController.SwiftConstValuesFileList (in target 'SpotOMGController' from project 'SpotOMGController')
    cd /Users/etnlwind/project/spot_omg/apps/ios/SpotOMGController
    write-file /tmp/spot-attitudepd-ios-build/Build/Intermediates.noindex/SpotOMGController.build/Debug-iphoneos/SpotOMGController.build/Objects-normal/arm64/SpotOMGController.SwiftConstValuesFileList

WriteAuxiliaryFile /tmp/spot-attitudepd-ios-build/Build/Intermediates.noindex/SpotOMGController.build/Debug-iphoneos/SpotOMGController.build/Objects-normal/arm64/SpotOMGController.LinkFileList (in target 'SpotOMGController' from project 'SpotOMGController')
    cd /Users/etnlwind/project/spot_omg/apps/ios/SpotOMGController
    write-file /tmp/spot-attitudepd-ios-build/Build/Intermediates.noindex/SpotOMGController.build/Debug-iphoneos/SpotOMGController.build/Objects-normal/arm64/SpotOMGController.LinkFileList

WriteAuxiliaryFile /tmp/spot-attitudepd-ios-build/Build/Intermediates.noindex/SpotOMGController.build/Debug-iphoneos/SpotOMGController.build/Objects-normal/arm64/SpotOMGController-OutputFileMap.json (in target 'SpotOMGController' from project 'SpotOMGController')
    cd /Users/etnlwind/project/spot_omg/apps/ios/SpotOMGController
    write-file /tmp/spot-attitudepd-ios-build/Build/Intermediates.noindex/SpotOMGController.build/Debug-iphoneos/SpotOMGController.build/Objects-normal/arm64/SpotOMGController-OutputFileMap.json

MkDir /tmp/spot-attitudepd-ios-build/Build/Products/Debug-iphoneos/SpotOMGController.app (in target 'SpotOMGController' from project 'SpotOMGController')
    cd /Users/etnlwind/project/spot_omg/apps/ios/SpotOMGController
    /bin/mkdir -p /tmp/spot-attitudepd-ios-build/Build/Products/Debug-iphoneos/SpotOMGController.app

Ld /tmp/spot-attitudepd-ios-build/Build/Products/Debug-iphoneos/SpotOMGController.app/__preview.dylib normal (in target 'SpotOMGController' from project 'SpotOMGController')
    cd /Users/etnlwind/project/spot_omg/apps/ios/SpotOMGController
    /Applications/Xcode.app/Contents/Developer/Toolchains/XcodeDefault.xctoolchain/usr/bin/clang -Xlinker -reproducible -target arm64-apple-ios17.0 -dynamiclib -isysroot /Applications/Xcode.app/Contents/Developer/Platforms/iPhoneOS.platform/Developer/SDKs/iPhoneOS26.4.sdk -Os -L/tmp/spot-attitudepd-ios-build/Build/Products/Debug-iphoneos -F/tmp/spot-attitudepd-ios-build/Build/Products/Debug-iphoneos -install_name @rpath/SpotOMGController.debug.dylib -Xlinker -dead_strip -rdynamic -Xlinker -debug_variant -Xlinker -dependency_info -Xlinker /tmp/spot-attitudepd-ios-build/Build/Intermediates.noindex/SpotOMGController.build/Debug-iphoneos/SpotOMGController.build/Objects-normal/arm64/SpotOMGController_dependency_info.dat -o /tmp/spot-attitudepd-ios-build/Build/Products/Debug-iphoneos/SpotOMGController.app/__preview.dylib

MkDir /tmp/spot-attitudepd-ios-build/Build/Intermediates.noindex/SpotOMGController.build/Debug-iphoneos/SpotOMGController.build/assetcatalog_output/unthinned (in target 'SpotOMGController' from project 'SpotOMGController')
    cd /Users/etnlwind/project/spot_omg/apps/ios/SpotOMGController
    /bin/mkdir -p /tmp/spot-attitudepd-ios-build/Build/Intermediates.noindex/SpotOMGController.build/Debug-iphoneos/SpotOMGController.build/assetcatalog_output/unthinned

GenerateAssetSymbols /Users/etnlwind/project/spot_omg/apps/ios/SpotOMGController/SpotOMGController/Resources/Assets.xcassets (in target 'SpotOMGController' from project 'SpotOMGController')
    cd /Users/etnlwind/project/spot_omg/apps/ios/SpotOMGController
    /Applications/Xcode.app/Contents/Developer/usr/bin/actool /Users/etnlwind/project/spot_omg/apps/ios/SpotOMGController/SpotOMGController/Resources/Assets.xcassets --compile /tmp/spot-attitudepd-ios-build/Build/Products/Debug-iphoneos/SpotOMGController.app --output-format human-readable-text --notices --warnings --export-dependency-info /tmp/spot-attitudepd-ios-build/Build/Intermediates.noindex/SpotOMGController.build/Debug-iphoneos/SpotOMGController.build/assetcatalog_dependencies --output-partial-info-plist /tmp/spot-attitudepd-ios-build/Build/Intermediates.noindex/SpotOMGController.build/Debug-iphoneos/SpotOMGController.build/assetcatalog_generated_info.plist --app-icon AppIcon --compress-pngs --enable-on-demand-resources YES --development-region ko --target-device iphone --minimum-deployment-target 17.0 --platform iphoneos --bundle-identifier com.etnlwind.spotomg.controller --generate-swift-asset-symbol-extensions NO --generate-swift-asset-symbols /tmp/spot-attitudepd-ios-build/Build/Intermediates.noindex/SpotOMGController.build/Debug-iphoneos/SpotOMGController.build/DerivedSources/GeneratedAssetSymbols.swift --generate-objc-asset-symbols /tmp/spot-attitudepd-ios-build/Build/Intermediates.noindex/SpotOMGController.build/Debug-iphoneos/SpotOMGController.build/DerivedSources/GeneratedAssetSymbols.h --generate-asset-symbol-index /tmp/spot-attitudepd-ios-build/Build/Intermediates.noindex/SpotOMGController.build/Debug-iphoneos/SpotOMGController.build/DerivedSources/GeneratedAssetSymbols-Index.plist
/* com.apple.actool.compilation-results */
/tmp/spot-attitudepd-ios-build/Build/Intermediates.noindex/SpotOMGController.build/Debug-iphoneos/SpotOMGController.build/DerivedSources/GeneratedAssetSymbols-Index.plist
/tmp/spot-attitudepd-ios-build/Build/Intermediates.noindex/SpotOMGController.build/Debug-iphoneos/SpotOMGController.build/DerivedSources/GeneratedAssetSymbols.h
/tmp/spot-attitudepd-ios-build/Build/Intermediates.noindex/SpotOMGController.build/Debug-iphoneos/SpotOMGController.build/DerivedSources/GeneratedAssetSymbols.swift


MkDir /tmp/spot-attitudepd-ios-build/Build/Intermediates.noindex/SpotOMGController.build/Debug-iphoneos/SpotOMGController.build/assetcatalog_output/thinned (in target 'SpotOMGController' from project 'SpotOMGController')
    cd /Users/etnlwind/project/spot_omg/apps/ios/SpotOMGController
    /bin/mkdir -p /tmp/spot-attitudepd-ios-build/Build/Intermediates.noindex/SpotOMGController.build/Debug-iphoneos/SpotOMGController.build/assetcatalog_output/thinned

CompileAssetCatalogVariant thinned /tmp/spot-attitudepd-ios-build/Build/Products/Debug-iphoneos/SpotOMGController.app /Users/etnlwind/project/spot_omg/apps/ios/SpotOMGController/SpotOMGController/Resources/Assets.xcassets (in target 'SpotOMGController' from project 'SpotOMGController')
    cd /Users/etnlwind/project/spot_omg/apps/ios/SpotOMGController
    /Applications/Xcode.app/Contents/Developer/usr/bin/actool /Users/etnlwind/project/spot_omg/apps/ios/SpotOMGController/SpotOMGController/Resources/Assets.xcassets --compile /tmp/spot-attitudepd-ios-build/Build/Intermediates.noindex/SpotOMGController.build/Debug-iphoneos/SpotOMGController.build/assetcatalog_output/thinned --output-format human-readable-text --notices --warnings --export-dependency-info /tmp/spot-attitudepd-ios-build/Build/Intermediates.noindex/SpotOMGController.build/Debug-iphoneos/SpotOMGController.build/assetcatalog_dependencies_thinned --output-partial-info-plist /tmp/spot-attitudepd-ios-build/Build/Intermediates.noindex/SpotOMGController.build/Debug-iphoneos/SpotOMGController.build/assetcatalog_generated_info.plist_thinned --app-icon AppIcon --compress-pngs --enable-on-demand-resources YES --development-region ko --target-device iphone --minimum-deployment-target 17.0 --platform iphoneos
/* com.apple.actool.compilation-results */
/tmp/spot-attitudepd-ios-build/Build/Intermediates.noindex/SpotOMGController.build/Debug-iphoneos/SpotOMGController.build/assetcatalog_generated_info.plist_thinned
/tmp/spot-attitudepd-ios-build/Build/Intermediates.noindex/SpotOMGController.build/Debug-iphoneos/SpotOMGController.build/assetcatalog_output/thinned/AppIcon60x60@2x.png
/tmp/spot-attitudepd-ios-build/Build/Intermediates.noindex/SpotOMGController.build/Debug-iphoneos/SpotOMGController.build/assetcatalog_output/thinned/AppIcon76x76@2x~ipad.png
/tmp/spot-attitudepd-ios-build/Build/Intermediates.noindex/SpotOMGController.build/Debug-iphoneos/SpotOMGController.build/assetcatalog_output/thinned/Assets.car


SwiftDriver SpotOMGController normal arm64 com.apple.xcode.tools.swift.compiler (in target 'SpotOMGController' from project 'SpotOMGController')
    cd /Users/etnlwind/project/spot_omg/apps/ios/SpotOMGController
    builtin-SwiftDriver -- /Applications/Xcode.app/Contents/Developer/Toolchains/XcodeDefault.xctoolchain/usr/bin/swiftc -module-name SpotOMGController -Onone @/tmp/spot-attitudepd-ios-build/Build/Intermediates.noindex/SpotOMGController.build/Debug-iphoneos/SpotOMGController.build/Objects-normal/arm64/SpotOMGController.SwiftFileList -enable-bare-slash-regex -enable-experimental-feature DebugDescriptionMacro -sdk /Applications/Xcode.app/Contents/Developer/Platforms/iPhoneOS.platform/Developer/SDKs/iPhoneOS26.4.sdk -target arm64-apple-ios17.0 -g -module-cache-path /tmp/spot-attitudepd-ios-build/ModuleCache.noindex -Xfrontend -serialize-debugging-options -profile-coverage-mapping -profile-generate -enable-testing -index-store-path /tmp/spot-attitudepd-ios-build/Index.noindex/DataStore -swift-version 5 -I /tmp/spot-attitudepd-ios-build/Build/Products/Debug-iphoneos -F /tmp/spot-attitudepd-ios-build/Build/Products/Debug-iphoneos -emit-localized-strings -emit-localized-strings-path /tmp/spot-attitudepd-ios-build/Build/Intermediates.noindex/SpotOMGController.build/Debug-iphoneos/SpotOMGController.build/Objects-normal/arm64 -c -j12 -enable-batch-mode -incremental -Xcc -ivfsstatcache -Xcc /tmp/spot-attitudepd-ios-build/SDKStatCaches.noindex/iphoneos26.4-23E237-68a138bb55de9ba35ce6c8c40d12849e.sdkstatcache -output-file-map /tmp/spot-attitudepd-ios-build/Build/Intermediates.noindex/SpotOMGController.build/Debug-iphoneos/SpotOMGController.build/Objects-normal/arm64/SpotOMGController-OutputFileMap.json -use-frontend-parseable-output -save-temps -no-color-diagnostics -explicit-module-build -module-cache-path /tmp/spot-attitudepd-ios-build/Build/Intermediates.noindex/SwiftExplicitPrecompiledModules -clang-scanner-module-cache-path /tmp/spot-attitudepd-ios-build/ModuleCache.noindex -sdk-module-cache-path /tmp/spot-attitudepd-ios-build/ModuleCache.noindex -serialize-diagnostics -emit-dependencies -emit-module -emit-module-path /tmp/spot-attitudepd-ios-build/Build/Intermediates.noindex/SpotOMGController.build/Debug-iphoneos/SpotOMGController.build/Objects-normal/arm64/SpotOMGController.swiftmodule -validate-clang-modules-once -clang-build-session-file /tmp/spot-attitudepd-ios-build/ModuleCache.noindex/Session.modulevalidation -Xcc -I/tmp/spot-attitudepd-ios-build/Build/Intermediates.noindex/SpotOMGController.build/Debug-iphoneos/SpotOMGController.build/swift-overrides.hmap -emit-const-values -Xfrontend -const-gather-protocols-file -Xfrontend /tmp/spot-attitudepd-ios-build/Build/Intermediates.noindex/SpotOMGController.build/Debug-iphoneos/SpotOMGController.build/Objects-normal/arm64/SpotOMGController_const_extract_protocols.json -Xcc -iquote -Xcc /tmp/spot-attitudepd-ios-build/Build/Intermediates.noindex/SpotOMGController.build/Debug-iphoneos/SpotOMGController.build/SpotOMGController-generated-files.hmap -Xcc -I/tmp/spot-attitudepd-ios-build/Build/Intermediates.noindex/SpotOMGController.build/Debug-iphoneos/SpotOMGController.build/SpotOMGController-own-target-headers.hmap -Xcc -I/tmp/spot-attitudepd-ios-build/Build/Intermediates.noindex/SpotOMGController.build/Debug-iphoneos/SpotOMGController.build/SpotOMGController-all-target-headers.hmap -Xcc -iquote -Xcc /tmp/spot-attitudepd-ios-build/Build/Intermediates.noindex/SpotOMGController.build/Debug-iphoneos/SpotOMGController.build/SpotOMGController-project-headers.hmap -Xcc -I/tmp/spot-attitudepd-ios-build/Build/Products/Debug-iphoneos/include -Xcc -I/tmp/spot-attitudepd-ios-build/Build/Intermediates.noindex/SpotOMGController.build/Debug-iphoneos/SpotOMGController.build/DerivedSources-normal/arm64 -Xcc -I/tmp/spot-attitudepd-ios-build/Build/Intermediates.noindex/SpotOMGController.build/Debug-iphoneos/SpotOMGController.build/DerivedSources/arm64 -Xcc -I/tmp/spot-attitudepd-ios-build/Build/Intermediates.noindex/SpotOMGController.build/Debug-iphoneos/SpotOMGController.build/DerivedSources -emit-objc-header -emit-objc-header-path /tmp/spot-attitudepd-ios-build/Build/Intermediates.noindex/SpotOMGController.build/Debug-iphoneos/SpotOMGController.build/Objects-normal/arm64/SpotOMGController-Swift.h -working-directory /Users/etnlwind/project/spot_omg/apps/ios/SpotOMGController -experimental-emit-module-separately -disable-cmo

SwiftExplicitDependencyGeneratePcm arm64 /tmp/spot-attitudepd-ios-build/ModuleCache.noindex/_Builtin_float-7Y98S5TTV8PFRJXFY1M4CBBHD.pcm

SwiftExplicitDependencyGeneratePcm arm64 /tmp/spot-attitudepd-ios-build/ModuleCache.noindex/_SwiftConcurrencyShims-9GTALYW2ZX4B2E5Q14RZND4L4.pcm

SwiftExplicitDependencyGeneratePcm arm64 /tmp/spot-attitudepd-ios-build/ModuleCache.noindex/ptrauth-EW4PC2G24YGTLUNDQDOSOSEP7.pcm

SwiftExplicitDependencyGeneratePcm arm64 /tmp/spot-attitudepd-ios-build/ModuleCache.noindex/_Builtin_stdbool-353BZO9C4EO9Q978NTA9PRAPY.pcm

SwiftExplicitDependencyGeneratePcm arm64 /tmp/spot-attitudepd-ios-build/ModuleCache.noindex/DeveloperToolsSupport-5AL4H68KFRH7N9CNWW5QEF815.pcm

SwiftExplicitDependencyGeneratePcm arm64 /tmp/spot-attitudepd-ios-build/ModuleCache.noindex/SwiftShims-4IK1SM19LGVY3016RKSBK6XYY.pcm

SwiftExplicitDependencyGeneratePcm arm64 /tmp/spot-attitudepd-ios-build/ModuleCache.noindex/_Builtin_stddef-3J5D9HEWVVE3T578YUUTBVW6Q.pcm

SwiftExplicitDependencyGeneratePcm arm64 /tmp/spot-attitudepd-ios-build/ModuleCache.noindex/_Builtin_stdarg-AI7AN1D77TTI24AA2VCXRA4YK.pcm

SwiftExplicitDependencyGeneratePcm arm64 /tmp/spot-attitudepd-ios-build/ModuleCache.noindex/_AvailabilityInternal-4C26VSWTVWLG5YIIJM2U3HUI.pcm

SwiftExplicitDependencyGeneratePcm arm64 /tmp/spot-attitudepd-ios-build/ModuleCache.noindex/ptrcheck-49YONEGWED5XHDPS8SHUQ1R0J.pcm

SwiftExplicitDependencyGeneratePcm arm64 /tmp/spot-attitudepd-ios-build/ModuleCache.noindex/_DarwinFoundation1-84GWH338JVJK215CCBTG6V97D.pcm

SwiftExplicitDependencyGeneratePcm arm64 /tmp/spot-attitudepd-ios-build/ModuleCache.noindex/_Builtin_limits-CIWTEA1N9CP82ART90W1GH2UT.pcm

SwiftExplicitDependencyGeneratePcm arm64 /tmp/spot-attitudepd-ios-build/ModuleCache.noindex/_DarwinFoundation2-9ZTB0CEDOSFUIY6V1KD1KZLJU.pcm

SwiftExplicitDependencyGeneratePcm arm64 /tmp/spot-attitudepd-ios-build/ModuleCache.noindex/sys_types-N1H761CFCSR0JP5GPTF30M1A.pcm

SwiftExplicitDependencyGeneratePcm arm64 /tmp/spot-attitudepd-ios-build/ModuleCache.noindex/_Builtin_tgmath-5QA7WHDGVS9ERZ38F624402LX.pcm

SwiftExplicitDependencyGeneratePcm arm64 /tmp/spot-attitudepd-ios-build/ModuleCache.noindex/_Builtin_stdint-DHEVCEAIPUS7UNCSA6ND88LHI.pcm

SwiftExplicitDependencyGeneratePcm arm64 /tmp/spot-attitudepd-ios-build/ModuleCache.noindex/_Builtin_stdatomic-8C3NR8G5SBPJSINPLM4UT0VO9.pcm

SwiftExplicitDependencyGeneratePcm arm64 /tmp/spot-attitudepd-ios-build/ModuleCache.noindex/_DarwinFoundation3-5L09VXYUDNU692BE973XDP9TQ.pcm

SwiftExplicitDependencyGeneratePcm arm64 /tmp/spot-attitudepd-ios-build/ModuleCache.noindex/_Builtin_intrinsics-U8OV1NRCHTGTO2S855VE55B3.pcm

SwiftExplicitDependencyGeneratePcm arm64 /tmp/spot-attitudepd-ios-build/ModuleCache.noindex/_Builtin_inttypes-8WPJVYE0DR1U24TDR1A9G2CT6.pcm

SwiftExplicitDependencyGeneratePcm arm64 /tmp/spot-attitudepd-ios-build/ModuleCache.noindex/Darwin-8BEF3VTXNYTYVMO22O57T8IYF.pcm

SwiftExplicitDependencyGeneratePcm arm64 /tmp/spot-attitudepd-ios-build/ModuleCache.noindex/simd-1ASQ6SFTFHHUOU19HF1VKDM4X.pcm

SwiftExplicitDependencyGeneratePcm arm64 /tmp/spot-attitudepd-ios-build/ModuleCache.noindex/ObjectiveC-4EAUAVNP0TKQR2K00AK3CDTSB.pcm

SwiftExplicitDependencyGeneratePcm arm64 /tmp/spot-attitudepd-ios-build/ModuleCache.noindex/MachO-WW2H747YWTXTJYN13UD48H61.pcm

SwiftExplicitDependencyGeneratePcm arm64 /tmp/spot-attitudepd-ios-build/ModuleCache.noindex/os_object-4T9KZEDZ2JRZVJ9NR99OAYCY8.pcm

SwiftExplicitDependencyGeneratePcm arm64 /tmp/spot-attitudepd-ios-build/ModuleCache.noindex/os_workgroup-8MEWVLTO19ZUI8K2HM601W49B.pcm

SwiftExplicitDependencyGeneratePcm arm64 /tmp/spot-attitudepd-ios-build/ModuleCache.noindex/Spatial-AKQ1AT4DG5MNS7HH2GW2Z10UB.pcm

SwiftExplicitDependencyGeneratePcm arm64 /tmp/spot-attitudepd-ios-build/ModuleCache.noindex/Dispatch-9U8ZKEMZ4K2LQ5IYJMI0GDZ91.pcm

SwiftExplicitDependencyGeneratePcm arm64 /tmp/spot-attitudepd-ios-build/ModuleCache.noindex/dnssd-B9F0UHYQ6F9OKV1VOMNC3XVXE.pcm

SwiftExplicitDependencyGeneratePcm arm64 /tmp/spot-attitudepd-ios-build/ModuleCache.noindex/XPC-9LPEZ8ILJ3PQ4EQYBD35JU8HL.pcm

SwiftExplicitDependencyGeneratePcm arm64 /tmp/spot-attitudepd-ios-build/ModuleCache.noindex/CoreFoundation-7JWU0UBTDMCOWECZMTFXUPO8B.pcm

SwiftExplicitDependencyGeneratePcm arm64 /tmp/spot-attitudepd-ios-build/ModuleCache.noindex/os-BYDYKSWMY6MTSIDMZ2DPZ05I8.pcm

SwiftExplicitDependencyGeneratePcm arm64 /tmp/spot-attitudepd-ios-build/ModuleCache.noindex/Security-5WJGNU8UPKL4L3LLP1A4F4I59.pcm

SwiftExplicitDependencyGeneratePcm arm64 /tmp/spot-attitudepd-ios-build/ModuleCache.noindex/CFNetwork-CB6H7EOMMZAVK1FFGMF9DFDWE.pcm

SwiftExplicitDependencyGeneratePcm arm64 /tmp/spot-attitudepd-ios-build/ModuleCache.noindex/CoreGraphics-AMG19NF4N4YM0AHK2N11Q11BJ.pcm

SwiftExplicitDependencyGeneratePcm arm64 /tmp/spot-attitudepd-ios-build/ModuleCache.noindex/Foundation-E00BKFFKJFUC3QO2PK65PODC0.pcm

SwiftExplicitDependencyGeneratePcm arm64 /tmp/spot-attitudepd-ios-build/ModuleCache.noindex/CoreText-5H3VFZJHURYKJXQBF4FUFIHLF.pcm

SwiftExplicitDependencyGeneratePcm arm64 /tmp/spot-attitudepd-ios-build/ModuleCache.noindex/ImageIO-1EKKOA4L3B3DJJW1R41HIW27Y.pcm

SwiftExplicitDependencyGeneratePcm arm64 /tmp/spot-attitudepd-ios-build/ModuleCache.noindex/Accessibility-31FP3PHD9W7F4HS3M7HPPD83V.pcm

SwiftExplicitDependencyGeneratePcm arm64 /tmp/spot-attitudepd-ios-build/ModuleCache.noindex/IOSurface-B00Q14ZLTG7ADKGJPQDRQVW56.pcm

SwiftExplicitDependencyGeneratePcm arm64 /tmp/spot-attitudepd-ios-build/ModuleCache.noindex/Network-EZQMYHEO07RU1DB62W7SVXLIM.pcm

SwiftExplicitDependencyGeneratePcm arm64 /tmp/spot-attitudepd-ios-build/ModuleCache.noindex/Symbols-56XOX14O1X107UNGKALHDLVLZ.pcm

SwiftExplicitDependencyGeneratePcm arm64 /tmp/spot-attitudepd-ios-build/ModuleCache.noindex/CoreData-91KB8T97KFQB4323E81382GBX.pcm

SwiftExplicitDependencyGeneratePcm arm64 /tmp/spot-attitudepd-ios-build/ModuleCache.noindex/CoreTransferable-BSTT3ZIU9316FDOX6JXN7LXPB.pcm

SwiftExplicitDependencyGeneratePcm arm64 /tmp/spot-attitudepd-ios-build/ModuleCache.noindex/UniformTypeIdentifiers-3WWMD9MNECTHC1PW1GJG0BSPN.pcm

SwiftExplicitDependencyGeneratePcm arm64 /tmp/spot-attitudepd-ios-build/ModuleCache.noindex/FileProvider-5XYPRDLUG36NV59DPG2PEA20L.pcm

SwiftExplicitDependencyGeneratePcm arm64 /tmp/spot-attitudepd-ios-build/ModuleCache.noindex/OSLog-6ZHP9TN6W1T8HRSEZ45GNZNCY.pcm

SwiftExplicitDependencyGeneratePcm arm64 /tmp/spot-attitudepd-ios-build/ModuleCache.noindex/UIUtilities-E1C8OU90YMO60HQAJHC6RGOPB.pcm

SwiftExplicitDependencyGeneratePcm arm64 /tmp/spot-attitudepd-ios-build/ModuleCache.noindex/CoreBluetooth-D2PRATH0GK2WW5OWNNXCRBO3Z.pcm

SwiftExplicitDependencyGeneratePcm arm64 /tmp/spot-attitudepd-ios-build/ModuleCache.noindex/UserNotifications-SKZUH47LYQ0ZWH4IX1YDKM53.pcm

SwiftExplicitDependencyGeneratePcm arm64 /tmp/spot-attitudepd-ios-build/ModuleCache.noindex/DataDetection-79E1CORGJARSIY3P1XCP9IHGP.pcm

SwiftExplicitDependencyGeneratePcm arm64 /tmp/spot-attitudepd-ios-build/ModuleCache.noindex/OpenGLES-AIVHYB2LDEYIR5Q22HR21KRUU.pcm

SwiftExplicitDependencyGeneratePcm arm64 /tmp/spot-attitudepd-ios-build/ModuleCache.noindex/Metal-5296SMKRWWK2LGHEIU7UWZO4U.pcm

SwiftExplicitDependencyGeneratePcm arm64 /tmp/spot-attitudepd-ios-build/ModuleCache.noindex/CoreVideo-9KN49XZ61A8B71Y9J4U8U6GBJ.pcm

SwiftExplicitDependencyGeneratePcm arm64 /tmp/spot-attitudepd-ios-build/ModuleCache.noindex/CoreImage-EEV4FIPGE1TN3U538R9JOBY62.pcm

SwiftExplicitDependencyGeneratePcm arm64 /tmp/spot-attitudepd-ios-build/ModuleCache.noindex/QuartzCore-3BKL2QNHCW5PQMYCXHEOU2PSQ.pcm

SwiftExplicitDependencyGeneratePcm arm64 /tmp/spot-attitudepd-ios-build/ModuleCache.noindex/SwiftUICore-Y7Q5JQNBIIICKFGZHVIVPX6J.pcm

SwiftExplicitDependencyGeneratePcm arm64 /tmp/spot-attitudepd-ios-build/ModuleCache.noindex/UIKit-4QA88LA2U2SHM7HL68MIOWBW2.pcm

SwiftExplicitDependencyGeneratePcm arm64 /tmp/spot-attitudepd-ios-build/ModuleCache.noindex/SwiftUI-6HGKG9S9AZ0OXYB58DTUZU6PV.pcm

SwiftEmitModule normal arm64 Emitting\ module\ for\ SpotOMGController (in target 'SpotOMGController' from project 'SpotOMGController')

EmitSwiftModule normal arm64 (in target 'SpotOMGController' from project 'SpotOMGController')
    cd /Users/etnlwind/project/spot_omg/apps/ios/SpotOMGController
    

SwiftCompile normal arm64 Compiling\ VirtualJoystick.swift /Users/etnlwind/project/spot_omg/apps/ios/SpotOMGController/SpotOMGController/Views/VirtualJoystick.swift (in target 'SpotOMGController' from project 'SpotOMGController')

SwiftCompile normal arm64 /Users/etnlwind/project/spot_omg/apps/ios/SpotOMGController/SpotOMGController/Views/VirtualJoystick.swift (in target 'SpotOMGController' from project 'SpotOMGController')
    cd /Users/etnlwind/project/spot_omg/apps/ios/SpotOMGController
    

SwiftCompile normal arm64 Compiling\ ConsoleView.swift /Users/etnlwind/project/spot_omg/apps/ios/SpotOMGController/SpotOMGController/Views/ConsoleView.swift (in target 'SpotOMGController' from project 'SpotOMGController')

SwiftCompile normal arm64 /Users/etnlwind/project/spot_omg/apps/ios/SpotOMGController/SpotOMGController/Views/ConsoleView.swift (in target 'SpotOMGController' from project 'SpotOMGController')
    cd /Users/etnlwind/project/spot_omg/apps/ios/SpotOMGController
    

SwiftCompile normal arm64 Compiling\ GeneratedAssetSymbols.swift /tmp/spot-attitudepd-ios-build/Build/Intermediates.noindex/SpotOMGController.build/Debug-iphoneos/SpotOMGController.build/DerivedSources/GeneratedAssetSymbols.swift (in target 'SpotOMGController' from project 'SpotOMGController')

SwiftCompile normal arm64 /tmp/spot-attitudepd-ios-build/Build/Intermediates.noindex/SpotOMGController.build/Debug-iphoneos/SpotOMGController.build/DerivedSources/GeneratedAssetSymbols.swift (in target 'SpotOMGController' from project 'SpotOMGController')
    cd /Users/etnlwind/project/spot_omg/apps/ios/SpotOMGController
    

SwiftCompile normal arm64 Compiling\ SimulatorVideoView.swift /Users/etnlwind/project/spot_omg/apps/ios/SpotOMGController/SpotOMGController/Views/SimulatorVideoView.swift (in target 'SpotOMGController' from project 'SpotOMGController')

SwiftCompile normal arm64 /Users/etnlwind/project/spot_omg/apps/ios/SpotOMGController/SpotOMGController/Views/SimulatorVideoView.swift (in target 'SpotOMGController' from project 'SpotOMGController')
    cd /Users/etnlwind/project/spot_omg/apps/ios/SpotOMGController
    

SwiftCompile normal arm64 Compiling\ ControlView.swift /Users/etnlwind/project/spot_omg/apps/ios/SpotOMGController/SpotOMGController/Views/ControlView.swift (in target 'SpotOMGController' from project 'SpotOMGController')

SwiftCompile normal arm64 /Users/etnlwind/project/spot_omg/apps/ios/SpotOMGController/SpotOMGController/Views/ControlView.swift (in target 'SpotOMGController' from project 'SpotOMGController')
    cd /Users/etnlwind/project/spot_omg/apps/ios/SpotOMGController
    

SwiftCompile normal arm64 Compiling\ ContentView.swift /Users/etnlwind/project/spot_omg/apps/ios/SpotOMGController/SpotOMGController/Views/ContentView.swift (in target 'SpotOMGController' from project 'SpotOMGController')

SwiftCompile normal arm64 /Users/etnlwind/project/spot_omg/apps/ios/SpotOMGController/SpotOMGController/Views/ContentView.swift (in target 'SpotOMGController' from project 'SpotOMGController')
    cd /Users/etnlwind/project/spot_omg/apps/ios/SpotOMGController
    

SwiftCompile normal arm64 Compiling\ RobotCommand.swift /Users/etnlwind/project/spot_omg/apps/ios/SpotOMGController/SpotOMGController/Protocol/RobotCommand.swift (in target 'SpotOMGController' from project 'SpotOMGController')

SwiftCompile normal arm64 /Users/etnlwind/project/spot_omg/apps/ios/SpotOMGController/SpotOMGController/Protocol/RobotCommand.swift (in target 'SpotOMGController' from project 'SpotOMGController')
    cd /Users/etnlwind/project/spot_omg/apps/ios/SpotOMGController
    

SwiftCompile normal arm64 Compiling\ SpotOMGControllerApp.swift /Users/etnlwind/project/spot_omg/apps/ios/SpotOMGController/SpotOMGController/App/SpotOMGControllerApp.swift (in target 'SpotOMGController' from project 'SpotOMGController')

SwiftCompile normal arm64 /Users/etnlwind/project/spot_omg/apps/ios/SpotOMGController/SpotOMGController/App/SpotOMGControllerApp.swift (in target 'SpotOMGController' from project 'SpotOMGController')
    cd /Users/etnlwind/project/spot_omg/apps/ios/SpotOMGController
    

SwiftCompile normal arm64 Compiling\ ConnectionState.swift /Users/etnlwind/project/spot_omg/apps/ios/SpotOMGController/SpotOMGController/Models/ConnectionState.swift (in target 'SpotOMGController' from project 'SpotOMGController')

SwiftCompile normal arm64 /Users/etnlwind/project/spot_omg/apps/ios/SpotOMGController/SpotOMGController/Models/ConnectionState.swift (in target 'SpotOMGController' from project 'SpotOMGController')
    cd /Users/etnlwind/project/spot_omg/apps/ios/SpotOMGController
    

SwiftCompile normal arm64 Compiling\ RobotBluetoothManager.swift /Users/etnlwind/project/spot_omg/apps/ios/SpotOMGController/SpotOMGController/BLE/RobotBluetoothManager.swift (in target 'SpotOMGController' from project 'SpotOMGController')

SwiftCompile normal arm64 /Users/etnlwind/project/spot_omg/apps/ios/SpotOMGController/SpotOMGController/BLE/RobotBluetoothManager.swift (in target 'SpotOMGController' from project 'SpotOMGController')
    cd /Users/etnlwind/project/spot_omg/apps/ios/SpotOMGController
    

SwiftCompile normal arm64 Compiling\ RobotConnectionTrace.swift /Users/etnlwind/project/spot_omg/apps/ios/SpotOMGController/SpotOMGController/BLE/RobotConnectionTrace.swift (in target 'SpotOMGController' from project 'SpotOMGController')

SwiftCompile normal arm64 /Users/etnlwind/project/spot_omg/apps/ios/SpotOMGController/SpotOMGController/BLE/RobotConnectionTrace.swift (in target 'SpotOMGController' from project 'SpotOMGController')
    cd /Users/etnlwind/project/spot_omg/apps/ios/SpotOMGController
    

SwiftDriverJobDiscovery normal arm64 Emitting module for SpotOMGController (in target 'SpotOMGController' from project 'SpotOMGController')

SwiftDriver\ Compilation\ Requirements SpotOMGController normal arm64 com.apple.xcode.tools.swift.compiler (in target 'SpotOMGController' from project 'SpotOMGController')
    cd /Users/etnlwind/project/spot_omg/apps/ios/SpotOMGController
    builtin-Swift-Compilation-Requirements -- /Applications/Xcode.app/Contents/Developer/Toolchains/XcodeDefault.xctoolchain/usr/bin/swiftc -module-name SpotOMGController -Onone @/tmp/spot-attitudepd-ios-build/Build/Intermediates.noindex/SpotOMGController.build/Debug-iphoneos/SpotOMGController.build/Objects-normal/arm64/SpotOMGController.SwiftFileList -enable-bare-slash-regex -enable-experimental-feature DebugDescriptionMacro -sdk /Applications/Xcode.app/Contents/Developer/Platforms/iPhoneOS.platform/Developer/SDKs/iPhoneOS26.4.sdk -target arm64-apple-ios17.0 -g -module-cache-path /tmp/spot-attitudepd-ios-build/ModuleCache.noindex -Xfrontend -serialize-debugging-options -profile-coverage-mapping -profile-generate -enable-testing -index-store-path /tmp/spot-attitudepd-ios-build/Index.noindex/DataStore -swift-version 5 -I /tmp/spot-attitudepd-ios-build/Build/Products/Debug-iphoneos -F /tmp/spot-attitudepd-ios-build/Build/Products/Debug-iphoneos -emit-localized-strings -emit-localized-strings-path /tmp/spot-attitudepd-ios-build/Build/Intermediates.noindex/SpotOMGController.build/Debug-iphoneos/SpotOMGController.build/Objects-normal/arm64 -c -j12 -enable-batch-mode -incremental -Xcc -ivfsstatcache -Xcc /tmp/spot-attitudepd-ios-build/SDKStatCaches.noindex/iphoneos26.4-23E237-68a138bb55de9ba35ce6c8c40d12849e.sdkstatcache -output-file-map /tmp/spot-attitudepd-ios-build/Build/Intermediates.noindex/SpotOMGController.build/Debug-iphoneos/SpotOMGController.build/Objects-normal/arm64/SpotOMGController-OutputFileMap.json -use-frontend-parseable-output -save-temps -no-color-diagnostics -explicit-module-build -module-cache-path /tmp/spot-attitudepd-ios-build/Build/Intermediates.noindex/SwiftExplicitPrecompiledModules -clang-scanner-module-cache-path /tmp/spot-attitudepd-ios-build/ModuleCache.noindex -sdk-module-cache-path /tmp/spot-attitudepd-ios-build/ModuleCache.noindex -serialize-diagnostics -emit-dependencies -emit-module -emit-module-path /tmp/spot-attitudepd-ios-build/Build/Intermediates.noindex/SpotOMGController.build/Debug-iphoneos/SpotOMGController.build/Objects-normal/arm64/SpotOMGController.swiftmodule -validate-clang-modules-once -clang-build-session-file /tmp/spot-attitudepd-ios-build/ModuleCache.noindex/Session.modulevalidation -Xcc -I/tmp/spot-attitudepd-ios-build/Build/Intermediates.noindex/SpotOMGController.build/Debug-iphoneos/SpotOMGController.build/swift-overrides.hmap -emit-const-values -Xfrontend -const-gather-protocols-file -Xfrontend /tmp/spot-attitudepd-ios-build/Build/Intermediates.noindex/SpotOMGController.build/Debug-iphoneos/SpotOMGController.build/Objects-normal/arm64/SpotOMGController_const_extract_protocols.json -Xcc -iquote -Xcc /tmp/spot-attitudepd-ios-build/Build/Intermediates.noindex/SpotOMGController.build/Debug-iphoneos/SpotOMGController.build/SpotOMGController-generated-files.hmap -Xcc -I/tmp/spot-attitudepd-ios-build/Build/Intermediates.noindex/SpotOMGController.build/Debug-iphoneos/SpotOMGController.build/SpotOMGController-own-target-headers.hmap -Xcc -I/tmp/spot-attitudepd-ios-build/Build/Intermediates.noindex/SpotOMGController.build/Debug-iphoneos/SpotOMGController.build/SpotOMGController-all-target-headers.hmap -Xcc -iquote -Xcc /tmp/spot-attitudepd-ios-build/Build/Intermediates.noindex/SpotOMGController.build/Debug-iphoneos/SpotOMGController.build/SpotOMGController-project-headers.hmap -Xcc -I/tmp/spot-attitudepd-ios-build/Build/Products/Debug-iphoneos/include -Xcc -I/tmp/spot-attitudepd-ios-build/Build/Intermediates.noindex/SpotOMGController.build/Debug-iphoneos/SpotOMGController.build/DerivedSources-normal/arm64 -Xcc -I/tmp/spot-attitudepd-ios-build/Build/Intermediates.noindex/SpotOMGController.build/Debug-iphoneos/SpotOMGController.build/DerivedSources/arm64 -Xcc -I/tmp/spot-attitudepd-ios-build/Build/Intermediates.noindex/SpotOMGController.build/Debug-iphoneos/SpotOMGController.build/DerivedSources -emit-objc-header -emit-objc-header-path /tmp/spot-attitudepd-ios-build/Build/Intermediates.noindex/SpotOMGController.build/Debug-iphoneos/SpotOMGController.build/Objects-normal/arm64/SpotOMGController-Swift.h -working-directory /Users/etnlwind/project/spot_omg/apps/ios/SpotOMGController -experimental-emit-module-separately -disable-cmo

SwiftDriverJobDiscovery normal arm64 Compiling RobotConnectionTrace.swift (in target 'SpotOMGController' from project 'SpotOMGController')

SwiftMergeGeneratedHeaders /tmp/spot-attitudepd-ios-build/Build/Intermediates.noindex/SpotOMGController.build/Debug-iphoneos/SpotOMGController.build/DerivedSources/SpotOMGController-Swift.h /tmp/spot-attitudepd-ios-build/Build/Intermediates.noindex/SpotOMGController.build/Debug-iphoneos/SpotOMGController.build/Objects-normal/arm64/SpotOMGController-Swift.h (in target 'SpotOMGController' from project 'SpotOMGController')
    cd /Users/etnlwind/project/spot_omg/apps/ios/SpotOMGController
    builtin-swiftHeaderTool -arch arm64 /tmp/spot-attitudepd-ios-build/Build/Intermediates.noindex/SpotOMGController.build/Debug-iphoneos/SpotOMGController.build/Objects-normal/arm64/SpotOMGController-Swift.h -o /tmp/spot-attitudepd-ios-build/Build/Intermediates.noindex/SpotOMGController.build/Debug-iphoneos/SpotOMGController.build/DerivedSources/SpotOMGController-Swift.h

Copy /tmp/spot-attitudepd-ios-build/Build/Products/Debug-iphoneos/SpotOMGController.swiftmodule/arm64-apple-ios.swiftmodule /tmp/spot-attitudepd-ios-build/Build/Intermediates.noindex/SpotOMGController.build/Debug-iphoneos/SpotOMGController.build/Objects-normal/arm64/SpotOMGController.swiftmodule (in target 'SpotOMGController' from project 'SpotOMGController')
    cd /Users/etnlwind/project/spot_omg/apps/ios/SpotOMGController
    builtin-copy -exclude .DS_Store -exclude CVS -exclude .svn -exclude .git -exclude .hg -strip-unsigned-binaries -strip-deterministic -strip-tool /Applications/Xcode.app/Contents/Developer/Toolchains/XcodeDefault.xctoolchain/usr/bin/strip -resolve-src-symlinks -rename /tmp/spot-attitudepd-ios-build/Build/Intermediates.noindex/SpotOMGController.build/Debug-iphoneos/SpotOMGController.build/Objects-normal/arm64/SpotOMGController.swiftmodule /tmp/spot-attitudepd-ios-build/Build/Products/Debug-iphoneos/SpotOMGController.swiftmodule/arm64-apple-ios.swiftmodule

Copy /tmp/spot-attitudepd-ios-build/Build/Products/Debug-iphoneos/SpotOMGController.swiftmodule/arm64-apple-ios.swiftdoc /tmp/spot-attitudepd-ios-build/Build/Intermediates.noindex/SpotOMGController.build/Debug-iphoneos/SpotOMGController.build/Objects-normal/arm64/SpotOMGController.swiftdoc (in target 'SpotOMGController' from project 'SpotOMGController')
    cd /Users/etnlwind/project/spot_omg/apps/ios/SpotOMGController
    builtin-copy -exclude .DS_Store -exclude CVS -exclude .svn -exclude .git -exclude .hg -strip-unsigned-binaries -strip-deterministic -strip-tool /Applications/Xcode.app/Contents/Developer/Toolchains/XcodeDefault.xctoolchain/usr/bin/strip -resolve-src-symlinks -rename /tmp/spot-attitudepd-ios-build/Build/Intermediates.noindex/SpotOMGController.build/Debug-iphoneos/SpotOMGController.build/Objects-normal/arm64/SpotOMGController.swiftdoc /tmp/spot-attitudepd-ios-build/Build/Products/Debug-iphoneos/SpotOMGController.swiftmodule/arm64-apple-ios.swiftdoc

SwiftDriverJobDiscovery normal arm64 Compiling ConnectionState.swift (in target 'SpotOMGController' from project 'SpotOMGController')

Copy /tmp/spot-attitudepd-ios-build/Build/Products/Debug-iphoneos/SpotOMGController.swiftmodule/arm64-apple-ios.abi.json /tmp/spot-attitudepd-ios-build/Build/Intermediates.noindex/SpotOMGController.build/Debug-iphoneos/SpotOMGController.build/Objects-normal/arm64/SpotOMGController.abi.json (in target 'SpotOMGController' from project 'SpotOMGController')
    cd /Users/etnlwind/project/spot_omg/apps/ios/SpotOMGController
    builtin-copy -exclude .DS_Store -exclude CVS -exclude .svn -exclude .git -exclude .hg -strip-unsigned-binaries -strip-deterministic -strip-tool /Applications/Xcode.app/Contents/Developer/Toolchains/XcodeDefault.xctoolchain/usr/bin/strip -resolve-src-symlinks -rename /tmp/spot-attitudepd-ios-build/Build/Intermediates.noindex/SpotOMGController.build/Debug-iphoneos/SpotOMGController.build/Objects-normal/arm64/SpotOMGController.abi.json /tmp/spot-attitudepd-ios-build/Build/Products/Debug-iphoneos/SpotOMGController.swiftmodule/arm64-apple-ios.abi.json

SwiftDriverJobDiscovery normal arm64 Compiling GeneratedAssetSymbols.swift (in target 'SpotOMGController' from project 'SpotOMGController')

Copy /tmp/spot-attitudepd-ios-build/Build/Products/Debug-iphoneos/SpotOMGController.swiftmodule/Project/arm64-apple-ios.swiftsourceinfo /tmp/spot-attitudepd-ios-build/Build/Intermediates.noindex/SpotOMGController.build/Debug-iphoneos/SpotOMGController.build/Objects-normal/arm64/SpotOMGController.swiftsourceinfo (in target 'SpotOMGController' from project 'SpotOMGController')
    cd /Users/etnlwind/project/spot_omg/apps/ios/SpotOMGController
    builtin-copy -exclude .DS_Store -exclude CVS -exclude .svn -exclude .git -exclude .hg -strip-unsigned-binaries -strip-deterministic -strip-tool /Applications/Xcode.app/Contents/Developer/Toolchains/XcodeDefault.xctoolchain/usr/bin/strip -resolve-src-symlinks -rename /tmp/spot-attitudepd-ios-build/Build/Intermediates.noindex/SpotOMGController.build/Debug-iphoneos/SpotOMGController.build/Objects-normal/arm64/SpotOMGController.swiftsourceinfo /tmp/spot-attitudepd-ios-build/Build/Products/Debug-iphoneos/SpotOMGController.swiftmodule/Project/arm64-apple-ios.swiftsourceinfo

SwiftDriverJobDiscovery normal arm64 Compiling RobotCommand.swift (in target 'SpotOMGController' from project 'SpotOMGController')

SwiftDriverJobDiscovery normal arm64 Compiling RobotBluetoothManager.swift (in target 'SpotOMGController' from project 'SpotOMGController')

SwiftDriverJobDiscovery normal arm64 Compiling SpotOMGControllerApp.swift (in target 'SpotOMGController' from project 'SpotOMGController')

SwiftDriverJobDiscovery normal arm64 Compiling ContentView.swift (in target 'SpotOMGController' from project 'SpotOMGController')

SwiftDriverJobDiscovery normal arm64 Compiling ConsoleView.swift (in target 'SpotOMGController' from project 'SpotOMGController')

SwiftDriverJobDiscovery normal arm64 Compiling VirtualJoystick.swift (in target 'SpotOMGController' from project 'SpotOMGController')

SwiftDriverJobDiscovery normal arm64 Compiling SimulatorVideoView.swift (in target 'SpotOMGController' from project 'SpotOMGController')

SwiftDriverJobDiscovery normal arm64 Compiling ControlView.swift (in target 'SpotOMGController' from project 'SpotOMGController')

SwiftDriver\ Compilation SpotOMGController normal arm64 com.apple.xcode.tools.swift.compiler (in target 'SpotOMGController' from project 'SpotOMGController')
    cd /Users/etnlwind/project/spot_omg/apps/ios/SpotOMGController
    builtin-Swift-Compilation -- /Applications/Xcode.app/Contents/Developer/Toolchains/XcodeDefault.xctoolchain/usr/bin/swiftc -module-name SpotOMGController -Onone @/tmp/spot-attitudepd-ios-build/Build/Intermediates.noindex/SpotOMGController.build/Debug-iphoneos/SpotOMGController.build/Objects-normal/arm64/SpotOMGController.SwiftFileList -enable-bare-slash-regex -enable-experimental-feature DebugDescriptionMacro -sdk /Applications/Xcode.app/Contents/Developer/Platforms/iPhoneOS.platform/Developer/SDKs/iPhoneOS26.4.sdk -target arm64-apple-ios17.0 -g -module-cache-path /tmp/spot-attitudepd-ios-build/ModuleCache.noindex -Xfrontend -serialize-debugging-options -profile-coverage-mapping -profile-generate -enable-testing -index-store-path /tmp/spot-attitudepd-ios-build/Index.noindex/DataStore -swift-version 5 -I /tmp/spot-attitudepd-ios-build/Build/Products/Debug-iphoneos -F /tmp/spot-attitudepd-ios-build/Build/Products/Debug-iphoneos -emit-localized-strings -emit-localized-strings-path /tmp/spot-attitudepd-ios-build/Build/Intermediates.noindex/SpotOMGController.build/Debug-iphoneos/SpotOMGController.build/Objects-normal/arm64 -c -j12 -enable-batch-mode -incremental -Xcc -ivfsstatcache -Xcc /tmp/spot-attitudepd-ios-build/SDKStatCaches.noindex/iphoneos26.4-23E237-68a138bb55de9ba35ce6c8c40d12849e.sdkstatcache -output-file-map /tmp/spot-attitudepd-ios-build/Build/Intermediates.noindex/SpotOMGController.build/Debug-iphoneos/SpotOMGController.build/Objects-normal/arm64/SpotOMGController-OutputFileMap.json -use-frontend-parseable-output -save-temps -no-color-diagnostics -explicit-module-build -module-cache-path /tmp/spot-attitudepd-ios-build/Build/Intermediates.noindex/SwiftExplicitPrecompiledModules -clang-scanner-module-cache-path /tmp/spot-attitudepd-ios-build/ModuleCache.noindex -sdk-module-cache-path /tmp/spot-attitudepd-ios-build/ModuleCache.noindex -serialize-diagnostics -emit-dependencies -emit-module -emit-module-path /tmp/spot-attitudepd-ios-build/Build/Intermediates.noindex/SpotOMGController.build/Debug-iphoneos/SpotOMGController.build/Objects-normal/arm64/SpotOMGController.swiftmodule -validate-clang-modules-once -clang-build-session-file /tmp/spot-attitudepd-ios-build/ModuleCache.noindex/Session.modulevalidation -Xcc -I/tmp/spot-attitudepd-ios-build/Build/Intermediates.noindex/SpotOMGController.build/Debug-iphoneos/SpotOMGController.build/swift-overrides.hmap -emit-const-values -Xfrontend -const-gather-protocols-file -Xfrontend /tmp/spot-attitudepd-ios-build/Build/Intermediates.noindex/SpotOMGController.build/Debug-iphoneos/SpotOMGController.build/Objects-normal/arm64/SpotOMGController_const_extract_protocols.json -Xcc -iquote -Xcc /tmp/spot-attitudepd-ios-build/Build/Intermediates.noindex/SpotOMGController.build/Debug-iphoneos/SpotOMGController.build/SpotOMGController-generated-files.hmap -Xcc -I/tmp/spot-attitudepd-ios-build/Build/Intermediates.noindex/SpotOMGController.build/Debug-iphoneos/SpotOMGController.build/SpotOMGController-own-target-headers.hmap -Xcc -I/tmp/spot-attitudepd-ios-build/Build/Intermediates.noindex/SpotOMGController.build/Debug-iphoneos/SpotOMGController.build/SpotOMGController-all-target-headers.hmap -Xcc -iquote -Xcc /tmp/spot-attitudepd-ios-build/Build/Intermediates.noindex/SpotOMGController.build/Debug-iphoneos/SpotOMGController.build/SpotOMGController-project-headers.hmap -Xcc -I/tmp/spot-attitudepd-ios-build/Build/Products/Debug-iphoneos/include -Xcc -I/tmp/spot-attitudepd-ios-build/Build/Intermediates.noindex/SpotOMGController.build/Debug-iphoneos/SpotOMGController.build/DerivedSources-normal/arm64 -Xcc -I/tmp/spot-attitudepd-ios-build/Build/Intermediates.noindex/SpotOMGController.build/Debug-iphoneos/SpotOMGController.build/DerivedSources/arm64 -Xcc -I/tmp/spot-attitudepd-ios-build/Build/Intermediates.noindex/SpotOMGController.build/Debug-iphoneos/SpotOMGController.build/DerivedSources -emit-objc-header -emit-objc-header-path /tmp/spot-attitudepd-ios-build/Build/Intermediates.noindex/SpotOMGController.build/Debug-iphoneos/SpotOMGController.build/Objects-normal/arm64/SpotOMGController-Swift.h -working-directory /Users/etnlwind/project/spot_omg/apps/ios/SpotOMGController -experimental-emit-module-separately -disable-cmo

Ld /tmp/spot-attitudepd-ios-build/Build/Products/Debug-iphoneos/SpotOMGController.app/SpotOMGController.debug.dylib normal (in target 'SpotOMGController' from project 'SpotOMGController')
    cd /Users/etnlwind/project/spot_omg/apps/ios/SpotOMGController
    /Applications/Xcode.app/Contents/Developer/Toolchains/XcodeDefault.xctoolchain/usr/bin/clang -Xlinker -reproducible -target arm64-apple-ios17.0 -dynamiclib -isysroot /Applications/Xcode.app/Contents/Developer/Platforms/iPhoneOS.platform/Developer/SDKs/iPhoneOS26.4.sdk -Os -L/tmp/spot-attitudepd-ios-build/Build/Intermediates.noindex/EagerLinkingTBDs/Debug-iphoneos -L/tmp/spot-attitudepd-ios-build/Build/Products/Debug-iphoneos -F/tmp/spot-attitudepd-ios-build/Build/Intermediates.noindex/EagerLinkingTBDs/Debug-iphoneos -F/tmp/spot-attitudepd-ios-build/Build/Products/Debug-iphoneos -filelist /tmp/spot-attitudepd-ios-build/Build/Intermediates.noindex/SpotOMGController.build/Debug-iphoneos/SpotOMGController.build/Objects-normal/arm64/SpotOMGController.LinkFileList -install_name @rpath/SpotOMGController.debug.dylib -Xlinker -rpath -Xlinker /usr/lib/swift -Xlinker -dead_strip -Xlinker -object_path_lto -Xlinker /tmp/spot-attitudepd-ios-build/Build/Intermediates.noindex/SpotOMGController.build/Debug-iphoneos/SpotOMGController.build/Objects-normal/arm64/SpotOMGController_lto.o -rdynamic -Xlinker -debug_variant -Xlinker -dependency_info -Xlinker /tmp/spot-attitudepd-ios-build/Build/Intermediates.noindex/SpotOMGController.build/Debug-iphoneos/SpotOMGController.build/Objects-normal/arm64/SpotOMGController_dependency_info.dat -fobjc-link-runtime -fprofile-instr-generate -L/Applications/Xcode.app/Contents/Developer/Toolchains/XcodeDefault.xctoolchain/usr/lib/swift/iphoneos -L/usr/lib/swift -Xlinker -add_ast_path -Xlinker /tmp/spot-attitudepd-ios-build/Build/Intermediates.noindex/SpotOMGController.build/Debug-iphoneos/SpotOMGController.build/Objects-normal/arm64/SpotOMGController.swiftmodule @/tmp/spot-attitudepd-ios-build/Build/Intermediates.noindex/SpotOMGController.build/Debug-iphoneos/SpotOMGController.build/Objects-normal/arm64/SpotOMGController-linker-args.resp -Xlinker -alias -Xlinker _main -Xlinker ___debug_main_executable_dylib_entry_point -o /tmp/spot-attitudepd-ios-build/Build/Products/Debug-iphoneos/SpotOMGController.app/SpotOMGController.debug.dylib

LinkAssetCatalog /Users/etnlwind/project/spot_omg/apps/ios/SpotOMGController/SpotOMGController/Resources/Assets.xcassets (in target 'SpotOMGController' from project 'SpotOMGController')
    cd /Users/etnlwind/project/spot_omg/apps/ios/SpotOMGController
    builtin-linkAssetCatalog --thinned /tmp/spot-attitudepd-ios-build/Build/Intermediates.noindex/SpotOMGController.build/Debug-iphoneos/SpotOMGController.build/assetcatalog_output/thinned --thinned-dependencies /tmp/spot-attitudepd-ios-build/Build/Intermediates.noindex/SpotOMGController.build/Debug-iphoneos/SpotOMGController.build/assetcatalog_dependencies_thinned --thinned-info-plist-content /tmp/spot-attitudepd-ios-build/Build/Intermediates.noindex/SpotOMGController.build/Debug-iphoneos/SpotOMGController.build/assetcatalog_generated_info.plist_thinned --unthinned /tmp/spot-attitudepd-ios-build/Build/Intermediates.noindex/SpotOMGController.build/Debug-iphoneos/SpotOMGController.build/assetcatalog_output/unthinned --unthinned-dependencies /tmp/spot-attitudepd-ios-build/Build/Intermediates.noindex/SpotOMGController.build/Debug-iphoneos/SpotOMGController.build/assetcatalog_dependencies_unthinned --unthinned-info-plist-content /tmp/spot-attitudepd-ios-build/Build/Intermediates.noindex/SpotOMGController.build/Debug-iphoneos/SpotOMGController.build/assetcatalog_generated_info.plist_unthinned --output /tmp/spot-attitudepd-ios-build/Build/Products/Debug-iphoneos/SpotOMGController.app --plist-output /tmp/spot-attitudepd-ios-build/Build/Intermediates.noindex/SpotOMGController.build/Debug-iphoneos/SpotOMGController.build/assetcatalog_generated_info.plist
note: Emplaced /tmp/spot-attitudepd-ios-build/Build/Products/Debug-iphoneos/SpotOMGController.app/AppIcon60x60@2x.png (in target 'SpotOMGController' from project 'SpotOMGController')
note: Emplaced /tmp/spot-attitudepd-ios-build/Build/Products/Debug-iphoneos/SpotOMGController.app/AppIcon76x76@2x~ipad.png (in target 'SpotOMGController' from project 'SpotOMGController')
note: Emplaced /tmp/spot-attitudepd-ios-build/Build/Products/Debug-iphoneos/SpotOMGController.app/Assets.car (in target 'SpotOMGController' from project 'SpotOMGController')

ProcessInfoPlistFile /tmp/spot-attitudepd-ios-build/Build/Products/Debug-iphoneos/SpotOMGController.app/Info.plist /Users/etnlwind/project/spot_omg/apps/ios/SpotOMGController/SpotOMGController/Resources/Info.plist (in target 'SpotOMGController' from project 'SpotOMGController')
    cd /Users/etnlwind/project/spot_omg/apps/ios/SpotOMGController
    builtin-infoPlistUtility /Users/etnlwind/project/spot_omg/apps/ios/SpotOMGController/SpotOMGController/Resources/Info.plist -producttype com.apple.product-type.application -genpkginfo /tmp/spot-attitudepd-ios-build/Build/Products/Debug-iphoneos/SpotOMGController.app/PkgInfo -expandbuildsettings -format binary -platform iphoneos -additionalcontentfile /tmp/spot-attitudepd-ios-build/Build/Intermediates.noindex/SpotOMGController.build/Debug-iphoneos/SpotOMGController.build/assetcatalog_generated_info.plist -requiredArchitecture arm64 -o /tmp/spot-attitudepd-ios-build/Build/Products/Debug-iphoneos/SpotOMGController.app/Info.plist

ConstructStubExecutorLinkFileList /tmp/spot-attitudepd-ios-build/Build/Intermediates.noindex/SpotOMGController.build/Debug-iphoneos/SpotOMGController.build/SpotOMGController-ExecutorLinkFileList-normal-arm64.txt (in target 'SpotOMGController' from project 'SpotOMGController')
    cd /Users/etnlwind/project/spot_omg/apps/ios/SpotOMGController
    construct-stub-executor-link-file-list /tmp/spot-attitudepd-ios-build/Build/Products/Debug-iphoneos/SpotOMGController.app/SpotOMGController.debug.dylib /Applications/Xcode.app/Contents/Developer/Platforms/iPhoneOS.platform/Developer/usr/lib/libPreviewsJITStubExecutor_no_swift_entry_point.a /Applications/Xcode.app/Contents/Developer/Platforms/iPhoneOS.platform/Developer/usr/lib/libPreviewsJITStubExecutor.a --output /tmp/spot-attitudepd-ios-build/Build/Intermediates.noindex/SpotOMGController.build/Debug-iphoneos/SpotOMGController.build/SpotOMGController-ExecutorLinkFileList-normal-arm64.txt
note: Using stub executor library with Swift entry point. (in target 'SpotOMGController' from project 'SpotOMGController')

GenerateDSYMFile /tmp/spot-attitudepd-ios-build/Build/Products/Debug-iphoneos/SpotOMGController.app.dSYM /tmp/spot-attitudepd-ios-build/Build/Products/Debug-iphoneos/SpotOMGController.app/SpotOMGController.debug.dylib (in target 'SpotOMGController' from project 'SpotOMGController')
    cd /Users/etnlwind/project/spot_omg/apps/ios/SpotOMGController
    /Applications/Xcode.app/Contents/Developer/Toolchains/XcodeDefault.xctoolchain/usr/bin/dsymutil /tmp/spot-attitudepd-ios-build/Build/Products/Debug-iphoneos/SpotOMGController.app/SpotOMGController.debug.dylib -o /tmp/spot-attitudepd-ios-build/Build/Products/Debug-iphoneos/SpotOMGController.app.dSYM

Ld /tmp/spot-attitudepd-ios-build/Build/Products/Debug-iphoneos/SpotOMGController.app/SpotOMGController normal (in target 'SpotOMGController' from project 'SpotOMGController')
    cd /Users/etnlwind/project/spot_omg/apps/ios/SpotOMGController
    /Applications/Xcode.app/Contents/Developer/Toolchains/XcodeDefault.xctoolchain/usr/bin/clang -Xlinker -reproducible -target arm64-apple-ios17.0 -isysroot /Applications/Xcode.app/Contents/Developer/Platforms/iPhoneOS.platform/Developer/SDKs/iPhoneOS26.4.sdk -Os -L/tmp/spot-attitudepd-ios-build/Build/Products/Debug-iphoneos -F/tmp/spot-attitudepd-ios-build/Build/Products/Debug-iphoneos -Xlinker -rpath -Xlinker @executable_path -rdynamic -Xlinker -debug_variant -e ___debug_blank_executor_main -Xlinker -sectcreate -Xlinker __TEXT -Xlinker __debug_dylib -Xlinker /tmp/spot-attitudepd-ios-build/Build/Intermediates.noindex/SpotOMGController.build/Debug-iphoneos/SpotOMGController.build/SpotOMGController-DebugDylibPath-normal-arm64.txt -Xlinker -sectcreate -Xlinker __TEXT -Xlinker __debug_instlnm -Xlinker /tmp/spot-attitudepd-ios-build/Build/Intermediates.noindex/SpotOMGController.build/Debug-iphoneos/SpotOMGController.build/SpotOMGController-DebugDylibInstallName-normal-arm64.txt -Xlinker -filelist -Xlinker /tmp/spot-attitudepd-ios-build/Build/Intermediates.noindex/SpotOMGController.build/Debug-iphoneos/SpotOMGController.build/SpotOMGController-ExecutorLinkFileList-normal-arm64.txt /tmp/spot-attitudepd-ios-build/Build/Products/Debug-iphoneos/SpotOMGController.app/SpotOMGController.debug.dylib -o /tmp/spot-attitudepd-ios-build/Build/Products/Debug-iphoneos/SpotOMGController.app/SpotOMGController

GenerateDSYMFile /tmp/spot-attitudepd-ios-build/Build/Products/Debug-iphoneos/SpotOMGController.app.dSYM /tmp/spot-attitudepd-ios-build/Build/Products/Debug-iphoneos/SpotOMGController.app/SpotOMGController (in target 'SpotOMGController' from project 'SpotOMGController')
    cd /Users/etnlwind/project/spot_omg/apps/ios/SpotOMGController
    /Applications/Xcode.app/Contents/Developer/Toolchains/XcodeDefault.xctoolchain/usr/bin/dsymutil -q /tmp/spot-attitudepd-ios-build/Build/Products/Debug-iphoneos/SpotOMGController.app/SpotOMGController -o /tmp/spot-attitudepd-ios-build/Build/Products/Debug-iphoneos/SpotOMGController.app.dSYM

CopySwiftLibs /tmp/spot-attitudepd-ios-build/Build/Products/Debug-iphoneos/SpotOMGController.app (in target 'SpotOMGController' from project 'SpotOMGController')
    cd /Users/etnlwind/project/spot_omg/apps/ios/SpotOMGController
    builtin-swiftStdLibTool --copy --verbose --scan-executable /tmp/spot-attitudepd-ios-build/Build/Products/Debug-iphoneos/SpotOMGController.app/SpotOMGController.debug.dylib --scan-folder /tmp/spot-attitudepd-ios-build/Build/Products/Debug-iphoneos/SpotOMGController.app/Frameworks --scan-folder /tmp/spot-attitudepd-ios-build/Build/Products/Debug-iphoneos/SpotOMGController.app/PlugIns --scan-folder /tmp/spot-attitudepd-ios-build/Build/Products/Debug-iphoneos/SpotOMGController.app/SystemExtensions --scan-folder /tmp/spot-attitudepd-ios-build/Build/Products/Debug-iphoneos/SpotOMGController.app/Extensions --platform iphoneos --toolchain /Applications/Xcode.app/Contents/Developer/Toolchains/XcodeDefault.xctoolchain --destination /tmp/spot-attitudepd-ios-build/Build/Products/Debug-iphoneos/SpotOMGController.app/Frameworks --strip-bitcode --strip-bitcode-tool /Applications/Xcode.app/Contents/Developer/Toolchains/XcodeDefault.xctoolchain/usr/bin/bitcode_strip --emit-dependency-info /tmp/spot-attitudepd-ios-build/Build/Intermediates.noindex/SpotOMGController.build/Debug-iphoneos/SpotOMGController.build/SwiftStdLibToolInputDependencies.dep --filter-for-swift-os --back-deploy-swift-span
Ignoring --strip-bitcode because --sign was not passed

ExtractAppIntentsMetadata (in target 'SpotOMGController' from project 'SpotOMGController')
    cd /Users/etnlwind/project/spot_omg/apps/ios/SpotOMGController
    /Applications/Xcode.app/Contents/Developer/Toolchains/XcodeDefault.xctoolchain/usr/bin/appintentsmetadataprocessor --toolchain-dir /Applications/Xcode.app/Contents/Developer/Toolchains/XcodeDefault.xctoolchain --module-name SpotOMGController --sdk-root /Applications/Xcode.app/Contents/Developer/Platforms/iPhoneOS.platform/Developer/SDKs/iPhoneOS26.4.sdk --xcode-version 17E192 --platform-family iOS --deployment-target 17.0 --bundle-identifier com.etnlwind.spotomg.controller --output /tmp/spot-attitudepd-ios-build/Build/Products/Debug-iphoneos/SpotOMGController.app --target-triple arm64-apple-ios17.0 --binary-file /tmp/spot-attitudepd-ios-build/Build/Products/Debug-iphoneos/SpotOMGController.app/SpotOMGController --dependency-file /tmp/spot-attitudepd-ios-build/Build/Intermediates.noindex/SpotOMGController.build/Debug-iphoneos/SpotOMGController.build/Objects-normal/arm64/SpotOMGController_dependency_info.dat --stringsdata-file /tmp/spot-attitudepd-ios-build/Build/Intermediates.noindex/SpotOMGController.build/Debug-iphoneos/SpotOMGController.build/Objects-normal/arm64/ExtractedAppShortcutsMetadata.stringsdata --source-file-list /tmp/spot-attitudepd-ios-build/Build/Intermediates.noindex/SpotOMGController.build/Debug-iphoneos/SpotOMGController.build/Objects-normal/arm64/SpotOMGController.SwiftFileList --metadata-file-list /tmp/spot-attitudepd-ios-build/Build/Intermediates.noindex/SpotOMGController.build/Debug-iphoneos/SpotOMGController.build/SpotOMGController.DependencyMetadataFileList --static-metadata-file-list /tmp/spot-attitudepd-ios-build/Build/Intermediates.noindex/SpotOMGController.build/Debug-iphoneos/SpotOMGController.build/SpotOMGController.DependencyStaticMetadataFileList --swift-const-vals-list /tmp/spot-attitudepd-ios-build/Build/Intermediates.noindex/SpotOMGController.build/Debug-iphoneos/SpotOMGController.build/Objects-normal/arm64/SpotOMGController.SwiftConstValuesFileList --compile-time-extraction --deployment-aware-processing --validate-assistant-intents --no-app-shortcuts-localization
2026-09-14 18:10:59.800 appintentsmetadataprocessor[61686:34423163] Starting appintentsmetadataprocessor export
2026-09-14 18:10:59.810 appintentsmetadataprocessor[61686:34423163] warning: Metadata extraction skipped. No AppIntents.framework dependency found.

AppIntentsSSUTraining (in target 'SpotOMGController' from project 'SpotOMGController')
    cd /Users/etnlwind/project/spot_omg/apps/ios/SpotOMGController
    /Applications/Xcode.app/Contents/Developer/Toolchains/XcodeDefault.xctoolchain/usr/bin/appintentsnltrainingprocessor --infoplist-path /tmp/spot-attitudepd-ios-build/Build/Products/Debug-iphoneos/SpotOMGController.app/Info.plist --temp-dir-path /tmp/spot-attitudepd-ios-build/Build/Intermediates.noindex/SpotOMGController.build/Debug-iphoneos/SpotOMGController.build/ssu --bundle-id com.etnlwind.spotomg.controller --product-path /tmp/spot-attitudepd-ios-build/Build/Products/Debug-iphoneos/SpotOMGController.app --extracted-metadata-path /tmp/spot-attitudepd-ios-build/Build/Products/Debug-iphoneos/SpotOMGController.app/Metadata.appintents --metadata-file-list /tmp/spot-attitudepd-ios-build/Build/Intermediates.noindex/SpotOMGController.build/Debug-iphoneos/SpotOMGController.build/SpotOMGController.DependencyMetadataFileList --source-file /tmp/spot-attitudepd-ios-build/Build/Products/Debug-iphoneos/SpotOMGController.app/Info.plist --archive-ssu-assets
2026-09-14 18:10:59.841 appintentsnltrainingprocessor[61687:34423168] Parsing options for appintentsnltrainingprocessor
2026-09-14 18:10:59.842 appintentsnltrainingprocessor[61687:34423168] Starting AppIntents SSU YAML Generation
2026-09-14 18:10:59.844 appintentsnltrainingprocessor[61687:34423168] No AppShortcuts found - Skipping.

RegisterExecutionPolicyException /tmp/spot-attitudepd-ios-build/Build/Products/Debug-iphoneos/SpotOMGController.app (in target 'SpotOMGController' from project 'SpotOMGController')
    cd /Users/etnlwind/project/spot_omg/apps/ios/SpotOMGController
    builtin-RegisterExecutionPolicyException /tmp/spot-attitudepd-ios-build/Build/Products/Debug-iphoneos/SpotOMGController.app

Validate /tmp/spot-attitudepd-ios-build/Build/Products/Debug-iphoneos/SpotOMGController.app (in target 'SpotOMGController' from project 'SpotOMGController')
    cd /Users/etnlwind/project/spot_omg/apps/ios/SpotOMGController
    builtin-validationUtility /tmp/spot-attitudepd-ios-build/Build/Products/Debug-iphoneos/SpotOMGController.app -shallow-bundle -infoplist-subpath Info.plist

Touch /tmp/spot-attitudepd-ios-build/Build/Products/Debug-iphoneos/SpotOMGController.app (in target 'SpotOMGController' from project 'SpotOMGController')
    cd /Users/etnlwind/project/spot_omg/apps/ios/SpotOMGController
    /usr/bin/touch -c /tmp/spot-attitudepd-ios-build/Build/Products/Debug-iphoneos/SpotOMGController.app

** BUILD SUCCEEDED **

