/Users/etnlwind/project/spot_omg/simulation/mujoco/runtime/cad_physics.py:170: RuntimeWarning: divide by zero encountered in matmul
  local=points@pad_rotation
/Users/etnlwind/project/spot_omg/simulation/mujoco/runtime/cad_physics.py:170: RuntimeWarning: overflow encountered in matmul
  local=points@pad_rotation
/Users/etnlwind/project/spot_omg/simulation/mujoco/runtime/cad_physics.py:170: RuntimeWarning: invalid value encountered in matmul
  local=points@pad_rotation
/Users/etnlwind/project/spot_omg/simulation/mujoco/runtime/standing_pose.py:15: RuntimeWarning: divide by zero encountered in matmul
  world=self.vertices[i] @ d.geom_xmat[f].reshape(3,3).T+d.geom_xpos[f]
/Users/etnlwind/project/spot_omg/simulation/mujoco/runtime/standing_pose.py:15: RuntimeWarning: overflow encountered in matmul
  world=self.vertices[i] @ d.geom_xmat[f].reshape(3,3).T+d.geom_xpos[f]
/Users/etnlwind/project/spot_omg/simulation/mujoco/runtime/standing_pose.py:15: RuntimeWarning: invalid value encountered in matmul
  world=self.vertices[i] @ d.geom_xmat[f].reshape(3,3).T+d.geom_xpos[f]
/Users/etnlwind/project/spot_omg/simulation/mujoco/runtime/cad_physics.py:94: RuntimeWarning: divide by zero encountered in matmul
  return float(np.max(model.mesh_vert[start:start+count]@local))
/Users/etnlwind/project/spot_omg/simulation/mujoco/runtime/cad_physics.py:94: RuntimeWarning: overflow encountered in matmul
  return float(np.max(model.mesh_vert[start:start+count]@local))
/Users/etnlwind/project/spot_omg/simulation/mujoco/runtime/cad_physics.py:94: RuntimeWarning: invalid value encountered in matmul
  return float(np.max(model.mesh_vert[start:start+count]@local))
/Users/etnlwind/project/spot_omg/simulation/mujoco/scripts/validation/export_s_native_v621_firmware.py:36: RuntimeWarning: divide by zero encountered in matmul
  errors.append(float(np.max(abs(encoded@basis/1e6-values))))
/Users/etnlwind/project/spot_omg/simulation/mujoco/scripts/validation/export_s_native_v621_firmware.py:36: RuntimeWarning: overflow encountered in matmul
  errors.append(float(np.max(abs(encoded@basis/1e6-values))))
/Users/etnlwind/project/spot_omg/simulation/mujoco/scripts/validation/export_s_native_v621_firmware.py:36: RuntimeWarning: invalid value encountered in matmul
  errors.append(float(np.max(abs(encoded@basis/1e6-values))))
s_native_v6_2_3 support: linear=-1.0
s_native_v6_2_3 support: linear=-0.9
s_native_v6_2_3 support: linear=-0.8
s_native_v6_2_3 support: linear=-0.7
s_native_v6_2_3 support: linear=-0.6
s_native_v6_2_3 support: linear=-0.5
s_native_v6_2_3 support: linear=-0.4
s_native_v6_2_3 support: linear=-0.3
s_native_v6_2_3 support: linear=-0.2
s_native_v6_2_3 support: linear=-0.1
s_native_v6_2_3 support: linear=0.0
s_native_v6_2_3 support: linear=0.1
s_native_v6_2_3 support: linear=0.2
s_native_v6_2_3 support: linear=0.3
s_native_v6_2_3 support: linear=0.4
s_native_v6_2_3 support: linear=0.5
s_native_v6_2_3 support: linear=0.6
s_native_v6_2_3 support: linear=0.7
s_native_v6_2_3 support: linear=0.8
s_native_v6_2_3 support: linear=0.9
s_native_v6_2_3 support: linear=1.0
{"profile": "s_native_v6_2_3", "harmonics": 8, "table_bytes": 7854, "max_support_reconstruction_error_mm": 0.32811785038349206, "grid": [21, 11], "phases": 64}
