{
  "time_basis": "Simulation time including 2 seconds before drive. Half-speed player times are doubled.",
  "walk_seconds": 8.0,
  "j1_mode": "fixed_j1",
  "source_log": null,
  "sample_period_s": 0.02,
  "video_frame_period_s": 0.04,
  "max_replay_joint_error_deg": 0.0,
  "definition": "Scheduled recovery, normal load > 1 N, forward material contact slip > 20 mm/s, body-relative forward foot motion > 20 mm/s.",
  "major_events": [
    {
      "leg": "RR",
      "start_s": 2.9,
      "end_s": 3.02,
      "duration_s": 0.12,
      "peak_force_n": 11.909624354602556,
      "peak_forward_slip_mm_s": 857.0459823146332,
      "forward_slip_mm": 85.54138515876815,
      "swing_fraction_start": 0.5178742852199323,
      "swing_fraction_end": 0.6178934254634623
    },
    {
      "leg": "RL",
      "start_s": 3.58,
      "end_s": 3.68,
      "duration_s": 0.1,
      "peak_force_n": 9.133019645645506,
      "peak_forward_slip_mm_s": 577.0614663904962,
      "forward_slip_mm": 51.033131891006654,
      "swing_fraction_start": 0.3641880419242627,
      "swing_fraction_end": 0.4912583544242626
    },
    {
      "leg": "RL",
      "start_s": 3.7,
      "end_s": 3.78,
      "duration_s": 0.08,
      "peak_force_n": 7.9455822072860585,
      "peak_forward_slip_mm_s": 1110.7444502500089,
      "forward_slip_mm": 82.8448362501852,
      "swing_fraction_start": 0.5433677294242625,
      "swing_fraction_end": 0.6175767137992623
    },
    {
      "leg": "RL",
      "start_s": 5.12,
      "end_s": 5.26,
      "duration_s": 0.14,
      "peak_force_n": 9.046170262265589,
      "peak_forward_slip_mm_s": 1006.0646264934644,
      "forward_slip_mm": 106.23079556305422,
      "swing_fraction_start": 0.508742031096244,
      "swing_fraction_end": 0.660675624846244
    },
    {
      "leg": "RR",
      "start_s": 5.82,
      "end_s": 5.9,
      "duration_s": 0.08,
      "peak_force_n": 8.749733043594478,
      "peak_forward_slip_mm_s": 874.404745571337,
      "forward_slip_mm": 59.12011701751965,
      "swing_fraction_start": 0.46238974475743744,
      "swing_fraction_end": 0.5273702135074374
    },
    {
      "leg": "RR",
      "start_s": 7.18,
      "end_s": 7.26,
      "duration_s": 0.08,
      "peak_force_n": 6.887362307887122,
      "peak_forward_slip_mm_s": 513.3686190387494,
      "forward_slip_mm": 27.6808160846954,
      "swing_fraction_start": 0.38153950357320277,
      "swing_fraction_end": 0.44550747060658913
    }
  ],
  "total_seconds_per_leg": {
    "FL": 0.52,
    "FR": 0.38,
    "RL": 0.68,
    "RR": 0.6
  }
}
