
=== 2026-09-10T21:47:45 SpotOMG-Bridge ===
# status
Servo status (12 configured IDs):
ID 1 pos=1925 speed=0 load=-40 voltage=11000mV temp=29C current=1 moving=0 hw=0x00
ID 2 pos=1568 speed=0 load=16 voltage=11200mV temp=28C current=1 moving=0 hw=0x00
ID 3 pos=2976 speed=0 load=-32 voltage=11200mV temp=34C current=1 moving=0 hw=0x00
ID 4 pos=2093 speed=0 load=40 voltage=11200mV temp=31C current=1 moving=0 hw=0x00
ID 5 pos=2442 speed=0 load=-8 voltage=11200mV temp=28C current=0 moving=0 hw=0x00
ID 6 pos=1034 speed=0 load=24 voltage=11300mV temp=32C current=0 moving=0 hw=0x00
ID 7 pos=2108 speed=0 load=40 voltage=11100mV temp=31C current=1 moving=0 hw=0x00
ID 8 pos=1441 speed=0 load=8 voltage=11200mV temp=28C current=0 moving=0 hw=0x00
ID 9 pos=2960 speed=0 load=-24 voltage=11200mV temp=49C current=0 moving=0 hw=0x00
ID 10 pos=1947 speed=0 load=-40 voltage=11200mV temp=31C current=1 moving=0 hw=0x00
ID 11 pos=2767 speed=0 load=-8 voltage=11100mV temp=29C current=0 moving=0 hw=0x00
ID 12 pos=1015 speed=0 load=24 voltage=11100mV temp=37C current=0 moving=0 hw=0x00
Bus read retries: attempts=0 recovered=0 failed=0

=== 2026-09-10T21:47:55 SpotOMG-Bridge ===
# profile
Profile: speed=3400 acceleration=254

=== 2026-09-10T21:48:04 SpotOMG-Bridge ===
# syncstate
$SPOTSTATE pose=stand error=28 torque=on safety=fault balance=full rev=shared-locomotion-v34 caps=trot5,gaitprofiles,balancecontrol,commandretry,stow,headinghold profile=jointsport heading=on reverse_limit=600 recovery=new-command fault_code=11

=== 2026-09-10T21:48:24 SpotOMG-Bridge ===
# recover
Recovered: holding at present positions, torque on

=== 2026-09-10T21:48:35 SpotOMG-Bridge ===
# profile 100 10
Profile set: speed=100 acceleration=10

=== 2026-09-10T21:48:42 SpotOMG-Bridge ===
# move 4 2203
OK

=== 2026-09-10T21:48:53 SpotOMG-Bridge ===
# read 4
ID 4 pos=2202 speed=0 load=0 voltage=11200mV temp=31C current=0 moving=0 hw=0x00

=== 2026-09-10T21:49:00 SpotOMG-Bridge ===
# profile 3400 254
Profile set: speed=3400 acceleration=254

=== 2026-09-10T21:49:16 SpotOMG-Bridge ===
# read 4
ID 4 pos=2202 speed=0 load=0 voltage=11200mV temp=31C current=0 moving=0 hw=0x00

=== 2026-09-10T21:49:24 SpotOMG-Bridge ===
# profile 100 10
Profile set: speed=100 acceleration=10

=== 2026-09-10T21:49:32 SpotOMG-Bridge ===
# move 4 1983
OK

=== 2026-09-10T21:49:38 SpotOMG-Bridge ===
# read 4
ID 4 pos=1990 speed=0 load=64 voltage=11200mV temp=31C current=2 moving=0 hw=0x00

=== 2026-09-10T21:49:48 SpotOMG-Bridge ===
# profile 3400 254
Profile set: speed=3400 acceleration=254
