$SPOTLOG BEGIN total=831 returned=300 time=synced
$SPOTLOG seq=5562 boot=34 uptime_ms=444261 epoch_ms=1789044021666 text=MECH_TRACK id=10 n=62 mean10=-3 peak=77 mv=11000 lag=0
$SPOTLOG seq=5563 boot=34 uptime_ms=444263 epoch_ms=1789044021668 text=MECH_PHASE id=10 stance_n=43 se10=3 swing_n=19 we10=-20
$SPOTLOG seq=5564 boot=34 uptime_ms=444265 epoch_ms=1789044021670 text=MECH_PEAK id=10 cmd=1883 pos=1960 phase=919 stance=0
$SPOTLOG seq=5565 boot=34 uptime_ms=444267 epoch_ms=1789044021672 text=MECH_LAG id=10 cur=24 load=340 age=6 err=-8
$SPOTLOG seq=5566 boot=34 uptime_ms=444268 epoch_ms=1789044021673 text=MECH_TRACK id=11 n=62 mean10=-1 peak=36 mv=11000 lag=0
$SPOTLOG seq=5567 boot=34 uptime_ms=444270 epoch_ms=1789044021675 text=MECH_PHASE id=11 stance_n=42 se10=-5 swing_n=20 we10=5
$SPOTLOG seq=5568 boot=34 uptime_ms=444272 epoch_ms=1789044021677 text=MECH_PEAK id=11 cmd=2873 pos=2837 phase=741 stance=0
$SPOTLOG seq=5569 boot=34 uptime_ms=444274 epoch_ms=1789044021679 text=MECH_LAG id=11 cur=6 load=-112 age=7 err=-2
$SPOTLOG seq=5570 boot=34 uptime_ms=444276 epoch_ms=1789044021681 text=MECH_TRACK id=12 n=62 mean10=-5 peak=77 mv=10900 lag=0
$SPOTLOG seq=5571 boot=34 uptime_ms=444278 epoch_ms=1789044021683 text=MECH_PHASE id=12 stance_n=41 se10=-3 swing_n=21 we10=-10
$SPOTLOG seq=5572 boot=34 uptime_ms=444280 epoch_ms=1789044021685 text=MECH_PEAK id=12 cmd=1000 pos=923 phase=914 stance=0
$SPOTLOG seq=5573 boot=34 uptime_ms=444281 epoch_ms=1789044021686 text=MECH_LAG id=12 cur=4 load=-160 age=6 err=-1
$SPOTLOG seq=5574 boot=34 uptime_ms=444283 epoch_ms=1789044021688 text=MECH_END mode=gait stored=1
$SPOTLOG seq=5575 boot=34 uptime_ms=445990 epoch_ms=1789044023395 text=CMD link=ble read 1
$SPOTLOG seq=5576 boot=34 uptime_ms=456950 epoch_ms=1789044034355 text=CMD link=ble drive 0 304 1171
$SPOTLOG seq=5577 boot=34 uptime_ms=456975 epoch_ms=1789044034380 text=RESULT result=safety fault; check cause and retry new command servo=2 bus=timeout error=0x00
$SPOTLOG seq=5578 boot=34 uptime_ms=458297 epoch_ms=1789044035702 text=CMD link=ble read 1
$SPOTLOG seq=5579 boot=34 uptime_ms=462280 epoch_ms=1789044039685 text=CMD link=ble drive -71 293 1172
$SPOTLOG seq=5580 boot=34 uptime_ms=477964 epoch_ms=1789044055369 text=RESULT result=drive watchdog expired servo=2 bus=timeout error=0x00
$SPOTLOG seq=5581 boot=34 uptime_ms=477984 epoch_ms=1789044055389 text=GAIT n=693 v=10700 lag=0 droop=0 derate=0 fall=0 late=4 limit=0
$SPOTLOG seq=5582 boot=34 uptime_ms=477985 epoch_ms=1789044055390 text=MECH_BEGIN mode=gait samples=693 units=angle10,current_raw
$SPOTLOG seq=5583 boot=34 uptime_ms=477987 epoch_ms=1789044055392 text=MECH_TRACK id=1 n=58 mean10=3 peak=72 mv=10900 lag=0
$SPOTLOG seq=5584 boot=34 uptime_ms=477989 epoch_ms=1789044055394 text=MECH_PHASE id=1 stance_n=41 se10=15 swing_n=17 we10=-23
$SPOTLOG seq=5585 boot=34 uptime_ms=477991 epoch_ms=1789044055396 text=MECH_PEAK id=1 cmd=1985 pos=1913 phase=894 stance=0
$SPOTLOG seq=5586 boot=34 uptime_ms=477993 epoch_ms=1789044055398 text=MECH_LAG id=1 cur=5 load=-240 age=6 err=-7
$SPOTLOG seq=5587 boot=34 uptime_ms=477995 epoch_ms=1789044055400 text=MECH_TRACK id=2 n=58 mean10=0 peak=25 mv=11000 lag=0
$SPOTLOG seq=5588 boot=34 uptime_ms=477997 epoch_ms=1789044055402 text=MECH_PHASE id=2 stance_n=41 se10=2 swing_n=17 we10=-5
$SPOTLOG seq=5589 boot=34 uptime_ms=477998 epoch_ms=1789044055403 text=MECH_PEAK id=2 cmd=1453 pos=1428 phase=902 stance=0
$SPOTLOG seq=5590 boot=34 uptime_ms=478000 epoch_ms=1789044055405 text=MECH_LAG id=2 cur=4 load=-100 age=2 err=4
$SPOTLOG seq=5591 boot=34 uptime_ms=478002 epoch_ms=1789044055407 text=MECH_TRACK id=3 n=58 mean10=-8 peak=59 mv=11100 lag=0
$SPOTLOG seq=5592 boot=34 uptime_ms=478004 epoch_ms=1789044055409 text=MECH_PHASE id=3 stance_n=41 se10=-12 swing_n=17 we10=1
$SPOTLOG seq=5593 boot=34 uptime_ms=478006 epoch_ms=1789044055411 text=MECH_PEAK id=3 cmd=3065 pos=3006 phase=789 stance=0
$SPOTLOG seq=5594 boot=34 uptime_ms=478008 epoch_ms=1789044055413 text=MECH_LAG id=3 cur=8 load=-224 age=5 err=-1
$SPOTLOG seq=5595 boot=34 uptime_ms=478010 epoch_ms=1789044055415 text=MECH_TRACK id=4 n=58 mean10=1 peak=66 mv=10900 lag=0
$SPOTLOG seq=5596 boot=34 uptime_ms=478011 epoch_ms=1789044055416 text=MECH_PHASE id=4 stance_n=41 se10=-6 swing_n=17 we10=21
$SPOTLOG seq=5597 boot=34 uptime_ms=478013 epoch_ms=1789044055418 text=MECH_PEAK id=4 cmd=2139 pos=2073 phase=364 stance=0
$SPOTLOG seq=5598 boot=34 uptime_ms=478015 epoch_ms=1789044055420 text=MECH_LAG id=4 cur=7 load=-232 age=5 err=1
$SPOTLOG seq=5599 boot=34 uptime_ms=478017 epoch_ms=1789044055422 text=MECH_TRACK id=5 n=58 mean10=-8 peak=29 mv=10900 lag=0
$SPOTLOG seq=5600 boot=34 uptime_ms=478019 epoch_ms=1789044055424 text=MECH_PHASE id=5 stance_n=40 se10=-12 swing_n=18 we10=0
$SPOTLOG seq=5601 boot=34 uptime_ms=478021 epoch_ms=1789044055426 text=MECH_PEAK id=5 cmd=2528 pos=2557 phase=128 stance=1
$SPOTLOG seq=5602 boot=34 uptime_ms=478022 epoch_ms=1789044055427 text=MECH_LAG id=5 cur=49 load=228 age=11 err=-9
$SPOTLOG seq=5603 boot=34 uptime_ms=478024 epoch_ms=1789044055429 text=MECH_TRACK id=6 n=57 mean10=-7 peak=74 mv=11100 lag=0
$SPOTLOG seq=5604 boot=34 uptime_ms=478026 epoch_ms=1789044055431 text=MECH_PHASE id=6 stance_n=40 se10=-5 swing_n=17 we10=-11
$SPOTLOG seq=5605 boot=34 uptime_ms=478028 epoch_ms=1789044055433 text=MECH_PEAK id=6 cmd=1048 pos=974 phase=434 stance=0
$SPOTLOG seq=5606 boot=34 uptime_ms=478030 epoch_ms=1789044055435 text=MECH_LAG id=6 cur=20 load=-312 age=6 err=1
$SPOTLOG seq=5607 boot=34 uptime_ms=478032 epoch_ms=1789044055437 text=MECH_TRACK id=7 n=57 mean10=-1 peak=82 mv=10900 lag=0
$SPOTLOG seq=5608 boot=34 uptime_ms=478034 epoch_ms=1789044055439 text=MECH_PHASE id=7 stance_n=40 se10=-14 swing_n=17 we10=30
$SPOTLOG seq=5609 boot=34 uptime_ms=478035 epoch_ms=1789044055440 text=MECH_PEAK id=7 cmd=2025 pos=2107 phase=400 stance=0
$SPOTLOG seq=5610 boot=34 uptime_ms=478037 epoch_ms=1789044055442 text=MECH_LAG id=7 cur=7 load=276 age=6 err=2
$SPOTLOG seq=5611 boot=34 uptime_ms=478039 epoch_ms=1789044055444 text=MECH_TRACK id=8 n=57 mean10=4 peak=26 mv=10900 lag=0
$SPOTLOG seq=5612 boot=34 uptime_ms=478041 epoch_ms=1789044055446 text=MECH_PHASE id=8 stance_n=40 se10=6 swing_n=17 we10=-1
$SPOTLOG seq=5613 boot=34 uptime_ms=478043 epoch_ms=1789044055448 text=MECH_PEAK id=8 cmd=1300 pos=1274 phase=384 stance=0
$SPOTLOG seq=5614 boot=34 uptime_ms=478045 epoch_ms=1789044055450 text=MECH_LAG id=8 cur=5 load=-104 age=2 err=4
$SPOTLOG seq=5615 boot=34 uptime_ms=478047 epoch_ms=1789044055452 text=MECH_TRACK id=9 n=58 mean10=-18 peak=49 mv=10700 lag=0
$SPOTLOG seq=5616 boot=34 uptime_ms=478048 epoch_ms=1789044055453 text=MECH_PHASE id=9 stance_n=39 se10=-25 swing_n=19 we10=-4
$SPOTLOG seq=5617 boot=34 uptime_ms=478050 epoch_ms=1789044055455 text=MECH_PEAK id=9 cmd=3007 pos=3056 phase=471 stance=0
$SPOTLOG seq=5618 boot=34 uptime_ms=478052 epoch_ms=1789044055457 text=MECH_LAG id=9 cur=7 load=216 age=6 err=3
$SPOTLOG seq=5619 boot=34 uptime_ms=478054 epoch_ms=1789044055459 text=MECH_TRACK id=10 n=58 mean10=-3 peak=85 mv=11000 lag=0
$SPOTLOG seq=5620 boot=34 uptime_ms=478056 epoch_ms=1789044055461 text=MECH_PHASE id=10 stance_n=41 se10=9 swing_n=17 we10=-32
$SPOTLOG seq=5621 boot=34 uptime_ms=478058 epoch_ms=1789044055463 text=MECH_PEAK id=10 cmd=1910 pos=1995 phase=874 stance=0
$SPOTLOG seq=5622 boot=34 uptime_ms=478060 epoch_ms=1789044055465 text=MECH_LAG id=10 cur=12 load=284 age=6 err=6
$SPOTLOG seq=5623 boot=34 uptime_ms=478061 epoch_ms=1789044055466 text=MECH_TRACK id=11 n=58 mean10=-3 peak=38 mv=10900 lag=0
$SPOTLOG seq=5624 boot=34 uptime_ms=478063 epoch_ms=1789044055468 text=MECH_PHASE id=11 stance_n=42 se10=-7 swing_n=16 we10=7
$SPOTLOG seq=5625 boot=34 uptime_ms=478065 epoch_ms=1789044055470 text=MECH_PEAK id=11 cmd=2941 pos=2903 phase=780 stance=0
$SPOTLOG seq=5626 boot=34 uptime_ms=478067 epoch_ms=1789044055472 text=MECH_LAG id=11 cur=10 load=-148 age=3 err=-4
$SPOTLOG seq=5627 boot=34 uptime_ms=478069 epoch_ms=1789044055474 text=MECH_TRACK id=12 n=58 mean10=-4 peak=75 mv=10900 lag=0
$SPOTLOG seq=5628 boot=34 uptime_ms=478071 epoch_ms=1789044055476 text=MECH_PHASE id=12 stance_n=42 se10=-2 swing_n=16 we10=-10
$SPOTLOG seq=5629 boot=34 uptime_ms=478073 epoch_ms=1789044055478 text=MECH_PEAK id=12 cmd=1022 pos=947 phase=943 stance=0
$SPOTLOG seq=5630 boot=34 uptime_ms=478074 epoch_ms=1789044055479 text=MECH_LAG id=12 cur=13 load=-284 age=6 err=0
$SPOTLOG seq=5631 boot=34 uptime_ms=478076 epoch_ms=1789044055481 text=MECH_END mode=gait stored=1
$SPOTLOG seq=5632 boot=34 uptime_ms=479854 epoch_ms=1789044057259 text=CMD link=ble read 1
$SPOTLOG seq=5633 boot=34 uptime_ms=491654 epoch_ms=1789044069059 text=CMD link=ble relax
$SPOTLOG seq=5634 boot=34 uptime_ms=491679 epoch_ms=1789044069084 text=RESULT result=ok servo=2 bus=timeout error=0x00
$SPOTLOG seq=5635 boot=34 uptime_ms=492912 epoch_ms=1789044070317 text=CMD link=ble read 1
$SPOTLOG seq=5636 boot=34 uptime_ms=517141 epoch_ms=1789044094546 text=CMD link=ble stand
$SPOTLOG seq=5637 boot=34 uptime_ms=523157 epoch_ms=1789044100562 text=RESULT result=ok servo=2 bus=timeout error=0x00
$SPOTLOG seq=5638 boot=34 uptime_ms=523159 epoch_ms=1789044100564 text=MECH_BEGIN mode=pose label=stand units=angle10,current_raw
$SPOTLOG seq=5639 boot=34 uptime_ms=523165 epoch_ms=1789044100570 text=MECH_POS id=1 leg=0 j=1 pos=1931 angle10=-1 moving=0
$SPOTLOG seq=5640 boot=34 uptime_ms=523167 epoch_ms=1789044100572 text=MECH_PWR id=1 speed=0 load=24 current_raw=0 mv=11100 temp=28 hw=0
$SPOTLOG seq=5641 boot=34 uptime_ms=523169 epoch_ms=1789044100574 text=MECH_CAL id=1 ctr=1929 dir=-1 min=0 max=4095
$SPOTLOG seq=5642 boot=34 uptime_ms=523171 epoch_ms=1789044100576 text=MECH_GOAL id=1 goal=1929 err10=1 torque=1
$SPOTLOG seq=5643 boot=34 uptime_ms=523176 epoch_ms=1789044100581 text=MECH_POS id=2 leg=0 j=2 pos=1567 angle10=448 moving=0
$SPOTLOG seq=5644 boot=34 uptime_ms=523178 epoch_ms=1789044100583 text=MECH_PWR id=2 speed=0 load=16 current_raw=1 mv=11200 temp=28 hw=0
$SPOTLOG seq=5645 boot=34 uptime_ms=523180 epoch_ms=1789044100585 text=MECH_CAL id=2 ctr=2077 dir=-1 min=0 max=4095
$SPOTLOG seq=5646 boot=34 uptime_ms=523182 epoch_ms=1789044100587 text=MECH_GOAL id=2 goal=35299 err10=-29647 torque=1
$SPOTLOG seq=5647 boot=34 uptime_ms=523187 epoch_ms=1789044100592 text=MECH_POS id=3 leg=0 j=3 pos=2991 angle10=901 moving=0
$SPOTLOG seq=5648 boot=34 uptime_ms=523189 epoch_ms=1789044100594 text=MECH_PWR id=3 speed=0 load=24 current_raw=1 mv=11300 temp=33 hw=0
$SPOTLOG seq=5649 boot=34 uptime_ms=523191 epoch_ms=1789044100596 text=MECH_CAL id=3 ctr=1965 dir=1 min=0 max=4095
$SPOTLOG seq=5650 boot=34 uptime_ms=523193 epoch_ms=1789044100598 text=MECH_GOAL id=3 goal=2989 err10=-1 torque=1
$SPOTLOG seq=5651 boot=34 uptime_ms=523198 epoch_ms=1789044100603 text=MECH_POS id=4 leg=1 j=1 pos=2088 angle10=0 moving=0
$SPOTLOG seq=5652 boot=34 uptime_ms=523200 epoch_ms=1789044100605 text=MECH_PWR id=4 speed=0 load=0 current_raw=0 mv=11300 temp=30 hw=0
$SPOTLOG seq=5653 boot=34 uptime_ms=523202 epoch_ms=1789044100607 text=MECH_CAL id=4 ctr=2089 dir=1 min=0 max=4095
$SPOTLOG seq=5654 boot=34 uptime_ms=523204 epoch_ms=1789044100609 text=MECH_GOAL id=4 goal=2089 err10=0 torque=1
$SPOTLOG seq=5655 boot=34 uptime_ms=523209 epoch_ms=1789044100614 text=MECH_POS id=5 leg=1 j=2 pos=2432 angle10=448 moving=0
$SPOTLOG seq=5656 boot=34 uptime_ms=523211 epoch_ms=1789044100616 text=MECH_PWR id=5 speed=0 load=-16 current_raw=0 mv=11200 temp=28 hw=0
$SPOTLOG seq=5657 boot=34 uptime_ms=523213 epoch_ms=1789044100618 text=MECH_CAL id=5 ctr=1922 dir=1 min=0 max=4095
$SPOTLOG seq=5658 boot=34 uptime_ms=523215 epoch_ms=1789044100620 text=MECH_GOAL id=5 goal=6530 err10=3601 torque=1
$SPOTLOG seq=5659 boot=34 uptime_ms=523220 epoch_ms=1789044100625 text=MECH_POS id=6 leg=1 j=3 pos=1053 angle10=903 moving=0
$SPOTLOG seq=5660 boot=34 uptime_ms=523222 epoch_ms=1789044100627 text=MECH_PWR id=6 speed=0 load=-40 current_raw=1 mv=11300 temp=31 hw=0
$SPOTLOG seq=5661 boot=34 uptime_ms=523224 epoch_ms=1789044100629 text=MECH_CAL id=6 ctr=2081 dir=-1 min=0 max=4095
$SPOTLOG seq=5662 boot=34 uptime_ms=523226 epoch_ms=1789044100631 text=MECH_GOAL id=6 goal=1057 err10=-3 torque=1
$SPOTLOG seq=5663 boot=34 uptime_ms=523231 epoch_ms=1789044100636 text=MECH_POS id=7 leg=2 j=1 pos=2106 angle10=-1 moving=0
$SPOTLOG seq=5664 boot=34 uptime_ms=523233 epoch_ms=1789044100638 text=MECH_PWR id=7 speed=0 load=24 current_raw=0 mv=11200 temp=30 hw=0
$SPOTLOG seq=5665 boot=34 uptime_ms=523235 epoch_ms=1789044100640 text=MECH_CAL id=7 ctr=2104 dir=-1 min=0 max=4095
$SPOTLOG seq=5666 boot=34 uptime_ms=523237 epoch_ms=1789044100642 text=MECH_GOAL id=7 goal=2104 err10=1 torque=1
$SPOTLOG seq=5667 boot=34 uptime_ms=523242 epoch_ms=1789044100647 text=MECH_POS id=8 leg=2 j=2 pos=1431 angle10=449 moving=0
$SPOTLOG seq=5668 boot=34 uptime_ms=523244 epoch_ms=1789044100649 text=MECH_PWR id=8 speed=0 load=8 current_raw=0 mv=11200 temp=27 hw=0
$SPOTLOG seq=5669 boot=34 uptime_ms=523246 epoch_ms=1789044100651 text=MECH_CAL id=8 ctr=1942 dir=-1 min=0 max=4095
$SPOTLOG seq=5670 boot=34 uptime_ms=523248 epoch_ms=1789044100653 text=MECH_GOAL id=8 goal=1430 err10=0 torque=1
$SPOTLOG seq=5671 boot=34 uptime_ms=523253 epoch_ms=1789044100658 text=MECH_POS id=9 leg=2 j=3 pos=2990 angle10=901 moving=0
$SPOTLOG seq=5672 boot=34 uptime_ms=523255 epoch_ms=1789044100660 text=MECH_PWR id=9 speed=0 load=24 current_raw=1 mv=11200 temp=44 hw=0
$SPOTLOG seq=5673 boot=34 uptime_ms=523257 epoch_ms=1789044100662 text=MECH_CAL id=9 ctr=1964 dir=1 min=0 max=4095
$SPOTLOG seq=5674 boot=34 uptime_ms=523259 epoch_ms=1789044100664 text=MECH_GOAL id=9 goal=2988 err10=-1 torque=1
$SPOTLOG seq=5675 boot=34 uptime_ms=523264 epoch_ms=1789044100669 text=MECH_POS id=10 leg=3 j=1 pos=1948 angle10=-2 moving=0
$SPOTLOG seq=5676 boot=34 uptime_ms=523266 epoch_ms=1789044100671 text=MECH_PWR id=10 speed=0 load=-32 current_raw=0 mv=11300 temp=30 hw=0
$SPOTLOG seq=5677 boot=34 uptime_ms=523268 epoch_ms=1789044100673 text=MECH_CAL id=10 ctr=1951 dir=1 min=0 max=4095
$SPOTLOG seq=5678 boot=34 uptime_ms=523270 epoch_ms=1789044100675 text=MECH_GOAL id=10 goal=1951 err10=2 torque=1
$SPOTLOG seq=5679 boot=34 uptime_ms=523275 epoch_ms=1789044100680 text=MECH_POS id=11 leg=3 j=2 pos=2766 angle10=449 moving=0
$SPOTLOG seq=5680 boot=34 uptime_ms=523277 epoch_ms=1789044100682 text=MECH_PWR id=11 speed=0 load=-8 current_raw=0 mv=11200 temp=28 hw=0
$SPOTLOG seq=5681 boot=34 uptime_ms=523279 epoch_ms=1789044100684 text=MECH_CAL id=11 ctr=2255 dir=1 min=0 max=4095
$SPOTLOG seq=5682 boot=34 uptime_ms=523281 epoch_ms=1789044100686 text=MECH_GOAL id=11 goal=2767 err10=0 torque=1
$SPOTLOG seq=5683 boot=34 uptime_ms=523286 epoch_ms=1789044100691 text=MECH_POS id=12 leg=3 j=3 pos=1021 angle10=900 moving=0
$SPOTLOG seq=5684 boot=34 uptime_ms=523288 epoch_ms=1789044100693 text=MECH_PWR id=12 speed=0 load=0 current_raw=0 mv=11200 temp=35 hw=0
$SPOTLOG seq=5685 boot=34 uptime_ms=523290 epoch_ms=1789044100695 text=MECH_CAL id=12 ctr=2046 dir=-1 min=0 max=4095
$SPOTLOG seq=5686 boot=34 uptime_ms=523292 epoch_ms=1789044100697 text=MECH_GOAL id=12 goal=1022 err10=0 torque=1
$SPOTLOG seq=5687 boot=34 uptime_ms=523293 epoch_ms=1789044100698 text=MECH_END mode=pose valid=12 missing=0 stored=1
$SPOTLOG seq=5688 boot=34 uptime_ms=530588 epoch_ms=1789044107993 text=CMD link=ble read 1
$SPOTLOG seq=5689 boot=34 uptime_ms=550237 epoch_ms=1789044129310 text=CMD link=ble read 1
$SPOTLOG seq=5690 boot=34 uptime_ms=556620 epoch_ms=1789044135693 text=CMD link=ble drive 177 221 1291
$SPOTLOG seq=5691 boot=34 uptime_ms=580012 epoch_ms=1789044159085 text=RESULT result=drive watchdog expired servo=2 bus=timeout error=0x00
$SPOTLOG seq=5692 boot=34 uptime_ms=580032 epoch_ms=1789044159105 text=GAIT n=1070 v=10400 lag=0 droop=0 derate=0 fall=0 late=12 limit=0
$SPOTLOG seq=5693 boot=34 uptime_ms=580034 epoch_ms=1789044159107 text=MECH_BEGIN mode=gait samples=1070 units=angle10,current_raw
$SPOTLOG seq=5694 boot=34 uptime_ms=580035 epoch_ms=1789044159108 text=MECH_TRACK id=1 n=89 mean10=5 peak=66 mv=10800 lag=0
$SPOTLOG seq=5695 boot=34 uptime_ms=580037 epoch_ms=1789044159110 text=MECH_PHASE id=1 stance_n=60 se10=17 swing_n=29 we10=-21
$SPOTLOG seq=5696 boot=34 uptime_ms=580039 epoch_ms=1789044159112 text=MECH_PEAK id=1 cmd=1965 pos=1899 phase=878 stance=0
$SPOTLOG seq=5697 boot=34 uptime_ms=580041 epoch_ms=1789044159114 text=MECH_LAG id=1 cur=6 load=-228 age=5 err=4
$SPOTLOG seq=5698 boot=34 uptime_ms=580043 epoch_ms=1789044159116 text=MECH_TRACK id=2 n=89 mean10=1 peak=27 mv=11000 lag=0
$SPOTLOG seq=5699 boot=34 uptime_ms=580045 epoch_ms=1789044159118 text=MECH_PHASE id=2 stance_n=60 se10=4 swing_n=29 we10=-2
$SPOTLOG seq=5700 boot=34 uptime_ms=580047 epoch_ms=1789044159120 text=MECH_PEAK id=2 cmd=1425 pos=1398 phase=868 stance=0
$SPOTLOG seq=5701 boot=34 uptime_ms=580048 epoch_ms=1789044159121 text=MECH_LAG id=2 cur=3 load=-100 age=2 err=2
$SPOTLOG seq=5702 boot=34 uptime_ms=580050 epoch_ms=1789044159123 text=MECH_TRACK id=3 n=89 mean10=-8 peak=56 mv=10400 lag=0
$SPOTLOG seq=5703 boot=34 uptime_ms=580052 epoch_ms=1789044159125 text=MECH_PHASE id=3 stance_n=59 se10=-14 swing_n=30 we10=1
$SPOTLOG seq=5704 boot=34 uptime_ms=580054 epoch_ms=1789044159127 text=MECH_PEAK id=3 cmd=3064 pos=3008 phase=792 stance=0
$SPOTLOG seq=5705 boot=34 uptime_ms=580056 epoch_ms=1789044159129 text=MECH_LAG id=3 cur=13 load=-196 age=5 err=-4
$SPOTLOG seq=5706 boot=34 uptime_ms=580058 epoch_ms=1789044159131 text=MECH_TRACK id=4 n=89 mean10=3 peak=70 mv=11000 lag=0
$SPOTLOG seq=5707 boot=34 uptime_ms=580060 epoch_ms=1789044159133 text=MECH_PHASE id=4 stance_n=59 se10=-7 swing_n=30 we10=24
$SPOTLOG seq=5708 boot=34 uptime_ms=580061 epoch_ms=1789044159134 text=MECH_PEAK id=4 cmd=2177 pos=2107 phase=417 stance=0
$SPOTLOG seq=5709 boot=34 uptime_ms=580063 epoch_ms=1789044159136 text=MECH_LAG id=4 cur=22 load=-308 age=6 err=4
$SPOTLOG seq=5710 boot=34 uptime_ms=580065 epoch_ms=1789044159138 text=MECH_TRACK id=5 n=89 mean10=-5 peak=32 mv=10900 lag=0
$SPOTLOG seq=5711 boot=34 uptime_ms=580067 epoch_ms=1789044159140 text=MECH_PHASE id=5 stance_n=59 se10=-9 swing_n=30 we10=1
$SPOTLOG seq=5712 boot=34 uptime_ms=580069 epoch_ms=1789044159142 text=MECH_PEAK id=5 cmd=2598 pos=2566 phase=267 stance=0
$SPOTLOG seq=5713 boot=34 uptime_ms=580071 epoch_ms=1789044159144 text=MECH_LAG id=5 cur=2 load=-96 age=2 err=3
$SPOTLOG seq=5714 boot=34 uptime_ms=580073 epoch_ms=1789044159146 text=MECH_TRACK id=6 n=90 mean10=-7 peak=79 mv=11100 lag=0
$SPOTLOG seq=5715 boot=34 uptime_ms=580074 epoch_ms=1789044159147 text=MECH_PHASE id=6 stance_n=61 se10=-4 swing_n=29 we10=-14
$SPOTLOG seq=5716 boot=34 uptime_ms=580076 epoch_ms=1789044159149 text=MECH_PEAK id=6 cmd=1039 pos=960 phase=429 stance=0
$SPOTLOG seq=5717 boot=34 uptime_ms=580078 epoch_ms=1789044159151 text=MECH_LAG id=6 cur=28 load=-340 age=6 err=4
$SPOTLOG seq=5718 boot=34 uptime_ms=580080 epoch_ms=1789044159153 text=MECH_TRACK id=7 n=90 mean10=-3 peak=79 mv=10800 lag=0
$SPOTLOG seq=5719 boot=34 uptime_ms=580082 epoch_ms=1789044159155 text=MECH_PHASE id=7 stance_n=60 se10=-18 swing_n=30 we10=26
$SPOTLOG seq=5720 boot=34 uptime_ms=580084 epoch_ms=1789044159157 text=MECH_PEAK id=7 cmd=2055 pos=2134 phase=367 stance=0
$SPOTLOG seq=5721 boot=34 uptime_ms=580085 epoch_ms=1789044159158 text=MECH_LAG id=7 cur=6 load=248 age=5 err=-5
$SPOTLOG seq=5722 boot=34 uptime_ms=580087 epoch_ms=1789044159160 text=MECH_TRACK id=8 n=89 mean10=4 peak=28 mv=10900 lag=0
$SPOTLOG seq=5723 boot=34 uptime_ms=580089 epoch_ms=1789044159162 text=MECH_PHASE id=8 stance_n=58 se10=7 swing_n=31 we10=0
$SPOTLOG seq=5724 boot=34 uptime_ms=580091 epoch_ms=1789044159164 text=MECH_PEAK id=8 cmd=1301 pos=1273 phase=379 stance=0
$SPOTLOG seq=5725 boot=34 uptime_ms=580093 epoch_ms=1789044159166 text=MECH_LAG id=8 cur=4 load=-104 age=2 err=3
$SPOTLOG seq=5726 boot=34 uptime_ms=580095 epoch_ms=1789044159168 text=MECH_TRACK id=9 n=89 mean10=-24 peak=62 mv=10600 lag=0
$SPOTLOG seq=5727 boot=34 uptime_ms=580097 epoch_ms=1789044159170 text=MECH_PHASE id=9 stance_n=60 se10=-31 swing_n=29 we10=-10
$SPOTLOG seq=5728 boot=34 uptime_ms=580098 epoch_ms=1789044159171 text=MECH_PEAK id=9 cmd=2999 pos=3061 phase=467 stance=0
$SPOTLOG seq=5729 boot=34 uptime_ms=580100 epoch_ms=1789044159173 text=MECH_LAG id=9 cur=26 load=328 age=7 err=1
$SPOTLOG seq=5730 boot=34 uptime_ms=580102 epoch_ms=1789044159175 text=MECH_TRACK id=10 n=89 mean10=-5 peak=89 mv=11000 lag=0
$SPOTLOG seq=5731 boot=34 uptime_ms=580104 epoch_ms=1789044159177 text=MECH_PHASE id=10 stance_n=60 se10=7 swing_n=29 we10=-32
$SPOTLOG seq=5732 boot=34 uptime_ms=580106 epoch_ms=1789044159179 text=MECH_PEAK id=10 cmd=1885 pos=1974 phase=897 stance=0
$SPOTLOG seq=5733 boot=34 uptime_ms=580108 epoch_ms=1789044159181 text=MECH_LAG id=10 cur=30 load=340 age=6 err=-4
$SPOTLOG seq=5734 boot=34 uptime_ms=580110 epoch_ms=1789044159183 text=MECH_TRACK id=11 n=89 mean10=-2 peak=36 mv=10900 lag=0
$SPOTLOG seq=5735 boot=34 uptime_ms=580111 epoch_ms=1789044159184 text=MECH_PHASE id=11 stance_n=60 se10=-6 swing_n=29 we10=5
$SPOTLOG seq=5736 boot=34 uptime_ms=580113 epoch_ms=1789044159186 text=MECH_PEAK id=11 cmd=2955 pos=2919 phase=792 stance=0
$SPOTLOG seq=5737 boot=34 uptime_ms=580115 epoch_ms=1789044159188 text=MECH_LAG id=11 cur=7 load=-152 age=3 err=-4
$SPOTLOG seq=5738 boot=34 uptime_ms=580117 epoch_ms=1789044159190 text=MECH_TRACK id=12 n=89 mean10=-6 peak=78 mv=10900 lag=0
$SPOTLOG seq=5739 boot=34 uptime_ms=580119 epoch_ms=1789044159192 text=MECH_PHASE id=12 stance_n=58 se10=-3 swing_n=31 we10=-12
$SPOTLOG seq=5740 boot=34 uptime_ms=580121 epoch_ms=1789044159194 text=MECH_PEAK id=12 cmd=1027 pos=949 phase=955 stance=0
$SPOTLOG seq=5741 boot=34 uptime_ms=580123 epoch_ms=1789044159196 text=MECH_LAG id=12 cur=24 load=-348 age=7 err=-6
$SPOTLOG seq=5742 boot=34 uptime_ms=580124 epoch_ms=1789044159197 text=MECH_END mode=gait stored=1
$SPOTLOG seq=5743 boot=34 uptime_ms=581872 epoch_ms=1789044160945 text=CMD link=ble read 1
$SPOTLOG seq=5744 boot=34 uptime_ms=609350 epoch_ms=1789044188423 text=CMD link=ble stand
$SPOTLOG seq=5745 boot=34 uptime_ms=611079 epoch_ms=1789044190152 text=RESULT result=ok servo=2 bus=timeout error=0x00
$SPOTLOG seq=5746 boot=34 uptime_ms=611081 epoch_ms=1789044190154 text=MECH_BEGIN mode=pose label=stand units=angle10,current_raw
$SPOTLOG seq=5747 boot=34 uptime_ms=611087 epoch_ms=1789044190160 text=MECH_POS id=1 leg=0 j=1 pos=1925 angle10=3 moving=0
$SPOTLOG seq=5748 boot=34 uptime_ms=611089 epoch_ms=1789044190162 text=MECH_PWR id=1 speed=0 load=-40 current_raw=1 mv=11000 temp=29 hw=0
$SPOTLOG seq=5749 boot=34 uptime_ms=611091 epoch_ms=1789044190164 text=MECH_CAL id=1 ctr=1929 dir=-1 min=0 max=4095
$SPOTLOG seq=5750 boot=34 uptime_ms=611093 epoch_ms=1789044190166 text=MECH_GOAL id=1 goal=1929 err10=-3 torque=1
$SPOTLOG seq=5751 boot=34 uptime_ms=611098 epoch_ms=1789044190171 text=MECH_POS id=2 leg=0 j=2 pos=1572 angle10=443 moving=0
$SPOTLOG seq=5752 boot=34 uptime_ms=611100 epoch_ms=1789044190173 text=MECH_PWR id=2 speed=0 load=56 current_raw=5 mv=11200 temp=28 hw=0
$SPOTLOG seq=5753 boot=34 uptime_ms=611102 epoch_ms=1789044190175 text=MECH_CAL id=2 ctr=2077 dir=-1 min=0 max=4095
$SPOTLOG seq=5754 boot=34 uptime_ms=611104 epoch_ms=1789044190177 text=MECH_GOAL id=2 goal=35299 err10=-29642 torque=1
$SPOTLOG seq=5755 boot=34 uptime_ms=611109 epoch_ms=1789044190182 text=MECH_POS id=3 leg=0 j=3 pos=2992 angle10=902 moving=0
$SPOTLOG seq=5756 boot=34 uptime_ms=611111 epoch_ms=1789044190184 text=MECH_PWR id=3 speed=0 load=32 current_raw=1 mv=11200 temp=33 hw=0
$SPOTLOG seq=5757 boot=34 uptime_ms=611113 epoch_ms=1789044190186 text=MECH_CAL id=3 ctr=1965 dir=1 min=0 max=4095
$SPOTLOG seq=5758 boot=34 uptime_ms=611115 epoch_ms=1789044190188 text=MECH_GOAL id=3 goal=2989 err10=-2 torque=1
$SPOTLOG seq=5759 boot=34 uptime_ms=611120 epoch_ms=1789044190193 text=MECH_POS id=4 leg=1 j=1 pos=2101 angle10=10 moving=0
$SPOTLOG seq=5760 boot=34 uptime_ms=611122 epoch_ms=1789044190195 text=MECH_PWR id=4 speed=0 load=104 current_raw=5 mv=11200 temp=30 hw=0
$SPOTLOG seq=5761 boot=34 uptime_ms=611124 epoch_ms=1789044190197 text=MECH_CAL id=4 ctr=2089 dir=1 min=0 max=4095
$SPOTLOG seq=5762 boot=34 uptime_ms=611126 epoch_ms=1789044190199 text=MECH_GOAL id=4 goal=2089 err10=-10 torque=1
$SPOTLOG seq=5763 boot=34 uptime_ms=611131 epoch_ms=1789044190204 text=MECH_POS id=5 leg=1 j=2 pos=2440 angle10=455 moving=0
$SPOTLOG seq=5764 boot=34 uptime_ms=611133 epoch_ms=1789044190206 text=MECH_PWR id=5 speed=0 load=48 current_raw=3 mv=11200 temp=28 hw=0
$SPOTLOG seq=5765 boot=34 uptime_ms=611135 epoch_ms=1789044190208 text=MECH_CAL id=5 ctr=1922 dir=1 min=0 max=4095
$SPOTLOG seq=5766 boot=34 uptime_ms=611137 epoch_ms=1789044190210 text=MECH_GOAL id=5 goal=6530 err10=3594 torque=1
$SPOTLOG seq=5767 boot=34 uptime_ms=611142 epoch_ms=1789044190215 text=MECH_POS id=6 leg=1 j=3 pos=1038 angle10=916 moving=0
$SPOTLOG seq=5768 boot=34 uptime_ms=611144 epoch_ms=1789044190217 text=MECH_PWR id=6 speed=0 load=-160 current_raw=11 mv=11300 temp=31 hw=0
$SPOTLOG seq=5769 boot=34 uptime_ms=611146 epoch_ms=1789044190219 text=MECH_CAL id=6 ctr=2081 dir=-1 min=0 max=4095
$SPOTLOG seq=5770 boot=34 uptime_ms=611148 epoch_ms=1789044190221 text=MECH_GOAL id=6 goal=1057 err10=-16 torque=1
$SPOTLOG seq=5771 boot=34 uptime_ms=611153 epoch_ms=1789044190226 text=MECH_POS id=7 leg=2 j=1 pos=2086 angle10=15 moving=0
$SPOTLOG seq=5772 boot=34 uptime_ms=611155 epoch_ms=1789044190228 text=MECH_PWR id=7 speed=0 load=-152 current_raw=11 mv=11000 temp=30 hw=0
$SPOTLOG seq=5773 boot=34 uptime_ms=611157 epoch_ms=1789044190230 text=MECH_CAL id=7 ctr=2104 dir=-1 min=0 max=4095
$SPOTLOG seq=5774 boot=34 uptime_ms=611159 epoch_ms=1789044190232 text=MECH_GOAL id=7 goal=2104 err10=-15 torque=1
$SPOTLOG seq=5775 boot=34 uptime_ms=611164 epoch_ms=1789044190237 text=MECH_POS id=8 leg=2 j=2 pos=1444 angle10=437 moving=0
$SPOTLOG seq=5776 boot=34 uptime_ms=611166 epoch_ms=1789044190239 text=MECH_PWR id=8 speed=0 load=112 current_raw=21 mv=11200 temp=28 hw=0
$SPOTLOG seq=5777 boot=34 uptime_ms=611168 epoch_ms=1789044190241 text=MECH_CAL id=8 ctr=1942 dir=-1 min=0 max=4095
$SPOTLOG seq=5778 boot=34 uptime_ms=611170 epoch_ms=1789044190243 text=MECH_GOAL id=8 goal=1430 err10=12 torque=1
$SPOTLOG seq=5779 boot=34 uptime_ms=611175 epoch_ms=1789044190248 text=MECH_POS id=9 leg=2 j=3 pos=3002 angle10=912 moving=0
$SPOTLOG seq=5780 boot=34 uptime_ms=611177 epoch_ms=1789044190250 text=MECH_PWR id=9 speed=0 load=120 current_raw=6 mv=11100 temp=46 hw=0
$SPOTLOG seq=5781 boot=34 uptime_ms=611179 epoch_ms=1789044190252 text=MECH_CAL id=9 ctr=1964 dir=1 min=0 max=4095
$SPOTLOG seq=5782 boot=34 uptime_ms=611181 epoch_ms=1789044190254 text=MECH_GOAL id=9 goal=2988 err10=-12 torque=1
$SPOTLOG seq=5783 boot=34 uptime_ms=611186 epoch_ms=1789044190259 text=MECH_POS id=10 leg=3 j=1 pos=1969 angle10=15 moving=0
$SPOTLOG seq=5784 boot=34 uptime_ms=611188 epoch_ms=1789044190261 text=MECH_PWR id=10 speed=0 load=152 current_raw=12 mv=11200 temp=30 hw=0
$SPOTLOG seq=5785 boot=34 uptime_ms=611190 epoch_ms=1789044190263 text=MECH_CAL id=10 ctr=1951 dir=1 min=0 max=4095
$SPOTLOG seq=5786 boot=34 uptime_ms=611192 epoch_ms=1789044190265 text=MECH_GOAL id=10 goal=1951 err10=-15 torque=1
$SPOTLOG seq=5787 boot=34 uptime_ms=611197 epoch_ms=1789044190270 text=MECH_POS id=11 leg=3 j=2 pos=2768 angle10=450 moving=0
$SPOTLOG seq=5788 boot=34 uptime_ms=611199 epoch_ms=1789044190272 text=MECH_PWR id=11 speed=0 load=8 current_raw=0 mv=11100 temp=29 hw=0
$SPOTLOG seq=5789 boot=34 uptime_ms=611201 epoch_ms=1789044190274 text=MECH_CAL id=11 ctr=2255 dir=1 min=0 max=4095
$SPOTLOG seq=5790 boot=34 uptime_ms=611203 epoch_ms=1789044190276 text=MECH_GOAL id=11 goal=2767 err10=0 torque=1
$SPOTLOG seq=5791 boot=34 uptime_ms=611208 epoch_ms=1789044190281 text=MECH_POS id=12 leg=3 j=3 pos=1000 angle10=919 moving=0
$SPOTLOG seq=5792 boot=34 uptime_ms=611210 epoch_ms=1789044190283 text=MECH_PWR id=12 speed=0 load=-184 current_raw=9 mv=11000 temp=36 hw=0
$SPOTLOG seq=5793 boot=34 uptime_ms=611212 epoch_ms=1789044190285 text=MECH_CAL id=12 ctr=2046 dir=-1 min=0 max=4095
$SPOTLOG seq=5794 boot=34 uptime_ms=611214 epoch_ms=1789044190287 text=MECH_GOAL id=12 goal=1022 err10=-19 torque=1
$SPOTLOG seq=5795 boot=34 uptime_ms=611215 epoch_ms=1789044190288 text=MECH_END mode=pose valid=12 missing=0 stored=1
$SPOTLOG seq=5796 boot=34 uptime_ms=890414 epoch_ms=1789044467786 text=CMD link=ble status
$SPOTLOG seq=5797 boot=34 uptime_ms=900694 epoch_ms=1789044478076 text=CMD link=ble profile
$SPOTLOG seq=5798 boot=34 uptime_ms=928974 epoch_ms=1789044506392 text=CMD link=ble recover
$SPOTLOG seq=5799 boot=34 uptime_ms=939912 epoch_ms=1789044517344 text=CMD link=ble profile 100 10
$SPOTLOG seq=5800 boot=34 uptime_ms=947130 epoch_ms=1789044524574 text=CMD link=ble move 4 2203
$SPOTLOG seq=5801 boot=34 uptime_ms=947216 epoch_ms=1789044524660 text=RESULT result=ok servo=2 bus=timeout error=0x00
$SPOTLOG seq=5802 boot=34 uptime_ms=957437 epoch_ms=1789044534892 text=CMD link=ble read 4
$SPOTLOG seq=5803 boot=34 uptime_ms=965081 epoch_ms=1789044542544 text=CMD link=ble profile 3400 254
$SPOTLOG seq=5804 boot=34 uptime_ms=981503 epoch_ms=1789044558982 text=CMD link=ble read 4
$SPOTLOG seq=5805 boot=34 uptime_ms=989237 epoch_ms=1789044566692 text=CMD link=ble profile 100 10
$SPOTLOG seq=5806 boot=34 uptime_ms=996669 epoch_ms=1789044574162 text=CMD link=ble move 4 1983
$SPOTLOG seq=5807 boot=34 uptime_ms=996755 epoch_ms=1789044574248 text=RESULT result=ok servo=2 bus=timeout error=0x00
$SPOTLOG seq=5808 boot=34 uptime_ms=1003412 epoch_ms=1789044580882 text=CMD link=ble read 4
$SPOTLOG seq=5809 boot=34 uptime_ms=1013094 epoch_ms=1789044590601 text=CMD link=ble profile 3400 254
$SPOTLOG seq=5810 boot=34 uptime_ms=1087722 epoch_ms=1789044665297 text=CMD link=ble gaitdiag
$SPOTLOG seq=5811 boot=34 uptime_ms=1087735 epoch_ms=1789044665310 text=GAIT n=1070 v=10400 lag=0 droop=0 derate=0 fall=0 late=12 limit=0
$SPOTLOG seq=5812 boot=34 uptime_ms=1087737 epoch_ms=1789044665312 text=MECH_BEGIN mode=gait samples=1070 units=angle10,current_raw
$SPOTLOG seq=5813 boot=34 uptime_ms=1087738 epoch_ms=1789044665313 text=MECH_TRACK id=1 n=89 mean10=5 peak=66 mv=10800 lag=0
$SPOTLOG seq=5814 boot=34 uptime_ms=1087740 epoch_ms=1789044665315 text=MECH_PHASE id=1 stance_n=60 se10=17 swing_n=29 we10=-21
$SPOTLOG seq=5815 boot=34 uptime_ms=1087742 epoch_ms=1789044665317 text=MECH_PEAK id=1 cmd=1965 pos=1899 phase=878 stance=0
$SPOTLOG seq=5816 boot=34 uptime_ms=1087744 epoch_ms=1789044665319 text=MECH_LAG id=1 cur=6 load=-228 age=5 err=4
$SPOTLOG seq=5817 boot=34 uptime_ms=1087746 epoch_ms=1789044665321 text=MECH_TRACK id=2 n=89 mean10=1 peak=27 mv=11000 lag=0
$SPOTLOG seq=5818 boot=34 uptime_ms=1087748 epoch_ms=1789044665323 text=MECH_PHASE id=2 stance_n=60 se10=4 swing_n=29 we10=-2
$SPOTLOG seq=5819 boot=34 uptime_ms=1087750 epoch_ms=1789044665325 text=MECH_PEAK id=2 cmd=1425 pos=1398 phase=868 stance=0
$SPOTLOG seq=5820 boot=34 uptime_ms=1087751 epoch_ms=1789044665326 text=MECH_LAG id=2 cur=3 load=-100 age=2 err=2
$SPOTLOG seq=5821 boot=34 uptime_ms=1087753 epoch_ms=1789044665328 text=MECH_TRACK id=3 n=89 mean10=-8 peak=56 mv=10400 lag=0
$SPOTLOG seq=5822 boot=34 uptime_ms=1087755 epoch_ms=1789044665330 text=MECH_PHASE id=3 stance_n=59 se10=-14 swing_n=30 we10=1
$SPOTLOG seq=5823 boot=34 uptime_ms=1087757 epoch_ms=1789044665332 text=MECH_PEAK id=3 cmd=3064 pos=3008 phase=792 stance=0
$SPOTLOG seq=5824 boot=34 uptime_ms=1087759 epoch_ms=1789044665334 text=MECH_LAG id=3 cur=13 load=-196 age=5 err=-4
$SPOTLOG seq=5825 boot=34 uptime_ms=1087761 epoch_ms=1789044665336 text=MECH_TRACK id=4 n=89 mean10=3 peak=70 mv=11000 lag=0
$SPOTLOG seq=5826 boot=34 uptime_ms=1087763 epoch_ms=1789044665338 text=MECH_PHASE id=4 stance_n=59 se10=-7 swing_n=30 we10=24
$SPOTLOG seq=5827 boot=34 uptime_ms=1087764 epoch_ms=1789044665339 text=MECH_PEAK id=4 cmd=2177 pos=2107 phase=417 stance=0
$SPOTLOG seq=5828 boot=34 uptime_ms=1087766 epoch_ms=1789044665341 text=MECH_LAG id=4 cur=22 load=-308 age=6 err=4
$SPOTLOG seq=5829 boot=34 uptime_ms=1087768 epoch_ms=1789044665343 text=MECH_TRACK id=5 n=89 mean10=-5 peak=32 mv=10900 lag=0
$SPOTLOG seq=5830 boot=34 uptime_ms=1087770 epoch_ms=1789044665345 text=MECH_PHASE id=5 stance_n=59 se10=-9 swing_n=30 we10=1
$SPOTLOG seq=5831 boot=34 uptime_ms=1087772 epoch_ms=1789044665347 text=MECH_PEAK id=5 cmd=2598 pos=2566 phase=267 stance=0
$SPOTLOG seq=5832 boot=34 uptime_ms=1087774 epoch_ms=1789044665349 text=MECH_LAG id=5 cur=2 load=-96 age=2 err=3
$SPOTLOG seq=5833 boot=34 uptime_ms=1087776 epoch_ms=1789044665351 text=MECH_TRACK id=6 n=90 mean10=-7 peak=79 mv=11100 lag=0
$SPOTLOG seq=5834 boot=34 uptime_ms=1087777 epoch_ms=1789044665352 text=MECH_PHASE id=6 stance_n=61 se10=-4 swing_n=29 we10=-14
$SPOTLOG seq=5835 boot=34 uptime_ms=1087779 epoch_ms=1789044665354 text=MECH_PEAK id=6 cmd=1039 pos=960 phase=429 stance=0
$SPOTLOG seq=5836 boot=34 uptime_ms=1087781 epoch_ms=1789044665356 text=MECH_LAG id=6 cur=28 load=-340 age=6 err=4
$SPOTLOG seq=5837 boot=34 uptime_ms=1087783 epoch_ms=1789044665358 text=MECH_TRACK id=7 n=90 mean10=-3 peak=79 mv=10800 lag=0
$SPOTLOG seq=5838 boot=34 uptime_ms=1087785 epoch_ms=1789044665360 text=MECH_PHASE id=7 stance_n=60 se10=-18 swing_n=30 we10=26
$SPOTLOG seq=5839 boot=34 uptime_ms=1087787 epoch_ms=1789044665362 text=MECH_PEAK id=7 cmd=2055 pos=2134 phase=367 stance=0
$SPOTLOG seq=5840 boot=34 uptime_ms=1087788 epoch_ms=1789044665363 text=MECH_LAG id=7 cur=6 load=248 age=5 err=-5
$SPOTLOG seq=5841 boot=34 uptime_ms=1087790 epoch_ms=1789044665365 text=MECH_TRACK id=8 n=89 mean10=4 peak=28 mv=10900 lag=0
$SPOTLOG seq=5842 boot=34 uptime_ms=1087792 epoch_ms=1789044665367 text=MECH_PHASE id=8 stance_n=58 se10=7 swing_n=31 we10=0
$SPOTLOG seq=5843 boot=34 uptime_ms=1087794 epoch_ms=1789044665369 text=MECH_PEAK id=8 cmd=1301 pos=1273 phase=379 stance=0
$SPOTLOG seq=5844 boot=34 uptime_ms=1087796 epoch_ms=1789044665371 text=MECH_LAG id=8 cur=4 load=-104 age=2 err=3
$SPOTLOG seq=5845 boot=34 uptime_ms=1087798 epoch_ms=1789044665373 text=MECH_TRACK id=9 n=89 mean10=-24 peak=62 mv=10600 lag=0
$SPOTLOG seq=5846 boot=34 uptime_ms=1087800 epoch_ms=1789044665375 text=MECH_PHASE id=9 stance_n=60 se10=-31 swing_n=29 we10=-10
$SPOTLOG seq=5847 boot=34 uptime_ms=1087801 epoch_ms=1789044665376 text=MECH_PEAK id=9 cmd=2999 pos=3061 phase=467 stance=0
$SPOTLOG seq=5848 boot=34 uptime_ms=1087803 epoch_ms=1789044665378 text=MECH_LAG id=9 cur=26 load=328 age=7 err=1
$SPOTLOG seq=5849 boot=34 uptime_ms=1087805 epoch_ms=1789044665380 text=MECH_TRACK id=10 n=89 mean10=-5 peak=89 mv=11000 lag=0
$SPOTLOG seq=5850 boot=34 uptime_ms=1087807 epoch_ms=1789044665382 text=MECH_PHASE id=10 stance_n=60 se10=7 swing_n=29 we10=-32
$SPOTLOG seq=5851 boot=34 uptime_ms=1087809 epoch_ms=1789044665384 text=MECH_PEAK id=10 cmd=1885 pos=1974 phase=897 stance=0
$SPOTLOG seq=5852 boot=34 uptime_ms=1087811 epoch_ms=1789044665386 text=MECH_LAG id=10 cur=30 load=340 age=6 err=-4
$SPOTLOG seq=5853 boot=34 uptime_ms=1087813 epoch_ms=1789044665388 text=MECH_TRACK id=11 n=89 mean10=-2 peak=36 mv=10900 lag=0
$SPOTLOG seq=5854 boot=34 uptime_ms=1087815 epoch_ms=1789044665390 text=MECH_PHASE id=11 stance_n=60 se10=-6 swing_n=29 we10=5
$SPOTLOG seq=5855 boot=34 uptime_ms=1087816 epoch_ms=1789044665391 text=MECH_PEAK id=11 cmd=2955 pos=2919 phase=792 stance=0
$SPOTLOG seq=5856 boot=34 uptime_ms=1087818 epoch_ms=1789044665393 text=MECH_LAG id=11 cur=7 load=-152 age=3 err=-4
$SPOTLOG seq=5857 boot=34 uptime_ms=1087820 epoch_ms=1789044665395 text=MECH_TRACK id=12 n=89 mean10=-6 peak=78 mv=10900 lag=0
$SPOTLOG seq=5858 boot=34 uptime_ms=1087822 epoch_ms=1789044665397 text=MECH_PHASE id=12 stance_n=58 se10=-3 swing_n=31 we10=-12
$SPOTLOG seq=5859 boot=34 uptime_ms=1087824 epoch_ms=1789044665399 text=MECH_PEAK id=12 cmd=1027 pos=949 phase=955 stance=0
$SPOTLOG seq=5860 boot=34 uptime_ms=1087826 epoch_ms=1789044665401 text=MECH_LAG id=12 cur=24 load=-348 age=7 err=-6
$SPOTLOG seq=5861 boot=34 uptime_ms=1087827 epoch_ms=1789044665402 text=MECH_END mode=gait stored=1
$SPOTLOG END
