
=== 2026-09-10T21:51:02 SpotOMG-Bridge ===
# gaitdiag
Gait diagnostics: samples=1070 min_voltage=10400mV lag=0 lag+droop=0 derate=no fall=no late_frames=12 limited_frames=0
Bus read retries: attempts=0 recovered=0 failed=0
Gait timing: balance=off nominal=0ms elapsed=21597ms step_sync_blocking_wait=0ms max_barrier=0ms max_balance_gap=0ms
Step sync monitor: transitions=0 misses=0 peak_recent_error=0ticks
  ID1 FL J1 phase=905 cmd=1929 pos=1922 err=7 speed_raw=0 current=2 load=-60 voltage=11000mV peak_err=66(5.8deg)@878 mean_err=27(2.4deg) peak_current=99 peak_load=424 min_v=10800mV lag=0 lag_rule=96/2 samples=89
    peak_ctx=swing cmd=1965 pos=1899 err=66 target_v=-43deg/s target_a=450deg/s2 match_age=5fr(~100ms) match_err=4ticks
  ID2 FL J2 phase=905 cmd=1570 pos=1570 err=0 speed_raw=50 current=0 load=0 voltage=11100mV peak_err=27(2.4deg)@868 mean_err=7(0.6deg) peak_current=8 peak_load=112 min_v=11000mV lag=0 lag_rule=144/3 samples=89
    peak_ctx=swing cmd=1425 pos=1398 err=27 target_v=-52deg/s target_a=250deg/s2 match_age=2fr(~40ms) match_err=2ticks
  ID3 FL J3 phase=905 cmd=2976 pos=2992 err=-16 speed_raw=0 current=8 load=132 voltage=11200mV peak_err=56(4.9deg)@792 mean_err=21(1.8deg) peak_current=36 peak_load=256 min_v=10400mV lag=0 lag_rule=96/2 samples=89
    peak_ctx=swing cmd=3064 pos=3008 err=56 target_v=43deg/s target_a=-700deg/s2 match_age=5fr(~100ms) match_err=-4ticks
  ID4 FR J1 phase=905 cmd=2089 pos=2100 err=-11 speed_raw=0 current=4 load=96 voltage=11200mV peak_err=70(6.2deg)@417 mean_err=21(1.8deg) peak_current=34 peak_load=320 min_v=11000mV lag=0 lag_rule=96/2 samples=89
    peak_ctx=swing cmd=2177 pos=2107 err=70 target_v=30deg/s target_a=-450deg/s2 match_age=6fr(~120ms) match_err=4ticks
  ID5 FR J2 phase=905 cmd=2443 pos=2449 err=-6 speed_raw=-50 current=2 load=52 voltage=11100mV peak_err=32(2.8deg)@267 mean_err=12(1.1deg) peak_current=70 peak_load=220 min_v=10900mV lag=0 lag_rule=144/3 samples=89
    peak_ctx=swing cmd=2598 pos=2566 err=32 target_v=61deg/s target_a=-200deg/s2 match_age=2fr(~40ms) match_err=3ticks
  ID6 FR J3 phase=905 cmd=1038 pos=1030 err=8 speed_raw=0 current=2 load=-72 voltage=11200mV peak_err=79(6.9deg)@429 mean_err=15(1.3deg) peak_current=28 peak_load=348 min_v=11100mV lag=0 lag_rule=96/2 samples=90
    peak_ctx=swing cmd=1039 pos=960 err=79 target_v=-52deg/s target_a=250deg/s2 match_age=6fr(~120ms) match_err=4ticks
  ID7 RL J1 phase=905 cmd=2104 pos=2079 err=25 speed_raw=0 current=24 load=-208 voltage=11100mV peak_err=79(6.9deg)@367 mean_err=27(2.4deg) peak_current=52 peak_load=376 min_v=10800mV lag=0 lag_rule=96/2 samples=90
    peak_ctx=swing cmd=2055 pos=2134 err=-79 target_v=61deg/s target_a=200deg/s2 match_age=5fr(~100ms) match_err=-5ticks
  ID8 RL J2 phase=905 cmd=1430 pos=1429 err=1 speed_raw=200 current=0 load=16 voltage=11100mV peak_err=28(2.5deg)@379 mean_err=11(1.0deg) peak_current=37 peak_load=168 min_v=10900mV lag=0 lag_rule=144/3 samples=89
    peak_ctx=swing cmd=1301 pos=1273 err=28 target_v=-52deg/s target_a=250deg/s2 match_age=2fr(~40ms) match_err=3ticks
  ID9 RL J3 phase=905 cmd=2970 pos=3000 err=-30 speed_raw=0 current=27 load=248 voltage=11000mV peak_err=62(5.4deg)@467 mean_err=34(3.0deg) peak_current=147 peak_load=456 min_v=10600mV lag=0 lag_rule=96/2 samples=89
    peak_ctx=swing cmd=2999 pos=3061 err=-62 target_v=-30deg/s target_a=250deg/s2 match_age=7fr(~140ms) match_err=1ticks
  ID10 RR J1 phase=905 cmd=1951 pos=1972 err=-21 speed_raw=0 current=16 load=180 voltage=11200mV peak_err=89(7.8deg)@897 mean_err=21(1.8deg) peak_current=35 peak_load=376 min_v=11000mV lag=0 lag_rule=96/2 samples=89
    peak_ctx=swing cmd=1885 pos=1974 err=-89 target_v=-48deg/s target_a=650deg/s2 match_age=6fr(~120ms) match_err=-4ticks
  ID11 RR J2 phase=905 cmd=2777 pos=2780 err=-3 speed_raw=-100 current=0 load=8 voltage=11000mV peak_err=36(3.2deg)@792 mean_err=10(0.9deg) peak_current=31 peak_load=152 min_v=10900mV lag=0 lag_rule=144/3 samples=89
    peak_ctx=swing cmd=2955 pos=2919 err=36 target_v=57deg/s target_a=0deg/s2 match_age=3fr(~60ms) match_err=-4ticks
  ID12 RR J3 phase=905 cmd=1009 pos=988 err=21 speed_raw=0 current=7 load=-176 voltage=11000mV peak_err=78(6.9deg)@955 mean_err=15(1.3deg) peak_current=24 peak_load=348 min_v=10900mV lag=0 lag_rule=96/2 samples=89
    peak_ctx=swing cmd=1027 pos=949 err=78 target_v=-30deg/s target_a=900deg/s2 match_age=7fr(~140ms) match_err=-6ticks

=== 2026-09-10T21:51:11 SpotOMG-Bridge ===
# log show 70
$SPOTLOG BEGIN total=831 returned=70 time=synced
$SPOTLOG seq=5792 boot=34 uptime_ms=611210 epoch_ms=1789044190283 text=MECH_PWR id=12 speed=0 load=-184 current_raw=9 mv=11000 temp=36 hw=0
$SPOTLOG seq=5793 boot=34 uptime_ms=611212 epoch_ms=1789044190285 text=MECH_CAL id=12 ctr=2046 dir=-1 min=0 max=4095
$SPOTLOG seq=5794 boot=34 uptime_ms=611214 epoch_ms=1789044190287 text=MECH_GOAL id=12 goal=1022 err10=-19 torque=1
$SPOTLOG seq=5795 boot=34 uptime_ms=611215 epoch_ms=1789044190288 text=MECH_END mode=pose valid=12 missing=0 stored=1
$SPOTLOG seq=5796 boot=34 uptime_ms=890414 epoch_ms=1789044467786 text=CMD link=ble status
$SPOTLOG seq=5797 boot=34 uptime_ms=900694 epoch_ms=1789044478076 text=CMD link=ble profile
$SPOTLOG seq=5798 boot=34 uptime_ms=928974 epoch_ms=1789044506392 text=CMD link=ble recover
$SPOTLOG seq=5799 boot=34 uptime_ms=939912 epoch_ms=1789044517344 text=CMD link=ble profile 100 10
$SPOTLOG seq=5800 boot=34 uptime_ms=947130 epoch_ms=1789044524574 text=CMD link=ble move 4 2203
$SPOTLOG seq=5801 boot=34 uptime_ms=947216 epoch_ms=1789044524660 text=RESULT result=ok servo=2 bus=timeout error=0x00
$SPOTLOG seq=5802 boot=34 uptime_ms=957437 epoch_ms=1789044534892 text=CMD link=ble read 4
$SPOTLOG seq=5803 boot=34 uptime_ms=965081 epoch_ms=1789044542544 text=CMD link=ble profile 3400 254
$SPOTLOG seq=5804 boot=34 uptime_ms=981503 epoch_ms=1789044558982 text=CMD link=ble read 4
$SPOTLOG seq=5805 boot=34 uptime_ms=989237 epoch_ms=1789044566692 text=CMD link=ble profile 100 10
$SPOTLOG seq=5806 boot=34 uptime_ms=996669 epoch_ms=1789044574162 text=CMD link=ble move 4 1983
$SPOTLOG seq=5807 boot=34 uptime_ms=996755 epoch_ms=1789044574248 text=RESULT result=ok servo=2 bus=timeout error=0x00
$SPOTLOG seq=5808 boot=34 uptime_ms=1003412 epoch_ms=1789044580882 text=CMD link=ble read 4
$SPOTLOG seq=5809 boot=34 uptime_ms=1013094 epoch_ms=1789044590601 text=CMD link=ble profile 3400 254
$SPOTLOG seq=5810 boot=34 uptime_ms=1087722 epoch_ms=1789044665297 text=CMD link=ble gaitdiag
$SPOTLOG seq=5811 boot=34 uptime_ms=1087735 epoch_ms=1789044665310 text=GAIT n=1070 v=10400 lag=0 droop=0 derate=0 fall=0 late=12 limit=0
$SPOTLOG seq=5812 boot=34 uptime_ms=1087737 epoch_ms=1789044665312 text=MECH_BEGIN mode=gait samples=1070 units=angle10,current_raw
$SPOTLOG seq=5813 boot=34 uptime_ms=1087738 epoch_ms=1789044665313 text=MECH_TRACK id=1 n=89 mean10=5 peak=66 mv=10800 lag=0
$SPOTLOG seq=5814 boot=34 uptime_ms=1087740 epoch_ms=1789044665315 text=MECH_PHASE id=1 stance_n=60 se10=17 swing_n=29 we10=-21
$SPOTLOG seq=5815 boot=34 uptime_ms=1087742 epoch_ms=1789044665317 text=MECH_PEAK id=1 cmd=1965 pos=1899 phase=878 stance=0
$SPOTLOG seq=5816 boot=34 uptime_ms=1087744 epoch_ms=1789044665319 text=MECH_LAG id=1 cur=6 load=-228 age=5 err=4
$SPOTLOG seq=5817 boot=34 uptime_ms=1087746 epoch_ms=1789044665321 text=MECH_TRACK id=2 n=89 mean10=1 peak=27 mv=11000 lag=0
$SPOTLOG seq=5818 boot=34 uptime_ms=1087748 epoch_ms=1789044665323 text=MECH_PHASE id=2 stance_n=60 se10=4 swing_n=29 we10=-2
$SPOTLOG seq=5819 boot=34 uptime_ms=1087750 epoch_ms=1789044665325 text=MECH_PEAK id=2 cmd=1425 pos=1398 phase=868 stance=0
$SPOTLOG seq=5820 boot=34 uptime_ms=1087751 epoch_ms=1789044665326 text=MECH_LAG id=2 cur=3 load=-100 age=2 err=2
$SPOTLOG seq=5821 boot=34 uptime_ms=1087753 epoch_ms=1789044665328 text=MECH_TRACK id=3 n=89 mean10=-8 peak=56 mv=10400 lag=0
$SPOTLOG seq=5822 boot=34 uptime_ms=1087755 epoch_ms=1789044665330 text=MECH_PHASE id=3 stance_n=59 se10=-14 swing_n=30 we10=1
$SPOTLOG seq=5823 boot=34 uptime_ms=1087757 epoch_ms=1789044665332 text=MECH_PEAK id=3 cmd=3064 pos=3008 phase=792 stance=0
$SPOTLOG seq=5824 boot=34 uptime_ms=1087759 epoch_ms=1789044665334 text=MECH_LAG id=3 cur=13 load=-196 age=5 err=-4
$SPOTLOG seq=5825 boot=34 uptime_ms=1087761 epoch_ms=1789044665336 text=MECH_TRACK id=4 n=89 mean10=3 peak=70 mv=11000 lag=0
$SPOTLOG seq=5826 boot=34 uptime_ms=1087763 epoch_ms=1789044665338 text=MECH_PHASE id=4 stance_n=59 se10=-7 swing_n=30 we10=24
$SPOTLOG seq=5827 boot=34 uptime_ms=1087764 epoch_ms=1789044665339 text=MECH_PEAK id=4 cmd=2177 pos=2107 phase=417 stance=0
$SPOTLOG seq=5828 boot=34 uptime_ms=1087766 epoch_ms=1789044665341 text=MECH_LAG id=4 cur=22 load=-308 age=6 err=4
$SPOTLOG seq=5829 boot=34 uptime_ms=1087768 epoch_ms=1789044665343 text=MECH_TRACK id=5 n=89 mean10=-5 peak=32 mv=10900 lag=0
$SPOTLOG seq=5830 boot=34 uptime_ms=1087770 epoch_ms=1789044665345 text=MECH_PHASE id=5 stance_n=59 se10=-9 swing_n=30 we10=1
$SPOTLOG seq=5831 boot=34 uptime_ms=1087772 epoch_ms=1789044665347 text=MECH_PEAK id=5 cmd=2598 pos=2566 phase=267 stance=0
$SPOTLOG seq=5832 boot=34 uptime_ms=1087774 epoch_ms=1789044665349 text=MECH_LAG id=5 cur=2 load=-96 age=2 err=3
$SPOTLOG seq=5833 boot=34 uptime_ms=1087776 epoch_ms=1789044665351 text=MECH_TRACK id=6 n=90 mean10=-7 peak=79 mv=11100 lag=0
$SPOTLOG seq=5834 boot=34 uptime_ms=1087777 epoch_ms=1789044665352 text=MECH_PHASE id=6 stance_n=61 se10=-4 swing_n=29 we10=-14
$SPOTLOG seq=5835 boot=34 uptime_ms=1087779 epoch_ms=1789044665354 text=MECH_PEAK id=6 cmd=1039 pos=960 phase=429 stance=0
$SPOTLOG seq=5836 boot=34 uptime_ms=1087781 epoch_ms=1789044665356 text=MECH_LAG id=6 cur=28 load=-340 age=6 err=4
$SPOTLOG seq=5837 boot=34 uptime_ms=1087783 epoch_ms=1789044665358 text=MECH_TRACK id=7 n=90 mean10=-3 peak=79 mv=10800 lag=0
$SPOTLOG seq=5838 boot=34 uptime_ms=1087785 epoch_ms=1789044665360 text=MECH_PHASE id=7 stance_n=60 se10=-18 swing_n=30 we10=26
$SPOTLOG seq=5839 boot=34 uptime_ms=1087787 epoch_ms=1789044665362 text=MECH_PEAK id=7 cmd=2055 pos=2134 phase=367 stance=0
$SPOTLOG seq=5840 boot=34 uptime_ms=1087788 epoch_ms=1789044665363 text=MECH_LAG id=7 cur=6 load=248 age=5 err=-5
$SPOTLOG seq=5841 boot=34 uptime_ms=1087790 epoch_ms=1789044665365 text=MECH_TRACK id=8 n=89 mean10=4 peak=28 mv=10900 lag=0
$SPOTLOG seq=5842 boot=34 uptime_ms=1087792 epoch_ms=1789044665367 text=MECH_PHASE id=8 stance_n=58 se10=7 swing_n=31 we10=0
$SPOTLOG seq=5843 boot=34 uptime_ms=1087794 epoch_ms=1789044665369 text=MECH_PEAK id=8 cmd=1301 pos=1273 phase=379 stance=0
$SPOTLOG seq=5844 boot=34 uptime_ms=1087796 epoch_ms=1789044665371 text=MECH_LAG id=8 cur=4 load=-104 age=2 err=3
$SPOTLOG seq=5845 boot=34 uptime_ms=1087798 epoch_ms=1789044665373 text=MECH_TRACK id=9 n=89 mean10=-24 peak=62 mv=10600 lag=0
$SPOTLOG seq=5846 boot=34 uptime_ms=1087800 epoch_ms=1789044665375 text=MECH_PHASE id=9 stance_n=60 se10=-31 swing_n=29 we10=-10
$SPOTLOG seq=5847 boot=34 uptime_ms=1087801 epoch_ms=1789044665376 text=MECH_PEAK id=9 cmd=2999 pos=3061 phase=467 stance=0
$SPOTLOG seq=5848 boot=34 uptime_ms=1087803 epoch_ms=1789044665378 text=MECH_LAG id=9 cur=26 load=328 age=7 err=1
$SPOTLOG seq=5849 boot=34 uptime_ms=1087805 epoch_ms=1789044665380 text=MECH_TRACK id=10 n=89 mean10=-5 peak=89 mv=11000 lag=0
$SPOTLOG seq=5850 boot=34 uptime_ms=1087807 epoch_ms=1789044665382 text=MECH_PHASE id=10 stance_n=60 se10=7 swing_n=29 we10=-32
$SPOTLOG seq=5851 boot=34 uptime_ms=1087809 epoch_ms=1789044665384 text=MECH_PEAK id=10 cmd=1885 pos=1974 phase=897 stance=0
$SPOTLOG seq=5852 boot=34 uptime_ms=1087811 epoch_ms=1789044665386 text=MECH_LAG id=10 cur=30 load=340 age=6 err=-4
$SPOTLOG seq=5853 boot=34 uptime_ms=1087813 epoch_ms=1789044665388 text=MECH_TRACK id=11 n=89 mean10=-2 peak=36 mv=10900 lag=0
$SPOTLOG seq=5854 boot=34 uptime_ms=1087815 epoch_ms=1789044665390 text=MECH_PHASE id=11 stance_n=60 se10=-6 swing_n=29 we10=5
$SPOTLOG seq=5855 boot=34 uptime_ms=1087816 epoch_ms=1789044665391 text=MECH_PEAK id=11 cmd=2955 pos=2919 phase=792 stance=0
$SPOTLOG seq=5856 boot=34 uptime_ms=1087818 epoch_ms=1789044665393 text=MECH_LAG id=11 cur=7 load=-152 age=3 err=-4
$SPOTLOG seq=5857 boot=34 uptime_ms=1087820 epoch_ms=1789044665395 text=MECH_TRACK id=12 n=89 mean10=-6 peak=78 mv=10900 lag=0
$SPOTLOG seq=5858 boot=34 uptime_ms=1087822 epoch_ms=1789044665397 text=MECH_PHASE id=12 stance_n=58 se10=-3 swing_n=31 we10=-12
$SPOTLOG seq=5859 boot=34 uptime_ms=1087824 epoch_ms=1789044665399 text=MECH_PEAK id=12 cmd=1027 pos=949 phase=955 stance=0
$SPOTLOG seq=5860 boot=34 uptime_ms=1087826 epoch_ms=1789044665401 text=MECH_LAG id=12 cur=24 load=-348 age=7 err=-6
$SPOTLOG seq=5861 boot=34 uptime_ms=1087827 epoch_ms=1789044665402 text=MECH_END mode=gait stored=1
$SPOTLOG END
