
=== 2026-09-10T22:35:39 SpotOMG-Bridge ===
# syncstate
$SPOTSTATE pose=custom error=103 torque=off safety=ok balance=full rev=shared-locomotion-v35 caps=trot5,gaitprofiles,balancecontrol,commandretry,stow,headinghold profile=cruise heading=on reverse_limit=1000 recovery=new-command fault_code=0

=== 2026-09-10T22:35:48 SpotOMG-Bridge ===
# gaitprofile jointsport
OK

=== 2026-09-10T22:35:56 SpotOMG-Bridge ===
# status
Servo status (12 configured IDs):
ID 1 pos=1934 speed=0 load=0 voltage=11300mV temp=27C current=0 moving=0 hw=0x00
ID 2 pos=1610 speed=0 load=0 voltage=11400mV temp=26C current=0 moving=0 hw=0x00
ID 3 pos=3489 speed=0 load=0 voltage=11400mV temp=29C current=0 moving=0 hw=0x00
ID 4 pos=1986 speed=0 load=0 voltage=11300mV temp=28C current=0 moving=0 hw=0x00
ID 5 pos=2419 speed=0 load=0 voltage=11300mV temp=26C current=0 moving=0 hw=0x00
ID 6 pos=518 speed=0 load=0 voltage=11500mV temp=28C current=0 moving=0 hw=0x00
ID 7 pos=2102 speed=0 load=0 voltage=11300mV temp=27C current=0 moving=0 hw=0x00
ID 8 pos=1473 speed=0 load=0 voltage=11400mV temp=25C current=0 moving=0 hw=0x00
ID 9 pos=3506 speed=0 load=0 voltage=11300mV temp=29C current=0 moving=0 hw=0x00
ID 10 pos=1968 speed=0 load=0 voltage=11300mV temp=28C current=0 moving=0 hw=0x00
ID 11 pos=2745 speed=0 load=0 voltage=11300mV temp=27C current=0 moving=0 hw=0x00
ID 12 pos=494 speed=0 load=0 voltage=11300mV temp=30C current=0 moving=0 hw=0x00
Bus read retries: attempts=0 recovered=0 failed=0

=== 2026-09-10T22:36:03 SpotOMG-Bridge ===
# syncstate
$SPOTSTATE pose=custom error=103 torque=off safety=ok balance=full rev=shared-locomotion-v35 caps=trot5,gaitprofiles,balancecontrol,commandretry,stow,headinghold profile=jointsport heading=on reverse_limit=600 recovery=new-command fault_code=0
