{
  "table": [
    {
      "j2": 85.0,
      "j3_5mm": 76.0,
      "j3_10mm": 76.0
    },
    {
      "j2": 80.0,
      "j3_5mm": 76.0,
      "j3_10mm": 76.0
    },
    {
      "j2": 75.0,
      "j3_5mm": 76.0,
      "j3_10mm": 76.0
    },
    {
      "j2": 70.0,
      "j3_5mm": 78.62166953086853,
      "j3_10mm": 87.01853477954865
    },
    {
      "j2": 67.8,
      "j3_5mm": 84.61995303630829,
      "j3_10mm": 90.77315992116928
    },
    {
      "j2": 65.0,
      "j3_5mm": 89.12685179710388,
      "j3_10mm": 94.12565714120865
    },
    {
      "j2": 60.0,
      "j3_5mm": 93.74172365665436,
      "j3_10mm": 97.53035908937454
    },
    {
      "j2": 55.0,
      "j3_5mm": 95.83322668075562,
      "j3_10mm": 99.01804947853088
    },
    {
      "j2": 50.0,
      "j3_5mm": 96.48514449596405,
      "j3_10mm": 99.33009314537048
    },
    {
      "j2": 45.0,
      "j3_5mm": 96.1468334197998,
      "j3_10mm": 98.77491056919098
    },
    {
      "j2": 42.8,
      "j3_5mm": 95.75712943077087,
      "j3_10mm": 98.30798250436783
    }
  ],
  "sensitivity": [
    {
      "j2_deg": 80.0,
      "infeasible_cases": 0,
      "worst": {
        "roll_deg": -5.0,
        "pitch_deg": -3.0,
        "leg": "RL",
        "solution": {
          "j3_deg": 95.88301229476929,
          "clearance_mm": 5.0000000433621326,
          "lowest_point_world_mm": [
            -288.14379547913853,
            54.45299617212321,
            5.0000000433621326
          ],
          "foot_x_from_j2_world_mm": -89.77585800887195,
          "lower_search_bound_active": false
        }
      }
    },
    {
      "j2_deg": 70.0,
      "infeasible_cases": 0,
      "worst": {
        "roll_deg": -5.0,
        "pitch_deg": -3.0,
        "leg": "RL",
        "solution": {
          "j3_deg": 106.14928966760635,
          "clearance_mm": 5.000000031579285,
          "lowest_point_world_mm": [
            -239.41383854764942,
            49.17316194262981,
            5.000000031579285
          ],
          "foot_x_from_j2_world_mm": -41.045901077382815,
          "lower_search_bound_active": false
        }
      }
    },
    {
      "j2_deg": 65.0,
      "infeasible_cases": 0,
      "worst": {
        "roll_deg": -5.0,
        "pitch_deg": -3.0,
        "leg": "RL",
        "solution": {
          "j3_deg": 107.83975112438202,
          "clearance_mm": 5.000000041948619,
          "lowest_point_world_mm": [
            -219.6270950284436,
            48.3479000760207,
            5.000000041948619
          ],
          "foot_x_from_j2_world_mm": -21.259157558177005,
          "lower_search_bound_active": false
        }
      }
    },
    {
      "j2_deg": 60.0,
      "infeasible_cases": 0,
      "worst": {
        "roll_deg": -5.0,
        "pitch_deg": -3.0,
        "leg": "RL",
        "solution": {
          "j3_deg": 108.422880589962,
          "clearance_mm": 5.000000015776902,
          "lowest_point_world_mm": [
            -202.3223230369092,
            47.24363360640767,
            5.000000015776902
          ],
          "foot_x_from_j2_world_mm": -3.9543855666426264,
          "lower_search_bound_active": false
        }
      }
    },
    {
      "j2_deg": 55.0,
      "infeasible_cases": 0,
      "worst": {
        "roll_deg": -5.0,
        "pitch_deg": -3.0,
        "leg": "RL",
        "solution": {
          "j3_deg": 108.20779263973236,
          "clearance_mm": 5.00000002309316,
          "lowest_point_world_mm": [
            -185.1678243481734,
            47.162270578320744,
            5.00000002309316
          ],
          "foot_x_from_j2_world_mm": 13.200113122093182,
          "lower_search_bound_active": false
        }
      }
    },
    {
      "j2_deg": 50.0,
      "infeasible_cases": 0,
      "worst": {
        "roll_deg": -5.0,
        "pitch_deg": -3.0,
        "leg": "RL",
        "solution": {
          "j3_deg": 107.34176641702652,
          "clearance_mm": 5.000000112075228,
          "lowest_point_world_mm": [
            -170.02068674228892,
            47.372627811706586,
            5.000000112075228
          ],
          "foot_x_from_j2_world_mm": 28.34725072797767,
          "lower_search_bound_active": false
        }
      }
    },
    {
      "j2_deg": 45.0,
      "infeasible_cases": 0,
      "worst": {
        "roll_deg": -5.0,
        "pitch_deg": 3.0,
        "leg": "FL",
        "solution": {
          "j3_deg": 106.18618726730347,
          "clearance_mm": 5.0000000900965595,
          "lowest_point_world_mm": [
            222.45030858127632,
            47.17930925224949,
            5.0000000900965595
          ],
          "foot_x_from_j2_world_mm": 24.490914356591343,
          "lower_search_bound_active": false
        }
      }
    }
  ],
  "events": [
    {
      "time_s": 2.92,
      "leg": "RR",
      "actual_j2_deg": 67.91244715392212,
      "actual_j3_deg": 87.20918649790612,
      "commanded_j3_deg": 96.17952396044954,
      "exact_mesh_clearance_mm": -0.4033834035048825,
      "required_at_same_body_pose_for_5mm": {
        "j3_deg": 93.37597239017487,
        "clearance_mm": 5.000000004679553,
        "lowest_point_world_mm": [
          -185.95125224879715,
          -86.05596729266249,
          5.000000004679553
        ],
        "foot_x_from_j2_world_mm": -70.70590226355121,
        "lower_search_bound_active": false
      }
    },
    {
      "time_s": 5.16,
      "leg": "RL",
      "actual_j2_deg": 67.05664970920307,
      "actual_j3_deg": 92.05867649219712,
      "commanded_j3_deg": 97.57326024493213,
      "exact_mesh_clearance_mm": -0.10804384510526219,
      "required_at_same_body_pose_for_5mm": {
        "j3_deg": 96.90582978725433,
        "clearance_mm": 5.000000042900274,
        "lowest_point_world_mm": [
          201.08653888823991,
          102.9324593135974,
          5.000000042900274
        ],
        "foot_x_from_j2_world_mm": -57.61460786972922,
        "lower_search_bound_active": false
      }
    },
    {
      "time_s": 5.86,
      "leg": "RR",
      "actual_j2_deg": 69.31853290968385,
      "actual_j3_deg": 90.8495319340497,
      "commanded_j3_deg": 96.3327257655373,
      "exact_mesh_clearance_mm": -0.130686479070493,
      "required_at_same_body_pose_for_5mm": {
        "j3_deg": 96.18728250265121,
        "clearance_mm": 5.000000044335647,
        "lowest_point_world_mm": [
          304.63540067306496,
          -32.13948668771111,
          5.000000044335647
        ],
        "foot_x_from_j2_world_mm": -65.82020693618567,
        "lower_search_bound_active": false
      }
    }
  ]
}
