{
  "profile": "attitudepd_v8",
  "input": 1000,
  "lift_mm": [
    0,
    0,
    0,
    0
  ],
  "width_mm": [
    0,
    0,
    0,
    0
  ],
  "heading": true,
  "seconds": 20.0,
  "physics": "estimated",
  "summary": {
    "walk": {
      "x_range_mm": 38.13941571705731,
      "y_range_mm": 155.35243635728202,
      "yaw_range_deg": 4.200201990523551,
      "roll_range_deg": 5.859252364666778,
      "pitch_range_deg": 1.6793214897301678,
      "tilt_peak_deg": 3.3809485262074706,
      "min_loaded_feet": 2,
      "tracking_peak_deg": 5.929962775082485
    },
    "steady": {
      "x_range_mm": 33.39646830718158,
      "y_range_mm": 129.67822634289507,
      "yaw_range_deg": 3.695026940945497,
      "roll_range_deg": 5.833849488535907,
      "pitch_range_deg": 1.6507450519095417,
      "tilt_peak_deg": 3.3809485262074706,
      "min_loaded_feet": 2,
      "tracking_peak_deg": 5.929962775082485
    },
    "displacement_mm": [
      34.98587052291082,
      -151.1028327431573,
      -0.12078428836669275
    ],
    "final_yaw_deg": -0.18836431859066555,
    "first_fault": null,
    "stopped": true,
    "stop": {
      "x_range_mm": 7.250687377678929,
      "y_range_mm": 12.454199965717152,
      "yaw_range_deg": 2.551938834850997,
      "roll_range_deg": 5.518046702967228,
      "pitch_range_deg": 1.465166397465366,
      "tilt_peak_deg": 3.0655578824476404,
      "min_loaded_feet": 2,
      "tracking_peak_deg": 5.581172493543476
    }
  },
  "source_hash": "d126cb0921147749ca8ed8a039ef3a92ab6b255884bb6edb608309092b4dc6bd"
}
