{
  "profile": "attitudepd_v9",
  "input": 588,
  "lift_mm": [
    20,
    20,
    20,
    20
  ],
  "width_mm": [
    -30,
    -30,
    30,
    30
  ],
  "heading": true,
  "seconds": 20.0,
  "physics": "estimated",
  "summary": {
    "paired_clearance": {
      "core_frames": 148,
      "both_clear_frames": 0,
      "both_clear_fraction": 0.0
    },
    "walk": {
      "x_range_mm": 25.511380112395276,
      "y_range_mm": 160.0924233546753,
      "yaw_range_deg": 8.745734240833412,
      "roll_range_deg": 18.866086090192077,
      "pitch_range_deg": 1.4154716599669874,
      "tilt_peak_deg": 9.64536880487236,
      "min_loaded_feet": 2,
      "tracking_peak_deg": 10.793458307659126
    },
    "steady": {
      "x_range_mm": 24.946344168031732,
      "y_range_mm": 160.0924233546753,
      "yaw_range_deg": 7.699332212159163,
      "roll_range_deg": 18.866086090192077,
      "pitch_range_deg": 1.133423741540164,
      "tilt_peak_deg": 9.64536880487236,
      "min_loaded_feet": 2,
      "tracking_peak_deg": 10.793458307659126
    },
    "before_fault": {
      "x_range_mm": 25.511380112395276,
      "y_range_mm": 160.0924233546753,
      "yaw_range_deg": 8.745734240833412,
      "roll_range_deg": 18.866086090192077,
      "pitch_range_deg": 1.4154716599669874,
      "tilt_peak_deg": 9.64536880487236,
      "min_loaded_feet": 2,
      "tracking_peak_deg": 10.793458307659126
    },
    "displacement_mm": [
      -17.20740625944809,
      -78.65528395924044,
      -5.432383048884816
    ],
    "final_yaw_deg": -4.969282495561932,
    "first_fault": null,
    "normal_stop": true,
    "stopped": true,
    "stop": {
      "x_range_mm": 10.729477193033262,
      "y_range_mm": 85.26166093751553,
      "yaw_range_deg": 3.4704674988722743,
      "roll_range_deg": 10.424134444161385,
      "pitch_range_deg": 1.25050172437418,
      "tilt_peak_deg": 8.574295593559981,
      "min_loaded_feet": 3,
      "tracking_peak_deg": 14.968481395082685
    }
  },
  "source_hash": "2f342b7aa7942bca7ded8816c3fb18d3de6e6b018b61274d09c20c1710a82a1c"
}
