{
  "profile": "attitudepd_v8",
  "input": 1000,
  "lift_mm": [
    20,
    20,
    20,
    20
  ],
  "width_mm": [
    -30,
    -30,
    30,
    30
  ],
  "heading": true,
  "seconds": 20,
  "physics": "estimated",
  "summary": {
    "walk": {
      "x_range_mm": 127.28064973085317,
      "y_range_mm": 385.26525697663726,
      "yaw_range_deg": 7.5795102830517855,
      "roll_range_deg": 21.070884440906433,
      "pitch_range_deg": 5.64711123886519,
      "tilt_peak_deg": 11.2764577846811,
      "min_loaded_feet": 2,
      "tracking_peak_deg": 27.26301963278283
    },
    "steady": {
      "x_range_mm": 106.28721071028818,
      "y_range_mm": 292.70356612579315,
      "yaw_range_deg": 5.822300990696291,
      "roll_range_deg": 20.156124163681547,
      "pitch_range_deg": 5.610036701491261,
      "tilt_peak_deg": 11.2764577846811,
      "min_loaded_feet": 2,
      "tracking_peak_deg": 27.26301963278283
    },
    "displacement_mm": [
      110.72373742216868,
      -385.0735757480671,
      -2.8878215114309427
    ],
    "final_yaw_deg": -0.5022330991005218,
    "first_fault": null,
    "stopped": true,
    "stop": {
      "x_range_mm": 23.50674158702884,
      "y_range_mm": 42.54562493293423,
      "yaw_range_deg": 4.951792263834329,
      "roll_range_deg": 18.754851589532542,
      "pitch_range_deg": 5.223776561974303,
      "tilt_peak_deg": 10.233277172447783,
      "min_loaded_feet": 2,
      "tracking_peak_deg": 24.295698507120044
    }
  },
  "source_hash": "7032efdc9bca868bfcaadaddaf2e9c2d8885bfd473a04e0c94395cc3e7a92cee"
}
