{
  "profile": "attitudepd_v10",
  "input": -1000,
  "lift_mm": [
    10,
    10,
    10,
    10
  ],
  "width_mm": [
    0,
    0,
    0,
    0
  ],
  "heading": true,
  "seconds": 6.0,
  "physics": "estimated",
  "summary": {
    "paired_clearance": {
      "core_frames": 0,
      "both_clear_frames": 0,
      "both_clear_fraction": null
    },
    "walk": {
      "x_range_mm": 32.280963415077764,
      "y_range_mm": 120.07550456224769,
      "yaw_range_deg": 2.444229367184578,
      "roll_range_deg": 21.791888414034226,
      "pitch_range_deg": 0.909763769831019,
      "tilt_peak_deg": 12.206399974445121,
      "min_loaded_feet": 2,
      "tracking_peak_deg": 15.396422308538888
    },
    "steady": {
      "x_range_mm": 0.014191858982869121,
      "y_range_mm": 0.02589557647196372,
      "yaw_range_deg": 0.0169883920158711,
      "roll_range_deg": 0.05958690103349976,
      "pitch_range_deg": 0.007244558075019669,
      "tilt_peak_deg": 0.07251227010646358,
      "min_loaded_feet": 4,
      "tracking_peak_deg": 0.8707626760517513
    },
    "before_fault": {
      "x_range_mm": 14.456259730039726,
      "y_range_mm": 106.0275613123931,
      "yaw_range_deg": 1.7781447565354658,
      "roll_range_deg": 14.381266557148578,
      "pitch_range_deg": 0.4326784186309949,
      "tilt_peak_deg": 12.206399974445121,
      "min_loaded_feet": 2,
      "tracking_peak_deg": 15.396422308538888
    },
    "displacement_mm": [
      -21.78386702167637,
      -12.753554871775709,
      0.009472005031668118
    ],
    "final_yaw_deg": -1.1713343202108153,
    "first_fault": {
      "t": 4.959999999999981,
      "safety": "tilt"
    },
    "normal_stop": false,
    "stopped": true,
    "stop": {
      "x_range_mm": 0.00016218052364536106,
      "y_range_mm": 8.692276194821602e-06,
      "yaw_range_deg": 1.6395930257040447e-05,
      "roll_range_deg": 3.1909240002674956e-06,
      "pitch_range_deg": 9.448977021477012e-05,
      "tilt_peak_deg": 0.06526250763625131,
      "min_loaded_feet": 4,
      "tracking_peak_deg": 0.8501297920493331
    }
  },
  "source_hash": "8710b7ef365bcbdf68d1038165e7758a629e4ad27f532a8c8bd6fae1569d224a"
}
artifacts\navigation-v10\support90-rebuilt\four-views.mp4
