{
  "profile": "attitudepd_v8",
  "input": -1000,
  "lift_mm": [
    20,
    20,
    20,
    20
  ],
  "width_mm": [
    -30,
    -30,
    30,
    30
  ],
  "heading": true,
  "seconds": 20.0,
  "physics": "estimated",
  "summary": {
    "walk": {
      "x_range_mm": 22.749990096619978,
      "y_range_mm": 171.067966384956,
      "yaw_range_deg": 4.973550812547061,
      "roll_range_deg": 18.16538522110747,
      "pitch_range_deg": 4.961813823722989,
      "tilt_peak_deg": 10.227533989502433,
      "min_loaded_feet": 2,
      "tracking_peak_deg": 22.217816341953796
    },
    "steady": {
      "x_range_mm": 22.749990096619978,
      "y_range_mm": 138.49261399808833,
      "yaw_range_deg": 4.973550812547061,
      "roll_range_deg": 18.16538522110747,
      "pitch_range_deg": 4.961813823722989,
      "tilt_peak_deg": 10.227533989502433,
      "min_loaded_feet": 2,
      "tracking_peak_deg": 22.217816341953796
    },
    "displacement_mm": [
      0.7973213630503153,
      158.38243172816223,
      -0.050270401719430424
    ],
    "final_yaw_deg": 0.34703992357094243,
    "first_fault": null,
    "stopped": true,
    "stop": {
      "x_range_mm": 19.071929880163225,
      "y_range_mm": 38.2936860359728,
      "yaw_range_deg": 7.6085773595115,
      "roll_range_deg": 16.57066722252798,
      "pitch_range_deg": 4.5340338193697205,
      "tilt_peak_deg": 9.006254057492164,
      "min_loaded_feet": 2,
      "tracking_peak_deg": 18.5821539445141
    }
  },
  "source_hash": "d126cb0921147749ca8ed8a039ef3a92ab6b255884bb6edb608309092b4dc6bd"
}
artifacts\navigation-v8\verified\left\four-views.mp4
