{
  "profile": "attitudepd_v8",
  "input": 1000,
  "lift_mm": [
    0,
    0,
    0,
    0
  ],
  "width_mm": [
    0,
    0,
    0,
    0
  ],
  "heading": true,
  "seconds": 20,
  "physics": "estimated",
  "summary": {
    "walk": {
      "x_range_mm": 6.755922995874485,
      "y_range_mm": 136.27591768200665,
      "yaw_range_deg": 3.7413375541709195,
      "roll_range_deg": 0.9786382201622628,
      "pitch_range_deg": 0.6545592241992932,
      "tilt_peak_deg": 0.6099584349876268,
      "min_loaded_feet": 2,
      "tracking_peak_deg": 3.153859558446701
    },
    "steady": {
      "x_range_mm": 4.9174337483567285,
      "y_range_mm": 112.98519564162652,
      "yaw_range_deg": 3.7413375541709195,
      "roll_range_deg": 0.8651356091513313,
      "pitch_range_deg": 0.603768801413392,
      "tilt_peak_deg": 0.5064253710343283,
      "min_loaded_feet": 2,
      "tracking_peak_deg": 3.153859558446701
    },
    "displacement_mm": [
      5.304609027519298,
      -132.09268270448538,
      -0.12532420725543147
    ],
    "final_yaw_deg": -0.18303405493700425,
    "first_fault": null,
    "stopped": true,
    "stop": {
      "x_range_mm": 1.8071516379653119,
      "y_range_mm": 9.862498587356725,
      "yaw_range_deg": 2.015361603781873,
      "roll_range_deg": 1.0795898781451991,
      "pitch_range_deg": 0.48303354780482327,
      "tilt_peak_deg": 0.6623202658266502,
      "min_loaded_feet": 2,
      "tracking_peak_deg": 2.431044614989885
    }
  },
  "source_hash": "7e06168f0f2ba002f92b6bb37b2023a9f33b25af21fbadc8c943d7acda2bc16c"
}
