{
  "profile": "attitudepd_v8",
  "input": 1000,
  "lift_mm": [
    20,
    20,
    20,
    20
  ],
  "width_mm": [
    -30,
    -30,
    30,
    30
  ],
  "heading": true,
  "seconds": 20,
  "physics": "estimated",
  "summary": {
    "walk": {
      "x_range_mm": 50.881923440198555,
      "y_range_mm": 158.17416286455077,
      "yaw_range_deg": 6.905306048651413,
      "roll_range_deg": 20.768189110108075,
      "pitch_range_deg": 5.7550646166327315,
      "tilt_peak_deg": 11.262297895640907,
      "min_loaded_feet": 2,
      "tracking_peak_deg": 25.74067333399728
    },
    "steady": {
      "x_range_mm": 46.03421052094597,
      "y_range_mm": 112.81916488475633,
      "yaw_range_deg": 6.653848852820147,
      "roll_range_deg": 20.657184580876333,
      "pitch_range_deg": 5.6616567460035165,
      "tilt_peak_deg": 11.262297895640907,
      "min_loaded_feet": 2,
      "tracking_peak_deg": 25.74067333399728
    },
    "displacement_mm": [
      -38.54722319197238,
      -157.10420252727369,
      -2.2979033145473835
    ],
    "final_yaw_deg": -1.5429601634719274,
    "first_fault": null,
    "stopped": true,
    "stop": {
      "x_range_mm": 21.345130371373266,
      "y_range_mm": 21.752241598890862,
      "yaw_range_deg": 3.8269720023354226,
      "roll_range_deg": 13.236733890302823,
      "pitch_range_deg": 5.14042656607093,
      "tilt_peak_deg": 9.77608715081273,
      "min_loaded_feet": 2,
      "tracking_peak_deg": 22.011385986383385
    }
  },
  "source_hash": "c3b152b7194d3ec4135eb875a691413d2344a5b11469c91424f08eaace0f052c"
}
