{
  "profile": "attitudepd_v9",
  "input": 1000,
  "lift_mm": [
    20,
    20,
    20,
    20
  ],
  "width_mm": [
    -30,
    -30,
    30,
    30
  ],
  "heading": true,
  "seconds": 20.0,
  "physics": "estimated",
  "summary": {
    "paired_clearance": {
      "core_frames": 148,
      "both_clear_frames": 0,
      "both_clear_fraction": 0.0
    },
    "walk": {
      "x_range_mm": 47.4590656989314,
      "y_range_mm": 161.65739512172354,
      "yaw_range_deg": 19.386476561887463,
      "roll_range_deg": 19.836671488661235,
      "pitch_range_deg": 1.3901212677963428,
      "tilt_peak_deg": 10.268199579977043,
      "min_loaded_feet": 2,
      "tracking_peak_deg": 11.011817538773418
    },
    "steady": {
      "x_range_mm": 47.4590656989314,
      "y_range_mm": 161.65739512172354,
      "yaw_range_deg": 16.495001233584567,
      "roll_range_deg": 19.836671488661235,
      "pitch_range_deg": 1.1717916847862757,
      "tilt_peak_deg": 10.268199579977043,
      "min_loaded_feet": 2,
      "tracking_peak_deg": 11.011817538773418
    },
    "before_fault": {
      "x_range_mm": 47.4590656989314,
      "y_range_mm": 161.65739512172354,
      "yaw_range_deg": 19.386476561887463,
      "roll_range_deg": 19.836671488661235,
      "pitch_range_deg": 1.3901212677963428,
      "tilt_peak_deg": 10.268199579977043,
      "min_loaded_feet": 2,
      "tracking_peak_deg": 11.011817538773418
    },
    "displacement_mm": [
      -36.00320532805718,
      -74.91024208296362,
      -5.501539867983297
    ],
    "final_yaw_deg": -15.877680693841876,
    "first_fault": null,
    "normal_stop": true,
    "stopped": true,
    "stop": {
      "x_range_mm": 39.710335711780374,
      "y_range_mm": 123.27537053858299,
      "yaw_range_deg": 6.496279812658763,
      "roll_range_deg": 9.987837883680905,
      "pitch_range_deg": 1.219077229630542,
      "tilt_peak_deg": 8.8554846043357,
      "min_loaded_feet": 3,
      "tracking_peak_deg": 14.835615484663439
    }
  },
  "source_hash": "2f342b7aa7942bca7ded8816c3fb18d3de6e6b018b61274d09c20c1710a82a1c"
}
artifacts\navigation-v9\final\right\four-views.mp4
