248 INFO: PyInstaller: 6.22.3, contrib hooks: 2026.7
248 INFO: Python: 3.10.20 (conda)
292 INFO: Platform: Windows-10-10.0.26200-SP0
292 INFO: Python environment: C:\Users\etnlw\miniforge3\envs\spot_omg
293 INFO: wrote D:\project\spot_omg\apps\windows\SpotOMGController.spec
294 INFO: Removing temporary files and cleaning cache in C:\Users\etnlw\AppData\Local\pyinstaller
1443 INFO: Module search paths (PYTHONPATH):
['D:\\project\\spot_omg',
 'C:\\Users\\etnlw\\miniforge3\\envs\\spot_omg\\python310.zip',
 'C:\\Users\\etnlw\\miniforge3\\envs\\spot_omg\\DLLs',
 'C:\\Users\\etnlw\\miniforge3\\envs\\spot_omg\\lib',
 'C:\\Users\\etnlw\\miniforge3\\envs\\spot_omg',
 'C:\\Users\\etnlw\\miniforge3\\envs\\spot_omg\\lib\\site-packages',
 'D:\\project\\spot_omg\\apps\\windows']
1977 INFO: Appending 'datas' from .spec
1977 INFO: checking Analysis
1977 INFO: Building Analysis because Analysis-00.toc is non existent
1977 INFO: Looking for Python shared library...
1977 INFO: Using Python shared library: C:\Users\etnlw\miniforge3\envs\spot_omg\python310.dll
1977 INFO: Running Analysis Analysis-00.toc
1977 INFO: Target bytecode optimization level: 0
1977 INFO: Initializing module dependency graph...
1979 INFO: Initializing module graph hook caches...
1994 INFO: Analyzing modules for base_library.zip ...
3015 INFO: Processing standard module hook 'hook-encodings.py' from 'C:\\Users\\etnlw\\miniforge3\\envs\\spot_omg\\lib\\site-packages\\PyInstaller\\hooks'
3547 INFO: Processing standard module hook 'hook-heapq.py' from 'C:\\Users\\etnlw\\miniforge3\\envs\\spot_omg\\lib\\site-packages\\PyInstaller\\hooks'
3605 INFO: Processing standard module hook 'hook-math.py' from 'C:\\Users\\etnlw\\miniforge3\\envs\\spot_omg\\lib\\site-packages\\PyInstaller\\hooks'
3761 INFO: Processing standard module hook 'hook-pickle.py' from 'C:\\Users\\etnlw\\miniforge3\\envs\\spot_omg\\lib\\site-packages\\PyInstaller\\hooks'
5177 INFO: Caching module dependency graph...
5211 INFO: Analyzing D:\project\spot_omg\apps\windows\main.py
5308 INFO: Processing standard module hook 'hook-platform.py' from 'C:\\Users\\etnlw\\miniforge3\\envs\\spot_omg\\lib\\site-packages\\PyInstaller\\hooks'
5316 INFO: Processing standard module hook 'hook-PySide6.py' from 'C:\\Users\\etnlw\\miniforge3\\envs\\spot_omg\\lib\\site-packages\\PyInstaller\\hooks'
5504 INFO: Processing standard module hook 'hook-shiboken6.py' from 'C:\\Users\\etnlw\\miniforge3\\envs\\spot_omg\\lib\\site-packages\\PyInstaller\\hooks'
5594 INFO: Processing standard module hook 'hook-PySide6.QtNetwork.py' from 'C:\\Users\\etnlw\\miniforge3\\envs\\spot_omg\\lib\\site-packages\\PyInstaller\\hooks'
8152 INFO: Processing standard module hook 'hook-PySide6.QtCore.py' from 'C:\\Users\\etnlw\\miniforge3\\envs\\spot_omg\\lib\\site-packages\\PyInstaller\\hooks'
12214 INFO: Processing standard module hook 'hook-PySide6.QtGui.py' from 'C:\\Users\\etnlw\\miniforge3\\envs\\spot_omg\\lib\\site-packages\\PyInstaller\\hooks'
29418 INFO: Processing standard module hook 'hook-PySide6.QtWidgets.py' from 'C:\\Users\\etnlw\\miniforge3\\envs\\spot_omg\\lib\\site-packages\\PyInstaller\\hooks'
32643 INFO: Processing standard module hook 'hook-multiprocessing.util.py' from 'C:\\Users\\etnlw\\miniforge3\\envs\\spot_omg\\lib\\site-packages\\PyInstaller\\hooks'
32719 INFO: Processing standard module hook 'hook-xml.py' from 'C:\\Users\\etnlw\\miniforge3\\envs\\spot_omg\\lib\\site-packages\\PyInstaller\\hooks'
32853 INFO: Processing standard module hook 'hook-_ctypes.py' from 'C:\\Users\\etnlw\\miniforge3\\envs\\spot_omg\\lib\\site-packages\\PyInstaller\\hooks'
33057 INFO: Processing standard module hook 'hook-bleak.py' from 'C:\\Users\\etnlw\\miniforge3\\envs\\spot_omg\\lib\\site-packages\\_pyinstaller_hooks_contrib\\stdhooks'
33067 INFO: Processing pre-safe-import-module hook 'hook-typing_extensions.py' from 'C:\\Users\\etnlw\\miniforge3\\envs\\spot_omg\\lib\\site-packages\\PyInstaller\\hooks\\pre_safe_import_module'
33068 INFO: SetuptoolsInfo: initializing cached setuptools info...
34038 INFO: Analyzing hidden import 'winrt.runtime.interop'
34038 INFO: Analyzing hidden import 'winrt.system.hresult'
34041 INFO: Processing module hooks (post-graph stage)...
34160 INFO: Performing binary vs. data reclassification (126 entries)
34185 INFO: Looking for ctypes DLLs
34193 INFO: Analyzing run-time hooks ...
34195 INFO: Including run-time hook 'pyi_rth_pkgutil.py' from 'C:\\Users\\etnlw\\miniforge3\\envs\\spot_omg\\lib\\site-packages\\PyInstaller\\hooks\\rthooks'
34197 INFO: Including run-time hook 'pyi_rth_multiprocessing.py' from 'C:\\Users\\etnlw\\miniforge3\\envs\\spot_omg\\lib\\site-packages\\PyInstaller\\hooks\\rthooks'
34198 INFO: Including run-time hook 'pyi_rth_inspect.py' from 'C:\\Users\\etnlw\\miniforge3\\envs\\spot_omg\\lib\\site-packages\\PyInstaller\\hooks\\rthooks'
34200 INFO: Including run-time hook 'pyi_rth_pyside6.py' from 'C:\\Users\\etnlw\\miniforge3\\envs\\spot_omg\\lib\\site-packages\\PyInstaller\\hooks\\rthooks'
34201 INFO: Processing pre-find-module-path hook 'hook-_pyi_rth_utils.py' from 'C:\\Users\\etnlw\\miniforge3\\envs\\spot_omg\\lib\\site-packages\\PyInstaller\\hooks\\pre_find_module_path'
34202 INFO: Processing standard module hook 'hook-_pyi_rth_utils.py' from 'C:\\Users\\etnlw\\miniforge3\\envs\\spot_omg\\lib\\site-packages\\PyInstaller\\hooks'
34209 INFO: Creating base_library.zip...
34220 INFO: Looking for dynamic libraries
34527 INFO: Extra DLL search directories (AddDllDirectory): ['C:\\Users\\etnlw\\miniforge3\\envs\\spot_omg\\Lib\\site-packages\\shiboken6']
34527 INFO: Extra DLL search directories (PATH): ['C:\\Users\\etnlw\\miniforge3\\envs\\spot_omg\\Lib\\site-packages\\PySide6']
35797 INFO: Warnings written to D:\project\spot_omg\apps\windows\build\SpotOMGController\warn-SpotOMGController.txt
35827 INFO: Graph cross-reference written to D:\project\spot_omg\apps\windows\build\SpotOMGController\xref-SpotOMGController.html
35845 INFO: checking PYZ
35845 INFO: Building PYZ because PYZ-00.toc is non existent
35845 INFO: Building PYZ (ZlibArchive) D:\project\spot_omg\apps\windows\build\SpotOMGController\PYZ-00.pyz
35971 INFO: Building PYZ (ZlibArchive) D:\project\spot_omg\apps\windows\build\SpotOMGController\PYZ-00.pyz completed successfully.
35977 INFO: checking PKG
35977 INFO: Building PKG because PKG-00.toc is non existent
35977 INFO: Building PKG (CArchive) SpotOMGController.pkg
35990 INFO: Building PKG (CArchive) SpotOMGController.pkg completed successfully.
35991 INFO: Bootloader C:\Users\etnlw\miniforge3\envs\spot_omg\lib\site-packages\PyInstaller\bootloader\Windows-64bit-intel\runw.exe
35991 INFO: checking EXE
35991 INFO: Building EXE because EXE-00.toc is non existent
35991 INFO: Building EXE from EXE-00.toc
35991 INFO: Copying bootloader EXE to D:\project\spot_omg\apps\windows\build\SpotOMGController\SpotOMGController.exe
36029 INFO: Copying icon to EXE
36063 INFO: Copying version information to EXE
36094 INFO: Copying 0 resources to EXE
36095 INFO: Embedding manifest in EXE
36126 INFO: Appending PKG archive to EXE
36163 INFO: Fixing EXE headers
36342 INFO: Building EXE from EXE-00.toc completed successfully.
36344 INFO: checking COLLECT
36344 INFO: Building COLLECT because COLLECT-00.toc is non existent
36344 INFO: Building COLLECT COLLECT-00.toc
36705 INFO: Building COLLECT COLLECT-00.toc completed successfully.
36710 INFO: Build complete! The results are available in: D:\project\spot_omg\artifacts\navigation-v8\windows-dist
