{
  "profile": "attitudepd_v10",
  "input": -1000,
  "lift_mm": [
    10,
    10,
    10,
    10
  ],
  "width_mm": [
    0,
    0,
    0,
    0
  ],
  "host_library": "C:\\Users\\etnlw\\AppData\\Local\\Temp\\spot-omg-gait-policy\\libspot_gait_cc6a4925c0b215b6.dll",
  "heading": true,
  "seconds": 5.0,
  "physics": "estimated",
  "summary": {
    "paired_clearance": {
      "core_frames": 0,
      "both_clear_frames": 0,
      "both_clear_fraction": null
    },
    "walk": {
      "x_range_mm": 26.627367184949065,
      "y_range_mm": 90.10388996601242,
      "yaw_range_deg": 3.8241828350021434,
      "roll_range_deg": 14.673896330035236,
      "pitch_range_deg": 0.564436971310023,
      "tilt_peak_deg": 13.603993548146919,
      "min_loaded_feet": 2,
      "tracking_peak_deg": 25.848150307096926
    },
    "steady": {
      "x_range_mm": 0.00039002422467149245,
      "y_range_mm": 0.00010307793560748735,
      "yaw_range_deg": 0.00012387981096795286,
      "roll_range_deg": 2.189233947403127e-05,
      "pitch_range_deg": 0.00014195161943945933,
      "tilt_peak_deg": 0.06511975599429534,
      "min_loaded_feet": 4,
      "tracking_peak_deg": 0.8509529097323981
    },
    "before_fault": {
      "x_range_mm": 18.415929259446546,
      "y_range_mm": 85.1226074467324,
      "yaw_range_deg": 2.7485532752906563,
      "roll_range_deg": 13.56610711552008,
      "pitch_range_deg": 0.27911282579494756,
      "tilt_peak_deg": 12.496204333631763,
      "min_loaded_feet": 2,
      "tracking_peak_deg": 25.848150307096926
    },
    "displacement_mm": [
      -23.12470432120105,
      5.0596098306991255,
      0.004999326691560668
    ],
    "final_yaw_deg": 2.612973454380056,
    "first_fault": {
      "t": 4.0000000000004965,
      "safety": "tilt"
    },
    "normal_stop": false,
    "stopped": true,
    "stop": {
      "x_range_mm": 0.00010410013621964254,
      "y_range_mm": 2.9111287891403492e-05,
      "yaw_range_deg": 3.2399937088811726e-05,
      "roll_range_deg": 5.660530382101299e-06,
      "pitch_range_deg": 4.5953456157751815e-05,
      "tilt_peak_deg": 0.06516801352608674,
      "min_loaded_feet": 4,
      "tracking_peak_deg": 0.8503067875953482
    }
  },
  "source_hash": "b440f06ff68785a61e783787772b116883023bb3f2ab4a808ddc4ab3ea5c0111"
}
artifacts\navigation-v10\left-preload-01\four-views.mp4
