{
  "profile": "attitudepd_v8",
  "input": 1000,
  "lift_mm": [
    20,
    20,
    20,
    20
  ],
  "width_mm": [
    -30,
    -30,
    30,
    30
  ],
  "heading": true,
  "seconds": 20.0,
  "physics": "estimated",
  "summary": {
    "paired_clearance": {
      "core_frames": 156,
      "both_clear_frames": 137,
      "both_clear_fraction": 0.8782051282051282
    },
    "walk": {
      "x_range_mm": 22.764729673426118,
      "y_range_mm": 164.73431427224352,
      "yaw_range_deg": 4.466684547512141,
      "roll_range_deg": 18.22300813123984,
      "pitch_range_deg": 4.937166179117545,
      "tilt_peak_deg": 10.270223952321663,
      "min_loaded_feet": 2,
      "tracking_peak_deg": 22.058381288972566
    },
    "steady": {
      "x_range_mm": 22.764729673426118,
      "y_range_mm": 140.0592021570351,
      "yaw_range_deg": 4.35897671415685,
      "roll_range_deg": 18.22300813123984,
      "pitch_range_deg": 4.937166179117545,
      "tilt_peak_deg": 10.270223952321663,
      "min_loaded_feet": 2,
      "tracking_peak_deg": 22.058381288972566
    },
    "before_fault": {
      "x_range_mm": 22.764729673426118,
      "y_range_mm": 164.73431427224352,
      "yaw_range_deg": 4.466684547512141,
      "roll_range_deg": 18.22300813123984,
      "pitch_range_deg": 4.937166179117545,
      "tilt_peak_deg": 10.270223952321663,
      "min_loaded_feet": 2,
      "tracking_peak_deg": 22.058381288972566
    },
    "displacement_mm": [
      10.422633302406119,
      -160.30931821141527,
      0.08928189519561158
    ],
    "final_yaw_deg": -0.5153690397843547,
    "first_fault": null,
    "normal_stop": true,
    "stopped": true,
    "stop": {
      "x_range_mm": 18.157954620490486,
      "y_range_mm": 24.977379310499117,
      "yaw_range_deg": 7.5458282910170205,
      "roll_range_deg": 15.665727275098147,
      "pitch_range_deg": 4.374905103224491,
      "tilt_peak_deg": 7.874472113193217,
      "min_loaded_feet": 2,
      "tracking_peak_deg": 16.48592426013362
    }
  },
  "source_hash": "2f342b7aa7942bca7ded8816c3fb18d3de6e6b018b61274d09c20c1710a82a1c"
}
