{
  "profile": "attitudepd_v8",
  "input": 1000,
  "lift_mm": [
    20,
    20,
    20,
    20
  ],
  "width_mm": [
    -30,
    -30,
    30,
    30
  ],
  "heading": true,
  "seconds": 20,
  "physics": "estimated",
  "summary": {
    "walk": {
      "x_range_mm": 57.00071688466237,
      "y_range_mm": 190.64779360594522,
      "yaw_range_deg": 3.11601419028453,
      "roll_range_deg": 10.986602105875994,
      "pitch_range_deg": 3.5299155799602806,
      "tilt_peak_deg": 6.426208436093511,
      "min_loaded_feet": 2,
      "tracking_peak_deg": 18.65579549005293
    },
    "steady": {
      "x_range_mm": 50.81458473578673,
      "y_range_mm": 161.55703107316438,
      "yaw_range_deg": 3.11601419028453,
      "roll_range_deg": 10.986602105875994,
      "pitch_range_deg": 3.5283502542636773,
      "tilt_peak_deg": 6.426208436093511,
      "min_loaded_feet": 2,
      "tracking_peak_deg": 18.65579549005293
    },
    "displacement_mm": [
      51.98241111888536,
      -183.79405996990934,
      0.12931347204039412
    ],
    "final_yaw_deg": -0.8323985091036508,
    "first_fault": null,
    "stopped": true,
    "stop": {
      "x_range_mm": 15.591671675971583,
      "y_range_mm": 27.753534950863212,
      "yaw_range_deg": 5.160181680249383,
      "roll_range_deg": 9.61658108957673,
      "pitch_range_deg": 3.600289582809471,
      "tilt_peak_deg": 4.893827755312628,
      "min_loaded_feet": 2,
      "tracking_peak_deg": 17.08354705887756
    }
  },
  "source_hash": "a525445f04fdc451f73fe7273f2056b856357c3277c2eba17002a8d2565db8ef"
}
