{
  "profile": "attitudepd_v9",
  "input": -1000,
  "lift_mm": [
    20,
    20,
    20,
    20
  ],
  "width_mm": [
    -30,
    -30,
    30,
    30
  ],
  "heading": true,
  "seconds": 20.0,
  "physics": "estimated",
  "summary": {
    "paired_clearance": {
      "core_frames": 148,
      "both_clear_frames": 0,
      "both_clear_fraction": 0.0
    },
    "walk": {
      "x_range_mm": 47.14744244571956,
      "y_range_mm": 161.772004860727,
      "yaw_range_deg": 19.32574112106379,
      "roll_range_deg": 19.884333938439987,
      "pitch_range_deg": 1.4058113662526581,
      "tilt_peak_deg": 10.35064307198328,
      "min_loaded_feet": 2,
      "tracking_peak_deg": 10.89605216733983
    },
    "steady": {
      "x_range_mm": 47.14744244571956,
      "y_range_mm": 161.772004860727,
      "yaw_range_deg": 16.375988107056557,
      "roll_range_deg": 19.884333938439987,
      "pitch_range_deg": 1.175944513875832,
      "tilt_peak_deg": 10.35064307198328,
      "min_loaded_feet": 2,
      "tracking_peak_deg": 10.89605216733983
    },
    "before_fault": {
      "x_range_mm": 47.14744244571956,
      "y_range_mm": 161.772004860727,
      "yaw_range_deg": 19.32574112106379,
      "roll_range_deg": 19.884333938439987,
      "pitch_range_deg": 1.4058113662526581,
      "tilt_peak_deg": 10.35064307198328,
      "min_loaded_feet": 2,
      "tracking_peak_deg": 10.89605216733983
    },
    "displacement_mm": [
      -35.14872821424089,
      75.35402658159524,
      -5.56311783348751
    ],
    "final_yaw_deg": 15.781275273613792,
    "first_fault": null,
    "normal_stop": true,
    "stopped": true,
    "stop": {
      "x_range_mm": 39.41430597673245,
      "y_range_mm": 123.2207079961644,
      "yaw_range_deg": 6.332798500424129,
      "roll_range_deg": 9.92477329871188,
      "pitch_range_deg": 1.1539884594323184,
      "tilt_peak_deg": 8.841621788882334,
      "min_loaded_feet": 3,
      "tracking_peak_deg": 14.759635871396322
    }
  },
  "source_hash": "2f342b7aa7942bca7ded8816c3fb18d3de6e6b018b61274d09c20c1710a82a1c"
}
artifacts\navigation-v9\final\left\four-views.mp4
