{
  "profile": "attitudepd_v8",
  "input": 1000,
  "lift_mm": [
    20,
    20,
    20,
    20
  ],
  "width_mm": [
    -30,
    -30,
    30,
    30
  ],
  "heading": true,
  "seconds": 20.0,
  "physics": "estimated",
  "summary": {
    "walk": {
      "x_range_mm": 23.97720013495871,
      "y_range_mm": 24.405010091468384,
      "yaw_range_deg": 4.876819172580118,
      "roll_range_deg": 16.30876051945722,
      "pitch_range_deg": 6.211073992621682,
      "tilt_peak_deg": 12.730772947908918,
      "min_loaded_feet": 2,
      "tracking_peak_deg": 28.096512851622542
    },
    "steady": {
      "x_range_mm": 0.05415451427570872,
      "y_range_mm": 0.008885930202996661,
      "yaw_range_deg": 0.0057316766746657866,
      "roll_range_deg": 0.0033994698834128455,
      "pitch_range_deg": 0.05006044094546275,
      "tilt_peak_deg": 0.11522845579783549,
      "min_loaded_feet": 4,
      "tracking_peak_deg": 0.8715557882402513
    },
    "displacement_mm": [
      -5.286433004367375,
      -11.986116400297716,
      0.0072059416529555165
    ],
    "final_yaw_deg": -1.1551680889451537,
    "first_fault": {
      "t": 4.760000000000092,
      "safety": "tilt"
    },
    "stopped": true,
    "stop": {
      "x_range_mm": 6.117701900620887e-10,
      "y_range_mm": 3.147926364022169e-08,
      "yaw_range_deg": 1.381311953707609e-09,
      "roll_range_deg": 4.937571319689471e-09,
      "pitch_range_deg": 8.493580838653259e-12,
      "tilt_peak_deg": 0.06516801486104115,
      "min_loaded_feet": 4,
      "tracking_peak_deg": 0.850129737937017
    }
  },
  "source_hash": "8b858f5ad12c616dcc22f491bdafa45c4708f8d166c32c12ba3020102d726f46"
}
