{
  "profile": "attitudepd_v8",
  "input": 1000,
  "lift_mm": [
    20,
    20,
    20,
    20
  ],
  "width_mm": [
    -30,
    -30,
    30,
    30
  ],
  "heading": true,
  "seconds": 20,
  "physics": "estimated",
  "summary": {
    "walk": {
      "x_range_mm": 25.007494045799497,
      "y_range_mm": 190.6444319389415,
      "yaw_range_deg": 4.7080291268736625,
      "roll_range_deg": 12.07620094338063,
      "pitch_range_deg": 3.245027745153419,
      "tilt_peak_deg": 6.675797444423504,
      "min_loaded_feet": 2,
      "tracking_peak_deg": 16.313004882989738
    },
    "steady": {
      "x_range_mm": 23.15193655044787,
      "y_range_mm": 162.32097419303471,
      "yaw_range_deg": 4.7080291268736625,
      "roll_range_deg": 12.07620094338063,
      "pitch_range_deg": 3.2327260588666835,
      "tilt_peak_deg": 6.675797444423504,
      "min_loaded_feet": 2,
      "tracking_peak_deg": 16.313004882989738
    },
    "displacement_mm": [
      15.547644176675007,
      -186.35398924698134,
      0.07109727294491108
    ],
    "final_yaw_deg": -0.2353489180613457,
    "first_fault": null,
    "stopped": true,
    "stop": {
      "x_range_mm": 14.82562069827275,
      "y_range_mm": 24.77819088262376,
      "yaw_range_deg": 6.095442868645959,
      "roll_range_deg": 11.74361529711488,
      "pitch_range_deg": 3.5714534405795173,
      "tilt_peak_deg": 6.208452733944352,
      "min_loaded_feet": 2,
      "tracking_peak_deg": 15.145920884571401
    }
  },
  "source_hash": "7e06168f0f2ba002f92b6bb37b2023a9f33b25af21fbadc8c943d7acda2bc16c"
}
artifacts\navigation-v8\final\right-stored\four-views.mp4
