{
  "profile": "attitudepd_v8",
  "input": 1000,
  "lift_mm": [
    0,
    0,
    0,
    0
  ],
  "width_mm": [
    -30,
    -30,
    30,
    30
  ],
  "heading": true,
  "seconds": 12.0,
  "physics": "estimated",
  "summary": {
    "walk": {
      "x_range_mm": 34.01827878303611,
      "y_range_mm": 196.56649680107373,
      "yaw_range_deg": 6.0802471815546575,
      "roll_range_deg": 10.247542013685354,
      "pitch_range_deg": 2.9346000646443215,
      "tilt_peak_deg": 5.858673936373677,
      "min_loaded_feet": 2,
      "tracking_peak_deg": 15.309545623145695
    },
    "steady": {
      "x_range_mm": 26.389778313930023,
      "y_range_mm": 126.15900061770262,
      "yaw_range_deg": 4.667901197421132,
      "roll_range_deg": 10.173550974139001,
      "pitch_range_deg": 2.809935826992269,
      "tilt_peak_deg": 5.858673936373677,
      "min_loaded_feet": 2,
      "tracking_peak_deg": 15.309545623145695
    },
    "displacement_mm": [
      29.25735403376195,
      -196.36141741510264,
      0.7895735835431026
    ],
    "final_yaw_deg": 0.5716246893020702,
    "first_fault": null,
    "stopped": true,
    "stop": {
      "x_range_mm": 14.233752712010755,
      "y_range_mm": 44.17762654881432,
      "yaw_range_deg": 3.3212427224175514,
      "roll_range_deg": 9.809407431088768,
      "pitch_range_deg": 2.580116778421345,
      "tilt_peak_deg": 5.37309872225655,
      "min_loaded_feet": 2,
      "tracking_peak_deg": 11.944881341112959
    }
  },
  "source_hash": "7032efdc9bca868bfcaadaddaf2e9c2d8885bfd473a04e0c94395cc3e7a92cee"
}
