{
  "profile": "attitudepd_v9",
  "input": 1000,
  "lift_mm": [
    20,
    20,
    20,
    20
  ],
  "width_mm": [
    -30,
    -30,
    30,
    30
  ],
  "heading": true,
  "seconds": 20.0,
  "physics": "estimated",
  "summary": {
    "paired_clearance": {
      "core_frames": 0,
      "both_clear_frames": 0,
      "both_clear_fraction": null
    },
    "walk": {
      "x_range_mm": 46.79515436792144,
      "y_range_mm": 32.017698610297714,
      "yaw_range_deg": 4.5714061412390805,
      "roll_range_deg": 17.114801723138473,
      "pitch_range_deg": 3.0471846686807513,
      "tilt_peak_deg": 14.596757554603897,
      "min_loaded_feet": 2,
      "tracking_peak_deg": 15.497872734814525
    },
    "steady": {
      "x_range_mm": 0.04771179157856409,
      "y_range_mm": 0.0005745118746816047,
      "yaw_range_deg": 0.001529199769351397,
      "roll_range_deg": 0.0002642775342107974,
      "pitch_range_deg": 0.03876944886033852,
      "tilt_peak_deg": 0.103937463725409,
      "min_loaded_feet": 4,
      "tracking_peak_deg": 0.8527358349863879
    },
    "displacement_mm": [
      -10.417804371519484,
      9.115275101411292,
      0.007205941488109602
    ],
    "final_yaw_deg": -2.8601664843594947,
    "first_fault": {
      "t": 4.720000000000114,
      "safety": "tilt"
    },
    "stopped": true,
    "stop": {
      "x_range_mm": 2.3248373537398948e-07,
      "y_range_mm": 3.911877197282365e-06,
      "yaw_range_deg": 6.219079162761432e-07,
      "roll_range_deg": 3.1635483425593303e-10,
      "pitch_range_deg": 5.288408599923855e-13,
      "tilt_peak_deg": 0.06516801486570138,
      "min_loaded_feet": 4,
      "tracking_peak_deg": 0.8501297858648719
    }
  },
  "source_hash": "ca76e7fc8b047fb73eb4741eb8b10e8acdb229b7900281197ed950605bf3a73f"
}
