{
  "profile": "attitudepd_v10",
  "input": -1000,
  "lift_mm": [
    10,
    10,
    10,
    10
  ],
  "width_mm": [
    0,
    0,
    0,
    0
  ],
  "host_library": "C:\\Users\\etnlw\\AppData\\Local\\Temp\\spot-omg-gait-policy\\libspot_gait_cd8c081a4f23f8e8.dll",
  "heading": true,
  "seconds": 5.0,
  "physics": "estimated",
  "summary": {
    "paired_clearance": {
      "core_frames": 0,
      "both_clear_frames": 0,
      "both_clear_fraction": null
    },
    "walk": {
      "x_range_mm": 117.12035287420464,
      "y_range_mm": 55.341361089101426,
      "yaw_range_deg": 3.4634555597631747,
      "roll_range_deg": 21.00471285724304,
      "pitch_range_deg": 5.447167146781349,
      "tilt_peak_deg": 20.10451917952672,
      "min_loaded_feet": 1,
      "tracking_peak_deg": 33.02591858098504
    },
    "steady": {
      "x_range_mm": 0.0003462211955032046,
      "y_range_mm": 0.0005318037439110412,
      "yaw_range_deg": 0.0007147957173341268,
      "roll_range_deg": 0.00011392585791996594,
      "pitch_range_deg": 0.00029432576410449995,
      "tilt_peak_deg": 0.06508418660886357,
      "min_loaded_feet": 4,
      "tracking_peak_deg": 0.8494051252324313
    },
    "before_fault": {
      "x_range_mm": 20.769443100316717,
      "y_range_mm": 37.90485489581914,
      "yaw_range_deg": 1.6311170872647927,
      "roll_range_deg": 17.20287305168444,
      "pitch_range_deg": 1.626275149327538,
      "tilt_peak_deg": 17.177163173697117,
      "min_loaded_feet": 2,
      "tracking_peak_deg": 30.263921936380612
    },
    "displacement_mm": [
      -61.4372103352829,
      -16.350444448110988,
      0.005101748775189208
    ],
    "final_yaw_deg": -3.437417217537258,
    "first_fault": {
      "t": 3.8800000000004564,
      "safety": "tilt"
    },
    "normal_stop": false,
    "stopped": true,
    "stop": {
      "x_range_mm": 7.912047731650773e-05,
      "y_range_mm": 0.00013952697164754113,
      "yaw_range_deg": 0.00018899128552440914,
      "roll_range_deg": 3.002180599256032e-05,
      "pitch_range_deg": 7.954631213334673e-05,
      "tilt_peak_deg": 0.06516801337722508,
      "min_loaded_feet": 4,
      "tracking_peak_deg": 0.8501297369470249
    }
  },
  "source_hash": "17f033a261a4d60ebf7a8eab72f2414aadc3bfe97d22801baeeec8c971653186"
}
artifacts\navigation-v10\left-first-02\four-views.mp4
