{
  "profile": "attitudepd_v8",
  "input": 1000,
  "lift_mm": [
    20,
    20,
    20,
    20
  ],
  "width_mm": [
    -30,
    -30,
    30,
    30
  ],
  "heading": true,
  "seconds": 20,
  "physics": "estimated",
  "summary": {
    "walk": {
      "x_range_mm": 123.27534007382428,
      "y_range_mm": 646.003211106838,
      "yaw_range_deg": 11.884726024295023,
      "roll_range_deg": 359.9997239157067,
      "pitch_range_deg": 13.295432129029393,
      "tilt_peak_deg": 179.99995783437046,
      "min_loaded_feet": 0,
      "tracking_peak_deg": 15.778005478068255
    },
    "steady": {
      "x_range_mm": 111.4746922228899,
      "y_range_mm": 606.9327120602368,
      "yaw_range_deg": 8.02471274533944,
      "roll_range_deg": 359.9997239157067,
      "pitch_range_deg": 9.204801358564719,
      "tilt_peak_deg": 179.99995783437046,
      "min_loaded_feet": 0,
      "tracking_peak_deg": 3.814417326769223
    },
    "displacement_mm": [
      94.64272295459662,
      -507.29395591787056,
      456.70884238274397
    ],
    "final_yaw_deg": 11.249852764331164,
    "first_fault": {
      "t": 6.199999999999294,
      "safety": "tilt"
    },
    "stopped": true,
    "stop": {
      "x_range_mm": 5.571340011556458e-08,
      "y_range_mm": 2.796371632030059e-07,
      "yaw_range_deg": 4.226045291488845e-09,
      "roll_range_deg": 7.483436093025375e-11,
      "pitch_range_deg": 6.438512917261718e-14,
      "tilt_peak_deg": 179.99990917804405,
      "min_loaded_feet": 0,
      "tracking_peak_deg": 0.24448726819896777
    }
  },
  "source_hash": "f87fb815ad954d08d598d97b8ce3054aacdc40b090d80d64d1fc12cd5271b23a"
}
