{
  "profile": "attitudepd_v10",
  "input": -1000,
  "lift_mm": [
    10,
    10,
    10,
    10
  ],
  "width_mm": [
    0,
    0,
    0,
    0
  ],
  "host_library": "C:\\Users\\etnlw\\AppData\\Local\\Temp\\spot-omg-gait-policy\\libspot_gait_c1c55c7195879f3b.dll",
  "heading": true,
  "seconds": 5.0,
  "physics": "estimated",
  "summary": {
    "paired_clearance": {
      "core_frames": 0,
      "both_clear_frames": 0,
      "both_clear_fraction": null
    },
    "walk": {
      "x_range_mm": 39.680532841910434,
      "y_range_mm": 114.65097735320208,
      "yaw_range_deg": 5.340623350080487,
      "roll_range_deg": 13.713308788371178,
      "pitch_range_deg": 1.9050055072049326,
      "tilt_peak_deg": 12.131306951963191,
      "min_loaded_feet": 2,
      "tracking_peak_deg": 28.035098058146474
    },
    "steady": {
      "x_range_mm": 0.10884827684802723,
      "y_range_mm": 0.02621098917918899,
      "yaw_range_deg": 0.004431801372946964,
      "roll_range_deg": 0.016046983633255938,
      "pitch_range_deg": 0.01931782369892112,
      "tilt_peak_deg": 0.07452246960743476,
      "min_loaded_feet": 4,
      "tracking_peak_deg": 0.9205994775462232
    },
    "before_fault": {
      "x_range_mm": 39.680532841910434,
      "y_range_mm": 114.65097735320208,
      "yaw_range_deg": 5.340623350080487,
      "roll_range_deg": 13.713308788371178,
      "pitch_range_deg": 1.9050055072049326,
      "tilt_peak_deg": 12.131306951963191,
      "min_loaded_feet": 2,
      "tracking_peak_deg": 28.035098058146474
    },
    "displacement_mm": [
      -29.576085690787835,
      -0.022178520133222496,
      -0.1618037483361121
    ],
    "final_yaw_deg": 3.118119593980674,
    "first_fault": null,
    "normal_stop": true,
    "stopped": true,
    "stop": {
      "x_range_mm": 0.6444841206292189,
      "y_range_mm": 0.059561651994356715,
      "yaw_range_deg": 0.00714599883222844,
      "roll_range_deg": 0.01402317961749372,
      "pitch_range_deg": 0.038651737189241586,
      "tilt_peak_deg": 0.06804487495946995,
      "min_loaded_feet": 4,
      "tracking_peak_deg": 1.0346065418031538
    }
  },
  "source_hash": "94a08517a4b09ddac2121db31d5e089c65be962d7bd0b7990ed0d8ad9c189f64"
}
artifacts\navigation-v10\left-preload-02\four-views.mp4
