{
  "profile": "attitudepd_v9",
  "input": 1000,
  "lift_mm": [
    20,
    20,
    20,
    20
  ],
  "width_mm": [
    -30,
    -30,
    30,
    30
  ],
  "heading": true,
  "seconds": 20.0,
  "physics": "estimated",
  "summary": {
    "paired_clearance": {
      "core_frames": 0,
      "both_clear_frames": 0,
      "both_clear_fraction": null
    },
    "walk": {
      "x_range_mm": 168.2458299191511,
      "y_range_mm": 817.7072192351709,
      "yaw_range_deg": 13.014131217845188,
      "roll_range_deg": 359.98737362099405,
      "pitch_range_deg": 5.365918260497342,
      "tilt_peak_deg": 179.99622810957038,
      "min_loaded_feet": 0,
      "tracking_peak_deg": 25.962039148896178
    },
    "steady": {
      "x_range_mm": 5.8803344189216205,
      "y_range_mm": 26.233578650384914,
      "yaw_range_deg": 0.0032282014506979095,
      "roll_range_deg": 359.98737362099405,
      "pitch_range_deg": 0.003913840389380386,
      "tilt_peak_deg": 179.99622810957038,
      "min_loaded_feet": 0,
      "tracking_peak_deg": 0.8700186418979694
    },
    "displacement_mm": [
      73.08896692645897,
      -448.3930431129427,
      456.708849556705
    ],
    "final_yaw_deg": 12.647099585777113,
    "first_fault": {
      "t": 4.24000000000038,
      "safety": "tracking"
    },
    "stopped": true,
    "stop": {
      "x_range_mm": 6.551346132255276e-08,
      "y_range_mm": 2.787174935292569e-07,
      "yaw_range_deg": 5.607404318652698e-09,
      "roll_range_deg": 7.452172212651931e-11,
      "pitch_range_deg": 7.244775526021874e-13,
      "tilt_peak_deg": 179.9925744651111,
      "min_loaded_feet": 0,
      "tracking_peak_deg": 0.6526103362943081
    }
  },
  "source_hash": "ca76e7fc8b047fb73eb4741eb8b10e8acdb229b7900281197ed950605bf3a73f"
}
