{
  "profile": "attitudepd_v10",
  "input": -1000,
  "lift_mm": [
    10,
    10,
    10,
    10
  ],
  "width_mm": [
    0,
    0,
    0,
    0
  ],
  "heading": true,
  "seconds": 6.0,
  "physics": "estimated",
  "summary": {
    "paired_clearance": {
      "core_frames": 0,
      "both_clear_frames": 0,
      "both_clear_fraction": null
    },
    "walk": {
      "x_range_mm": 33.63252636269329,
      "y_range_mm": 90.40167154104982,
      "yaw_range_deg": 3.2229201305145,
      "roll_range_deg": 20.460162676166803,
      "pitch_range_deg": 0.4050580355503852,
      "tilt_peak_deg": 19.48529181439659,
      "min_loaded_feet": 2,
      "tracking_peak_deg": 23.299084593915985
    },
    "steady": {
      "x_range_mm": 0.0005572796496906562,
      "y_range_mm": 0.0032505396983637524,
      "yaw_range_deg": 0.004291839753142845,
      "roll_range_deg": 0.000810335886892501,
      "pitch_range_deg": 0.001000269081060226,
      "tilt_peak_deg": 0.06517472167915919,
      "min_loaded_feet": 4,
      "tracking_peak_deg": 0.8576470340255167
    },
    "before_fault": {
      "x_range_mm": 11.445016445188642,
      "y_range_mm": 84.28920836479156,
      "yaw_range_deg": 1.3717111544424374,
      "roll_range_deg": 14.264407707686434,
      "pitch_range_deg": 0.2393847382065457,
      "tilt_peak_deg": 13.289536845916222,
      "min_loaded_feet": 2,
      "tracking_peak_deg": 23.299084593915985
    },
    "displacement_mm": [
      -27.825264946289614,
      -6.131424585965813,
      0.00813929328913332
    ],
    "final_yaw_deg": -1.5895022460142032,
    "first_fault": {
      "t": 4.6800000000001365,
      "safety": "tilt"
    },
    "normal_stop": false,
    "stopped": true,
    "stop": {
      "x_range_mm": 2.2225439247236523e-05,
      "y_range_mm": 4.702666940037403e-05,
      "yaw_range_deg": 6.055223478940164e-05,
      "roll_range_deg": 1.0053766172321218e-05,
      "pitch_range_deg": 5.585751168907249e-06,
      "tilt_peak_deg": 0.0651736009834442,
      "min_loaded_feet": 4,
      "tracking_peak_deg": 0.8502475759518718
    }
  },
  "source_hash": "8710b7ef365bcbdf68d1038165e7758a629e4ad27f532a8c8bd6fae1569d224a"
}
artifacts\navigation-v10\transfer-first\four-views.mp4
