{
  "profile": "attitudepd_v8",
  "input": -1000,
  "lift_mm": [
    20,
    20,
    20,
    20
  ],
  "width_mm": [
    -30,
    -30,
    30,
    30
  ],
  "heading": true,
  "seconds": 20,
  "physics": "estimated",
  "summary": {
    "walk": {
      "x_range_mm": 27.580369407783277,
      "y_range_mm": 189.2120619855894,
      "yaw_range_deg": 4.80818804793484,
      "roll_range_deg": 12.142783429510924,
      "pitch_range_deg": 3.371290566007758,
      "tilt_peak_deg": 6.677739767631069,
      "min_loaded_feet": 2,
      "tracking_peak_deg": 16.381321220222617
    },
    "steady": {
      "x_range_mm": 25.819737169485556,
      "y_range_mm": 158.21617915009708,
      "yaw_range_deg": 4.80818804793484,
      "roll_range_deg": 12.051996173936027,
      "pitch_range_deg": 3.2502439090358943,
      "tilt_peak_deg": 6.677739767631069,
      "min_loaded_feet": 2,
      "tracking_peak_deg": 16.381321220222617
    },
    "displacement_mm": [
      12.142956042351877,
      181.2026392872673,
      -0.06067375009025966
    ],
    "final_yaw_deg": -0.5628623644274644,
    "first_fault": null,
    "stopped": true,
    "stop": {
      "x_range_mm": 15.69727136943974,
      "y_range_mm": 36.57967031804429,
      "yaw_range_deg": 6.426710135120764,
      "roll_range_deg": 12.290178816546529,
      "pitch_range_deg": 3.3949131528095,
      "tilt_peak_deg": 6.326425044153191,
      "min_loaded_feet": 2,
      "tracking_peak_deg": 15.125906409069428
    }
  },
  "source_hash": "7e06168f0f2ba002f92b6bb37b2023a9f33b25af21fbadc8c943d7acda2bc16c"
}
