{
  "profile": "attitudepd_v8",
  "input": 1000,
  "lift_mm": [
    20,
    20,
    20,
    20
  ],
  "width_mm": [
    -30,
    -30,
    30,
    30
  ],
  "heading": true,
  "seconds": 20,
  "physics": "estimated",
  "summary": {
    "walk": {
      "x_range_mm": 56.60517659391415,
      "y_range_mm": 37.56716796574412,
      "yaw_range_deg": 1.8393708787270215,
      "roll_range_deg": 15.586381264347906,
      "pitch_range_deg": 6.21353954016957,
      "tilt_peak_deg": 12.757310510915701,
      "min_loaded_feet": 2,
      "tracking_peak_deg": 24.335680466958955
    },
    "steady": {
      "x_range_mm": 0.0011368631054367029,
      "y_range_mm": 0.00011903921570777243,
      "yaw_range_deg": 0.00014391299711136174,
      "roll_range_deg": 2.3758963704100487e-05,
      "pitch_range_deg": 0.0009351528123785896,
      "tilt_peak_deg": 0.06610316766703701,
      "min_loaded_feet": 4,
      "tracking_peak_deg": 0.8501297880976212
    },
    "displacement_mm": [
      9.353688867006731,
      -25.114009851883207,
      0.007205941559945472
    ],
    "final_yaw_deg": 0.8685095015865616,
    "first_fault": {
      "t": 3.3800000000002894,
      "safety": "tilt"
    },
    "stopped": true,
    "stop": {
      "x_range_mm": 4.545670861944018e-08,
      "y_range_mm": 2.125861968238496e-06,
      "yaw_range_deg": 3.2103705194241883e-07,
      "roll_range_deg": 1.628563449460746e-09,
      "pitch_range_deg": 1.9540619122793146e-12,
      "tilt_peak_deg": 0.0651680148563756,
      "min_loaded_feet": 4,
      "tracking_peak_deg": 0.8501297880956111
    }
  },
  "source_hash": "c140e42332da8d51a270616f50f78e0527ebe3804ddbed42841767fa7bccf983"
}
