{
  "profile": "attitudepd_v8",
  "input": 1000,
  "lift_mm": [
    20,
    20,
    20,
    20
  ],
  "width_mm": [
    -30,
    -30,
    30,
    30
  ],
  "heading": true,
  "seconds": 20,
  "physics": "estimated",
  "summary": {
    "walk": {
      "x_range_mm": 37.134613501921486,
      "y_range_mm": 211.9220681842985,
      "yaw_range_deg": 8.132634726822193,
      "roll_range_deg": 21.746147935037307,
      "pitch_range_deg": 7.9147099855010925,
      "tilt_peak_deg": 11.952139992301584,
      "min_loaded_feet": 2,
      "tracking_peak_deg": 18.219773122430993
    },
    "steady": {
      "x_range_mm": 37.12587776454717,
      "y_range_mm": 144.56832670488086,
      "yaw_range_deg": 6.012204589914143,
      "roll_range_deg": 21.623426557139062,
      "pitch_range_deg": 5.155747644430939,
      "tilt_peak_deg": 11.952139992301584,
      "min_loaded_feet": 2,
      "tracking_peak_deg": 18.219773122430993
    },
    "displacement_mm": [
      -23.80900916283775,
      -206.53983421476502,
      -2.5904890871722728
    ],
    "final_yaw_deg": -2.461816873535269,
    "first_fault": null,
    "stopped": true,
    "stop": {
      "x_range_mm": 17.26984291163766,
      "y_range_mm": 35.93659710431916,
      "yaw_range_deg": 2.3742153604941563,
      "roll_range_deg": 15.456392162554803,
      "pitch_range_deg": 4.816254998157881,
      "tilt_peak_deg": 9.98994110503628,
      "min_loaded_feet": 2,
      "tracking_peak_deg": 15.087101775122793
    }
  },
  "source_hash": "6cb08aff48503a6b2717ae9dc72d0577888d26fff33c4fabbfc9372c6f2ff036"
}
