{
  "profile": "attitudepd_v8",
  "input": 1000,
  "lift_mm": [
    20,
    20,
    20,
    20
  ],
  "width_mm": [
    -30,
    -30,
    30,
    30
  ],
  "heading": true,
  "seconds": 20,
  "physics": "estimated",
  "summary": {
    "walk": {
      "x_range_mm": 216.72042341718569,
      "y_range_mm": 390.3797242893035,
      "yaw_range_deg": 5.272607221914948,
      "roll_range_deg": 14.635985187006238,
      "pitch_range_deg": 4.452308461417262,
      "tilt_peak_deg": 8.193825844781943,
      "min_loaded_feet": 2,
      "tracking_peak_deg": 23.643029476218345
    },
    "steady": {
      "x_range_mm": 174.68669929303837,
      "y_range_mm": 319.871997584837,
      "yaw_range_deg": 3.962721759052765,
      "roll_range_deg": 13.43146528153147,
      "pitch_range_deg": 4.038677341009917,
      "tilt_peak_deg": 6.989305939307176,
      "min_loaded_feet": 2,
      "tracking_peak_deg": 23.398939659813788
    },
    "displacement_mm": [
      212.20910789260964,
      -388.79423291033663,
      -1.5220485409058142
    ],
    "final_yaw_deg": -0.0849148856330023,
    "first_fault": null,
    "stopped": true,
    "stop": {
      "x_range_mm": 23.27030235392087,
      "y_range_mm": 49.73129074280706,
      "yaw_range_deg": 3.027042361938775,
      "roll_range_deg": 9.486487685853158,
      "pitch_range_deg": 3.746455065095806,
      "tilt_peak_deg": 6.53170913160803,
      "min_loaded_feet": 2,
      "tracking_peak_deg": 22.444366278192625
    }
  },
  "source_hash": "37fdf63fcc1328eced18f4759ba0fc007e70accf1a12ee656ad34d87a461047b"
}
