{
  "profile": "attitudepd_v9",
  "input": 1000,
  "lift_mm": [
    20,
    20,
    20,
    20
  ],
  "width_mm": [
    -30,
    -30,
    30,
    30
  ],
  "heading": true,
  "seconds": 20.0,
  "physics": "estimated",
  "summary": {
    "paired_clearance": {
      "core_frames": 724,
      "both_clear_frames": 0,
      "both_clear_fraction": 0.0
    },
    "walk": {
      "x_range_mm": 17.865367144162033,
      "y_range_mm": 99.29514642491141,
      "yaw_range_deg": 6.5977325360377215,
      "roll_range_deg": 23.03200539552298,
      "pitch_range_deg": 1.9298300682646636,
      "tilt_peak_deg": 13.675862036203686,
      "min_loaded_feet": 2,
      "tracking_peak_deg": 10.502234150818188
    },
    "steady": {
      "x_range_mm": 10.461205714037511,
      "y_range_mm": 68.01301364958772,
      "yaw_range_deg": 3.6667880365452463,
      "roll_range_deg": 14.160276763552055,
      "pitch_range_deg": 1.9298300682646636,
      "tilt_peak_deg": 13.675862036203686,
      "min_loaded_feet": 2,
      "tracking_peak_deg": 9.712397196572255
    },
    "displacement_mm": [
      -2.4564912143107094,
      -13.20124515468174,
      0.007205941751479372
    ],
    "final_yaw_deg": -4.092622360041132,
    "first_fault": {
      "t": 7.679999999998474,
      "safety": "tilt"
    },
    "stopped": true,
    "stop": {
      "x_range_mm": 1.3881102489676778e-07,
      "y_range_mm": 2.1264169234314068e-06,
      "yaw_range_deg": 3.2070764977021327e-07,
      "roll_range_deg": 1.5432218480534998e-09,
      "pitch_range_deg": 1.9540619122793146e-12,
      "tilt_peak_deg": 0.06516801485899033,
      "min_loaded_feet": 4,
      "tracking_peak_deg": 0.8501296841993192
    }
  },
  "source_hash": "de55a0f49414469b5a470d12a2960b06cf8de8e98c085de5afad38765b4e3ca6"
}
