{
  "profile": "attitudepd_v9",
  "input": 1000,
  "lift_mm": [
    20,
    20,
    20,
    20
  ],
  "width_mm": [
    -30,
    -30,
    30,
    30
  ],
  "heading": true,
  "seconds": 20.0,
  "physics": "estimated",
  "summary": {
    "paired_clearance": {
      "core_frames": 0,
      "both_clear_frames": 0,
      "both_clear_fraction": null
    },
    "walk": {
      "x_range_mm": 39.67175881421829,
      "y_range_mm": 114.08396724992684,
      "yaw_range_deg": 9.729054892746671,
      "roll_range_deg": 22.388033847573716,
      "pitch_range_deg": 1.7564831618999803,
      "tilt_peak_deg": 13.051398588352324,
      "min_loaded_feet": 2,
      "tracking_peak_deg": 16.666020082773535
    },
    "steady": {
      "x_range_mm": 2.3631881180242846,
      "y_range_mm": 22.96171346707421,
      "yaw_range_deg": 1.068723097116976,
      "roll_range_deg": 3.797301620490015,
      "pitch_range_deg": 0.6036044237548617,
      "tilt_peak_deg": 3.7933483717467134,
      "min_loaded_feet": 4,
      "tracking_peak_deg": 5.157411386052763
    },
    "displacement_mm": [
      -28.293220511658532,
      -7.237486484966951,
      0.007205941553266371
    ],
    "final_yaw_deg": -5.392437669405887,
    "first_fault": {
      "t": 5.799999999999516,
      "safety": "tilt"
    },
    "stopped": true,
    "stop": {
      "x_range_mm": 1.865275987000814e-07,
      "y_range_mm": 2.1164793748695843e-06,
      "yaw_range_deg": 3.206844878533843e-07,
      "roll_range_deg": 1.5545630863318671e-09,
      "pitch_range_deg": 2.220459927038121e-12,
      "tilt_peak_deg": 0.0651680148566452,
      "min_loaded_feet": 4,
      "tracking_peak_deg": 0.8501297878205313
    }
  },
  "source_hash": "ca76e7fc8b047fb73eb4741eb8b10e8acdb229b7900281197ed950605bf3a73f"
}
