{
  "profile": "attitudepd_v8",
  "input": 1000,
  "lift_mm": [
    0,
    0,
    0,
    0
  ],
  "width_mm": [
    0,
    0,
    0,
    0
  ],
  "heading": true,
  "seconds": 20.0,
  "physics": "estimated",
  "summary": {
    "walk": {
      "x_range_mm": 15.702577924669367,
      "y_range_mm": 150.33544528506218,
      "yaw_range_deg": 4.639275049823619,
      "roll_range_deg": 16.848615237237397,
      "pitch_range_deg": 4.790346942871835,
      "tilt_peak_deg": 9.304201446530781,
      "min_loaded_feet": 2,
      "tracking_peak_deg": 12.327294579125914
    },
    "steady": {
      "x_range_mm": 15.702577924669367,
      "y_range_mm": 124.49012928101612,
      "yaw_range_deg": 4.639275049823619,
      "roll_range_deg": 16.848615237237397,
      "pitch_range_deg": 4.784926201331803,
      "tilt_peak_deg": 9.304201446530781,
      "min_loaded_feet": 2,
      "tracking_peak_deg": 12.327294579125914
    },
    "displacement_mm": [
      -1.074126042564835,
      -142.17774437417464,
      0.09551500985337213
    ],
    "final_yaw_deg": -0.326736226162319,
    "first_fault": null,
    "stopped": true,
    "stop": {
      "x_range_mm": 11.117136861514197,
      "y_range_mm": 25.74820335859141,
      "yaw_range_deg": 2.1427874102448103,
      "roll_range_deg": 15.839799279870569,
      "pitch_range_deg": 4.315047679148401,
      "tilt_peak_deg": 8.435451919323981,
      "min_loaded_feet": 2,
      "tracking_peak_deg": 11.830018176802591
    }
  },
  "source_hash": "8b858f5ad12c616dcc22f491bdafa45c4708f8d166c32c12ba3020102d726f46"
}
