{
  "profile": "attitudepd_v10",
  "input": -1000,
  "lift_mm": [
    10,
    10,
    10,
    10
  ],
  "width_mm": [
    0,
    0,
    0,
    0
  ],
  "heading": true,
  "seconds": 4.0,
  "physics": "estimated",
  "summary": {
    "paired_clearance": {
      "core_frames": 0,
      "both_clear_frames": 0,
      "both_clear_fraction": null
    },
    "walk": {
      "x_range_mm": 89.15003597795166,
      "y_range_mm": 585.5714579681802,
      "yaw_range_deg": 3.819221439868479,
      "roll_range_deg": 359.3798484031463,
      "pitch_range_deg": 2.173179979705844,
      "tilt_peak_deg": 179.84260448976823,
      "min_loaded_feet": 0,
      "tracking_peak_deg": 30.579602661605332
    },
    "steady": null,
    "before_fault": {
      "x_range_mm": 89.04540808559517,
      "y_range_mm": 42.763082973705764,
      "yaw_range_deg": 3.819221439868479,
      "roll_range_deg": 14.800472524144679,
      "pitch_range_deg": 2.173179979705844,
      "tilt_peak_deg": 14.533869936851579,
      "min_loaded_feet": 2,
      "tracking_peak_deg": 30.579602661605332
    },
    "displacement_mm": [
      -44.969655373905525,
      -438.8838600729186,
      456.57884853870735
    ],
    "final_yaw_deg": -0.47538261711871144,
    "first_fault": {
      "t": 4.300000000000347,
      "safety": "tilt"
    },
    "normal_stop": false,
    "stopped": true,
    "stop": {
      "x_range_mm": 0.009259454546943324,
      "y_range_mm": 0.9110379039171335,
      "yaw_range_deg": 0.00012126110173948934,
      "roll_range_deg": 359.9999029300801,
      "pitch_range_deg": 0.00039635912731306937,
      "tilt_peak_deg": 179.99997533893878,
      "min_loaded_feet": 0,
      "tracking_peak_deg": 0.3758673976121219
    }
  },
  "source_hash": "c275ee08d52b0755260b0fa25971aedeacd3a0aecaa0bebe4e492f8848f9ff3d"
}
artifacts\navigation-v10\first-cycle\four-views.mp4
