{
  "profile": "attitudepd_v9",
  "input": 1000,
  "lift_mm": [
    0,
    0,
    0,
    0
  ],
  "width_mm": [
    0,
    0,
    0,
    0
  ],
  "heading": true,
  "seconds": 20.0,
  "physics": "estimated",
  "summary": {
    "paired_clearance": {
      "core_frames": 148,
      "both_clear_frames": 0,
      "both_clear_fraction": 0.0
    },
    "walk": {
      "x_range_mm": 5.7242246528035,
      "y_range_mm": 165.96144179338114,
      "yaw_range_deg": 2.286103481282736,
      "roll_range_deg": 7.718879272226506,
      "pitch_range_deg": 0.24312453592660507,
      "tilt_peak_deg": 4.037127930489956,
      "min_loaded_feet": 2,
      "tracking_peak_deg": 5.001253256231477
    },
    "steady": {
      "x_range_mm": 5.7242246528035,
      "y_range_mm": 161.66243314825596,
      "yaw_range_deg": 2.286103481282736,
      "roll_range_deg": 7.701208652621799,
      "pitch_range_deg": 0.24312453592660507,
      "tilt_peak_deg": 4.037127930489956,
      "min_loaded_feet": 2,
      "tracking_peak_deg": 5.001253256231477
    },
    "before_fault": {
      "x_range_mm": 5.7242246528035,
      "y_range_mm": 165.96144179338114,
      "yaw_range_deg": 2.286103481282736,
      "roll_range_deg": 7.718879272226506,
      "pitch_range_deg": 0.24312453592660507,
      "tilt_peak_deg": 4.037127930489956,
      "min_loaded_feet": 2,
      "tracking_peak_deg": 5.001253256231477
    },
    "displacement_mm": [
      0.5441440892724785,
      -94.200237430681,
      -3.076426762965852
    ],
    "final_yaw_deg": -0.6654385459226552,
    "first_fault": null,
    "normal_stop": true,
    "stopped": true,
    "stop": {
      "x_range_mm": 4.050409405849983,
      "y_range_mm": 128.72285414821164,
      "yaw_range_deg": 1.1291103469804817,
      "roll_range_deg": 4.990253262042619,
      "pitch_range_deg": 0.18985925192470718,
      "tilt_peak_deg": 3.9430369182440574,
      "min_loaded_feet": 3,
      "tracking_peak_deg": 7.418225927394544
    }
  },
  "source_hash": "2f342b7aa7942bca7ded8816c3fb18d3de6e6b018b61274d09c20c1710a82a1c"
}
