{
  "profile": "attitudepd_v8",
  "input": 588,
  "lift_mm": [
    20,
    20,
    20,
    20
  ],
  "width_mm": [
    -30,
    -30,
    30,
    30
  ],
  "heading": true,
  "seconds": 20,
  "physics": "estimated",
  "summary": {
    "walk": {
      "x_range_mm": 27.266963624205772,
      "y_range_mm": 111.76803365234579,
      "yaw_range_deg": 3.656272687206117,
      "roll_range_deg": 12.149068672412486,
      "pitch_range_deg": 3.0791782119984363,
      "tilt_peak_deg": 6.496165353066116,
      "min_loaded_feet": 2,
      "tracking_peak_deg": 15.047535648923093
    },
    "steady": {
      "x_range_mm": 25.028275905499342,
      "y_range_mm": 97.30458479369106,
      "yaw_range_deg": 3.656272687206117,
      "roll_range_deg": 12.149068672412486,
      "pitch_range_deg": 3.023757855440874,
      "tilt_peak_deg": 6.496165353066116,
      "min_loaded_feet": 2,
      "tracking_peak_deg": 15.047535648923093
    },
    "displacement_mm": [
      18.310286935741644,
      -107.24879722505965,
      0.10433119733905016
    ],
    "final_yaw_deg": -0.47350059120471727,
    "first_fault": null,
    "stopped": true,
    "stop": {
      "x_range_mm": 13.265244612650022,
      "y_range_mm": 12.173259312879892,
      "yaw_range_deg": 2.1861717975866757,
      "roll_range_deg": 6.494297388099233,
      "pitch_range_deg": 2.506753960202606,
      "tilt_peak_deg": 5.81932587579594,
      "min_loaded_feet": 2,
      "tracking_peak_deg": 12.820573298396452
    }
  },
  "source_hash": "7e06168f0f2ba002f92b6bb37b2023a9f33b25af21fbadc8c943d7acda2bc16c"
}
