{
  "profile": "attitudepd_v8",
  "input": 1000,
  "lift_mm": [
    0,
    0,
    0,
    0
  ],
  "width_mm": [
    0,
    0,
    0,
    0
  ],
  "heading": true,
  "seconds": 12.0,
  "physics": "estimated",
  "summary": {
    "walk": {
      "x_range_mm": 24.035640198578847,
      "y_range_mm": 209.25436261072838,
      "yaw_range_deg": 4.458081132834024,
      "roll_range_deg": 13.674288613832989,
      "pitch_range_deg": 3.7678969133462608,
      "tilt_peak_deg": 6.991124003523684,
      "min_loaded_feet": 2,
      "tracking_peak_deg": 13.54859225682455
    },
    "steady": {
      "x_range_mm": 19.852052624423372,
      "y_range_mm": 148.2931700914384,
      "yaw_range_deg": 3.3142653088457186,
      "roll_range_deg": 13.635668714246904,
      "pitch_range_deg": 3.7678969133462608,
      "tilt_peak_deg": 6.991124003523684,
      "min_loaded_feet": 2,
      "tracking_peak_deg": 13.54859225682455
    },
    "displacement_mm": [
      11.603461873494219,
      -202.7416838439337,
      -0.06161501506211664
    ],
    "final_yaw_deg": 0.061412665120271305,
    "first_fault": null,
    "stopped": true,
    "stop": {
      "x_range_mm": 11.028804207619743,
      "y_range_mm": 28.741581312241067,
      "yaw_range_deg": 2.373412882510803,
      "roll_range_deg": 12.874958395534648,
      "pitch_range_deg": 3.5464912368007986,
      "tilt_peak_deg": 6.954547217194011,
      "min_loaded_feet": 2,
      "tracking_peak_deg": 12.596385686836914
    }
  },
  "source_hash": "7032efdc9bca868bfcaadaddaf2e9c2d8885bfd473a04e0c94395cc3e7a92cee"
}
