{
  "profile": "attitudepd_v9",
  "input": 1000,
  "lift_mm": [
    20,
    20,
    20,
    20
  ],
  "width_mm": [
    -30,
    -30,
    30,
    30
  ],
  "heading": true,
  "seconds": 20.0,
  "physics": "estimated",
  "summary": {
    "paired_clearance": {
      "core_frames": 0,
      "both_clear_frames": 0,
      "both_clear_fraction": null
    },
    "walk": {
      "x_range_mm": 60.407508469680835,
      "y_range_mm": 628.852197789999,
      "yaw_range_deg": 10.837099828760998,
      "roll_range_deg": 359.9856418178524,
      "pitch_range_deg": 8.644866786816603,
      "tilt_peak_deg": 179.99992069927927,
      "min_loaded_feet": 0,
      "tracking_peak_deg": 18.921293401358525
    },
    "steady": {
      "x_range_mm": 17.882507227810986,
      "y_range_mm": 161.07823229459802,
      "yaw_range_deg": 0.008589352028544717,
      "roll_range_deg": 359.9856418178524,
      "pitch_range_deg": 0.0025382509837821522,
      "tilt_peak_deg": 179.99992069927927,
      "min_loaded_feet": 0,
      "tracking_peak_deg": 1.1839565999794375
    },
    "displacement_mm": [
      -5.572903588822044,
      428.13839910982796,
      456.7088424196574
    ],
    "final_yaw_deg": -6.331204203588529,
    "first_fault": {
      "t": 5.53999999999966,
      "safety": "tilt"
    },
    "stopped": true,
    "stop": {
      "x_range_mm": 3.135367165896241e-08,
      "y_range_mm": 2.8368191351546557e-07,
      "yaw_range_deg": 4.224146366027526e-09,
      "roll_range_deg": 7.850076144677587e-11,
      "pitch_range_deg": 7.761347987911282e-14,
      "tilt_peak_deg": 179.99991729686016,
      "min_loaded_feet": 0,
      "tracking_peak_deg": 0.2444872711857376
    }
  },
  "source_hash": "ca76e7fc8b047fb73eb4741eb8b10e8acdb229b7900281197ed950605bf3a73f"
}
