{
  "profile": "attitudepd_v8",
  "input": 588,
  "lift_mm": [
    20,
    20,
    20,
    20
  ],
  "width_mm": [
    -30,
    -30,
    30,
    30
  ],
  "heading": true,
  "seconds": 20.0,
  "physics": "estimated",
  "summary": {
    "paired_clearance": {
      "core_frames": 156,
      "both_clear_frames": 138,
      "both_clear_fraction": 0.8846153846153846
    },
    "walk": {
      "x_range_mm": 50.73898920421432,
      "y_range_mm": 119.83366970015796,
      "yaw_range_deg": 3.200104191438328,
      "roll_range_deg": 17.159212916358477,
      "pitch_range_deg": 4.408334271703062,
      "tilt_peak_deg": 9.096391774877667,
      "min_loaded_feet": 2,
      "tracking_peak_deg": 18.257001244525124
    },
    "steady": {
      "x_range_mm": 45.78762109179291,
      "y_range_mm": 104.58646656196893,
      "yaw_range_deg": 3.200104191438328,
      "roll_range_deg": 17.108374572678493,
      "pitch_range_deg": 4.408334271703062,
      "tilt_peak_deg": 9.096391774877667,
      "min_loaded_feet": 2,
      "tracking_peak_deg": 18.257001244525124
    },
    "displacement_mm": [
      42.777563359125956,
      -111.38113360318316,
      0.07950761098133796
    ],
    "final_yaw_deg": -0.49953748000486425,
    "first_fault": null,
    "stopped": true,
    "stop": {
      "x_range_mm": 13.951719026191512,
      "y_range_mm": 14.957942354940883,
      "yaw_range_deg": 2.9871020977721345,
      "roll_range_deg": 8.921078927535962,
      "pitch_range_deg": 3.434641583152597,
      "tilt_peak_deg": 7.975139913741773,
      "min_loaded_feet": 2,
      "tracking_peak_deg": 16.200791861865177
    }
  },
  "source_hash": "d126cb0921147749ca8ed8a039ef3a92ab6b255884bb6edb608309092b4dc6bd"
}
