{
  "profile": "attitudepd_v9",
  "input": 1000,
  "lift_mm": [
    20,
    20,
    20,
    20
  ],
  "width_mm": [
    -30,
    -30,
    30,
    30
  ],
  "heading": true,
  "seconds": 20.0,
  "physics": "estimated",
  "summary": {
    "paired_clearance": {
      "core_frames": 148,
      "both_clear_frames": 0,
      "both_clear_fraction": 0.0
    },
    "walk": {
      "x_range_mm": 36.05344882478123,
      "y_range_mm": 165.2030134218789,
      "yaw_range_deg": 15.630934830794939,
      "roll_range_deg": 19.821481937163146,
      "pitch_range_deg": 1.5462339150181907,
      "tilt_peak_deg": 10.259774151755892,
      "min_loaded_feet": 2,
      "tracking_peak_deg": 11.008691808592573
    },
    "steady": {
      "x_range_mm": 36.05344882478123,
      "y_range_mm": 161.09026783769448,
      "yaw_range_deg": 13.248854988879954,
      "roll_range_deg": 19.821481937163146,
      "pitch_range_deg": 1.1734864809990169,
      "tilt_peak_deg": 10.259774151755892,
      "min_loaded_feet": 2,
      "tracking_peak_deg": 11.008691808592573
    },
    "displacement_mm": [
      5.924407950193427,
      53.689419422435925,
      -4.844542036576982
    ],
    "final_yaw_deg": -13.170284861452267,
    "first_fault": null,
    "stopped": true,
    "stop": {
      "x_range_mm": 34.06939500589711,
      "y_range_mm": 128.2098617151066,
      "yaw_range_deg": 5.0104590234284725,
      "roll_range_deg": 11.221239011494237,
      "pitch_range_deg": 0.8956807689685818,
      "tilt_peak_deg": 10.229860178911231,
      "min_loaded_feet": 2,
      "tracking_peak_deg": 15.147196742024201
    }
  },
  "source_hash": "de55a0f49414469b5a470d12a2960b06cf8de8e98c085de5afad38765b4e3ca6"
}
