{
  "profile": "attitudepd_v8",
  "input": -588,
  "lift_mm": [
    20,
    20,
    20,
    20
  ],
  "width_mm": [
    -30,
    -30,
    30,
    30
  ],
  "heading": true,
  "seconds": 20,
  "physics": "estimated",
  "summary": {
    "walk": {
      "x_range_mm": 30.245145297279592,
      "y_range_mm": 113.41508856323468,
      "yaw_range_deg": 3.8877773094419044,
      "roll_range_deg": 12.218828094542,
      "pitch_range_deg": 3.2604531515927073,
      "tilt_peak_deg": 6.492601974896225,
      "min_loaded_feet": 2,
      "tracking_peak_deg": 15.020821527632874
    },
    "steady": {
      "x_range_mm": 27.989782126473372,
      "y_range_mm": 94.97858146250522,
      "yaw_range_deg": 3.8877773094419044,
      "roll_range_deg": 12.158989077238438,
      "pitch_range_deg": 3.0350501320241867,
      "tilt_peak_deg": 6.492601974896225,
      "min_loaded_feet": 2,
      "tracking_peak_deg": 15.020821527632874
    },
    "displacement_mm": [
      16.896734460285245,
      104.73841182763705,
      -0.05489579403167966
    ],
    "final_yaw_deg": -0.495025636682772,
    "first_fault": null,
    "stopped": true,
    "stop": {
      "x_range_mm": 10.10246488363152,
      "y_range_mm": 12.04010638249973,
      "yaw_range_deg": 2.4679822526197466,
      "roll_range_deg": 7.3953634606350365,
      "pitch_range_deg": 2.8805950020912574,
      "tilt_peak_deg": 6.210460289211388,
      "min_loaded_feet": 2,
      "tracking_peak_deg": 13.71731065853756
    }
  },
  "source_hash": "7e06168f0f2ba002f92b6bb37b2023a9f33b25af21fbadc8c943d7acda2bc16c"
}
