{
  "profile": "attitudepd_v8",
  "input": 1000,
  "lift_mm": [
    20,
    20,
    20,
    20
  ],
  "width_mm": [
    -30,
    -30,
    30,
    30
  ],
  "heading": true,
  "seconds": 20,
  "physics": "estimated",
  "summary": {
    "walk": {
      "x_range_mm": 38.287579765620514,
      "y_range_mm": 28.857706977031157,
      "yaw_range_deg": 4.179470353755085,
      "roll_range_deg": 18.631695464515918,
      "pitch_range_deg": 6.601472662450724,
      "tilt_peak_deg": 15.23875864764788,
      "min_loaded_feet": 2,
      "tracking_peak_deg": 23.954565529765627
    },
    "steady": {
      "x_range_mm": 0.002322251664324426,
      "y_range_mm": 0.00016736759361890563,
      "yaw_range_deg": 7.361465900102004e-05,
      "roll_range_deg": 1.2955698975423806e-05,
      "pitch_range_deg": 0.0019465964158692783,
      "tilt_peak_deg": 0.06711461128099969,
      "min_loaded_feet": 4,
      "tracking_peak_deg": 0.8501297858874028
    },
    "displacement_mm": [
      24.198638945892945,
      -11.184749644525917,
      0.0072059414883369755
    ],
    "final_yaw_deg": 2.5121478034615117,
    "first_fault": {
      "t": 3.720000000000403,
      "safety": "tilt"
    },
    "stopped": true,
    "stop": {
      "x_range_mm": 1.3492781647528318e-07,
      "y_range_mm": 3.916284406102477e-06,
      "yaw_range_deg": 6.219337573831751e-07,
      "roll_range_deg": 3.0893438501822246e-10,
      "pitch_range_deg": 5.213884879395891e-13,
      "tilt_peak_deg": 0.06516801486567451,
      "min_loaded_feet": 4,
      "tracking_peak_deg": 0.8501297858586506
    }
  },
  "source_hash": "fd4e588a5e0c9023236e48d75c64c824cedb80e9274b9aa03f590bcc7b4fedeb"
}
