{
  "profile": "attitudepd_v10",
  "input": -1000,
  "lift_mm": [
    10,
    10,
    10,
    10
  ],
  "width_mm": [
    0,
    0,
    0,
    0
  ],
  "host_library": "C:\\Users\\etnlw\\AppData\\Local\\Temp\\spot-omg-gait-policy\\libspot_gait_ee44e93588efd69c.dll",
  "heading": true,
  "seconds": 5.0,
  "physics": "estimated",
  "summary": {
    "paired_clearance": {
      "core_frames": 0,
      "both_clear_frames": 0,
      "both_clear_fraction": null
    },
    "walk": {
      "x_range_mm": 52.999090346564365,
      "y_range_mm": 49.4244775280531,
      "yaw_range_deg": 2.6065671416559804,
      "roll_range_deg": 14.911643412861144,
      "pitch_range_deg": 1.2039729048484515,
      "tilt_peak_deg": 14.874273368043013,
      "min_loaded_feet": 2,
      "tracking_peak_deg": 21.531517672829462
    },
    "steady": {
      "x_range_mm": 0.0005038077137093921,
      "y_range_mm": 0.0003320649769271711,
      "yaw_range_deg": 0.00043146938759175413,
      "roll_range_deg": 6.958638709173926e-05,
      "pitch_range_deg": 0.00026248304428011515,
      "tilt_peak_deg": 0.06509011626154752,
      "min_loaded_feet": 4,
      "tracking_peak_deg": 0.8498086863812082
    },
    "before_fault": {
      "x_range_mm": 22.94073667570521,
      "y_range_mm": 31.136167022046806,
      "yaw_range_deg": 2.1265402063844077,
      "roll_range_deg": 13.953507639382927,
      "pitch_range_deg": 0.8644610088651041,
      "tilt_peak_deg": 13.927797761395604,
      "min_loaded_feet": 2,
      "tracking_peak_deg": 21.531517672829462
    },
    "displacement_mm": [
      -31.757109091878498,
      -24.587605731735156,
      0.004729520201024684
    ],
    "final_yaw_deg": -2.211762463875433,
    "first_fault": {
      "t": 3.9400000000004765,
      "safety": "tilt"
    },
    "normal_stop": false,
    "stopped": true,
    "stop": {
      "x_range_mm": 0.00012689508126051408,
      "y_range_mm": 8.868759573488205e-05,
      "yaw_range_deg": 0.00011277238963991465,
      "roll_range_deg": 1.828823990314638e-05,
      "pitch_range_deg": 7.398016719331602e-05,
      "tilt_peak_deg": 0.06516801334644251,
      "min_loaded_feet": 4,
      "tracking_peak_deg": 0.8501297754970778
    }
  },
  "source_hash": "b63fcd666f145c560f75cbf93d1cd514ba0c53d8f8483f027d0fdc8b5b4d61e2"
}
artifacts\navigation-v10\left-first-01\four-views.mp4
