{
  "profile": "attitudepd_v8",
  "input": 1000,
  "lift_mm": [
    20,
    20,
    20,
    20
  ],
  "width_mm": [
    -30,
    -30,
    30,
    30
  ],
  "heading": true,
  "seconds": 20,
  "physics": "estimated",
  "summary": {
    "walk": {
      "x_range_mm": 415.3180082731881,
      "y_range_mm": 256.99146276003364,
      "yaw_range_deg": 2.820183660981874,
      "roll_range_deg": 20.280753974128114,
      "pitch_range_deg": 5.435884381777577,
      "tilt_peak_deg": 11.968624718501488,
      "min_loaded_feet": 2,
      "tracking_peak_deg": 25.694498714534767
    },
    "steady": {
      "x_range_mm": 322.22741795058806,
      "y_range_mm": 219.4655584792478,
      "yaw_range_deg": 2.820183660981874,
      "roll_range_deg": 20.280753974128114,
      "pitch_range_deg": 5.435884381777577,
      "tilt_peak_deg": 11.968624718501488,
      "min_loaded_feet": 2,
      "tracking_peak_deg": 25.694498714534767
    },
    "displacement_mm": [
      410.45277567293004,
      -237.30276502503034,
      1.7465930900196724
    ],
    "final_yaw_deg": -0.5516395734711655,
    "first_fault": null,
    "stopped": true,
    "stop": {
      "x_range_mm": 74.651596136048,
      "y_range_mm": 22.480891560852058,
      "yaw_range_deg": 5.785416136748417,
      "roll_range_deg": 18.88570609205172,
      "pitch_range_deg": 4.134759777766266,
      "tilt_peak_deg": 10.9858054489788,
      "min_loaded_feet": 2,
      "tracking_peak_deg": 23.95979138819353
    }
  },
  "source_hash": "19da6f3069b322d6ff1699b703dc75ca4169a53f2cb28b22c08aee9866e17910"
}
