{
  "profile": "attitudepd_v8",
  "input": 1000,
  "lift_mm": [
    20,
    20,
    20,
    20
  ],
  "width_mm": [
    -30,
    -30,
    30,
    30
  ],
  "heading": true,
  "seconds": 20,
  "physics": "estimated",
  "summary": {
    "walk": {
      "x_range_mm": 26.543730430078426,
      "y_range_mm": 195.34530368071003,
      "yaw_range_deg": 4.46396815563801,
      "roll_range_deg": 14.074119052157997,
      "pitch_range_deg": 3.9328345445106776,
      "tilt_peak_deg": 7.795332915653172,
      "min_loaded_feet": 2,
      "tracking_peak_deg": 18.98314930343162
    },
    "steady": {
      "x_range_mm": 24.90646953847188,
      "y_range_mm": 167.47213107423215,
      "yaw_range_deg": 4.46396815563801,
      "roll_range_deg": 14.074119052157997,
      "pitch_range_deg": 3.9089137371570875,
      "tilt_peak_deg": 7.795332915653172,
      "min_loaded_feet": 2,
      "tracking_peak_deg": 18.98314930343162
    },
    "displacement_mm": [
      15.898899742192171,
      -191.05486098874988,
      0.09912838535545632
    ],
    "final_yaw_deg": -0.7410558978115663,
    "first_fault": null,
    "stopped": true,
    "stop": {
      "x_range_mm": 17.49480163996946,
      "y_range_mm": 27.875239753600056,
      "yaw_range_deg": 7.039797285890019,
      "roll_range_deg": 13.82205254567101,
      "pitch_range_deg": 4.319063125221633,
      "tilt_peak_deg": 7.380817935394164,
      "min_loaded_feet": 2,
      "tracking_peak_deg": 17.787949464563198
    }
  },
  "source_hash": "b8c10c83bbe19df52f8ad90a92a92f80418ac06d8cb7a30c7aeeaa3ceb456840"
}
